 ft2

 Timestamp is 5fa2cb05 (Wed Nov 04 10:38:45 2020)

 Preferred load address is 00400000

 Start         Length     Name                   Class
 0001:00000000 00000963H .text$di                CODE
 0001:00000970 0003d078H .text$mn                CODE
 0001:0003d9e8 00000630H .text$yd                CODE
 0002:00000000 0000038cH .idata$5                DATA
 0002:0000038c 00000004H .CRT$XCA                DATA
 0002:00000390 000001e4H .CRT$XCU                DATA
 0002:00000574 00000004H .CRT$XCZ                DATA
 0002:00000578 00000004H .CRT$XIA                DATA
 0002:0000057c 00000014H .CRT$XIC                DATA
 0002:00000590 00000004H .CRT$XIY                DATA
 0002:00000594 00000004H .CRT$XIZ                DATA
 0002:00000598 00000004H .CRT$XPA                DATA
 0002:0000059c 00000008H .CRT$XPX                DATA
 0002:000005a4 00000004H .CRT$XPXA               DATA
 0002:000005a8 00000004H .CRT$XPZ                DATA
 0002:000005ac 00000004H .CRT$XTA                DATA
 0002:000005b0 00000004H .CRT$XTZ                DATA
 0002:000005c0 00009e30H .rdata                  DATA
 0002:0000a3f0 0000024cH .rdata$r                DATA
 0002:0000a640 0000000cH .rdata$sxdata           DATA
 0002:0000a64c 00000004H .rtc$IAA                DATA
 0002:0000a650 00000004H .rtc$IZZ                DATA
 0002:0000a654 00000004H .rtc$TAA                DATA
 0002:0000a658 00000004H .rtc$TZZ                DATA
 0002:0000a660 0000036cH .xdata$x                DATA
 0002:0000a9cc 00000000H .edata                  DATA
 0002:0000a9cc 00000078H .idata$2                DATA
 0002:0000aa44 00000014H .idata$3                DATA
 0002:0000aa58 0000038cH .idata$4                DATA
 0002:0000ade4 00000e16H .idata$6                DATA
 0003:00000000 00004704H .data                   DATA
 0003:00004704 000000e0H .data$r                 DATA
 0003:00004800 0000afa0H .bss                    DATA
 0004:00000000 00000a94H .rsrc$01                DATA
 0004:00000aa0 000062c0H .rsrc$02                DATA

  Address         Publics by Value              Rva+Base       Lib:Object

 0000:00000000       ___guard_fids_count        00000000     <absolute>
 0000:00000000       __except_list              00000000     <absolute>
 0000:00000000       ___guard_flags             00000000     <absolute>
 0000:00000000       ___guard_fids_table        00000000     <absolute>
 0000:00000003       ___safe_se_handler_count   00000003     <absolute>
 0000:00000000       ___ImageBase               00400000     <linker-defined>
 0001:00000970       ??0BIT_CONTROL@@QAE@XZ     00401970 f i ft2.obj
 0001:00000991       ??0DOWN_DATA_CLASS@@QAE@ABV0@@Z 00401991 f i ft2.obj
 0001:000009fe       ??1MACHINE_CLASS@@QAE@XZ   004019fe f i ft2.obj
 0001:00000a5d       ??1PARAMETER_CLASS@@QAE@XZ 00401a5d f i ft2.obj
 0001:00000a95       ??1PARAMETER_ENTRY@@QAE@XZ 00401a95 f i ft2.obj
 0001:00000ac0       ??4FTII_VAR@@UAEXABV0@@Z   00401ac0 f i ft2.obj
 0001:00000ad3       ??4FTII_VAR@@UAEXH@Z       00401ad3 f i ft2.obj
 0001:00000ad3       ??4FTII_VAR@@UAEXI@Z       00401ad3 f i ft2.obj
 0001:00000add       ??_EFTII_VAR_ARRAY@@UAEPAXI@Z 00401add f i ft2.obj
 0001:00000add       ??_GFTII_VAR_ARRAY@@UAEPAXI@Z 00401add f i ft2.obj
 0001:00000c7c       ?alt_step_text@@YAPA_WXZ   00401c7c f   ft2.obj
 0001:00000e1d       ?ascii_volts_to_ft2_volts@@YAPA_WPA_W@Z 00401e1d f   ft2.obj
 0001:00000ed9       ?canexit@@YA_NXZ           00401ed9 f   ft2.obj
 0001:0000125b       ?choose_monitor_machine_dialog_proc@@YGHPAUHWND__@@IIJ@Z 0040225b f   ft2.obj
 0001:000012c5       ?compare_variables_dialog_proc@@YGHPAUHWND__@@IIJ@Z 004022c5 f   ft2.obj
 0001:0000146b       ?control_mods_dialog_proc@@YGHPAUHWND__@@IIJ@Z 0040246b f   ft2.obj
 0001:00002699       ?current_lvdt_feedback_index@@YAHH@Z 00403699 f   ft2.obj
 0001:000026b8       ?current_measured_command_index@@YAIH@Z 004036b8 f   ft2.obj
 0001:000026d7       ?current_values_dialog_proc@@YGHPAUHWND__@@IIJ@Z 004036d7 f   ft2.obj
 0001:00002aba       ?deactivate_control_dialog_proc@@YGHPAUHWND__@@IIJ@Z 00403aba f   ft2.obj
 0001:00002b12       ?delete_file@NAME_CLASS@@QAEEXZ 00403b12 f i ft2.obj
 0001:00002b5c       ?directory_exists@NAME_CLASS@@QAEEXZ 00403b5c f i ft2.obj
 0001:00003fbf       ?do_new_set_null_ascii_data@@YAXJ@Z 00404fbf f   ft2.obj
 0001:000042c3       ?edit_control_proc@@YGJPAUHWND__@@IIJ@Z 004052c3 f   ft2.obj
 0001:0000443a       ?end_upload_flash_dialog@@YAXXZ 0040543a f   ft2.obj
 0001:0000450e       ?fatal_error_string@@YAPA_WH@Z 0040550e f   ft2.obj
 0001:00004543       ?file_exists@NAME_CLASS@@QAEEXZ 00405543 f i ft2.obj
 0001:00004b0e       ?ft2_control_program_name@@YAPA_WHAAVMACHINE_CLASS@@@Z 00405b0e f   ft2.obj
 0001:00004b6d       ?ft2_test_dialog_proc@@YGHPAUHWND__@@IIJ@Z 00405b6d f   ft2.obj
 0001:00004bc5       ?ft2_volts_toascii@@YAPA_WPA_W@Z 00405bc5 f   ft2.obj
 0001:00005247       ?get_help@@YAXXZ           00406247 f   ft2.obj
 0001:000052e2       ?get_hires_sensor_test_config@@YAXPAUHWND__@@@Z 004062e2 f   ft2.obj
 0001:00005495       ?global_parameter_dialog_proc@@YGHPAUHWND__@@IIJ@Z 00406495 f   ft2.obj
 0001:0000559b       ?hires_sensor_test_dialog_proc@@YGHPAUHWND__@@IIJ@Z 0040659b f   ft2.obj
 0001:0000578f       ?init@@YAEH@Z              0040678f f   ft2.obj
 0001:0000662e       ?kill_log_file@@YAXXZ      0040762e f   ft2.obj
 0001:00006d9f       ?load_one_machine_only@@YAXPAUHWND__@@@Z 00407d9f f   ft2.obj
 0001:0000705a       ?log_als_file@@YAXAAVSTRING_CLASS@@@Z 0040805a f   ft2.obj
 0001:0000721e       ?main_proc@@YGJPAUHWND__@@IIJ@Z 0040821e f   ft2.obj
 0001:000079b8       ?need_brush@@YA_NPAUHWND__@@@Z 004089b8 f   ft2.obj
 0001:00007ae3       ?new_downtime_callback@@YAXPA_WFPAUHDDEDATA__@@@Z 00408ae3 f   ft2.obj
 0001:00007b56       ?new_monitor_setup_callback@@YAXPA_WFPAUHDDEDATA__@@@Z 00408b56 f   ft2.obj
 0001:00007dee       ?output_list_dialog_proc@@YGHPAUHWND__@@IIJ@Z 00408dee f   ft2.obj
 0001:000082ec       ?password_level_callback@@YAXPA_WFPAUHDDEDATA__@@@Z 004092ec f   ft2.obj
 0001:0000843e       ?plot_min_callback@@YAXPA_WFPAUHDDEDATA__@@@Z 0040943e f   ft2.obj
 0001:000086b6       ?poke_newshot_message@@YAXIJ@Z 004096b6 f   ft2.obj
 0001:00008ace       ?push_log_message@@YAXPA_W@Z 00409ace f   ft2.obj
 0001:00008b82       ?put_hires_sensor_test_config@@YAXPAUHWND__@@@Z 00409b82 f   ft2.obj
 0001:00008f53       ?release_dc@WINDOW_CLASS@@QAEHPAUHDC__@@@Z 00409f53 f i ft2.obj
 0001:00009044       ?resource_message_box@@YAXII@Z 0040a044 f   ft2.obj
 0001:000090b8       ?resource_string@@YAPA_WI@Z 0040a0b8 f   ft2.obj
 0001:0000a0de       ?send_lvdt_offset_to_board@@YA_NXZ 0040b0de f   ft2.obj
 0001:0000a215       ?send_null_offset_to_board@@YA_NXZ 0040b215 f   ft2.obj
 0001:0000a2d6       ?send_output_bits_to_current_machine@@YAXIE@Z 0040b2d6 f   ft2.obj
 0001:0000a328       ?send_set_dac_command@@YAXH@Z 0040b328 f   ft2.obj
 0001:0000abea       ?set_control_y@@YAXHI@Z    0040bbea f   ft2.obj
 0001:0000b30b       ?set_dac_dialog_proc@@YGHPAUHWND__@@IIJ@Z 0040c30b f   ft2.obj
 0001:0000b6ea       ?set_null_dialog_proc@@YGHPAUHWND__@@IIJ@Z 0040c6ea f   ft2.obj
 0001:0000bea8       ?shutdown_status_dialog_proc@@YGHPAUHWND__@@IIJ@Z 0040cea8 f   ft2.obj
 0001:0000c207       ?start_if_ok_to_deactivate@@YAXAAVWINDOW_CLASS@@@Z 0040d207 f   ft2.obj
 0001:0000c22e       ?status_proc@@YGJPAUHWND__@@IIJ@Z 0040d22e f   ft2.obj
 0001:0000c627       ?terminal_proc@@YGJPAUHWND__@@IIJ@Z 0040d627 f   ft2.obj
 0001:0000c727       ?test_alarm_outputs_dialog_proc@@YGHPAUHWND__@@IIJ@Z 0040d727 f   ft2.obj
 0001:0000ca28       ?toggle_save_shot_name_files@@YAXXZ 0040da28 f   ft2.obj
 0001:0000cc99       ?update_optos@@YAXII@Z     0040dc99 f   ft2.obj
 0001:0000cdab       ?upload_aborted_dialog_proc@@YGHPAUHWND__@@IIJ@Z 0040ddab f   ft2.obj
 0001:0000ce8a       ?upload_flash_dialog_proc@@YGHPAUHWND__@@IIJ@Z 0040de8a f   ft2.obj
 0001:0000cec5       ?valve_test_dialog_proc@@YGHPAUHWND__@@IIJ@Z 0040dec5 f   ft2.obj
 0001:0000d14f       ?warning_error_string@@YAPA_WH@Z 0040e14f f   ft2.obj
 0001:0000d277       _WinMain@16                0040e277 f   ft2.obj
 0001:0000d467       ??0DSTAT_CLASS@@QAE@XZ     0040e467 f i board_monitor.obj
 0001:0000d488       ??0EXTERNAL_PARAMETER_ALARM_CLASS@@QAE@XZ 0040e488 f   board_monitor.obj
 0001:0000d4a1       ??0FTANALOG_CLASS@@QAE@XZ  0040e4a1 f i board_monitor.obj
 0001:0000d4be       ??0FTII_BOARD_ENTRY@@QAE@XZ 0040e4be f   board_monitor.obj
 0001:0000d642       ??1EXTERNAL_PARAMETER_ALARM_CLASS@@QAE@XZ 0040e642 f   board_monitor.obj
 0001:0000d653       ??1FTANALOG_CLASS@@QAE@XZ  0040e653 f i board_monitor.obj
 0001:0000d66e       ??1FTCALC_CLASS@@QAE@XZ    0040e66e f i board_monitor.obj
 0001:0000d6af       ??1FTII_BOARD_ENTRY@@QAE@XZ 0040e6af f   board_monitor.obj
 0001:0000d770       ??1WIRE_NAME_ENTRY@@QAE@XZ 0040e770 f i v5subs:wire_class.obj
 0001:0000d770       ??1PART_NAME_ENTRY@@QAE@XZ 0040e770 f i board_monitor.obj
 0001:0000d78b       ??1RACETRACK_CLASS@@QAE@XZ 0040e78b f   board_monitor.obj
 0001:0000d790       ??ABOARD_EXTENDED_ANALOG_ARRAY@@QAEAAUBOARD_EXTENDED_ANALOG_ENTRY@@H@Z 0040e790 f   board_monitor.obj
 0001:0000d7e3       ??_EEXTERNAL_PARAMETER_ALARM_CLASS@@QAEPAXI@Z 0040e7e3 f i board_monitor.obj
 0001:0000d838       ??_EFTII_BOARD_ENTRY@@QAEPAXI@Z 0040e838 f i board_monitor.obj
 0001:0000d893       ??_ESTRING_CLASS@@QAEPAXI@Z 0040e893 f i board_monitor.obj
 0001:0000d8e3       ?AutoShotDisplayProc@@YGHPAUHWND__@@IIJ@Z 0040e8e3 f   board_monitor.obj
 0001:0000d9a8       ?add_binary_to_shotdata@FTII_BOARD_ENTRY@@QAEXXZ 0040e9a8 f   board_monitor.obj
 0001:0000da5e       ?append_downtime_record@@YAEAAVSTRING_CLASS@@00AAU_SYSTEMTIME@@PA_W2@Z 0040ea5e f   board_monitor.obj
 0001:0000db3f       ?begin_monitoring@@YA_NXZ  0040eb3f f   board_monitor.obj
 0001:0000de56       ?check_external_alarms@@YAXAAVSTRING_CLASS@@@Z 0040ee56 f   board_monitor.obj
 0001:0000e303       ?check_for_down@@YAXXZ     0040f303 f   board_monitor.obj
 0001:0000e5dd       ?check_for_extended_channel_value@FTII_BOARD_ENTRY@@QAEXPA_W@Z 0040f5dd f   board_monitor.obj
 0001:0000e8a3       ?check_inputs@FTII_BOARD_ENTRY@@QAEXPA_W@Z 0040f8a3 f   board_monitor.obj
 0001:0000ebfd       ?cleanup@EXTERNAL_PARAMETER_ALARM_CLASS@@QAEXXZ 0040fbfd f   board_monitor.obj
 0001:0000ec29       ?cleanup@RACETRACK_CLASS@@QAEXXZ 0040fc29 f   board_monitor.obj
 0001:0000ec4b       ?cleanup@STDDOWN_CLASS@@QAEXXZ 0040fc4b f i board_monitor.obj
 0001:0000ec67       ?clear@BOARD_EXTENDED_ANALOG_ARRAY@@QAEXXZ 0040fc67 f   board_monitor.obj
 0001:0000ec67       ??1BOARD_EXTENDED_ANALOG_ARRAY@@QAE@XZ 0040fc67 f   board_monitor.obj
 0001:0000ec82       ?clear_all_alarm_bits@FTII_BOARD_ENTRY@@QAEXXZ 0040fc82 f   board_monitor.obj
 0001:0000ec99       ?clearwire@FTII_BOARD_ENTRY@@QAEXH@Z 0040fc99 f   board_monitor.obj
 0001:0000f041       ?current_board_index@@YAHXZ 00410041 f   board_monitor.obj
 0001:0000f04d       ?current_board_number@@YAHXZ 0041004d f   board_monitor.obj
 0001:0000f06a       ?current_channel_mode@@YAHXZ 0041006a f   board_monitor.obj
 0001:0000f090       ?current_operator@@YAPA_WAAVSTRING_CLASS@@0@Z 00410090 f   board_monitor.obj
 0001:0000f11e       ?current_upload_file_name@@YAPA_WXZ 0041011e f   board_monitor.obj
 0001:0000f14b       ?current_version@@YAHXZ    0041014b f   board_monitor.obj
 0001:0000f16b       ?current_version_string@@YAPA_WXZ 0041016b f   board_monitor.obj
 0001:0000f439       ?display_board_info@@YAXXZ 00410439 f   board_monitor.obj
 0001:0000fc1e       ?external_parameter_alarms_index@@YAHAAVSTRING_CLASS@@@Z 00410c1e f   board_monitor.obj
 0001:0000fc5a       ?get@RACETRACK_CLASS@@QAE_NAAVSTRING_CLASS@@@Z 00410c5a f   board_monitor.obj
 0001:0000fc8d       ?get_alarm_bits@FTII_BOARD_ENTRY@@QAEXXZ 00410c8d f   board_monitor.obj
 0001:0000fdc3       ?get_config_word@FTII_BOARD_ENTRY@@QAEXPA_W@Z 00410dc3 f   board_monitor.obj
 0001:0000fdee       ?get_external_parameters@@YA_NAAVFTII_FILE_DATA@@AAVPARAMETER_CLASS@@AAVEXTERNAL_PARAMETER_STATUS_CLASS@@@Z 00410dee f   board_monitor.obj
 0001:0000ff5e       ?get_parameter_alarm_bits@FTII_BOARD_ENTRY@@QAEIXZ 00410f5e f   board_monitor.obj
 0001:00010014       ?init@BOARD_EXTENDED_ANALOG_ARRAY@@QAEEH@Z 00411014 f   board_monitor.obj
 0001:000100a9       ?init@EXTERNAL_PARAMETER_ALARM_CLASS@@QAE_NH@Z 004110a9 f   board_monitor.obj
 0001:0001010c       ?is_suretrak_controlled@@YAEH@Z 0041110c f   board_monitor.obj
 0001:00010132       ?issue_downtime_event@@YAXAAVSTRING_CLASS@@00AAU_SYSTEMTIME@@PA_W2@Z 00411132 f   board_monitor.obj
 0001:00010170       ?load_ftii_boards@@YAHXZ   00411170 f   board_monitor.obj
 0001:0001052f       ?load_the_current_machine_at_this_board@@YAXAAVFTII_BOARD_ENTRY@@@Z 0041152f f   board_monitor.obj
 0001:00010f4f       ?log_network_error@@YAXH@Z 00411f4f f   board_monitor.obj
 0001:00011165       ?new_data_thread@@YAXPAX@Z 00412165 f   board_monitor.obj
 0001:00011617       ?position_auto_shot_display@@YAXXZ 00412617 f   board_monitor.obj
 0001:000116aa       ?post_new_data_message@@YAXAAVSTRING_CLASS@@@Z 004126aa f   board_monitor.obj
 0001:00011706       ?put@RACETRACK_CLASS@@QAE_NAAVSTRING_CLASS@@@Z 00412706 f   board_monitor.obj
 0001:00011741       ?put_version_string@FTII_BOARD_ENTRY@@QAEXXZ 00412741 f   board_monitor.obj
 0001:000117d0       ?read_thread@@YAXPAX@Z     004127d0 f   board_monitor.obj
 0001:00011a4e       ?save_shot@FTII_BOARD_ENTRY@@QAEXXZ 00412a4e f   board_monitor.obj
 0001:00011f61       ?send_bits@FTII_BOARD_ENTRY@@QAEXI_N@Z 00412f61 f   board_monitor.obj
 0001:00011fde       ?send_command@@YAXAAVSTRING_CLASS@@PA_W_N@Z 00412fde f   board_monitor.obj
 0001:000121b3       ?send_socket_message@FTII_BOARD_ENTRY@@QAE_NPA_W_N@Z 004131b3 f   board_monitor.obj
 0001:00012282       ?send_thread@@YAXPAX@Z     00413282 f   board_monitor.obj
 0001:000128a9       ?set_connect_state@FTII_BOARD_ENTRY@@QAEXI@Z 004138a9 f   board_monitor.obj
 0001:00012930       ?set_extended_analog_bits@FTII_BOARD_ENTRY@@QAEXXZ 00413930 f   board_monitor.obj
 0001:00012a7f       ?setsize@RACETRACK_CLASS@@QAE_NH@Z 00413a7f f   board_monitor.obj
 0001:00012b44       ?setwire@FTII_BOARD_ENTRY@@QAEXH@Z 00413b44 f   board_monitor.obj
 0001:00012e77       ?stop_monitoring@@YAXXZ    00413e77 f   board_monitor.obj
 0001:00012fed       ?update_downtime@@YAXVDOWN_DATA_CLASS@@@Z 00413fed f   board_monitor.obj
 0001:000133c5       ?upload_control_file@FTII_BOARD_ENTRY@@QAE_NXZ 004143c5 f   board_monitor.obj
 0001:00013db7       ?wirebit@@YAIH@Z           00414db7 f   board_monitor.obj
 0001:00014079       ??0PROFILE_NAME_ENTRY@@QAE@XZ 00415079 f i shotsave.obj
 0001:0001409d       ??0SHOT_BUFFER_ENTRY@@QAE@XZ 0041509d f   shotsave.obj
 0001:000140eb       ??1PROFILE_NAME_ENTRY@@QAE@XZ 004150eb f i shotsave.obj
 0001:0001410e       ??1SHOT_BUFFER_ENTRY@@QAE@XZ 0041510e f   shotsave.obj
 0001:00014137       ?add_to_shotsave@@YA_N_N0AAUPART_NAME_ENTRY@@AAVFTII_FILE_DATA@@AAVDOUBLE_ARRAY_CLASS@@AAVEXTERNAL_PARAMETER_STATUS_CLASS@@@Z 00415137 f   shotsave.obj
 0001:0001428c       ?create@VDB_CLASS@@QAE_NAAVSTRING_CLASS@@@Z 0041528c f i shotsave.obj
 0001:0001442c       ?get@WRITE_CSV_SHOT_FILE@@QAEEAAUPROFILE_NAME_ENTRY@@@Z 0041542c f   shotsave.obj
 0001:000146a4       ?get_ini_char@@YAPA_WPA_W0@Z 004156a4 f   shotsave.obj
 0001:000146f7       ?get_profile_ii_name@NAME_CLASS@@QAEEAAVSTRING_CLASS@@000@Z 004156f7 f i shotsave.obj
 0001:00014722       ?has_any_limits@PARAMETER_ENTRY@@QAEEXZ 00415722 f i shotsave.obj
 0001:0001473f       ?init_serial_port@@YAXXZ   0041573f f   shotsave.obj
 0001:0001565f       ?nextshot@@YAEPAVSHOT_BUFFER_ENTRY@@@Z 0041665f f   shotsave.obj
 0001:00015b34       ?put_alpha@DB_TABLE@@QAEEGAAVSTRING_CLASS@@F@Z 00416b34 f i shotsave.obj
 0001:00015b56       ?save_shot@@YAXPAVSHOT_BUFFER_ENTRY@@@Z 00416b56 f   shotsave.obj
 0001:0001667d       ?shotsave_thread@@YAXPAX@Z 0041767d f   shotsave.obj
 0001:0001685f       ?start_shotsave_thread@@YAXXZ 0041785f f   shotsave.obj
 0001:0001847f       ?write_std_units_csv_file@@YAEAAVSTRING_CLASS@@PAVSHOT_BUFFER_ENTRY@@@Z 0041947f f   shotsave.obj
 0001:00018abd       ?max_parameters_saved@@YAJAAVSTRING_CLASS@@@Z 00419abd f   skip.obj
 0001:00018ad2       ?max_profiles_saved@@YAJAAVSTRING_CLASS@@@Z 00419ad2 f   skip.obj
 0001:00018b64       ?skip_new_shot_notify@@YAGAAVSTRING_CLASS@@U_FILETIME@@@Z 00419b64 f   skip.obj
 0001:00018bb1       ?skip_reset_machine@@YAEAAVSTRING_CLASS@@@Z 00419bb1 f   skip.obj
 0001:00018bca       ?skip_shutdown@@YAXXZ      00419bca f   skip.obj
 0001:00018bfe       ?skip_startup@@YAEXZ       00419bfe f   skip.obj
 0001:00018c01       ??0UPLOAD_COPY_CLASS@@QAE@XZ 00419c01 f   upload_copy_class.obj
 0001:00018c27       ??1UPLOAD_COPY_CLASS@@QAE@XZ 00419c27 f   upload_copy_class.obj
 0001:00018c44       ?init@UPLOAD_COPY_CLASS@@QAEXXZ 00419c44 f   upload_copy_class.obj
 0001:00018c67       ?isnew@UPLOAD_COPY_CLASS@@QAE_NAAVSTRING_CLASS@@@Z 00419c67 f   upload_copy_class.obj
 0001:00018d37       ?load@UPLOAD_COPY_CLASS@@QAEIVSTRING_CLASS@@00@Z 00419d37 f   upload_copy_class.obj
 0001:00018e5c       ?save@UPLOAD_COPY_CLASS@@QAEIVSTRING_CLASS@@00@Z 00419e5c f   upload_copy_class.obj
 0001:00018f96       _DdeGetData@16             00419f96 f   user32:USER32.dll
 0001:00018f9c       _bind@12                   00419f9c f   wsock32:WSOCK32.dll
 0001:00018fa2       _closesocket@4             00419fa2 f   wsock32:WSOCK32.dll
 0001:00018fa8       _htonl@4                   00419fa8 f   wsock32:WSOCK32.dll
 0001:00018fae       _htons@4                   00419fae f   wsock32:WSOCK32.dll
 0001:00018fb4       _inet_addr@4               00419fb4 f   wsock32:WSOCK32.dll
 0001:00018fba       _recvfrom@24               00419fba f   wsock32:WSOCK32.dll
 0001:00018fc0       _sendto@24                 00419fc0 f   wsock32:WSOCK32.dll
 0001:00018fc6       _socket@12                 00419fc6 f   wsock32:WSOCK32.dll
 0001:00018fcc       _gethostbyname@4           00419fcc f   wsock32:WSOCK32.dll
 0001:00018fd2       _gethostname@8             00419fd2 f   wsock32:WSOCK32.dll
 0001:00018fd8       _WSAStartup@8              00419fd8 f   wsock32:WSOCK32.dll
 0001:00018fde       _WSACleanup@0              00419fde f   wsock32:WSOCK32.dll
 0001:00018fe4       _WSAGetLastError@0         00419fe4 f   wsock32:WSOCK32.dll
 0001:00018fea       ?append_backslash_to_path@@YAXPA_W@Z 00419fea f   v5subs:path.obj
 0001:00019019       ?append_filename_to_path@@YAXPA_WPB_W@Z 0041a019 f   v5subs:path.obj
 0001:00019032       ?catpath@@YAPA_WPA_WPB_W@Z 0041a032 f   v5subs:path.obj
 0001:0001908d       ?create_directory@@YAEPA_W@Z 0041a08d f   v5subs:path.obj
 0001:000191dd       ?dir_from_filename@@YAEPA_W@Z 0041a1dd f   v5subs:path.obj
 0001:0001922f       ?remove_backslash_from_path@@YAXPA_W@Z 0041a22f f   v5subs:path.obj
 0001:0001925f       ?directory_exists@@YAEPA_W@Z 0041a25f f   v5subs:exists.obj
 0001:00019282       ?disk_is_in_drive@@YAEPA_W@Z 0041a282 f   v5subs:exists.obj
 0001:000192ba       ?file_exists@@YAEPA_W@Z    0041a2ba f   v5subs:exists.obj
 0001:000192cc       ?file_size@@YAJPA_W@Z      0041a2cc f   v5subs:exists.obj
 0001:000193a2       ?get_drive_name@@YAEPA_W@Z 0041a3a2 f   v5subs:exists.obj
 0001:000193d9       ?is_removable@@YAEPA_W@Z   0041a3d9 f   v5subs:exists.obj
 0001:00019404       ?ascii_double@@YAPA_WN@Z   0041a404 f   v5subs:ascfloat.obj
 0001:00019424       ?ascii_float@@YAPA_WM@Z    0041a424 f   v5subs:ascfloat.obj
 0001:0001943c       ?asctoint32@@YAJPB_W@Z     0041a43c f   v5subs:extract.obj
 0001:0001943c       ?asctoint@@YAHPB_W@Z       0041a43c f   v5subs:extract.obj
 0001:00019459       ?asctoul@@YAKPB_W@Z        0041a459 f   v5subs:extract.obj
 0001:00019476       ?extdouble@@YANPB_W@Z      0041a476 f   v5subs:extract.obj
 0001:0001948d       ?extdouble@@YANPB_WF@Z     0041a48d f   v5subs:extract.obj
 0001:000194fe       ?extfloat@@YAMPB_W@Z       0041a4fe f   v5subs:extract.obj
 0001:00019523       ?extlong@@YAJPB_WF@Z       0041a523 f   v5subs:extract.obj
 0001:00019523       ?extshort@@YAFPB_WF@Z      0041a523 f   v5subs:extract.obj
 0001:00019536       ?extlong@@YAJPB_WFH@Z      0041a536 f   v5subs:extract.obj
 0001:0001959c       ?extul@@YAKPB_WFH@Z        0041a59c f   v5subs:extract.obj
 0001:00019602       ?is_real_char@@YAE_W@Z     0041a602 f   v5subs:extract.obj
 0001:000196ae       ?int32toasc@@YAPA_WJ@Z     0041a6ae f   v5subs:itoasc.obj
 0001:000196c7       ?int32toasc@@YAXPA_WJJ@Z   0041a6c7 f   v5subs:itoasc.obj
 0001:00019718       ?int_to_ascii@@YAXPA_WH@Z  0041a718 f   v5subs:itoasc.obj
 0001:00019760       ?ultoascii@@YAPA_WKK@Z     0041a760 f   v5subs:itoasc.obj
 0001:0001977b       ?ultoascii@@YAXPA_WKK@Z    0041a77b f   v5subs:itoasc.obj
 0001:000197b4       ??0STRING_CLASS@@QAE@ABV0@@Z 0041a7b4 f   v5subs:stringcl.obj
 0001:000197d0       ??0STRING_CLASS@@QAE@XZ    0041a7d0 f   v5subs:stringcl.obj
 0001:000197da       ??1STRING_CLASS@@QAE@XZ    0041a7da f   v5subs:stringcl.obj
 0001:000197df       ??4STRING_CLASS@@QAEXABV0@@Z 0041a7df f   v5subs:stringcl.obj
 0001:000197ee       ??4STRING_CLASS@@QAEXE@Z   0041a7ee f   v5subs:stringcl.obj
 0001:00019809       ??4STRING_CLASS@@QAEXH@Z   0041a809 f   v5subs:stringcl.obj
 0001:00019831       ??4STRING_CLASS@@QAEXI@Z   0041a831 f   v5subs:stringcl.obj
 0001:00019859       ??4STRING_CLASS@@QAEXN@Z   0041a859 f   v5subs:stringcl.obj
 0001:00019888       ??4STRING_CLASS@@QAEXPB_W@Z 0041a888 f   v5subs:stringcl.obj
 0001:000198d3       ??4STRING_CLASS@@QAEX_W@Z  0041a8d3 f   v5subs:stringcl.obj
 0001:000198ea       ??8STRING_CLASS@@QAEEABV0@@Z 0041a8ea f   v5subs:stringcl.obj
 0001:000198f9       ??8STRING_CLASS@@QAEEPB_W@Z 0041a8f9 f   v5subs:stringcl.obj
 0001:00019955       ??MSTRING_CLASS@@QAEEABV0@@Z 0041a955 f   v5subs:stringcl.obj
 0001:0001997c       ??YSTRING_CLASS@@QAEXABV0@@Z 0041a97c f   v5subs:stringcl.obj
 0001:0001998b       ??YSTRING_CLASS@@QAEXH@Z   0041a98b f   v5subs:stringcl.obj
 0001:000199c3       ??YSTRING_CLASS@@QAEXI@Z   0041a9c3 f   v5subs:stringcl.obj
 0001:000199fb       ??YSTRING_CLASS@@QAEXN@Z   0041a9fb f   v5subs:stringcl.obj
 0001:00019a3a       ??YSTRING_CLASS@@QAEXPB_W@Z 0041aa3a f   v5subs:stringcl.obj
 0001:00019a7b       ??YSTRING_CLASS@@QAEX_N@Z  0041aa7b f   v5subs:stringcl.obj
 0001:00019a7b       ??YSTRING_CLASS@@QAEXE@Z   0041aa7b f   v5subs:stringcl.obj
 0001:00019a96       ??YSTRING_CLASS@@QAEX_W@Z  0041aa96 f   v5subs:stringcl.obj
 0001:00019acd       ?acquire@STRING_CLASS@@QAEEAAV1@@Z 0041aacd f   v5subs:stringcl.obj
 0001:00019afb       ?acquire@STRING_CLASS@@QAEEPA_W@Z 0041aafb f   v5subs:stringcl.obj
 0001:00019b2a       ?add_finalchar@STRING_CLASS@@AAEXPA_W0@Z 0041ab2a f   v5subs:stringcl.obj
 0001:00019b5a       ?bool_value@STRING_CLASS@@QAE_NXZ 0041ab5a f   v5subs:stringcl.obj
 0001:00019b5a       ?boolean_value@STRING_CLASS@@QAEEXZ 0041ab5a f   v5subs:stringcl.obj
 0001:00019b7c       ?cat_path@STRING_CLASS@@QAEXPB_W@Z 0041ab7c f   v5subs:stringcl.obj
 0001:00019beb       ?cat_w_char@STRING_CLASS@@QAEXPB_W_W@Z 0041abeb f   v5subs:stringcl.obj
 0001:00019c44       ?contains@STRING_CLASS@@QAE_NPB_W@Z 0041ac44 f   v5subs:stringcl.obj
 0001:00019c55       ?contains@STRING_CLASS@@QAE_N_W@Z 0041ac55 f   v5subs:stringcl.obj
 0001:00019c66       ?empty@STRING_CLASS@@QAEXXZ 0041ac66 f   v5subs:stringcl.obj
 0001:00019c81       ?find@STRING_CLASS@@QAEPA_WPB_W@Z 0041ac81 f   v5subs:stringcl.obj
 0001:00019c9f       ?find@STRING_CLASS@@QAEPA_W_W@Z 0041ac9f f   v5subs:stringcl.obj
 0001:00019cc6       ?findlast@STRING_CLASS@@QAEPA_WPB_W@Z 0041acc6 f   v5subs:stringcl.obj
 0001:00019ce4       ?get_ascii@STRING_CLASS@@QAEEPAD@Z 0041ace4 f   v5subs:stringcl.obj
 0001:00019d3c       ?get_substring@STRING_CLASS@@QAEEABV1@_W1@Z 0041ad3c f   v5subs:stringcl.obj
 0001:00019dc4       ?get_text@STRING_CLASS@@QAE_NPAUHWND__@@@Z 0041adc4 f   v5subs:stringcl.obj
 0001:00019e1a       ?init@STRING_CLASS@@QAEEJ@Z 0041ae1a f   v5subs:stringcl.obj
 0001:00019e6d       ?isempty@STRING_CLASS@@QAEEXZ 0041ae6d f   v5subs:stringcl.obj
 0001:00019e8b       ?isnumeric@STRING_CLASS@@QAEEXZ 0041ae8b f   v5subs:stringcl.obj
 0001:00019f14       ?last_char@STRING_CLASS@@QAEPA_WXZ 0041af14 f   v5subs:stringcl.obj
 0001:00019f2f       ?len@STRING_CLASS@@QAEJXZ  0041af2f f   v5subs:stringcl.obj
 0001:00019f42       ?next_field@STRING_CLASS@@QAE_NXZ 0041af42 f   v5subs:stringcl.obj
 0001:00019f50       ?next_field@STRING_CLASS@@QAE_N_W@Z 0041af50 f   v5subs:stringcl.obj
 0001:0001a092       ?null@STRING_CLASS@@QAEXXZ 0041b092 f   v5subs:stringcl.obj
 0001:0001a0b8       ?real_value@STRING_CLASS@@QAENXZ 0041b0b8 f   v5subs:stringcl.obj
 0001:0001a115       ?release@STRING_CLASS@@QAEPA_WXZ 0041b115 f   v5subs:stringcl.obj
 0001:0001a120       ?remove_all_occurances@STRING_CLASS@@QAEH_W@Z 0041b120 f   v5subs:stringcl.obj
 0001:0001a157       ?remove_leading_chars@STRING_CLASS@@QAE_NH@Z 0041b157 f   v5subs:stringcl.obj
 0001:0001a190       ?replace@STRING_CLASS@@QAEEPB_W0@Z 0041b190 f   v5subs:stringcl.obj
 0001:0001a246       ?replace@STRING_CLASS@@QAEE_W0@Z 0041b246 f   v5subs:stringcl.obj
 0001:0001a27b       ?replace_all@STRING_CLASS@@QAEH_W0@Z 0041b27b f   v5subs:stringcl.obj
 0001:0001a2b4       ?rjust@STRING_CLASS@@QAEEJ@Z 0041b2b4 f   v5subs:stringcl.obj
 0001:0001a2c8       ?rjust@STRING_CLASS@@QAEEJ_W@Z 0041b2c8 f   v5subs:stringcl.obj
 0001:0001a321       ?set_text@STRING_CLASS@@QAE_NPAUHWND__@@@Z 0041b321 f   v5subs:stringcl.obj
 0001:0001a346       ?strip_crlf@STRING_CLASS@@QAEXXZ 0041b346 f   v5subs:stringcl.obj
 0001:0001a38d       ?uppercase@STRING_CLASS@@QAEXXZ 0041b38d f   v5subs:stringcl.obj
 0001:0001a39d       ?upsize@STRING_CLASS@@QAEEJ@Z 0041b39d f   v5subs:stringcl.obj
 0001:0001a404       ?convert_to_data_dir@NAME_CLASS@@QAEEXZ 0041b404 f   v5subs:nameclas.obj
 0001:0001a449       ?ensure_file_directory_existance@NAME_CLASS@@QAEEXZ 0041b449 f   v5subs:nameclas.obj
 0001:0001a4b2       ?find_extension@NAME_CLASS@@QAEPA_WXZ 0041b4b2 f   v5subs:nameclas.obj
 0001:0001a4f2       ?get_data_dir_file_name@NAME_CLASS@@QAEEAAVSTRING_CLASS@@PB_W@Z 0041b4f2 f   v5subs:nameclas.obj
 0001:0001a535       ?get_data_dir_file_name@NAME_CLASS@@QAEEPB_W@Z 0041b535 f   v5subs:nameclas.obj
 0001:0001a552       ?get_exe_dir_file_name@NAME_CLASS@@QAEEAAVSTRING_CLASS@@PB_W@Z 0041b552 f   v5subs:nameclas.obj
 0001:0001a595       ?get_exe_dir_file_name@NAME_CLASS@@QAEEPB_W@Z 0041b595 f   v5subs:nameclas.obj
 0001:0001a5ce       ?get_log_dir_file_name@NAME_CLASS@@QAEEPB_W@Z 0041b5ce f   v5subs:nameclas.obj
 0001:0001a607       ?get_machine_dir_file_name@NAME_CLASS@@QAEEAAVSTRING_CLASS@@0PB_W@Z 0041b607 f   v5subs:nameclas.obj
 0001:0001a650       ?get_machine_results_dir_file_name@NAME_CLASS@@QAEEAAVSTRING_CLASS@@0PB_W@Z 0041b650 f   v5subs:nameclas.obj
 0001:0001a68e       ?get_part_dir_file_name@NAME_CLASS@@QAEEAAVSTRING_CLASS@@00PB_W@Z 0041b68e f   v5subs:nameclas.obj
 0001:0001a6da       ?get_part_results_dir_file_name@NAME_CLASS@@QAEEAAVSTRING_CLASS@@00PB_W@Z 0041b6da f   v5subs:nameclas.obj
 0001:0001a71b       ?get_profile_name@NAME_CLASS@@QAEEAAVSTRING_CLASS@@00PB_W1@Z 0041b71b f   v5subs:nameclas.obj
 0001:0001a7c8       ?get_static_text_parameters_csvname@NAME_CLASS@@QAEEAAVSTRING_CLASS@@00@Z 0041b7c8 f   v5subs:nameclas.obj
 0001:0001a7e1       ?get_stringtable_name@NAME_CLASS@@QAEEPB_W@Z 0041b7e1 f   v5subs:nameclas.obj
 0001:0001a832       ?moveto@NAME_CLASS@@QAEEAAVSTRING_CLASS@@@Z 0041b832 f   v5subs:nameclas.obj
 0001:0001a85f       ?remove_ending_filename@NAME_CLASS@@QAEEXZ 0041b85f f   v5subs:nameclas.obj
 0001:0001a885       ?remove_extension@NAME_CLASS@@QAEEXZ 0041b885 f   v5subs:nameclas.obj
 0001:0001a89e       ?replace_extension@NAME_CLASS@@QAEXPA_W@Z 0041b89e f   v5subs:nameclas.obj
 0001:0001a8ce       ??0ANALOG_SENSOR@@QAE@XZ   0041b8ce f   v5subs:asensor.obj
 0001:0001a8d4       ??0ANALOG_SENSOR_ENTRY@@QAE@XZ 0041b8d4 f   v5subs:asensor.obj
 0001:0001a924       ??1ANALOG_SENSOR_ENTRY@@QAE@XZ 0041b924 f   v5subs:asensor.obj
 0001:0001a950       ??AANALOG_SENSOR@@QAEAAUANALOG_SENSOR_ENTRY@@H@Z 0041b950 f   v5subs:asensor.obj
 0001:0001a973       ??_EANALOG_SENSOR_ENTRY@@QAEPAXI@Z 0041b973 f i v5subs:asensor.obj
 0001:0001a9c8       ?converted_value@ANALOG_SENSOR_ENTRY@@QAENI@Z 0041b9c8 f   v5subs:asensor.obj
 0001:0001a9fc       ?get@ANALOG_SENSOR@@SAEXZ  0041b9fc f   v5subs:asensor.obj
 0001:0001abfa       ?get@ANALOG_SENSOR_ENTRY@@QAEEPA_W@Z 0041bbfa f   v5subs:asensor.obj
 0001:0001ad57       ?raw_count@ANALOG_SENSOR_ENTRY@@QAENN@Z 0041bd57 f   v5subs:asensor.obj
 0001:0001ad9a       ?shutdown@ANALOG_SENSOR@@SAXXZ 0041bd9a f   v5subs:asensor.obj
 0001:0001ad9f       ?update@ANALOG_SENSOR_ENTRY@@QAEEXZ 0041bd9f f   v5subs:asensor.obj
 0001:0001ae8d       ??0AUTO_BACKUP_CLASS@@QAE@XZ 0041be8d f   v5subs:autoback.obj
 0001:0001ae9f       ??1AUTO_BACKUP_CLASS@@QAE@XZ 0041be9f f   v5subs:autoback.obj
 0001:0001aea5       ?backup_machine@AUTO_BACKUP_CLASS@@QAEEAAVSTRING_CLASS@@@Z 0041bea5 f   v5subs:autoback.obj
 0001:0001aff6       ?get_backup_dir@AUTO_BACKUP_CLASS@@QAEEXZ 0041bff6 f   v5subs:autoback.obj
 0001:0001b094       ??0DB_TABLE@@QAE@XZ        0041c094 f   v5subs:dbsubs.obj
 0001:0001b0bb       ??1DB_TABLE@@QAE@XZ        0041c0bb f   v5subs:dbsubs.obj
 0001:0001b138       ?close@DB_TABLE@@QAEXXZ    0041c138 f   v5subs:dbsubs.obj
 0001:0001b159       ?compare_date@@YAFPA_W0@Z  0041c159 f   v5subs:dbsubs.obj
 0001:0001b18f       ?compare_int32@@YAFPA_W0J@Z 0041c18f f   v5subs:dbsubs.obj
 0001:0001b1c3       ?compare_one_record@DB_TABLE@@AAEEPAFJJ@Z 0041c1c3 f   v5subs:dbsubs.obj
 0001:0001b2ab       ?create@DB_TABLE@@QAEEAAVSTRING_CLASS@@@Z 0041c2ab f i v5subs:dbsubs.obj
 0001:0001b2c5       ?create@DB_TABLE@@QAEEPA_W@Z 0041c2c5 f   v5subs:dbsubs.obj
 0001:0001b325       ?determine_column_info@DB_TABLE@@QAEHXZ 0041c325 f   v5subs:dbsubs.obj
 0001:0001b506       ?ensure_existance@DB_TABLE@@QAEEAAVSTRING_CLASS@@@Z 0041c506 f   v5subs:dbsubs.obj
 0001:0001b53a       ?field_length@DB_TABLE@@QAEFH@Z 0041c53a f   v5subs:dbsubs.obj
 0001:0001b5ba       ?fill_searchbuf@DB_TABLE@@AAEEF@Z 0041c5ba f   v5subs:dbsubs.obj
 0001:0001b613       ?get_alpha@DB_TABLE@@QAEEAAVSTRING_CLASS@@GF@Z 0041c613 f   v5subs:dbsubs.obj
 0001:0001b676       ?get_alpha@DB_TABLE@@QAEEPA_WGF@Z 0041c676 f   v5subs:dbsubs.obj
 0001:0001b68c       ?get_alpha@DB_TABLE@@QAEEPA_WGFG@Z 0041c68c f   v5subs:dbsubs.obj
 0001:0001b6f7       ?get_char@DB_TABLE@@QAE_WG@Z 0041c6f7 f   v5subs:dbsubs.obj
 0001:0001b712       ?get_current_record@DB_TABLE@@QAEEE@Z 0041c712 f   v5subs:dbsubs.obj
 0001:0001b758       ?get_date@DB_TABLE@@QAEEAAU_SYSTEMTIME@@G@Z 0041c758 f   v5subs:dbsubs.obj
 0001:0001b774       ?get_double@DB_TABLE@@QAENG@Z 0041c774 f   v5subs:dbsubs.obj
 0001:0001b7b3       ?get_long@DB_TABLE@@QAEJG@Z 0041c7b3 f   v5subs:dbsubs.obj
 0001:0001b7df       ?get_next_key_match@DB_TABLE@@QAEEFE@Z 0041c7df f   v5subs:dbsubs.obj
 0001:0001b84c       ?get_next_record@DB_TABLE@@QAEEE@Z 0041c84c f   v5subs:dbsubs.obj
 0001:0001b89a       ?get_rec@DB_TABLE@@QAEEXZ  0041c89a f   v5subs:dbsubs.obj
 0001:0001b8e6       ?get_time@DB_TABLE@@QAEEAAU_SYSTEMTIME@@G@Z 0041c8e6 f   v5subs:dbsubs.obj
 0001:0001b902       ?goto_first_equal_or_greater_record@DB_TABLE@@QAEEF@Z 0041c902 f   v5subs:dbsubs.obj
 0001:0001b9db       ?goto_first_key_record@DB_TABLE@@AAEEF@Z 0041c9db f   v5subs:dbsubs.obj
 0001:0001b9f6       ?goto_key_record@DB_TABLE@@AAEEFJJ@Z 0041c9f6 f   v5subs:dbsubs.obj
 0001:0001bb22       ?goto_record_number@DB_TABLE@@QAEEJ@Z 0041cb22 f   v5subs:dbsubs.obj
 0001:0001bbb7       ?initbuf@DB_TABLE@@AAEEPAPA_WPAFF@Z 0041cbb7 f   v5subs:dbsubs.obj
 0001:0001bc4f       ?is_alpha@DB_TABLE@@QAEEH@Z 0041cc4f f   v5subs:dbsubs.obj
 0001:0001bc71       ?lock_record@DB_TABLE@@QAEEXZ 0041cc71 f   v5subs:dbsubs.obj
 0001:0001bcf2       ?nof_recs@DB_TABLE@@QAEKXZ 0041ccf2 f   v5subs:dbsubs.obj
 0001:0001bd1c       ?open@DB_TABLE@@QAEEPA_WFF@Z 0041cd1c f   v5subs:dbsubs.obj
 0001:0001bd32       ?open@DB_TABLE@@QAEEPA_WFFF@Z 0041cd32 f   v5subs:dbsubs.obj
 0001:0001bf11       ?open_status@DB_TABLE@@QAEEXZ 0041cf11 f   v5subs:dbsubs.obj
 0001:0001bf19       ?point_to_start_of_field@DB_TABLE@@AAEPA_WG@Z 0041cf19 f   v5subs:dbsubs.obj
 0001:0001bf38       ?post_error@@YAXPA_W0@Z    0041cf38 f   v5subs:dbsubs.obj
 0001:0001bf4b       ?post_error@@YAXPA_W@Z     0041cf4b f   v5subs:dbsubs.obj
 0001:0001bf5f       ?put_alpha@DB_TABLE@@QAEEGPB_WF@Z 0041cf5f f   v5subs:dbsubs.obj
 0001:0001bfab       ?put_date@DB_TABLE@@QAEEGABU_SYSTEMTIME@@@Z 0041cfab f   v5subs:dbsubs.obj
 0001:0001bfde       ?put_long@DB_TABLE@@QAEEGJF@Z 0041cfde f   v5subs:dbsubs.obj
 0001:0001c01e       ?put_time@DB_TABLE@@QAEEGAAU_SYSTEMTIME@@@Z 0041d01e f   v5subs:dbsubs.obj
 0001:0001c051       ?rec_append@DB_TABLE@@QAEEXZ 0041d051 f   v5subs:dbsubs.obj
 0001:0001c077       ?rec_delete@DB_TABLE@@QAEEJ@Z 0041d077 f   v5subs:dbsubs.obj
 0001:0001c1c0       ?rec_insert@DB_TABLE@@QAEEXZ 0041d1c0 f   v5subs:dbsubs.obj
 0001:0001c284       ?rec_update@DB_TABLE@@QAEEXZ 0041d284 f   v5subs:dbsubs.obj
 0001:0001c2a5       ?restore_from_searchbuf@DB_TABLE@@AAEXXZ 0041d2a5 f   v5subs:dbsubs.obj
 0001:0001c2f4       ?unlock_record@DB_TABLE@@QAEEXZ 0041d2f4 f   v5subs:dbsubs.obj
 0001:0001c339       ?write_record@DB_TABLE@@AAEEXZ 0041d339 f   v5subs:dbsubs.obj
 0001:0001c391       ??0DOWN_DATA_CLASS@@QAE@XZ 0041d391 f   v5subs:evclass.obj
 0001:0001c3ed       ?set@DOWN_DATA_CLASS@@QAEEPAUHDDEDATA__@@@Z 0041d3ed f   v5subs:evclass.obj
 0001:0001c5a7       ??0FILE_CLASS@@QAE@XZ      0041d5a7 f   v5subs:fileclas.obj
 0001:0001c5cb       ??1FILE_CLASS@@QAE@XZ      0041d5cb f   v5subs:fileclas.obj
 0001:0001c5cb       ?close@FILE_CLASS@@QAEXXZ  0041d5cb f   v5subs:fileclas.obj
 0001:0001c5d0       ?cleanup@FILE_CLASS@@QAEXXZ 0041d5d0 f   v5subs:fileclas.obj
 0001:0001c5fe       ?cleanup_memory@FILE_CLASS@@QAEXXZ 0041d5fe f   v5subs:fileclas.obj
 0001:0001c62a       ?get_creation_time@FILE_CLASS@@QAEEPAU_FILETIME@@@Z 0041d62a f   v5subs:fileclas.obj
 0001:0001c64e       ?make_path@FILE_CLASS@@QAEEPA_W@Z 0041d64e f   v5subs:fileclas.obj
 0001:0001c699       ?nof_lines@FILE_CLASS@@QAEHXZ 0041d699 f   v5subs:fileclas.obj
 0001:0001c76f       ?open@FILE_CLASS@@QAEEPA_WK@Z 0041d76f f   v5subs:fileclas.obj
 0001:0001c7f2       ?open_for_append@FILE_CLASS@@QAEEAAVSTRING_CLASS@@@Z 0041d7f2 f   v5subs:fileclas.obj
 0001:0001c80c       ?open_for_append@FILE_CLASS@@QAEEPA_W@Z 0041d80c f   v5subs:fileclas.obj
 0001:0001c842       ?open_for_read@FILE_CLASS@@QAEEAAVSTRING_CLASS@@@Z 0041d842 f   v5subs:fileclas.obj
 0001:0001c85c       ?open_for_read@FILE_CLASS@@QAEEPA_W@Z 0041d85c f   v5subs:fileclas.obj
 0001:0001c878       ?open_for_write@FILE_CLASS@@QAEEAAVSTRING_CLASS@@@Z 0041d878 f   v5subs:fileclas.obj
 0001:0001c892       ?open_for_write@FILE_CLASS@@QAEEPA_W@Z 0041d892 f   v5subs:fileclas.obj
 0001:0001c8ab       ?readbinary@FILE_CLASS@@QAEKPAXK@Z 0041d8ab f   v5subs:fileclas.obj
 0001:0001c911       ?readline@FILE_CLASS@@QAEPA_WXZ 0041d911 f   v5subs:fileclas.obj
 0001:0001ca01       ?setpos@FILE_CLASS@@QAEEJ@Z 0041da01 f   v5subs:fileclas.obj
 0001:0001ca44       ?writebinary@FILE_CLASS@@QAEEPAXK@Z 0041da44 f   v5subs:fileclas.obj
 0001:0001caac       ?writeline@FILE_CLASS@@QAEEAAVSTRING_CLASS@@@Z 0041daac f   v5subs:fileclas.obj
 0001:0001cac6       ?writeline@FILE_CLASS@@QAEEPA_W@Z 0041dac6 f   v5subs:fileclas.obj
 0001:0001cb5d       ??0FIFO_CLASS@@QAE@XZ      0041db5d f   v5subs:fifo.obj
 0001:0001cb76       ??1FIFO_CLASS@@QAE@XZ      0041db76 f   v5subs:fifo.obj
 0001:0001cb7e       ?peek@FIFO_CLASS@@QAEPAXXZ 0041db7e f   v5subs:fifo.obj
 0001:0001cb8c       ?pop@FIFO_CLASS@@QAEPAXXZ  0041db8c f   v5subs:fifo.obj
 0001:0001cbd4       ?push@FIFO_CLASS@@QAEEPAX@Z 0041dbd4 f   v5subs:fifo.obj
 0001:0001cc34       ??0FONT_CLASS@@QAE@XZ      0041dc34 f   v5subs:fontclas.obj
 0001:0001cc51       ??0SHIFT_CLASS@@QAE@XZ     0041dc51 f   v5subs:shift.obj
 0001:0001cc51       ??0FONT_LIST_CLASS@@QAE@XZ 0041dc51 f   v5subs:fontclas.obj
 0001:0001cc57       ??0FONT_LIST_ENTRY@@QAE@XZ 0041dc57 f   v5subs:fontclas.obj
 0001:0001cc71       ??1FONT_LIST_CLASS@@QAE@XZ 0041dc71 f   v5subs:fontclas.obj
 0001:0001cc9a       ??1FONT_LIST_ENTRY@@QAE@XZ 0041dc9a f   v5subs:fontclas.obj
 0001:0001ccb2       ??4FONT_CLASS@@QAEXABUtagLOGFONTW@@@Z 0041dcb2 f   v5subs:fontclas.obj
 0001:0001cd15       ??4FONT_CLASS@@QAEXABV0@@Z 0041dd15 f   v5subs:fontclas.obj
 0001:0001cd51       ??8FONT_CLASS@@QAE_NABUtagLOGFONTW@@@Z 0041dd51 f   v5subs:fontclas.obj
 0001:0001cdd6       ??8FONT_CLASS@@QAE_NABV0@@Z 0041ddd6 f   v5subs:fontclas.obj
 0001:0001ce12       ?free_handle@FONT_LIST_CLASS@@QAEXPAUHFONT__@@@Z 0041de12 f   v5subs:fontclas.obj
 0001:0001ce55       ?get@FONT_CLASS@@QAE_NPA_W@Z 0041de55 f   v5subs:fontclas.obj
 0001:0001d009       ?get_handle@FONT_LIST_CLASS@@QAEPAUHFONT__@@ABVFONT_CLASS@@@Z 0041e009 f   v5subs:fontclas.obj
 0001:0001d120       ??0COMPUTER_CLASS@@QAE@XZ  0041e120 f   v5subs:computer.obj
 0001:0001d12b       ?add@COMPUTER_CLASS@@QAEEPA_W@Z 0041e12b f   v5subs:computer.obj
 0001:0001d1d7       ?empty@COMPUTER_CLASS@@QAEXXZ 0041e1d7 f   v5subs:computer.obj
 0001:0001d20b       ?find@COMPUTER_CLASS@@QAEEPA_W@Z 0041e20b f   v5subs:computer.obj
 0001:0001d238       ?is_present@COMPUTER_CLASS@@QAEEXZ 0041e238 f   v5subs:computer.obj
 0001:0001d256       ?is_this_computer@COMPUTER_CLASS@@QAEEXZ 0041e256 f   v5subs:computer.obj
 0001:0001d270       ?load@COMPUTER_CLASS@@QAEEXZ 0041e270 f   v5subs:computer.obj
 0001:0001d399       ?name@COMPUTER_CLASS@@QAEAAVSTRING_CLASS@@XZ 0041e399 f   v5subs:computer.obj
 0001:0001d3a5       ?next@COMPUTER_CLASS@@QAEEXZ 0041e3a5 f   v5subs:computer.obj
 0001:0001d3c8       ?rewind@COMPUTER_CLASS@@QAEXXZ 0041e3c8 f   v5subs:computer.obj
 0001:0001d3cf       ?startup@COMPUTER_CLASS@@QAEEXZ 0041e3cf f   v5subs:computer.obj
 0001:0001d3e4       ?whoami@COMPUTER_CLASS@@QAEAAVSTRING_CLASS@@XZ 0041e3e4 f   v5subs:computer.obj
 0001:0001d3ea       ??1INI_CLASS@@QAE@XZ       0041e3ea f   v5subs:iniclass.obj
 0001:0001d4a3       ?cleanup@INI_CLASS@@QAEXXZ 0041e4a3 f   v5subs:iniclass.obj
 0001:0001d4de       ?find@INI_CLASS@@QAEEPB_W0@Z 0041e4de f   v5subs:iniclass.obj
 0001:0001d541       ?find@INI_CLASS@@QAEEPB_W@Z 0041e541 f   v5subs:iniclass.obj
 0001:0001d55a       ?get_bool@INI_CLASS@@QAE_NPB_W0@Z 0041e55a f   v5subs:iniclass.obj
 0001:0001d55a       ?get_boolean@INI_CLASS@@QAEEPB_W0@Z 0041e55a f   v5subs:iniclass.obj
 0001:0001d57d       ?get_boolean@INI_CLASS@@QAEEPB_W@Z 0041e57d f   v5subs:iniclass.obj
 0001:0001d57d       ?get_bool@INI_CLASS@@QAE_NPB_W@Z 0041e57d f   v5subs:iniclass.obj
 0001:0001d596       ?get_boolean@INI_CLASS@@QAEEXZ 0041e596 f   v5subs:iniclass.obj
 0001:0001d596       ?get_bool@INI_CLASS@@QAE_NXZ 0041e596 f   v5subs:iniclass.obj
 0001:0001d5b8       ?get_int@INI_CLASS@@QAEHPB_W0@Z 0041e5b8 f   v5subs:iniclass.obj
 0001:0001d5db       ?get_int@INI_CLASS@@QAEHPB_W@Z 0041e5db f   v5subs:iniclass.obj
 0001:0001d5f4       ?get_int@INI_CLASS@@QAEHXZ 0041e5f4 f   v5subs:iniclass.obj
 0001:0001d605       ?get_string@INI_CLASS@@QAEPA_WPB_W@Z 0041e605 f   v5subs:iniclass.obj
 0001:0001d634       ?get_string@INI_CLASS@@QAEPA_WXZ 0041e634 f   v5subs:iniclass.obj
 0001:0001d642       ?get_ul@INI_CLASS@@QAEKPB_W@Z 0041e642 f   v5subs:iniclass.obj
 0001:0001d659       ?get_ul@INI_CLASS@@QAEKXZ  0041e659 f   v5subs:iniclass.obj
 0001:0001d66a       ?put_boolean@INI_CLASS@@QAEEPB_W0E@Z 0041e66a f   v5subs:iniclass.obj
 0001:0001d69c       ?put_int@INI_CLASS@@QAEEPB_WH@Z 0041e69c f   v5subs:iniclass.obj
 0001:0001d6e2       ?put_string@INI_CLASS@@QAEEPB_W00@Z 0041e6e2 f   v5subs:iniclass.obj
 0001:0001d731       ?put_string@INI_CLASS@@QAEEPB_W0@Z 0041e731 f   v5subs:iniclass.obj
 0001:0001d74e       ?set_file@INI_CLASS@@QAEEPB_W@Z 0041e74e f   v5subs:iniclass.obj
 0001:0001d790       ?set_section@INI_CLASS@@QAEEPB_W@Z 0041e790 f   v5subs:iniclass.obj
 0001:0001d7c4       ??0LIMIT_SWITCH_WIRE_CLASS@@QAE@XZ 0041e7c4 f   v5subs:limit_switch_class.obj
 0001:0001d7e1       ??1LIMIT_SWITCH_WIRE_CLASS@@QAE@XZ 0041e7e1 f   v5subs:limit_switch_class.obj
 0001:0001d7f9       ?get@LIMIT_SWITCH_WIRE_CLASS@@QAEEAAVSTRING_CLASS@@00@Z 0041e7f9 f   v5subs:limit_switch_class.obj
 0001:0001d94c       ?mask@LIMIT_SWITCH_WIRE_CLASS@@QAEIH@Z 0041e94c f   v5subs:limit_switch_class.obj
 0001:0001d981       ?wire_number@LIMIT_SWITCH_WIRE_CLASS@@QAEHH@Z 0041e981 f   v5subs:limit_switch_class.obj
 0001:0001d99b       ??1LISTBOX_CLASS@@QAE@XZ   0041e99b f   v5subs:listbox.obj
 0001:0001d9ab       ?add@LISTBOX_CLASS@@QAEHPA_W@Z 0041e9ab f   v5subs:listbox.obj
 0001:0001d9ec       ?check_buf_size@LISTBOX_CLASS@@AAEEH@Z 0041e9ec f   v5subs:listbox.obj
 0001:0001da39       ?check_buf_size@LISTBOX_CLASS@@AAEEPA_W@Z 0041ea39 f   v5subs:listbox.obj
 0001:0001da52       ?check_item_size@LISTBOX_CLASS@@AAEEH@Z 0041ea52 f   v5subs:listbox.obj
 0001:0001da89       ?count@LISTBOX_CLASS@@QAEHXZ 0041ea89 f   v5subs:listbox.obj
 0001:0001dab3       ?empty@LISTBOX_CLASS@@QAEXXZ 0041eab3 f   v5subs:listbox.obj
 0001:0001daca       ?init@LISTBOX_CLASS@@QAEEPAUHWND__@@@Z 0041eaca f   v5subs:listbox.obj
 0001:0001db2b       ?init@LISTBOX_CLASS@@QAEEPAUHWND__@@H@Z 0041eb2b f   v5subs:listbox.obj
 0001:0001db48       ?item_text@LISTBOX_CLASS@@QAEPA_WH@Z 0041eb48 f   v5subs:listbox.obj
 0001:0001db90       ?redraw_off@LISTBOX_CLASS@@QAEXXZ 0041eb90 f   v5subs:listbox.obj
 0001:0001db9f       ?redraw_on@LISTBOX_CLASS@@QAEXXZ 0041eb9f f   v5subs:listbox.obj
 0001:0001dbbe       ?selected_index@LISTBOX_CLASS@@QAEHXZ 0041ebbe f   v5subs:listbox.obj
 0001:0001dbe9       ?selected_text@LISTBOX_CLASS@@QAEPA_WXZ 0041ebe9 f   v5subs:listbox.obj
 0001:0001dc07       ?set_current_index@LISTBOX_CLASS@@QAEEH@Z 0041ec07 f   v5subs:listbox.obj
 0001:0001dc2e       ?set_top_index@LISTBOX_CLASS@@QAEEH@Z 0041ec2e f   v5subs:listbox.obj
 0001:0001dc55       ?top_index@LISTBOX_CLASS@@QAEHXZ 0041ec55 f   v5subs:listbox.obj
 0001:0001dc74       ?visible_row_count@LISTBOX_CLASS@@QAEHXZ 0041ec74 f   v5subs:listbox.obj
 0001:0001dcdb       ??0MULTIPART_RUNLIST_SETTINGS_CLASS@@QAE@XZ 0041ecdb f   v5subs:multipart_runlist.obj
 0001:0001dcf1       ??0MULTIPART_RUNLIST_WIRES_CLASS@@QAE@XZ 0041ecf1 f   v5subs:multipart_runlist.obj
 0001:0001dd07       ??1MULTIPART_RUNLIST_SETTINGS_CLASS@@QAE@XZ 0041ed07 f   v5subs:multipart_runlist.obj
 0001:0001dd0f       ??1MULTIPART_RUNLIST_WIRES_CLASS@@QAE@XZ 0041ed0f f   v5subs:multipart_runlist.obj
 0001:0001dd17       ?bits_from_wirelist@@YAIAAVSTRING_CLASS@@@Z 0041ed17 f   v5subs:multipart_runlist.obj
 0001:0001ddd0       ?countchars@STRING_CLASS@@QAEJ_W@Z 0041edd0 f i v5subs:multipart_runlist.obj
 0001:0001ddeb       ?get@MULTIPART_RUNLIST_SETTINGS_CLASS@@QAE_NAAVSTRING_CLASS@@0@Z 0041edeb f   v5subs:multipart_runlist.obj
 0001:0001e0cf       ?get@MULTIPART_RUNLIST_WIRES_CLASS@@QAE_NAAVSTRING_CLASS@@00@Z 0041f0cf f   v5subs:multipart_runlist.obj
 0001:0001e26d       ?get_multipart_runlist_wires_csvname@NAME_CLASS@@QAEEAAVSTRING_CLASS@@0V2@@Z 0041f26d f i v5subs:multipart_runlist.obj
 0001:0001e296       ?get_wirelist@MULTIPART_RUNLIST_SETTINGS_CLASS@@QAE_NAAVSTRING_CLASS@@H@Z 0041f296 f   v5subs:multipart_runlist.obj
 0001:0001e371       ?init@MULTIPART_RUNLIST_SETTINGS_CLASS@@QAEXXZ 0041f371 f   v5subs:multipart_runlist.obj
 0001:0001e379       ?part_selection_number@MULTIPART_RUNLIST_SETTINGS_CLASS@@QAEHAAVSTRING_CLASS@@@Z 0041f379 f   v5subs:multipart_runlist.obj
 0001:0001e43d       ?part_to_run@MULTIPART_RUNLIST_SETTINGS_CLASS@@QAE_NAAVSTRING_CLASS@@00I@Z 0041f43d f   v5subs:multipart_runlist.obj
 0001:0001e507       ??0MACHINE_CLASS@@QAE@XZ   0041f507 f   v5subs:machine.obj
 0001:0001e56e       ?find@MACHINE_CLASS@@QAEEAAVSTRING_CLASS@@0@Z 0041f56e f   v5subs:machine.obj
 0001:0001e7ce       ?has_binary_valve@MACHINE_CLASS@@QAEEXZ 0041f7ce f   v5subs:machine.obj
 0001:0001e7d7       ?init@MACHINE_CLASS@@QAEXXZ 0041f7d7 f   v5subs:machine.obj
 0001:0001e860       ?init_save_counts@@YAXPAUSAVE_COUNTS@@@Z 0041f860 f   v5subs:machine.obj
 0001:0001e879       ?ls_off_at_eos@MACHINE_CLASS@@QAEEXZ 0041f879 f   v5subs:machine.obj
 0001:0001e880       ?read_machset_db@MACHINE_CLASS@@QAEEAAVSTRING_CLASS@@@Z 0041f880 f   v5subs:machine.obj
 0001:0001ee39       ??1GENERIC_LIST_CLASS@@QAE@XZ 0041fe39 f   v5subs:genlist.obj
 0001:0001ee5b       ?append@GENERIC_LIST_CLASS@@QAEEPAX@Z 0041fe5b f   v5subs:genlist.obj
 0001:0001ee91       ?count@GENERIC_LIST_CLASS@@QAEFXZ 0041fe91 f   v5subs:genlist.obj
 0001:0001ee9d       ?find@GENERIC_LIST_CLASS@@QAEEPAX@Z 0041fe9d f   v5subs:genlist.obj
 0001:0001eed5       ?insert@GENERIC_LIST_CLASS@@QAEEPAX@Z 0041fed5 f   v5subs:genlist.obj
 0001:0001ef25       ?next@GENERIC_LIST_CLASS@@QAEPAXXZ 0041ff25 f   v5subs:genlist.obj
 0001:0001ef4f       ?remove@GENERIC_LIST_CLASS@@QAEEPAX@Z 0041ff4f f   v5subs:genlist.obj
 0001:0001ef6e       ?remove@GENERIC_LIST_CLASS@@QAEEXZ 0041ff6e f   v5subs:genlist.obj
 0001:0001ef9d       ?remove_all@GENERIC_LIST_CLASS@@QAEXXZ 0041ff9d f   v5subs:genlist.obj
 0001:0001efc6       ?rewind@GENERIC_LIST_CLASS@@QAEXXZ 0041ffc6 f   v5subs:genlist.obj
 0001:0001efcf       ??0MACHINE_NAME_LIST_CLASS@@QAE@XZ 0041ffcf f   v5subs:machname.obj
 0001:0001efcf       ??0TEXT_LIST_CLASS@@QAE@XZ 0041ffcf f   v5subs:textlist.obj
 0001:0001efdf       ??1MACHINE_NAME_LIST_CLASS@@QAE@XZ 0041ffdf f   v5subs:machname.obj
 0001:0001eff0       ??_GMACHINE_NAME_LIST_ENTRY@@QAEPAXI@Z 0041fff0 f i v5subs:machname.obj
 0001:0001f016       ?add_computer@MACHINE_NAME_LIST_CLASS@@QAEEAAVSTRING_CLASS@@@Z 00420016 f   v5subs:machname.obj
 0001:0001f178       ?computer_name@MACHINE_NAME_LIST_CLASS@@QAEAAVSTRING_CLASS@@XZ 00420178 f   v5subs:machname.obj
 0001:0001f184       ?empty@MACHINE_NAME_LIST_CLASS@@QAEXXZ 00420184 f   v5subs:machname.obj
 0001:0001f1b0       ?name@MACHINE_NAME_LIST_CLASS@@QAEAAVSTRING_CLASS@@XZ 004201b0 f   v5subs:machname.obj
 0001:0001f1c0       ??0BLOCK_MESSAGE_CLASS@@QAE@XZ 004201c0 f   v5subs:msgclas.obj
 0001:0001f1cd       ??1BLOCK_MESSAGE_CLASS@@QAE@XZ 004201cd f   v5subs:msgclas.obj
 0001:0001f1dd       ?cleanup@BLOCK_MESSAGE_CLASS@@QAEXXZ 004201dd f   v5subs:msgclas.obj
 0001:0001f214       ?load@BLOCK_MESSAGE_CLASS@@QAEEPA_W@Z 00420214 f   v5subs:msgclas.obj
 0001:0001f312       ?message@BLOCK_MESSAGE_CLASS@@QAEPA_WJ@Z 00420312 f   v5subs:msgclas.obj
 0001:0001f6f1       ?register_vtww_opto_control@@YAXXZ 004206f1 f   v5subs:optocontrol.obj
 0001:0001f86f       ?shutdown_vtww_opto_control@@YAXXZ 0042086f f   v5subs:optocontrol.obj
 0001:0001f8ba       ?vtww_opto_proc@@YGJPAUHWND__@@IIJ@Z 004208ba f   v5subs:optocontrol.obj
 0001:0001f9d0       ??0STATIC_TEXT_PARAMETER_CLASS@@QAE@XZ 004209d0 f   v5subs:static_text_parameter.obj
 0001:0001f9ed       ??1STATIC_TEXT_PARAMETER_CLASS@@QAE@XZ 004209ed f   v5subs:static_text_parameter.obj
 0001:0001fa00       ?clear@STATIC_TEXT_PARAMETER_CLASS@@QAEXXZ 00420a00 f   v5subs:static_text_parameter.obj
 0001:0001fa1b       ?get@STATIC_TEXT_PARAMETER_CLASS@@QAEEH@Z 00420a1b f   v5subs:static_text_parameter.obj
 0001:0001fafd       ?init@STATIC_TEXT_PARAMETER_CLASS@@QAEEAAVSTRING_CLASS@@00@Z 00420afd f   v5subs:static_text_parameter.obj
 0001:0001fb02       ?put@STATIC_TEXT_PARAMETER_CLASS@@QAEEH@Z 00420b02 f   v5subs:static_text_parameter.obj
 0001:0001fcf4       ??0PARAMETER_CLASS@@QAE@XZ 00420cf4 f   v5subs:param.obj
 0001:0001fd3b       ??0PARAMETER_ENTRY@@QAE@XZ 00420d3b f i v5subs:param.obj
 0001:0001fd69       ?count@PARAMETER_CLASS@@QAEFXZ 00420d69 f   v5subs:param.obj
 0001:0001fd8a       ?find@PARAMETER_CLASS@@QAEEAAVSTRING_CLASS@@00@Z 00420d8a f   v5subs:param.obj
 0001:0001fe48       ?has_alarm_limits@PARAMETER_ENTRY@@QAEEXZ 00420e48 f   v5subs:param.obj
 0001:0001fe5f       ?has_any_wire_limits@PARAMETER_ENTRY@@QAEEXZ 00420e5f f   v5subs:param.obj
 0001:0001feba       ?has_warning_limits@PARAMETER_ENTRY@@QAEEXZ 00420eba f   v5subs:param.obj
 0001:0001fed1       ?init@PARAMETER_CLASS@@QAEXF@Z 00420ed1 f   v5subs:param.obj
 0001:0001ff49       ?is_alarm@PARAMETER_ENTRY@@QAEEM@Z 00420f49 f   v5subs:param.obj
 0001:0001ffe6       ?is_warning@PARAMETER_ENTRY@@QAEEM@Z 00420fe6 f   v5subs:param.obj
 0001:00020015       ?read_param_csv@PARAMETER_CLASS@@QAEEAAVSTRING_CLASS@@@Z 00421015 f   v5subs:param.obj
 0001:000202c0       ?read_param_db@PARAMETER_CLASS@@QAEEAAVSTRING_CLASS@@@Z 004212c0 f   v5subs:param.obj
 0001:00020472       ?save@PARAMETER_CLASS@@QAEEXZ 00421472 f   v5subs:param.obj
 0001:00020683       ??0DOUBLE_ARRAY_CLASS@@QAE@XZ 00421683 f   v5subs:array.obj
 0001:00020683       ??0SETPOINT_CLASS@@QAE@XZ  00421683 f   v5subs:setpoint.obj
 0001:0002068d       ??1SETPOINT_CLASS@@QAE@XZ  0042168d f   v5subs:setpoint.obj
 0001:00020692       ??4SETPOINT_CLASS@@QAEXABV0@@Z 00421692 f   v5subs:setpoint.obj
 0001:000206e5       ??4SETPOINT_ENTRY@@QAEXABU0@@Z 004216e5 f   v5subs:setpoint.obj
 0001:00020706       ??ASETPOINT_CLASS@@QAEAAUSETPOINT_ENTRY@@H@Z 00421706 f   v5subs:setpoint.obj
 0001:00020722       ??_ESETPOINT_ENTRY@@QAEPAXI@Z 00421722 f i v5subs:setpoint.obj
 0001:0002078b       ?cleanup@SETPOINT_CLASS@@QAEXXZ 0042178b f   v5subs:setpoint.obj
 0001:000207a6       ?get@SETPOINT_CLASS@@QAEHAAVSTRING_CLASS@@@Z 004217a6 f   v5subs:setpoint.obj
 0001:000207bd       ?get_one_value@SETPOINT_CLASS@@QAEEAAVSTRING_CLASS@@0H@Z 004217bd f   v5subs:setpoint.obj
 0001:0002083a       ?getfrom@SETPOINT_CLASS@@QAEHAAVSTRING_CLASS@@@Z 0042183a f   v5subs:setpoint.obj
 0001:00020930       ?put@SETPOINT_CLASS@@QAEEAAVSTRING_CLASS@@@Z 00421930 f   v5subs:setpoint.obj
 0001:00020a17       ?setsize@SETPOINT_CLASS@@QAEEH@Z 00421a17 f   v5subs:setpoint.obj
 0001:00020b14       ??0PART_CLASS@@QAE@XZ      00421b14 f   v5subs:part.obj
 0001:00020b4a       ??1PART_CLASS@@QAE@XZ      00421b4a f   v5subs:part.obj
 0001:00020b78       ?find@PART_CLASS@@QAEEAAVSTRING_CLASS@@00@Z 00421b78 f   v5subs:part.obj
 0001:00020eb6       ?init@PART_CLASS@@QAEXXZ   00421eb6 f   v5subs:part.obj
 0001:00020fdc       ?plunger_area@PART_CLASS@@QAENXZ 00421fdc f   v5subs:part.obj
 0001:00021027       ?read_ftchan_db@PART_CLASS@@QAEEAAVSTRING_CLASS@@@Z 00422027 f   v5subs:part.obj
 0001:000210cd       ?read_part_setup@PART_CLASS@@QAEEAAVSTRING_CLASS@@@Z 004220cd f   v5subs:part.obj
 0001:00021130       ?read_x4_divisor@PART_CLASS@@QAEEXZ 00422130 f   v5subs:part.obj
 0001:00021287       ?update@PART_CLASS@@QAEEXZ 00422287 f   v5subs:part.obj
 0001:000216bb       ?velocity_from_x4@PART_CLASS@@QAENN@Z 004226bb f   v5subs:part.obj
 0001:000216df       ??0RECTANGLE_CLASS@@QAE@XZ 004226df f   v5subs:rectclas.obj
 0001:000216df       ??0RACETRACK_CLASS@@QAE@XZ 004226df f   board_monitor.obj
 0001:000216ef       ??1SOURCE_DATA@@QAE@XZ     004226ef f   v5subs:ftcalc.obj
 0001:000216ef       ??1SHIFT_CLASS@@QAE@XZ     004226ef f   v5subs:shift.obj
 0001:000216ef       ??1SURETRAK_PARAM_CLASS@@QAE@XZ 004226ef f   v5subs:stparam.obj
 0001:000216ef       ??1ANALOG_SENSOR@@QAE@XZ   004226ef f   v5subs:asensor.obj
 0001:000216ef       ??1RECTANGLE_CLASS@@QAE@XZ 004226ef f   v5subs:rectclas.obj
 0001:000216ef       ??1FONT_CLASS@@QAE@XZ      004226ef f   v5subs:fontclas.obj
 0001:000216f0       ??4RECTANGLE_CLASS@@QAEXABV0@@Z 004226f0 f   v5subs:rectclas.obj
 0001:0002170d       ?contains@RECTANGLE_CLASS@@QAEEABUtagPOINT@@@Z 0042270d f   v5subs:rectclas.obj
 0001:00021732       ?draw@RECTANGLE_CLASS@@QAEXPAUHDC__@@@Z 00422732 f   v5subs:rectclas.obj
 0001:00021777       ?draw@RECTANGLE_CLASS@@QAEXPAUHDC__@@K@Z 00422777 f   v5subs:rectclas.obj
 0001:000217bc       ?fill@RECTANGLE_CLASS@@QAEXPAUHDC__@@K@Z 004227bc f   v5subs:rectclas.obj
 0001:000217fe       ?fill@RECTANGLE_CLASS@@QAEXPAUHDC__@@PAUHBRUSH__@@@Z 004227fe f   v5subs:rectclas.obj
 0001:00021810       ?moveto@RECTANGLE_CLASS@@QAEXJJ@Z 00422810 f   v5subs:rectclas.obj
 0001:00021831       ?offset@RECTANGLE_CLASS@@QAEXJJ@Z 00422831 f   v5subs:rectclas.obj
 0001:00021847       ?setsize@RECTANGLE_CLASS@@QAEXJJ@Z 00422847 f   v5subs:rectclas.obj
 0001:00021847       ?setsize@RECTANGLE_CLASS@@QAEXUtagSIZE@@@Z 00422847 f   v5subs:rectclas.obj
 0001:0002185d       ??0SURETRAK_PARAM_CLASS@@QAE@XZ 0042285d f   v5subs:stparam.obj
 0001:000218a3       ?find@SURETRAK_PARAM_CLASS@@QAEEAAVSTRING_CLASS@@0@Z 004228a3 f   v5subs:stparam.obj
 0001:00021999       ??0STRINGTABLE_CLASS@@QAE@XZ 00422999 f   v5subs:stringtable.obj
 0001:000219d8       ??1STRINGTABLE_CLASS@@QAE@XZ 004229d8 f   v5subs:stringtable.obj
 0001:000219f1       ??_ESTRINGTABLE_ENTRY@@QAEPAXI@Z 004229f1 f i v5subs:stringtable.obj
 0001:00021a41       ?acquire@STRINGTABLE_ENTRY@@QAEXAAV1@@Z 00422a41 f   v5subs:stringtable.obj
 0001:00021a62       ?append@STRINGTABLE_CLASS@@QAE_NAAVSTRING_CLASS@@@Z 00422a62 f   v5subs:stringtable.obj
 0001:00021cea       ?cleanup@STRINGTABLE_CLASS@@QAEXXZ 00422cea f   v5subs:stringtable.obj
 0001:00021d09       ?cleanup@STRINGTABLE_ENTRY@@QAEXXZ 00422d09 f   v5subs:stringtable.obj
 0001:00021d31       ?find@STRINGTABLE_CLASS@@QAEPA_WPA_W@Z 00422d31 f   v5subs:stringtable.obj
 0001:00021db8       ?read@STRINGTABLE_CLASS@@QAE_NAAVSTRING_CLASS@@@Z 00422db8 f   v5subs:stringtable.obj
 0001:00021e10       ??0PRESSURE_CONTROL_CLASS@@QAE@XZ 00422e10 f   v5subs:stpres.obj
 0001:00021e75       ??0PRES_CONTROL_STEP_ENTRY@@QAE@XZ 00422e75 f i v5subs:stpres.obj
 0001:00021e91       ??1PRESSURE_CONTROL_CLASS@@QAE@XZ 00422e91 f   v5subs:stpres.obj
 0001:00021eef       ??1PRES_CONTROL_STEP_ENTRY@@QAE@XZ 00422eef f i v5subs:stpres.obj
 0001:00021f0a       ?find@PRESSURE_CONTROL_CLASS@@QAEEAAVSTRING_CLASS@@00@Z 00422f0a f   v5subs:stpres.obj
 0001:000221b5       ?init@PRESSURE_CONTROL_CLASS@@QAEXXZ 004231b5 f   v5subs:stpres.obj
 0001:00022240       ?boolean_from_ini@@YAEPB_W00@Z 00423240 f   v5subs:get_ini.obj
 0001:00022262       ?get_ini_string@@YAPA_WPB_W00@Z 00423262 f   v5subs:get_ini.obj
 0001:00022288       ?get_long_ini_string@@YAPA_WPB_W00@Z 00423288 f   v5subs:get_ini.obj
 0001:000222fd       ?int32_from_ini@@YAJPB_W00@Z 004232fd f   v5subs:get_ini.obj
 0001:00022318       ?catstring@@YAPA_WPA_WPB_W@Z 00423318 f   v5subs:mem.obj
 0001:00022339       ?char_to_tchar@@YAXPA_WPADH@Z 00423339 f   v5subs:mem.obj
 0001:0002238c       ?charlen@@YAFPB_WF@Z       0042338c f   v5subs:mem.obj
 0001:000223b3       ?compare@@YAFPB_W0F@Z      004233b3 f   v5subs:mem.obj
 0001:0002241b       ?copy_w_char@@YAPA_WPA_W0_W@Z 0042341b f   v5subs:mem.obj
 0001:00022436       ?copychars@@YAXPA_WPB_WF@Z 00423436 f   v5subs:mem.obj
 0001:0002245c       ?copyfromstr@@YAXPA_WPB_WF@Z 0042345c f   v5subs:mem.obj
 0001:0002249f       ?copystring@@YAPA_WPA_WPB_W@Z 0042349f f   v5subs:mem.obj
 0001:000224e2       ?copystring@@YAPA_WPA_WPB_WH@Z 004234e2 f   v5subs:mem.obj
 0001:00022530       ?countchars@@YAJ_WPB_W@Z   00423530 f   v5subs:mem.obj
 0001:0002254e       ?fillchars@@YAXPA_W_WF@Z   0042354e f   v5subs:mem.obj
 0001:00022579       ?find_last_string@@YAPA_WPB_WPA_W@Z 00423579 f   v5subs:mem.obj
 0001:00022623       ?findchar@@YAPB_W_WPB_W@Z  00423623 f   v5subs:mem.obj
 0001:00022623       ?findchar@@YAPA_W_WPA_W@Z  00423623 f   v5subs:mem.obj
 0001:0002263e       ?findchar@@YAPA_W_WPA_WF@Z 0042363e f   v5subs:mem.obj
 0001:00022669       ?findstring@@YAPA_WPB_WPA_W@Z 00423669 f   v5subs:mem.obj
 0001:000226e7       ?insert_char@@YAXPA_W_W@Z  004236e7 f   v5subs:mem.obj
 0001:00022715       ?killtext@@YAXPA_W@Z       00423715 f   v5subs:mem.obj
 0001:00022721       ?maketext@@YAPA_WJ@Z       00423721 f   v5subs:mem.obj
 0001:0002274a       ?maketext@@YAPA_WPB_W@Z    0042374a f   v5subs:mem.obj
 0001:00022758       ?maketext@@YAPA_WPB_WJ@Z   00423758 f   v5subs:mem.obj
 0001:0002278b       ?maketext_from_char@@YAPA_WPADH@Z 0042378b f   v5subs:mem.obj
 0001:000227d2       ?move_string_forward@@YAXPA_WH@Z 004237d2 f   v5subs:mem.obj
 0001:00022808       ?nextstring@@YAPA_WPA_W@Z  00423808 f   v5subs:mem.obj
 0001:0002281c       ?remove_all_occurances@@YAXPA_W_W@Z 0042381c f   v5subs:mem.obj
 0001:00022844       ?remove_char@@YAXPA_W@Z    00423844 f   v5subs:mem.obj
 0001:0002286a       ?replace_char_with_null@@YAEPA_WPB_W@Z 0042386a f   v5subs:mem.obj
 0001:000228b6       ?replace_char_with_null@@YAEPA_W_W@Z 004238b6 f   v5subs:mem.obj
 0001:000228e5       ?replace_tab_with_null@@YAEPA_W@Z 004238e5 f   v5subs:mem.obj
 0001:000228f9       ?start_chars_are_equal@@YA_NPB_W0@Z 004238f9 f   v5subs:mem.obj
 0001:0002292f       ?strings_are_equal@@YAEPB_W0@Z 0042392f f   v5subs:mem.obj
 0001:00022964       ?strings_are_equal@@YAEPB_W0F@Z 00423964 f   v5subs:mem.obj
 0001:00022980       ?strip@@YAXPA_W@Z          00423980 f   v5subs:mem.obj
 0001:000229b1       ?tchar_to_int@@YAH_W@Z     004239b1 f   v5subs:mem.obj
 0001:000229c7       ?trim@@YAXPA_W@Z           004239c7 f   v5subs:mem.obj
 0001:000229f9       ?ul_to_char@@YADK@Z        004239f9 f   v5subs:mem.obj
 0001:000229fe       ?unicode_to_char@@YAXPADPA_W@Z 004239fe f   v5subs:mem.obj
 0001:00022a22       ?upper_case@@YAXAA_W@Z     00423a22 f   v5subs:mem.obj
 0001:00022a46       ?upper_case@@YAXPA_W@Z     00423a46 f   v5subs:mem.obj
 0001:00022a77       ?utoi@@YAHI@Z              00423a77 f   v5subs:mem.obj
 0001:00022a7c       ??0EVENT_ENTRY@@QAE@XZ     00423a7c f i v5subs:client.obj
 0001:00022a93       ??_GEVENT_ENTRY@@QAEPAXI@Z 00423a93 f i v5subs:client.obj
 0001:00022ab9       ?client_dde_shutdown@@YAXXZ 00423ab9 f   v5subs:client.obj
 0001:00022b75       ?client_dde_startup@@YAXPAUHWND__@@@Z 00423b75 f   v5subs:client.obj
 0001:00022b97       ?client_dde_startup@@YAXXZ 00423b97 f   v5subs:client.obj
 0001:00022c2b       ?connect_to_server@@YAPAUHCONV__@@PA_W@Z 00423c2b f   v5subs:client.obj
 0001:00022c8e       ?connect_to_server@@YAXXZ  00423c8e f   v5subs:client.obj
 0001:00022cf6       ?dde_callback@@YGPAUHDDEDATA__@@IIPAUHCONV__@@PAUHSZ__@@1PAU1@KK@Z 00423cf6 f   v5subs:client.obj
 0001:00022df4       ?find_conversation@@YAPAUEVENT_ENTRY@@PAUHCONV__@@@Z 00423df4 f   v5subs:client.obj
 0001:00022e8f       ?get_current_password_level@@YAXXZ 00423e8f f   v5subs:client.obj
 0001:00022ed4       ?hot_links@@YAXPAUEVENT_ENTRY@@I@Z 00423ed4 f   v5subs:client.obj
 0001:00022f0d       ?one_hot_link@@YAXPAUHCONV__@@FI@Z 00423f0d f   v5subs:client.obj
 0001:00022f74       ?poke_data@@YAXPA_W00@Z    00423f74 f   v5subs:client.obj
 0001:0002306f       ?register_for_event@@YAXPA_WFP6AX0FPAUHDDEDATA__@@@Z@Z 0042406f f   v5subs:client.obj
 0001:00023142       ?unregister_for_event@@YAXPA_WF@Z 00424142 f   v5subs:client.obj
 0001:000231e6       ?dcurve_shutdown@@YAXXZ    004241e6 f   v5subs:dcurve.obj
 0001:000231eb       ?dcurve_startup@@YAEXZ     004241eb f   v5subs:dcurve.obj
 0001:000231f0       ?get_dcurve_coefficients@@YAEAAN0H@Z 004241f0 f   v5subs:dcurve.obj
 0001:0002338a       ?execute_and_wait@@YAEPA_W0@Z 0042438a f   v5subs:execwait.obj
 0001:000233a0       ?execute_and_wait@@YAEPA_W0K@Z 004243a0 f   v5subs:execwait.obj
 0001:0002341b       ?exe_directory@@YAPB_WXZ   0042441b f   v5subs:gexedir.obj
 0001:00023441       ?get_exe_directory@@YAEPA_W@Z 00424441 f   v5subs:gexedir.obj
 0001:0002352a       ?fix_dde_name@@YAXPA_W@Z   0042452a f   v5subs:fix.obj
 0001:00023559       ?fixed_string@@YAPA_WNJJ@Z 00424559 f   v5subs:ftoasc.obj
 0001:0002369d       ?position_string@@YAPA_WN@Z 0042469d f   v5subs:ftoasc.obj
 0001:000237ca       ?average_character_width@@YAJPAUHDC__@@@Z 004247ca f   v5subs:winsubs.obj
 0001:000237f9       ?character_height@@YAJPAUHDC__@@@Z 004247f9 f   v5subs:winsubs.obj
 0001:00023828       ?free_megabytes@@YAJPB_W@Z 00424828 f   v5subs:winsubs.obj
 0001:00023872       ?get_text@@YAEPA_WPAUHWND__@@H@Z 00424872 f   v5subs:winsubs.obj
 0001:0002389b       ?is_a_listbox@@YAEPAUHWND__@@@Z 0042489b f   v5subs:winsubs.obj
 0001:00023909       ?is_checked@@YAEPAUHWND__@@@Z 00424909 f   v5subs:winsubs.obj
 0001:00023924       ?is_checked@@YAEPAUHWND__@@H@Z 00424924 f   v5subs:winsubs.obj
 0001:0002393a       ?is_previous_instance@@YAEPA_W0@Z 0042493a f   v5subs:winsubs.obj
 0001:00023967       ?pixel_width@@YAJPAUHDC__@@PA_W@Z 00424967 f   v5subs:winsubs.obj
 0001:0002398d       ?resource_message_box@@YAHPAUHINSTANCE__@@III@Z 0042498d f   v5subs:winsubs.obj
 0001:000239a8       ?resource_message_box@@YAHPAUHWND__@@PAUHINSTANCE__@@III@Z 004249a8 f   v5subs:winsubs.obj
 0001:00023a41       ?resource_string@@YAPA_WPAUHINSTANCE__@@I@Z 00424a41 f   v5subs:winsubs.obj
 0001:00023a6f       ?set_checkbox@@YAXPAUHWND__@@E@Z 00424a6f f   v5subs:winsubs.obj
 0001:00023a8b       ?set_listbox_tabs_from_title_positions@@YAXPAUHWND__@@IPAHH@Z 00424a8b f   v5subs:winsubs.obj
 0001:00023ba3       ?set_menu_view_state@@YAXAAEPAUHWND__@@I@Z 00424ba3 f   v5subs:winsubs.obj
 0001:00023bcb       ?set_text@@YAEPAUHWND__@@HPB_W@Z 00424bcb f   v5subs:winsubs.obj
 0001:00023be6       ?set_text@@YAEPAUHWND__@@PB_W@Z 00424be6 f   v5subs:winsubs.obj
 0001:00023c0f       ?hextoul@@YAKPB_W@Z        00424c0f f   v5subs:hex.obj
 0001:00023c86       ?is_hex_char@@YAE_W@Z      00424c86 f   v5subs:hex.obj
 0001:00023ca6       ?ultohex@@YAPA_WK@Z        00424ca6 f   v5subs:hex.obj
 0001:00023cb8       ?ultohex@@YAXPA_WK@Z       00424cb8 f   v5subs:hex.obj
 0001:00023ccb       ?insalph@@YAXPA_WJJ_WJ@Z   00424ccb f   v5subs:insalph.obj
 0001:00023d1c       ?alphadate@@YAEPA_WABU_SYSTEMTIME@@@Z 00424d1c f   v5subs:time.obj
 0001:00023d7d       ?alphadate@@YAPA_WABU_SYSTEMTIME@@@Z 00424d7d f   v5subs:time.obj
 0001:00023d93       ?alphatime@@YAEPA_WABU_SYSTEMTIME@@@Z 00424d93 f   v5subs:time.obj
 0001:00023df5       ?alphatime@@YAPA_WABU_SYSTEMTIME@@@Z 00424df5 f   v5subs:time.obj
 0001:00023e0b       ?dofyr@@YAGABU_SYSTEMTIME@@@Z 00424e0b f   v5subs:time.obj
 0001:00023e26       ?dofyr@@YAGGGG@Z           00424e26 f   v5subs:time.obj
 0001:00023e76       ?exthms@@YAEAAU_SYSTEMTIME@@PB_W@Z 00424e76 f   v5subs:time.obj
 0001:00023eda       ?extmdy@@YAEAAU_SYSTEMTIME@@PB_W@Z 00424eda f   v5subs:time.obj
 0001:00023f58       ?init_systemtime_struct@@YAXAAU_SYSTEMTIME@@@Z 00424f58 f   v5subs:time.obj
 0001:00023f6c       ?is_leap_year@@YAEG@Z      00424f6c f   v5subs:time.obj
 0001:00023fa6       ?is_numeric@@YAE_W@Z       00424fa6 f   v5subs:time.obj
 0001:00023fc7       ?sec_since1990@@YAJAAU_SYSTEMTIME@@@Z 00424fc7 f   v5subs:time.obj
 0001:00024038       ?seconds_difference@@YAJAAU_FILETIME@@0@Z 00425038 f   v5subs:time.obj
 0001:00024098       ?maxint@@YAXAAHH@Z         00425098 f   v5subs:maximize.obj
 0001:000240a7       ?minint@@YAXAAHH@Z         004250a7 f   v5subs:maximize.obj
 0001:000240b6       ?rjust@@YAXPA_WF_W@Z       004250b6 f   v5subs:rjust.obj
 0001:000240fd       ?ascii_to_bool@@YA_NPA_W@Z 004250fd f   v5subs:misc.obj
 0001:0002411c       ?mask_from_wire@@YAII@Z    0042511c f   v5subs:misc.obj
 0001:0002412b       ?round@@YANNN@Z            0042512b f   v5subs:misc.obj
 0001:0002416f       ?unknown@@YAEPA_W@Z        0042516f f   v5subs:misc.obj
 0001:00024185       ?unknown_string@@YAPA_WXZ  00425185 f   v5subs:misc.obj
 0001:0002418b       ?wire_from_mask@@YAII@Z    0042518b f   v5subs:misc.obj
 0001:000241a0       ?double_to_tchar@@YA_NPA_WNH@Z 004251a0 f   v5subs:dtotchar.obj
 0001:000242cf       ?rounded_double_to_tchar@@YA_NPA_WN@Z 004252cf f   v5subs:dtotchar.obj
 0001:0002437d       ?dow_from_string@@YAFPA_W@Z 0042537d f   v5subs:shift.obj
 0001:000243eb       ?get_shift_number_and_date@@YAXPAFPAU_SYSTEMTIME@@ABU1@@Z 004253eb f   v5subs:shift.obj
 0001:0002445b       ?minutes_past_sunday@@YAFABU_SYSTEMTIME@@@Z 0042545b f   v5subs:shift.obj
 0001:00024476       ?read@SHIFT_CLASS@@QAEEAAVDB_TABLE@@GG@Z 00425476 f   v5subs:shift.obj
 0001:000244e3       ?set_start_of_shift@SHIFT_CLASS@@QAEEABU_SYSTEMTIME@@F@Z 004254e3 f   v5subs:shift.obj
 0001:00024705       ?shift_number@@YAFPAFABU_SYSTEMTIME@@@Z 00425705 f   v5subs:shift.obj
 0001:0002475a       ?shifts_shutdown@@YAXXZ    0042575a f   v5subs:shift.obj
 0001:0002476b       ?shifts_startup@@YAEXZ     0042576b f   v5subs:shift.obj
 0001:00024950       ?units_name@@YAPA_WF@Z     00425950 f   v5subs:units.obj
 0001:00024977       ?units_shutdown@@YAXXZ     00425977 f   v5subs:units.obj
 0001:0002498f       ?units_startup@@YAEXZ      0042598f f   v5subs:units.obj
 0001:00024ae2       ?hourglass_cursor@@YAXXZ   00425ae2 f   v5subs:hourglas.obj
 0001:00024b0f       ?restore_cursor@@YAXXZ     00425b0f f   v5subs:hourglas.obj
 0001:00024b32       ?center_temp_message@@YAXXZ 00425b32 f   v5subs:temp_message.obj
 0001:00024b3a       ?kill_temp_message@@YAXXZ  00425b3a f   v5subs:temp_message.obj
 0001:00024d0c       ?register_temp_message@@YAXXZ 00425d0c f   v5subs:temp_message.obj
 0001:00024d72       ?temp_message@@YAXPA_W@Z   00425d72 f   v5subs:temp_message.obj
 0001:00024d83       ?temp_message@@YAXPA_WH@Z  00425d83 f   v5subs:temp_message.obj
 0001:00024e3b       ?temp_message_proc@@YGJPAUHWND__@@IIJ@Z 00425e3b f   v5subs:temp_message.obj
 0001:00024f02       ??1TEXT_LIST_CLASS@@QAE@XZ 00425f02 f   v5subs:textlist.obj
 0001:00024f13       ?append@TEXT_LIST_CLASS@@QAEEPA_WJ@Z 00425f13 f   v5subs:textlist.obj
 0001:00024f8a       ?empty@TEXT_LIST_CLASS@@QAEXXZ 00425f8a f   v5subs:textlist.obj
 0001:00024fb5       ?get_directory_list@TEXT_LIST_CLASS@@QAEXPB_W@Z 00425fb5 f   v5subs:textlist.obj
 0001:0002506b       ?next@MACHINE_NAME_LIST_CLASS@@QAEEXZ 0042606b f   v5subs:machname.obj
 0001:0002506b       ?next@TEXT_LIST_CLASS@@QAEEXZ 0042606b f   v5subs:textlist.obj
 0001:0002507f       ?remove@TEXT_LIST_CLASS@@QAEEXZ 0042607f f   v5subs:textlist.obj
 0001:000250a2       ??4TIME_CLASS@@QAEXPB_W@Z  004260a2 f   v5subs:timeclas.obj
 0001:0002512c       ??GTIME_CLASS@@QAEJABV0@@Z 0042612c f   v5subs:timeclas.obj
 0001:00025139       ??ZTIME_CLASS@@QAEXK@Z     00426139 f   v5subs:timeclas.obj
 0001:0002514f       ?dd@TIME_CLASS@@QAEPA_WXZ  0042614f f   v5subs:timeclas.obj
 0001:0002515e       ?file_time@TIME_CLASS@@QAEAAU_FILETIME@@XZ 0042615e f   v5subs:timeclas.obj
 0001:000251a0       ?get@TIME_CLASS@@QAEEAAU_SYSTEMTIME@@@Z 004261a0 f   v5subs:timeclas.obj
 0001:0002529b       ?get_local_time@TIME_CLASS@@QAEXXZ 0042629b f   v5subs:timeclas.obj
 0001:000252d2       ?hh@TIME_CLASS@@QAEPA_WXZ  004262d2 f   v5subs:timeclas.obj
 0001:000252de       ?hhmmss@TIME_CLASS@@QAEPA_WXZ 004262de f   v5subs:timeclas.obj
 0001:0002534b       ?jjj@TIME_CLASS@@QAEPA_WXZ 0042634b f   v5subs:timeclas.obj
 0001:000253e4       ?mi@TIME_CLASS@@QAEPA_WXZ  004263e4 f   v5subs:timeclas.obj
 0001:000253f3       ?mm@TIME_CLASS@@QAEPA_WXZ  004263f3 f   v5subs:timeclas.obj
 0001:000253ff       ?mmddyyyy@TIME_CLASS@@QAEPA_WXZ 004263ff f   v5subs:timeclas.obj
 0001:00025448       ?mmm@TIME_CLASS@@QAEPA_WXZ 00426448 f   v5subs:timeclas.obj
 0001:0002547d       ?set@TIME_CLASS@@QAEEABU_FILETIME@@@Z 0042647d f   v5subs:timeclas.obj
 0001:000254bc       ?set@TIME_CLASS@@QAEEABU_SYSTEMTIME@@@Z 004264bc f   v5subs:timeclas.obj
 0001:0002555d       ?set_time@TIME_CLASS@@QAEXPB_W@Z 0042655d f   v5subs:timeclas.obj
 0001:000255b2       ?system_time@TIME_CLASS@@QAEAAU_SYSTEMTIME@@XZ 004265b2 f   v5subs:timeclas.obj
 0001:000255c2       ?text@TIME_CLASS@@QAEPA_WXZ 004265c2 f   v5subs:timeclas.obj
 0001:0002562a       ?yy@TIME_CLASS@@QAEPA_WXZ  0042662a f   v5subs:timeclas.obj
 0001:00025639       ?yyyy@TIME_CLASS@@QAEPA_WXZ 00426639 f   v5subs:timeclas.obj
 0001:00025642       ??_EWINDOW_CLASS@@UAEPAXI@Z 00426642 f i v5subs:wclass.obj
 0001:00025690       ?destroy@WINDOW_CLASS@@QAEXXZ 00426690 f   v5subs:wclass.obj
 0001:000256a8       ?enable@WINDOW_CLASS@@QAEX_N@Z 004266a8 f   v5subs:wclass.obj
 0001:000256a8       ?enable@WINDOW_CLASS@@QAEXE@Z 004266a8 f   v5subs:wclass.obj
 0001:000256c4       ?get_move_rect@WINDOW_CLASS@@QAEHAAUtagRECT@@@Z 004266c4 f   v5subs:wclass.obj
 0001:00025758       ?getrect@WINDOW_CLASS@@QAEHAAUtagRECT@@@Z 00426758 f   v5subs:wclass.obj
 0001:00025779       ?is_minimized@WINDOW_CLASS@@QAEHXZ 00426779 f   v5subs:wclass.obj
 0001:0002578c       ?is_visible@WINDOW_CLASS@@QAEHXZ 0042678c f   v5subs:wclass.obj
 0001:0002579f       ?move@WINDOW_CLASS@@QAEXAAUtagRECT@@@Z 0042679f f   v5subs:wclass.obj
 0001:000257c8       ?post@WINDOW_CLASS@@QAEXI@Z 004267c8 f   v5subs:wclass.obj
 0001:000257e2       ?post@WINDOW_CLASS@@QAEXIIJ@Z 004267e2 f   v5subs:wclass.obj
 0001:00025800       ?refresh@WINDOW_CLASS@@QAEXXZ 00426800 f   v5subs:wclass.obj
 0001:0002581f       ?send@WINDOW_CLASS@@QAEXI@Z 0042681f f   v5subs:wclass.obj
 0001:00025839       ?send@WINDOW_CLASS@@QAEXIIJ@Z 00426839 f   v5subs:wclass.obj
 0001:00025857       ?set_title@WINDOW_CLASS@@QAEXPA_W@Z 00426857 f   v5subs:wclass.obj
 0001:00025878       ?show@WINDOW_CLASS@@QAEXH@Z 00426878 f   v5subs:wclass.obj
 0001:0002588e       ?style@WINDOW_CLASS@@QAEJXZ 0042688e f   v5subs:wclass.obj
 0001:000258a1       ??0MENU_CONTROL_ENTRY@@QAE@XZ 004268a1 f   v5subs:menuctrl.obj
 0001:00025958       ??0MENU_ITEM_ENTRY@@QAE@XZ 00426958 f   v5subs:menuctrl.obj
 0001:000259a8       ??1MENU_CONTROL_ENTRY@@QAE@XZ 004269a8 f   v5subs:menuctrl.obj
 0001:00025a22       ??1MENU_ITEM_ENTRY@@QAE@XZ 00426a22 f   v5subs:menuctrl.obj
 0001:00025a4c       ??_EMENU_ITEM_ENTRY@@QAEPAXI@Z 00426a4c f i v5subs:menuctrl.obj
 0001:00025aa1       ?create_windows@MENU_CONTROL_ENTRY@@QAEEPA_WPAUHWND__@@@Z 00426aa1 f   v5subs:menuctrl.obj
 0001:00025bb2       ?destroy_windows@MENU_CONTROL_ENTRY@@QAEXXZ 00426bb2 f   v5subs:menuctrl.obj
 0001:00025bf2       ?do_left_button_down@MENU_CONTROL_ENTRY@@QAEXIJ@Z 00426bf2 f   v5subs:menuctrl.obj
 0001:00025d13       ?do_left_button_up@MENU_CONTROL_ENTRY@@QAEXIJ@Z 00426d13 f   v5subs:menuctrl.obj
 0001:00025dc3       ?do_mousemove@MENU_CONTROL_ENTRY@@QAEXPAUHWND__@@IJ@Z 00426dc3 f   v5subs:menuctrl.obj
 0001:000260e1       ?draw@MENU_ITEM_ENTRY@@QAEXPAUHDC__@@@Z 004270e1 f   v5subs:menuctrl.obj
 0001:000261cb       ?draw_rect@MENU_ITEM_ENTRY@@QAEXPAUHDC__@@@Z 004271cb f   v5subs:menuctrl.obj
 0001:0002623c       ?draw_submenu_item@MENU_ITEM_ENTRY@@QAEXPAUHDC__@@I@Z 0042723c f   v5subs:menuctrl.obj
 0001:000262fd       ?excel_to_csv@@YAXPA_W@Z   004272fd f   v5subs:menuctrl.obj
 0001:00026338       ?find@MENU_CONTROL_ENTRY@@QAEPAVMENU_ITEM_ENTRY@@I@Z 00427338 f   v5subs:menuctrl.obj
 0001:00026391       ?get@MENU_ITEM_ENTRY@@QAEEPA_W@Z 00427391 f   v5subs:menuctrl.obj
 0001:000264ef       ?menu_control_proc@@YGJPAUHWND__@@IIJ@Z 004274ef f   v5subs:menuctrl.obj
 0001:0002659d       ?paint_me@MENU_CONTROL_ENTRY@@QAEXPAUHWND__@@@Z 0042759d f   v5subs:menuctrl.obj
 0001:00026658       ?paint_submenu@MENU_CONTROL_ENTRY@@QAEXPAUHWND__@@@Z 00427658 f   v5subs:menuctrl.obj
 0001:00026739       ?read@MENU_CONTROL_ENTRY@@QAEEAAVNAME_CLASS@@H@Z 00427739 f   v5subs:menuctrl.obj
 0001:00026db2       ?register_window@MENU_CONTROL_ENTRY@@SAXXZ 00427db2 f   v5subs:menuctrl.obj
 0001:00026e65       ?resize@MENU_CONTROL_ENTRY@@QAEEH@Z 00427e65 f   v5subs:menuctrl.obj
 0001:00026ef9       ?resize@MENU_CONTROL_ENTRY@@QAEEXZ 00427ef9 f   v5subs:menuctrl.obj
 0001:00026f01       ?set_checkmark@MENU_CONTROL_ENTRY@@QAEEIE@Z 00427f01 f   v5subs:menuctrl.obj
 0001:00026f2a       ?show_submenu@MENU_CONTROL_ENTRY@@QAEXXZ 00427f2a f   v5subs:menuctrl.obj
 0001:00026fe8       ?sub_menu_control_proc@@YGJPAUHWND__@@IIJ@Z 00427fe8 f   v5subs:menuctrl.obj
 0001:00027025       ?set_setup_strings@@YAXPAUHWND__@@PAURESOURCE_TEXT_ENTRY@@HPAIHPA_W@Z 00428025 f   v5subs:statics.obj
 0001:000270f3       ?set_statics_font@@YAXAAVWINDOW_CLASS@@@Z 004280f3 f   v5subs:statics.obj
 0001:00027110       ?statics_shutdown@@YAXXZ   00428110 f   v5subs:statics.obj
 0001:0002712d       ?statics_startup@@YAXXZ    0042812d f   v5subs:statics.obj
 0001:00027142       ??1FTII_VAR_ARRAY@@UAE@XZ  00428142 f   v5subs:ftiiclas.obj
 0001:00027158       ??4FTII_VAR@@UAEXN@Z       00428158 f   v5subs:ftiiclas.obj
 0001:000271ae       ??4FTII_VAR@@UAEXPB_W@Z    004281ae f   v5subs:ftiiclas.obj
 0001:00027232       ??4FTII_VAR_ARRAY@@UAEXABVFTII_VAR@@@Z 00428232 f   v5subs:ftiiclas.obj
 0001:00027244       ??4FTII_VAR_ARRAY@@UAEXH@Z 00428244 f   v5subs:ftiiclas.obj
 0001:00027249       ??4FTII_VAR_ARRAY@@UAEXI@Z 00428249 f   v5subs:ftiiclas.obj
 0001:0002726a       ??4FTII_VAR_ARRAY@@UAEXN@Z 0042826a f   v5subs:ftiiclas.obj
 0001:00027296       ??AFTII_VAR_ARRAY@@QAEAAVFTII_VAR@@H@Z 00428296 f   v5subs:ftiiclas.obj
 0001:000272ca       ??_EFTII_VAR@@UAEPAXI@Z    004282ca f i v5subs:ftiiclas.obj
 0001:0002731a       ?append_value@FTII_VAR@@QAE_NAAVSTRING_CLASS@@@Z 0042831a f   v5subs:ftiiclas.obj
 0001:000273ee       ?cleanup@FTII_VAR_ARRAY@@QAEXXZ 004283ee f   v5subs:ftiiclas.obj
 0001:00027421       ?find@FTII_VAR_ARRAY@@QAE_NH@Z 00428421 f   v5subs:ftiiclas.obj
 0001:00027462       ?find@FTII_VAR_ARRAY@@QAE_NPA_W@Z 00428462 f   v5subs:ftiiclas.obj
 0001:0002747b       ?get@FTII_VAR@@UAE_NPB_W@Z 0042847b f   v5subs:ftiiclas.obj
 0001:000274b8       ?get@FTII_VAR_ARRAY@@QAE_NAAVSTRING_CLASS@@@Z 004284b8 f   v5subs:ftiiclas.obj
 0001:000275ad       ?get_from@FTII_VAR_ARRAY@@QAE_NAAVSTRING_CLASS@@@Z 004285ad f   v5subs:ftiiclas.obj
 0001:00027694       ?makeline@FTII_VAR@@QAE_NAAVSTRING_CLASS@@@Z 00428694 f   v5subs:ftiiclas.obj
 0001:000276e0       ?myfindchar@@YAPB_W_WPB_W@Z 004286e0 f   v5subs:ftiiclas.obj
 0001:000276e0       ?myfindchar@@YAPA_W_WPA_W@Z 004286e0 f   v5subs:ftiiclas.obj
 0001:00027704       ?put@FTII_VAR@@UAE_NAAVSTRING_CLASS@@@Z 00428704 f   v5subs:ftiiclas.obj
 0001:000277a7       ?put@FTII_VAR_ARRAY@@UAE_NAAVSTRING_CLASS@@@Z 004287a7 f   v5subs:ftiiclas.obj
 0001:00027888       ?put_into@FTII_VAR_ARRAY@@QAE_NAAVSTRING_CLASS@@@Z 00428888 f   v5subs:ftiiclas.obj
 0001:00027a36       ?realval@FTII_VAR@@QAENXZ  00428a36 f   v5subs:ftiiclas.obj
 0001:00027aab       ?remove@FTII_VAR_ARRAY@@QAE_NH@Z 00428aab f   v5subs:ftiiclas.obj
 0001:00027b1b       ?remove@FTII_VAR_ARRAY@@QAE_NXZ 00428b1b f   v5subs:ftiiclas.obj
 0001:00027b2d       ?set@FTII_VAR@@UAE_NHI@Z   00428b2d f   v5subs:ftiiclas.obj
 0001:00027b4b       ?set@FTII_VAR@@UAE_NHN@Z   00428b4b f   v5subs:ftiiclas.obj
 0001:00027bb2       ?set@FTII_VAR_ARRAY@@UAE_NHI@Z 00428bb2 f   v5subs:ftiiclas.obj
 0001:00027be5       ?update@FTII_VAR_ARRAY@@QAE_NAAVFTII_VAR@@@Z 00428be5 f   v5subs:ftiiclas.obj
 0001:00027bf7       ?update@FTII_VAR_ARRAY@@QAE_NHI@Z 00428bf7 f   v5subs:ftiiclas.obj
 0001:00027c5b       ?upsize@FTII_VAR_ARRAY@@QAE_NH@Z 00428c5b f   v5subs:ftiiclas.obj
 0001:00027d6a       ??0FTII_ARRAY_DATA@@QAE@XZ 00428d6a f   v5subs:ftii_shot_data.obj
 0001:00027dad       ??0FTII_FILE_DATA@@QAE@XZ  00428dad f   v5subs:ftii_shot_data.obj
 0001:00027e4e       ??0FTII_NET_DATA@@QAE@XZ   00428e4e f   v5subs:ftii_shot_data.obj
 0001:00027e6f       ??0FTII_OP_STATUS_DATA@@QAE@XZ 00428e6f f   v5subs:ftii_shot_data.obj
 0001:00027ec0       ??0FTII_PROFILE@@QAE@XZ    00428ec0 f   v5subs:ftii_shot_data.obj
 0001:00027f0c       ??1FTII_FILE_DATA@@QAE@XZ  00428f0c f   v5subs:ftii_shot_data.obj
 0001:00027f11       ??1FTII_NET_DATA@@QAE@XZ   00428f11 f   v5subs:ftii_shot_data.obj
 0001:00027f16       ??1FTII_PROFILE@@UAE@XZ    00428f16 f   v5subs:ftii_shot_data.obj
 0001:00027f32       ??4FTII_ARRAY_DATA@@QAEXABVFTII_FILE_DATA@@@Z 00428f32 f   v5subs:ftii_shot_data.obj
 0001:000286c8       ??4FTII_FILE_DATA@@QAEXABVFTII_NET_DATA@@@Z 004296c8 f   v5subs:ftii_shot_data.obj
 0001:0002885d       ??4FTII_OP_STATUS_DATA@@QAEXABU0@@Z 0042985d f   v5subs:ftii_shot_data.obj
 0001:0002895c       ??4FTII_PARAMETERS@@QAEXABU0@@Z 0042995c f   v5subs:ftii_shot_data.obj
 0001:0002898e       ??4FTII_POSITION_DATA@@QAEXABUFTII_SAMPLE@@@Z 0042998e f   v5subs:ftii_shot_data.obj
 0001:000289df       ??4FTII_PROFILE@@QAEXABVFTII_FILE_DATA@@@Z 004299df f   v5subs:ftii_shot_data.obj
 0001:00028d2e       ??4FTII_TIME_DATA@@QAEXABUFTII_SAMPLE@@@Z 00429d2e f   v5subs:ftii_shot_data.obj
 0001:00028d69       ??8FTII_OP_STATUS_DATA@@QAE_NABU0@@Z 00429d69 f   v5subs:ftii_shot_data.obj
 0001:00028f0a       ??_EFTII_ARRAY_DATA@@UAEPAXI@Z 00429f0a f i v5subs:ftii_shot_data.obj
 0001:00028f0a       ??_GFTII_ARRAY_DATA@@UAEPAXI@Z 00429f0a f i v5subs:ftii_shot_data.obj
 0001:00028f2c       ??_EFTII_PROFILE@@UAEPAXI@Z 00429f2c f i v5subs:ftii_shot_data.obj
 0001:00028f2c       ??_GFTII_PROFILE@@UAEPAXI@Z 00429f2c f i v5subs:ftii_shot_data.obj
 0001:00028f48       ?clear@FTII_ARRAY_DATA@@QAEXXZ 00429f48 f   v5subs:ftii_shot_data.obj
 0001:00028fe2       ?clear@FTII_FILE_DATA@@QAEXXZ 00429fe2 f   v5subs:ftii_shot_data.obj
 0001:00029059       ?clear@FTII_NET_DATA@@QAEXXZ 0042a059 f   v5subs:ftii_shot_data.obj
 0001:0002908a       ?clear@FTII_PROFILE@@QAEXXZ 0042a08a f   v5subs:ftii_shot_data.obj
 0001:0002911b       ?index_from_position@FTII_ARRAY_DATA@@QAEHN@Z 0042a11b f   v5subs:ftii_shot_data.obj
 0001:00029162       ?index_from_time@FTII_ARRAY_DATA@@QAEHN@Z 0042a162 f   v5subs:ftii_shot_data.obj
 0001:000291e4       ?interpolated_ms@FTII_PROFILE@@QAENN@Z 0042a1e4 f   v5subs:ftii_shot_data.obj
 0001:0002923f       ?interpolated_postion_from_velocity@FTII_PROFILE@@QAENHHH@Z 0042a23f f   v5subs:ftii_shot_data.obj
 0001:000292a2       ?interpolated_timer_count@FTII_ARRAY_DATA@@QAEIN@Z 0042a2a2 f   v5subs:ftii_shot_data.obj
 0001:00029341       ?interpolated_velocity@FTII_ARRAY_DATA@@QAENN@Z 0042a341 f   v5subs:ftii_shot_data.obj
 0001:00029496       ?max_average_velocity@FTII_ARRAY_DATA@@QAENAAHHHHN@Z 0042a496 f   v5subs:ftii_shot_data.obj
 0001:000295a7       ?move@FTII_FILE_DATA@@QAEXAAV1@@Z 0042a5a7 f   v5subs:ftii_shot_data.obj
 0001:000296ae       ?ms@FTII_PROFILE@@QAENH@Z  0042a6ae f   v5subs:ftii_shot_data.obj
 0001:00029701       ?ms_between_positions@FTII_PROFILE@@QAENNN@Z 0042a701 f   v5subs:ftii_shot_data.obj
 0001:0002977f       ?put@FTII_FILE_DATA@@QAEEAAVSTRING_CLASS@@@Z 0042a77f f   v5subs:ftii_shot_data.obj
 0001:00029aa6       ?resize_text_parameters@FTII_FILE_DATA@@QAEEHE@Z 0042aaa6 f   v5subs:ftii_shot_data.obj
 0001:00029bf5       ?set_nof_extended_analogs@FTII_FILE_DATA@@QAEXH@Z 0042abf5 f   v5subs:ftii_shot_data.obj
 0001:00029c67       ?set_parameters@FTII_NET_DATA@@QAEXPAUFTII_PARAMETERS@@@Z 0042ac67 f   v5subs:ftii_shot_data.obj
 0001:00029c80       ?set_position_based_points@FTII_NET_DATA@@QAEXPAUFTII_SAMPLE@@H@Z 0042ac80 f   v5subs:ftii_shot_data.obj
 0001:00029cb0       ?set_shot_time@FTII_NET_DATA@@QAEXAAU_FILETIME@@@Z 0042acb0 f   v5subs:ftii_shot_data.obj
 0001:00029cc2       ?set_time_based_points@FTII_NET_DATA@@QAEXPAUFTII_SAMPLE@@H@Z 0042acc2 f   v5subs:ftii_shot_data.obj
 0001:00029cf2       ?velocity_between_positions@FTII_ARRAY_DATA@@QAENNN@Z 0042acf2 f   v5subs:ftii_shot_data.obj
 0001:00029dac       ?write@TEXT_PARAMETER_ENTRY@@QAEEAAVFILE_CLASS@@@Z 0042adac f   v5subs:ftii_shot_data.obj
 0001:00029e01       ??0PART_NAME_ENTRY@@QAE@XZ 0042ae01 f   v5subs:structs.obj
 0001:00029e1d       ??4PROFILE_NAME_ENTRY@@QAEXABUPART_NAME_ENTRY@@@Z 0042ae1d f   v5subs:structs.obj
 0001:00029e34       ?set@PROFILE_NAME_ENTRY@@QAEXABVSTRING_CLASS@@00PB_W@Z 0042ae34 f   v5subs:structs.obj
 0001:00029e68       ??0VDB_CLASS@@QAE@XZ       0042ae68 f   v5subs:vdbclass.obj
 0001:00029f00       ??1VDB_CLASS@@QAE@XZ       0042af00 f   v5subs:vdbclass.obj
 0001:00029f39       ?close@VDB_CLASS@@QAEXXZ   0042af39 f   v5subs:vdbclass.obj
 0001:00029f5d       ?create@VDB_CLASS@@QAE_NPA_W@Z 0042af5d f   v5subs:vdbclass.obj
 0001:00029fbc       ?ensure_existance@VDB_CLASS@@QAE_NAAVSTRING_CLASS@@@Z 0042afbc f   v5subs:vdbclass.obj
 0001:00029ff0       ?get_rec@VDB_CLASS@@QAE_NXZ 0042aff0 f   v5subs:vdbclass.obj
 0001:0002a0f4       ?goto_last_record@VDB_CLASS@@QAE_NXZ 0042b0f4 f   v5subs:vdbclass.obj
 0001:0002a142       ?goto_next_record@VDB_CLASS@@QAEHXZ 0042b142 f   v5subs:vdbclass.obj
 0001:0002a1de       ?goto_prev_record@VDB_CLASS@@QAEHXZ 0042b1de f   v5subs:vdbclass.obj
 0001:0002a20c       ?goto_record_number@VDB_CLASS@@QAE_NH@Z 0042b20c f   v5subs:vdbclass.obj
[...]
 0003:0000c4e0       ?s@?1??log_input_bits@@YAXXZ@4VSTRING_CLASS@@A 004584e0     ft2.obj
 0003:0000c4e8       ?$S9@?1??log_input_bits@@YAXXZ@4IA 004584e8     ft2.obj
 0003:0000c4ec       ?s@?1??log_output_bits@@YAXXZ@4VSTRING_CLASS@@A 004584ec     ft2.obj
 0003:0000c4f4       ?$S10@?1??log_output_bits@@YAXXZ@4IA 004584f4     ft2.obj
 0003:0000c4f8       ?ns@?1??do_new_current_values@@YAXXZ@4VSTRING_CLASS@@A 004584f8     ft2.obj
 0003:0000c500       ?$S11@?1??do_new_current_values@@YAXXZ@4IA 00458500     ft2.obj
 0003:0000c504       ?os@?1??do_new_current_values@@YAXXZ@4VSTRING_CLASS@@A 00458504     ft2.obj
 0003:0000c50c       ?wc@?1??do_new_current_values@@YAXXZ@4VWINDOW_CLASS@@A 0045850c     ft2.obj
 0003:0000c514       ?w@?1??do_new_current_values@@YAXXZ@4PAUHWND__@@A 00458514     ft2.obj
 0003:0000c518       ?i@?1??do_new_current_values@@YAXXZ@4HA 00458518     ft2.obj
 0003:0000c51c       ?chan@?1??do_new_current_values@@YAXXZ@4HA 0045851c     ft2.obj
 0003:0000c520       ?x@?1??do_new_current_values@@YAXXZ@4IA 00458520     ft2.obj
 0003:0000c528       ?d@?1??do_new_current_values@@YAXXZ@4NA 00458528     ft2.obj
 0003:0000c530       ?should_be_visible@?1??do_new_current_values@@YAXXZ@4_NA 00458530     ft2.obj
 0003:0000c531       ?show_channels_17_20@?1??do_new_current_values@@YAXXZ@4EA 00458531     ft2.obj
 0003:0000c534       ?channel_mode@?1??do_new_current_values@@YAXXZ@4HA 00458534     ft2.obj
 0003:0000c538       ?cmdchan@?1??do_new_current_values@@YAXXZ@4HA 00458538     ft2.obj
 0003:0000c53c       ?lvdtchan@?1??do_new_current_values@@YAXXZ@4HA 0045853c     ft2.obj
 0003:0000c540       ?s@?1??do_new_current_values@@YAXXZ@4VSTRING_CLASS@@A 00458540     ft2.obj
 0003:0000c548       ?logs@?1??do_new_current_values@@YAXXZ@4VSTRING_CLASS@@A 00458548     ft2.obj
 0003:0000c550       ?Last_Osw1@?1??do_new_alarm_output_values@@YAXXZ@4IA 00458550     ft2.obj
 0003:0000c554       ?w@?1??current_values_dialog_proc@@YGHPAUHWND__@@IIJ@Z@4PAU2@A 00458554     ft2.obj
 0003:0000c558       ?id@?1??current_values_dialog_proc@@YGHPAUHWND__@@IIJ@Z@4HA 00458558     ft2.obj
 0003:0000c55c       ?error_log_tbox_handle@?1??current_values_dialog_proc@@YGHPAUHWND__@@IIJ@Z@4PAU2@A 0045855c     ft2.obj
 0003:0000c560       ?s@?1??send_data_server_shot_notification@@YAXPA_W0@Z@4VSTRING_CLASS@@A 00458560     ft2.obj
 0003:0000c568       ?$S12@?1??send_data_server_shot_notification@@YAXPA_W0@Z@4IA 00458568     ft2.obj
 0003:0000c56c       ?id@?1??main_proc@@YGJPAUHWND__@@IIJ@Z@4HA 0045856c     ft2.obj
 0003:0000c570       ?cmd@?1??main_proc@@YGJPAUHWND__@@IIJ@Z@4HA 00458570     ft2.obj
 0003:0000c574       ?ErrorLogZipFile@?5??init@@YAEH@Z@4VNAME_CLASS@@A 00458574     ft2.obj
 0003:0000c57c       ?$S13@?5??init@@YAEH@Z@4IA 0045857c     ft2.obj
 0003:0000c580       _SendEvent                 00458580     board_monitor.obj
 0003:0000c584       _NewDataEvent              00458584     board_monitor.obj
 0003:0000c588       _Wsa_Is_Started            00458588     board_monitor.obj
 0003:0000c589       _Read_Thread_Is_Running    00458589     board_monitor.obj
 0003:0000c58a       _ShuttingDown              0045858a     board_monitor.obj
 0003:0000c594       _ReceivedAcks              00458594     board_monitor.obj
 0003:0000c5b8       _AckList                   004585b8     board_monitor.obj
 0003:0000c5dc       _NewData                   004585dc     board_monitor.obj
 0003:0000c600       _SocketMessageStore        00458600     board_monitor.obj
 0003:0000c624       _AckMessageStore           00458624     board_monitor.obj
 0003:0000c648       _StdDown                   00458648     board_monitor.obj
 0003:0000c654       _MyAddress                 00458654     board_monitor.obj
 0003:0000c664       ?CycleStartIsVisible@?1??update_monitor_status@@YAXPAVFTII_BOARD_ENTRY@@PA_W@Z@4EA 00458664     board_monitor.obj
 0003:0000c668       ?empty@?1???ABOARD_EXTENDED_ANALOG_ARRAY@@QAEAAUBOARD_EXTENDED_ANALOG_ENTRY@@H@Z@4U2@A 00458668     board_monitor.obj
 0003:0000c67c       ?$S2@?1???ABOARD_EXTENDED_ANALOG_ARRAY@@QAEAAUBOARD_EXTENDED_ANALOG_ENTRY@@H@Z@4IA 0045867c     board_monitor.obj
 0003:0000c680       ?opnumber@?1??current_operator@@YAPA_WAAVSTRING_CLASS@@0@Z@4PA_WA 00458680     board_monitor.obj
 0003:0000c694       ?InputOnBackgroundBrush@?1??AutoShotDisplayProc@@YGHPAUHWND__@@IIJ@Z@4PAUHBRUSH__@@A 00458694     board_monitor.obj
 0003:0000c698       ?s@?1??continue_connecting_one_board@@YAXH@Z@4VSTRING_CLASS@@A 00458698     board_monitor.obj
 0003:0000c6a0       ?$S4@?1??continue_connecting_one_board@@YAXH@Z@4IA 004586a0     board_monitor.obj
 0003:0000c6a4       ?finished@?1??new_data_thread@@YAXPAX@Z@4_NA 004586a4     board_monitor.obj
 0003:0000c6a8       ?last_check_time@?1??send_thread@@YAXPAX@Z@4IA 004586a8     board_monitor.obj
 0003:0000c6b0       _SaveAllAlarmShots         004586b0     shotsave.obj
 0003:0000c6b1       _ShotsaveLogIsEnabled      004586b1     shotsave.obj
 0003:0000c6b2       _EosAsciiToSerial          004586b2     shotsave.obj
 0003:0000c6b3       _EosNeedsStxEtx            004586b3     shotsave.obj
 0003:0000c6b4       _SerialFile                004586b4     shotsave.obj
 0003:0000c6b8       _EosComPort                004586b8     shotsave.obj
 0003:0000c6bc       _EosComSetup               004586bc     shotsave.obj
 0003:0000c6c0       _EosHaveAlarmShot          004586c0     shotsave.obj
 0003:0000c6c4       _EosHaveWarningShot        004586c4     shotsave.obj
 0003:0000c6c8       _EosHaveGoodShot           004586c8     shotsave.obj
 0003:0000c6cc       _EosHaveAlarmParameter     004586cc     shotsave.obj
 0003:0000c6d0       _EosHaveWarningParameter   004586d0     shotsave.obj
 0003:0000c6d4       _EosHaveGoodParameter      004586d4     shotsave.obj
 0003:0000c6d8       _EosMachineName            004586d8     shotsave.obj
 0003:0000c6dc       _EosOutputFile             004586dc     shotsave.obj
 0003:0000c6e0       _EosOutputFileSetup        004586e0     shotsave.obj
 0003:0000c6e4       _EosFixedWidth             004586e4     shotsave.obj
 0003:0000c6e8       _EosOnlyIfNoAlarms         004586e8     shotsave.obj
 0003:0000c6ec       _EosPyramidLines           004586ec     shotsave.obj
 0003:0000c6f0       _EosEndFile                004586f0     shotsave.obj
 0003:0000c6f8       _EosStartFile              004586f8     shotsave.obj
 0003:0000c700       _ShotsaveLogFile           00458700     shotsave.obj
 0003:0000c718       _ShowParam                 00458718     shotsave.obj
 0003:0000c790       ?AnalogSensor@?1??write_std_units_csv_file@@YAEAAVSTRING_CLASS@@PAVSHOT_BUFFER_ENTRY@@@Z@4VANALOG_SENSOR@@A 00458790     shotsave.obj
 0003:0000c794       ?$S2@?1??write_std_units_csv_file@@YAEAAVSTRING_CLASS@@PAVSHOT_BUFFER_ENTRY@@@Z@4IA 00458794     shotsave.obj
 0003:0000c798       ?current_index@?1??save_all_shots@@YAXXZ@4HA 00458798     shotsave.obj
 0003:0000c7a8       ?mse@?1??find@@YAPAUMACH_SKIP_ENTRY@@AAVSTRING_CLASS@@@Z@4PAU2@A 004587a8     skip.obj
 0003:0000c7b0       _NullChar                  004587b0     v5subs:path.obj
 0003:0000c7b4       _DriveName                 004587b4     v5subs:exists.obj
 0003:0000c7c0       ?s@?1??ascii_double@@YAPA_WN@Z@4PA_WA 004587c0     v5subs:ascfloat.obj
 0003:0000c814       _NullChar                  00458814     v5subs:extract.obj
 0003:0000c818       ?s@?1??int32toasc@@YAPA_WJ@Z@4PA_WA 00458818     v5subs:itoasc.obj
 0003:0000c840       ?s@?1??ultoascii@@YAPA_WKK@Z@4PA_WA 00458840     v5subs:itoasc.obj
 0003:0000c86c       _NullChar                  0045886c     v5subs:stringcl.obj
 0003:0000c870       _NullChar                  00458870     v5subs:nameclas.obj
 0003:0000c874       _EmptyString               00458874     v5subs:nameclas.obj
 0003:0000c87c       _MyComputer                0045887c     v5subs:nameclas.obj
 0003:0000c888       _SensorArray               00458888     v5subs:asensor.obj
 0003:0000c88c       _NofSensors                0045888c     v5subs:asensor.obj
 0003:0000c890       _EmptySensor               00458890     v5subs:asensor.obj
 0003:0000c8dc       _NullChar                  004588dc     v5subs:fileclas.obj
 0003:0000c8e0       _NullChar                  004588e0     v5subs:computer.obj
 0003:0000c8e4       _First                     004588e4     v5subs:computer.obj
 0003:0000c8e8       _MyComputer                004588e8     v5subs:computer.obj
 0003:0000c8f0       _NoComputer                004588f0     v5subs:computer.obj
 0003:0000c8f8       _NofComputers              004588f8     v5subs:computer.obj
 0003:0000c8fc       _NullChar                  004588fc     v5subs:iniclass.obj
 0003:0000c900       ?empty_string@?1??get_string@INI_CLASS@@QAEPA_WXZ@4PA_WA 00458900     v5subs:iniclass.obj
 0003:0000c904       _EmptyString               00458904     v5subs:listbox.obj
 0003:0000c908       _NullChar                  00458908     v5subs:machname.obj
 0003:0000c90c       _EmptyString               0045890c     v5subs:machname.obj
 0003:0000c914       _EmptyString               00458914     v5subs:msgclas.obj
 0003:0000c918       _RedBrush                  00458918     v5subs:optocontrol.obj
 0003:0000c91c       _YellowBrush               0045891c     v5subs:optocontrol.obj
 0003:0000c920       _FontList                  00458920     v5subs:optocontrol.obj
 0003:0000c924       _NullChar                  00458924     v5subs:param.obj
 0003:0000c928       _NullChar                  00458928     v5subs:setpoint.obj
 0003:0000c92c       _empty_entry               0045892c     v5subs:setpoint.obj
 0003:0000c93c       _EmptyStringtableText      0045893c     v5subs:stringtable.obj
 0003:0000c940       _FontList                  00458940     v5subs:stringtable.obj
 0003:0000c944       _NullChar                  00458944     v5subs:stpres.obj
 0003:0000c948       _NullChar                  00458948     v5subs:get_ini.obj
 0003:0000c950       _Buf                       00458950     v5subs:get_ini.obj
 0003:0000d154       _NullChar                  00459154     v5subs:mem.obj
 0003:0000d158       _MyMainWindow              00459158     v5subs:client.obj
 0003:0000d15c       _EventList                 0045915c     v5subs:client.obj
 0003:0000d168       _ServerNameHandle          00459168     v5subs:client.obj
 0003:0000d16c       _DdeId                     0045916c     v5subs:client.obj
 0003:0000d170       _ServerHandle              00459170     v5subs:client.obj
 0003:0000d174       ?s@?1??one_hot_link@@YAXPAUHCONV__@@FI@Z@4VSTRING_CLASS@@A 00459174     v5subs:client.obj
 0003:0000d17c       ?$S1@?1??one_hot_link@@YAXPAUHCONV__@@FI@Z@4IA 0045917c     v5subs:client.obj
 0003:0000d180       _NofDCurves                00459180     v5subs:dcurve.obj
 0003:0000d184       _DCurve                    00459184     v5subs:dcurve.obj
 0003:0000d188       _EmptyString               00459188     v5subs:execwait.obj
 0003:0000d18c       _ExeDirectory              0045918c     v5subs:gexedir.obj
 0003:0000d194       _NullChar                  00459194     v5subs:fix.obj
 0003:0000d198       ?s@?1??fixed_string@@YAPA_WNJJ@Z@4PA_WA 00459198     v5subs:ftoasc.obj
 0003:0000d1f0       ?s@?1??position_string@@YAPA_WN@Z@4PA_WA 004591f0     v5subs:ftoasc.obj
 0003:0000d248       ?s@?1??resource_string@@YAPA_WPAUHINSTANCE__@@I@Z@4PA_WA 00459248     v5subs:winsubs.obj
 0003:0000d448       _NullChar                  00459448     v5subs:hex.obj
 0003:0000d44c       _NullChar                  0045944c     v5subs:insalph.obj
 0003:0000d450       ?s@?1??alphadate@@YAPA_WABU_SYSTEMTIME@@@Z@4PA_WA 00459450     v5subs:time.obj
 0003:0000d468       ?s@?1??alphatime@@YAPA_WABU_SYSTEMTIME@@@Z@4PA_WA 00459468     v5subs:time.obj
 0003:0000d484       _NullChar                  00459484     v5subs:shift.obj
 0003:0000d488       _EmptyString               00459488     v5subs:units.obj
 0003:0000d48c       _UnitsArray                0045948c     v5subs:units.obj
 0003:0000d490       _NofUnits                  00459490     v5subs:units.obj
 0003:0000d494       _OldCursor                 00459494     v5subs:hourglas.obj
 0003:0000d498       _RefCount                  00459498     v5subs:hourglas.obj
 0003:0000d49c       _TempMessageWindow         0045949c     v5subs:temp_message.obj
 0003:0000d4a0       _TempMessage               004594a0     v5subs:temp_message.obj
 0003:0000d4a4       _TempMessageLen            004594a4     v5subs:temp_message.obj
 0003:0000d4a8       _TempMessageTimeoutMs      004594a8     v5subs:temp_message.obj
 0003:0000d4ac       _CenterTempMessage         004594ac     v5subs:temp_message.obj
 0003:0000d4b0       ?timer_id@?1??temp_message_proc@@YGJPAUHWND__@@IIJ@Z@4IA 004594b0     v5subs:temp_message.obj
 0003:0000d4b4       _NullChar                  004594b4     v5subs:textlist.obj
 0003:0000d4b8       ?st@?1??system_time@TIME_CLASS@@QAEAAU_SYSTEMTIME@@XZ@4U3@A 004594b8     v5subs:timeclas.obj
 0003:0000d4c8       ?ft@?1??file_time@TIME_CLASS@@QAEAAU_FILETIME@@XZ@4U3@A 004594c8     v5subs:timeclas.obj
 0003:0000d4d0       ?s@?1??text@TIME_CLASS@@QAEPA_WXZ@4PA_WA 004594d0     v5subs:timeclas.obj
 0003:0000d4f8       ?s@?1??jjj@TIME_CLASS@@QAEPA_WXZ@4PA_WA 004594f8     v5subs:timeclas.obj
 0003:0000d500       ?s@?1??mmddyyyy@TIME_CLASS@@QAEPA_WXZ@4PA_WA 00459500     v5subs:timeclas.obj
 0003:0000d518       ?s@?1??hhmmss@TIME_CLASS@@QAEPA_WXZ@4PA_WA 00459518     v5subs:timeclas.obj
 0003:0000d52c       _BorderHeight              0045952c     v5subs:menuctrl.obj
 0003:0000d530       _BorderWidth               00459530     v5subs:menuctrl.obj
 0003:0000d534       _FontList                  00459534     v5subs:menuctrl.obj
 0003:0000d538       ?hex@?1??append_value@FTII_VAR@@QAE_NAAVSTRING_CLASS@@@Z@4PA_WA 00459538     v5subs:ftiiclas.obj
 0003:0000d560       _NullChar                  00459560     v5subs:ftii_shot_data.obj
 0003:0000d564       _EmptyString               00459564     v5subs:ftii_shot_data.obj
 0003:0000d568       ?empty_double@?1???ADOUBLE_ARRAY_CLASS@@QAEAANJ@Z@4NA 00459568     v5subs:array.obj
 0003:0000d570       ?empty_int@?1???AINT_ARRAY_CLASS@@QAEAAHH@Z@4HA 00459570     v5subs:array.obj
 0003:0000d574       _EmptyString               00459574     v5subs:ftanalog.obj
 0003:0000d578       _Empty                     00459578     v5subs:runlist.obj
 0003:0000d584       _NullChar                  00459584     v5subs:shot_name.obj
 0003:0000d588       ?es@?1??cat@STDDOWN_CLASS@@QAEPA_WXZ@4PA_WA 00459588     v5subs:stddown.obj
 0003:0000d58c       ?es@?1??subcat@STDDOWN_CLASS@@QAEPA_WXZ@4PA_WA 0045958c     v5subs:stddown.obj
 0003:0000d590       ?name@?1??category_name@@YAPA_WPA_W@Z@4PA_WA 00459590     v5subs:downsubs.obj
 0003:0000d5b0       ?number@?1??category_name@@YAPA_WPA_W@Z@4PA_WA 004595b0     v5subs:downsubs.obj
 0003:0000d5b8       ?cat@?1??subcategory_name@@YAPA_WPA_W0@Z@4PA_WA 004595b8     v5subs:downsubs.obj
 0003:0000d5c0       ?subcat@?1??subcategory_name@@YAPA_WPA_W0@Z@4PA_WA 004595c0     v5subs:downsubs.obj
 0003:0000d5c8       ?name@?1??subcategory_name@@YAPA_WPA_W0@Z@4PA_WA 004595c8     v5subs:downsubs.obj
 0003:0000d5e8       _NullChar                  004595e8     v5subs:plookup.obj
 0003:0000d5ec       _NullChar                  004595ec     v5subs:shot_name_reset.obj
 0003:0000d5f0       _MyEmptyString             004595f0     v5subs:shot_name_reset.obj
 0003:0000d5f8       ?name@?1??dynamic_file_name@@YAPA_WAAVTIME_CLASS@@AAUPART_NAME_ENTRY@@PB_W@Z@4PA_WA 004595f8     v5subs:dynamic_file_name.obj
 0003:0000d804       _T                         00459804     v5subs:semaphor.obj
 0003:0000d840       ?s@?1??full_name@WORKER_LIST_CLASS@@QAEPA_WXZ@4PA_WA 00459840     v5subs:workclas.obj
 0003:0000d880       _Msg                       00459880     v5subs:error_ms.obj
 0003:0000d8fc       _OVERWRITE_EXISTING        004598fc     v5subs:callfile.obj
 0003:0000d908       _GS_ExceptionRecord        00459908     LIBCMT:gs_report.obj
 0003:0000d958       _GS_ContextRecord          00459958     LIBCMT:gs_report.obj
 0003:0000dc24       _DebuggerWasPresent        00459c24     LIBCMT:gs_report.obj
 0003:0000dc6c       ___type_info_root_node     00459c6c     LIBCMT:typname.obj
 0003:0000dd88       ?_pgmname@?1??_setargv@@9@9 00459d88     LIBCMT:stdargv.obj
 0003:0000de98       ?outmsg@?8??_NMSG_WRITE@@9@9 00459e98     LIBCMT:crt0msg.obj
 0003:0000e4dc       _fSystemSet                0045a4dc     LIBCMT:mbctype.obj
 0003:0000e4e4       __pmatherr_set             0045a4e4     LIBCMT:libm_error.obj
 0003:0000e4f0       _lclcritsects              0045a4f0     LIBCMT:mlock.obj
 0003:0000e648       _ctrlc_action              0045a648     LIBCMT:winsig.obj
 0003:0000e64c       _ctrlbreak_action          0045a64c     LIBCMT:winsig.obj
 0003:0000e650       _abort_action              0045a650     LIBCMT:winsig.obj
 0003:0000e654       _term_action               0045a654     LIBCMT:winsig.obj
 0003:0000e658       _ConsoleCtrlHandler_Installed 0045a658     LIBCMT:winsig.obj
 0003:0000e65c       _g_pfnRtlGenRandom         0045a65c     LIBCMT:rand_s.obj
 0003:0000e690       _heap                      0045a690     LIBCMT:undname.obj
 0003:0000e6ac       ?pfnMessageBox@?1??__crtMessageBoxW@@9@9 0045a6ac     LIBCMT:crtmboxw.obj
 0003:0000e6b0       ?pfnGetActiveWindow@?1??__crtMessageBoxW@@9@9 0045a6b0     LIBCMT:crtmboxw.obj
 0003:0000e6b4       ?pfnGetLastActivePopup@?1??__crtMessageBoxW@@9@9 0045a6b4     LIBCMT:crtmboxw.obj
 0003:0000e6b8       ?pfnGetProcessWindowStation@?1??__crtMessageBoxW@@9@9 0045a6b8     LIBCMT:crtmboxw.obj
 0003:0000e6bc       ?pfnGetUserObjectInformation@?1??__crtMessageBoxW@@9@9 0045a6bc     LIBCMT:crtmboxw.obj
 0003:0000e6c8       ___crtCallProc             0045a6c8     LIBCMT:winapinls.obj
 0004:00000aa0       $R000000                   0045caa0     ft2.res
 0004:00000b48       $R0000A8                   0045cb48     ft2.res
 0004:00000e70       $R0003D0                   0045ce70     ft2.res
 0004:00002280       $R0017E0                   0045e280     ft2.res
 0004:00002738       $R001C98                   0045e738     ft2.res
 0004:00002998       $R001EF8                   0045e998     ft2.res
 0004:000030c8       $R002628                   0045f0c8     ft2.res
 0004:000031f0       $R002750                   0045f1f0     ft2.res
 0004:000034d8       $R002A38                   0045f4d8     ft2.res
 0004:00003ad8       $R003038                   0045fad8     ft2.res
 0004:00003bd0       $R003130                   0045fbd0     ft2.res
 0004:000041f0       $R003750                   004601f0     ft2.res
 0004:00004418       $R003978                   00460418     ft2.res
 0004:000048f0       $R003E50                   004608f0     ft2.res
 0004:00004a30       $R003F90                   00460a30     ft2.res
 0004:00004d48       $R0042A8                   00460d48     ft2.res
 0004:00004ec0       $R004420                   00460ec0     ft2.res
 0004:00004f58       $R0044B8                   00460f58     ft2.res
 0004:00004fb0       $R004510                   00460fb0     ft2.res
 0004:00005170       $R0046D0                   00461170     ft2.res
 0004:00005590       $R004AF0                   00461590     ft2.res
 0004:00005758       $R004CB8                   00461758     ft2.res
 0004:00005a40       $R004FA0                   00461a40     ft2.res
 0004:00005b68       $R0050C8                   00461b68     ft2.res
 0004:00005b90       $R0050F0                   00461b90     ft2.res
 0004:00005bf0       $R005150                   00461bf0     ft2.res
 0004:00005f78       $R0054D8                   00461f78     ft2.res
 0004:000061a0       $R005700                   004621a0     ft2.res
 0004:00006470       $R0059D0                   00462470     ft2.res
 0004:000066f8       $R005C58                   004626f8     ft2.res
 0004:000068b8       $R005E18                   004628b8     ft2.res
 0004:00006a80       $R005FE0                   00462a80     ft2.res
 0004:00006be0       $R006140                   00462be0     ft2.res
