 profile

 Timestamp is 605b7317 (Wed Mar 24 17:12:55 2021)

 Preferred load address is 00400000

 Start         Length     Name                   Class
 0001:00000000 00000730H .text$di                CODE
 0001:00000730 000610b4H .text$mn                CODE
 0001:000617e4 000003d9H .text$yd                CODE
 0002:00000000 00000448H .idata$5                DATA
 0002:00000448 00000004H .CRT$XCA                DATA
 0002:0000044c 00000160H .CRT$XCU                DATA
 0002:000005ac 00000004H .CRT$XCZ                DATA
 0002:000005b0 00000004H .CRT$XIA                DATA
 0002:000005b4 00000014H .CRT$XIC                DATA
 0002:000005c8 00000004H .CRT$XIY                DATA
 0002:000005cc 00000004H .CRT$XIZ                DATA
 0002:000005d0 00000004H .CRT$XPA                DATA
 0002:000005d4 00000008H .CRT$XPX                DATA
 0002:000005dc 00000004H .CRT$XPXA               DATA
 0002:000005e0 00000004H .CRT$XPZ                DATA
 0002:000005e4 00000004H .CRT$XTA                DATA
 0002:000005e8 00000004H .CRT$XTZ                DATA
 0002:000005f0 00008d60H .rdata                  DATA
 0002:00009350 00000974H .rdata$r                DATA
 0002:00009cd0 0000000cH .rdata$sxdata           DATA
 0002:00009cdc 00000004H .rtc$IAA                DATA
 0002:00009ce0 00000004H .rtc$IZZ                DATA
 0002:00009ce4 00000004H .rtc$TAA                DATA
 0002:00009ce8 00000004H .rtc$TZZ                DATA
 0002:00009cf0 0000034cH .xdata$x                DATA
 0002:0000a03c 00000000H .edata                  DATA
 0002:0000a03c 0000008cH .idata$2                DATA
 0002:0000a0c8 00000014H .idata$3                DATA
 0002:0000a0dc 00000448H .idata$4                DATA
 0002:0000a524 0000119cH .idata$6                DATA
 0003:00000000 00003fe4H .data                   DATA
 0003:00003fe4 00000390H .data$r                 DATA
 0003:00004380 00093e24H .bss                    DATA
 0004:00000000 000011e4H .rsrc$01                DATA
 0004:000011f0 0000c168H .rsrc$02                DATA

  Address         Publics by Value              Rva+Base       Lib:Object

 0000:00000000       ___guard_fids_table        00000000     <absolute>
 0000:00000000       __except_list              00000000     <absolute>
 0000:00000000       ___guard_flags             00000000     <absolute>
 0000:00000000       ___guard_fids_count        00000000     <absolute>
 0000:00000003       ___safe_se_handler_count   00000003     <absolute>
 0000:00000000       ___ImageBase               00400000     <linker-defined>
 0001:00000730       ??0FTANALOG_CLASS@@QAE@XZ  00401730 f i profile.obj
 0001:0000074d       ??0PROFILE_NAME_ENTRY@@QAE@XZ 0040174d f i profile.obj
 0001:00000771       ??1FTANALOG_CLASS@@QAE@XZ  00401771 f i profile.obj
 0001:0000078c       ??1FTCALC_CLASS@@QAE@XZ    0040178c f i profile.obj
 0001:000007cd       ??1MACHINE_CLASS@@QAE@XZ   004017cd f i profile.obj
 0001:0000082c       ??1MARKS_CLASS@@QAE@XZ     0040182c f i profile.obj
 0001:00000863       ??1PARAMETER_CLASS@@QAE@XZ 00401863 f i profile.obj
 0001:00000898       ??1PARAMETER_ENTRY@@QAE@XZ 00401898 f i profile.obj
 0001:000008c2       ??1PROFILE_NAME_ENTRY@@QAE@XZ 004018c2 f i profile.obj
 0001:000008e5       ??4FTII_VAR@@UAEXABV0@@Z   004018e5 f i profile.obj
 0001:000008f8       ??4FTII_VAR@@UAEXH@Z       004018f8 f i profile.obj
 0001:000008f8       ??4FTII_VAR@@UAEXI@Z       004018f8 f i profile.obj
 0001:00000902       ??_EFTII_VAR_ARRAY@@UAEPAXI@Z 00401902 f i profile.obj
 0001:00000902       ??_GFTII_VAR_ARRAY@@UAEPAXI@Z 00401902 f i profile.obj
 0001:0000091e       ?IsWindowsVersionOrGreater@@YA_NGGG@Z 0040191e f i profile.obj
 0001:000009e2       ?ZoomBoxProc@@YGHPAUHWND__@@IIJ@Z 004019e2 f   profile.obj
 0001:000009e2       ?SmallZoomBoxProc@@YGHPAUHWND__@@IIJ@Z 004019e2 f   profile.obj
 0001:00000a00       ?about_dialog_proc@@YGHPAUHWND__@@IIJ@Z 00401a00 f   profile.obj
 0001:00000a5f       ?add_to_backup_list@@YAXXZ 00401a5f f   profile.obj
 0001:00000ca3       ?adjust_all_y_axis_limits@@YAXXZ 00401ca3 f   profile.obj
 0001:00000ea3       ?alarm_log_setup_proc@@YGHPAUHWND__@@IIJ@Z 00401ea3 f   profile.obj
 0001:00000eec       ?alarm_summary_proc@@YGHPAUHWND__@@IIJ@Z 00401eec f   profile.obj
 0001:0000194c       ?choose_corner_parameters@@YAXXZ 0040294c f   profile.obj
 0001:00001972       ?choose_downtime_machine_dialog_proc@@YGHPAUHWND__@@IIJ@Z 00402972 f   profile.obj
 0001:00001a87       ?choose_language_dialog_proc@@YGHPAUHWND__@@IIJ@Z 00402a87 f   profile.obj
 0001:00001b5f       ?close_dialog@@YAXPAUHWND__@@@Z 00402b5f f   profile.obj
 0001:00001ebf       ?corner_param_dialog_proc@@YGHPAUHWND__@@IIJ@Z 00402ebf f   profile.obj
 0001:00001fbe       ?countchars@STRING_CLASS@@QAEJD@Z 00402fbe f i profile.obj
 0001:00002535       ?create_menu_help_box@@YAXXZ 00403535 f   profile.obj
 0001:000026d1       ?csv_shot_file_dialog_proc@@YGHPAUHWND__@@IIJ@Z 004036d1 f   profile.obj
 0001:000028fe       ?date_and_shift_string@@YAPADAAVTIME_CLASS@@J@Z 004038fe f   profile.obj
 0001:0000299f       ?day_param_eb_sub_proc@@YGJPAUHWND__@@IIJ@Z 0040399f f   profile.obj
 0001:00002a89       ?delete_file@NAME_CLASS@@QAEEXZ 00403a89 f i profile.obj
 0001:00002ad9       ?do_language_selection@@YAXPAUHWND__@@@Z 00403ad9 f   profile.obj
 0001:00003278       ?do_view_parameters_menu@@YAXXZ 00404278 f   profile.obj
 0001:0000332d       ?do_zoom_arrow_keys@@YAEH@Z 0040432d f   profile.obj
 0001:000035aa       ?down_data_callback@@YAXPADFPAUHDDEDATA__@@@Z 004045aa f   profile.obj
 0001:0000370e       ?downtime_entry_dialog_proc@@YGHPAUHWND__@@IIJ@Z 0040470e f   profile.obj
 0001:0000384c       ?downtime_entry_sub_proc@@YGJPAUHWND__@@IIJ@Z 0040484c f   profile.obj
 0001:000038c2       ?draw_axis@@YAXHFAAUtagRECT@@IGFF@Z 004048c2 f   profile.obj
 0001:00003b60       ?draw_grid@@YAXH@Z         00404b60 f   profile.obj
 0001:00003cc4       ?draw_mark@@YAXMHPAUMARKLIST_ENTRY@@@Z 00404cc4 f   profile.obj
 0001:00004017       ?draw_vertical_tics@@YAXAAUtagRECT@@HPAUHPEN__@@1@Z 00405017 f   profile.obj
 0001:0000428e       ?enable_prev_next_buttons@@YAXPAUHWND__@@@Z 0040528e f   profile.obj
 0001:00004481       ?file_exists@NAME_CLASS@@QAEEXZ 00405481 f i profile.obj
 0001:00004780       ?fill_languages@@YAXPAUHWND__@@@Z 00405780 f   profile.obj
 0001:000049ef       ?fill_version@@YAXPAUHWND__@@@Z 004059ef f   profile.obj
 0001:00004a4f       ?find_index@@YAHMHH@Z      00405a4f f   profile.obj
 0001:00004adc       ?fix_decimals@@YAXPADF@Z   00405adc f   profile.obj
 0001:00004f07       ?get_alarm_period_type@@YAXAAE0@Z 00405f07 f   profile.obj
 0001:00004f42       ?get_current_shot@@YAEXZ   00405f42 f   profile.obj
 0001:00004f84       ?get_default_printer_dc@@YAPAUHDC__@@XZ 00405f84 f   profile.obj
 0001:000050db       ?get_ft2_help@@YAXXZ       004060db f   profile.obj
 0001:00005241       ?get_printer_dc@@YAPAUHDC__@@XZ 00406241 f   profile.obj
 0001:00005341       ?get_profile_ii_name@NAME_CLASS@@QAEEAAVSTRING_CLASS@@000@Z 00406341 f i profile.obj
 0001:0000536c       ?gethelp@@YAXIK@Z          0040636c f   profile.obj
 0001:00005382       ?gethelp@@YAXPADIK@Z       00406382 f   profile.obj
 0001:000055c9       ?high_index@@YAHMH@Z       004065c9 f   profile.obj
 0001:00005623       ?init@@YAXH@Z              00406623 f   profile.obj
 0001:00005f16       ?is_current_shot@@YAEPAUPROFILE_NAME_ENTRY@@@Z 00406f16 f   profile.obj
 0001:00005f56       ?load_from_network_dialog_proc@@YGHPAUHWND__@@IIJ@Z 00406f56 f   profile.obj
 0001:00006751       ?load_realtime_machine_list@@YAXXZ 00407751 f   profile.obj
 0001:00006958       ?machine_list_dialog_proc@@YGHPAUHWND__@@IIJ@Z 00407958 f   profile.obj
 0001:000069ea       ?main_plot_proc@@YGJPAUHWND__@@IIJ@Z 004079ea f   profile.obj
 0001:00006f62       ?main_proc@@YGJPAUHWND__@@IIJ@Z 00407f62 f   profile.obj
 0001:00007e20       ?monitor_setup_callback@@YAXPADFPAUHDDEDATA__@@@Z 00408e20 f   profile.obj
 0001:00007ec5       ?my_desktop_client_rect@@YAAAUtagRECT@@XZ 00408ec5 f   profile.obj
 0001:00007f1e       ?my_enum_windows_proc@@YGHPAUHWND__@@J@Z 00408f1e f   profile.obj
 0001:00007f7e       ?new_machine_setup_callback@@YAXPADFPAUHDDEDATA__@@@Z 00408f7e f   profile.obj
 0001:00007fec       ?new_machine_state_callback@@YAXPADFPAUHDDEDATA__@@@Z 00408fec f   profile.obj
 0001:00008063       ?new_part_setup_callback@@YAXPADFPAUHDDEDATA__@@@Z 00409063 f   profile.obj
 0001:00008159       ?new_shot_callback@@YAXPADFPAUHDDEDATA__@@@Z 00409159 f   profile.obj
 0001:000084d8       ?operator_signon_proc@@YGHPAUHWND__@@IIJ@Z 004094d8 f   profile.obj
 0001:000085d6       ?overlaying@@YA_NXZ        004095d6 f   profile.obj
 0001:00008ad9       ?paint_plot_background@@YAXPAUHWND__@@PAUHDC__@@@Z 00409ad9 f   profile.obj
 0001:00008c4c       ?password_level_callback@@YAXPADFPAUHDDEDATA__@@@Z 00409c4c f   profile.obj
 0001:00008ede       ?position_downtime_entry_dialog@@YAXXZ 00409ede f   profile.obj
 0001:00009047       ?position_main_plot_window@@YAXXZ 0040a047 f   profile.obj
 0001:000090e9       ?position_xdcr_window@@YAXXZ 0040a0e9 f   profile.obj
 0001:00009892       ?print_me@@YAXXZ           0040a892 f   profile.obj
 0001:00009e7f       ?redisplay_last_shot@@YAEXZ 0040ae7f f   profile.obj
 0001:0000a0d6       ?resource_string@@YAPADI@Z 0040b0d6 f   profile.obj
 0001:0000ae5a       ?restore_focus_to_hmi@@YAXXZ 0040be5a f   profile.obj
 0001:0000b3a5       ?save_class_name@@YAXPAUHWND__@@@Z 0040c3a5 f   profile.obj
 0001:0000b40b       ?save_last_shot_name@@YAXXZ 0040c40b f   profile.obj
 0001:0000bd66       ?set_cat_and_subcat_tabs@@YAXXZ 0040cd66 f   profile.obj
 0001:0000c162       ?set_current_directory@@YAXXZ 0040d162 f   profile.obj
 0001:0000c677       ?set_full_screen@@YAXXZ    0040d677 f   profile.obj
 0001:0000c700       ?set_info_box_type@@YAXH@Z 0040d700 f   profile.obj
 0001:0000caff       ?set_plot_curves@@YAXXZ    0040daff f   profile.obj
 0001:0000ccf8       ?set_realtime_menu_string@@YAXXZ 0040dcf8 f   profile.obj
 0001:0000cef3       ?set_tsl_dialog_proc@@YGHPAUHWND__@@IIJ@Z 0040def3 f   profile.obj
 0001:0000d233       ?set_zoom_box_labels@@YAXPAUHWND__@@@Z 0040e233 f   profile.obj
 0001:0000d6eb       ?show_all_windows@@YAXXZ   0040e6eb f   profile.obj
 0001:0000d866       ?show_curve@@YAXFFFFFK@Z   0040e866 f   profile.obj
 0001:0000db18       ?show_downtime_entry_time@@YAXXZ 0040eb18 f   profile.obj
 0001:0000dc5a       ?show_fixed_axis_message@@YAXXZ 0040ec5a f   profile.obj
 0001:0000ddb5       ?show_left_axes@@YAXXZ     0040edb5 f   profile.obj
 0001:0000e191       ?show_menu_help_text@@YAXI@Z 0040f191 f   profile.obj
 0001:0000e1e6       ?show_offline_info@@YAXXZ  0040f1e6 f   profile.obj
 0001:0000e955       ?show_right_axes@@YAXXZ    0040f955 f   profile.obj
 0001:0000ec57       ?show_shot_info@@YAXXZ     0040fc57 f   profile.obj
 0001:0000f005       ?show_x_axes@@YAXXZ        00410005 f   profile.obj
 0001:0000f2cd       ?show_zoom_info@@YAXXZ     004102cd f   profile.obj
 0001:0000f3ff       ?show_zoom_value@@YAXHGHHF@Z 004103ff f   profile.obj
 0001:0000fa52       ?start_alarm_summary_dialog@@YAXXZ 00410a52 f   profile.obj
 0001:0000fb73       ?text_out@@YAXJJI@Z        00410b73 f   profile.obj
 0001:0000fc3e       ?toggle_big_param_display_type@@YAXXZ 00410c3e f   profile.obj
 0001:0000fcf0       ?toggle_menu_view_state@@YAXAAEI@Z 00410cf0 f   profile.obj
 0001:0000fd0f       ?toggle_pos_time_display_type@@YAXXZ 00410d0f f   profile.obj
 0001:0000fd58       ?toggle_realtime@@YAXXZ    00410d58 f   profile.obj
 0001:000101f9       ?update_screen_type@@YAXF@Z 004111f9 f   profile.obj
 0001:000103d3       ?viewing_reference@@YA_NXZ 004113d3 f   profile.obj
 0001:000103f8       ?write_std_units_csv_file@@YAEAAVSTRING_CLASS@@0@Z 004113f8 f   profile.obj
 0001:000107f8       ?x_value@@YAEAAMAAHH@Z     004117f8 f   profile.obj
 0001:00010b34       _WinMain@16                00411b34 f   profile.obj
 0001:00010c84       ?copy_int32_w_char@@YAPADPADAAVDB_TABLE@@G@Z 00411c84 f   alarmexp.obj
 0001:00010ebf       ?export_alarms_dialog_proc@@YGHPAUHWND__@@IIJ@Z 00411ebf f   alarmexp.obj
 0001:000113ba       ??0BITMAP_CLASS@@QAE@XZ    004123ba f   bitmapcl.obj
 0001:000113cd       ??1BITMAP_CLASS@@QAE@XZ    004123cd f   bitmapcl.obj
 0001:000113d2       ?cleanup@BITMAP_CLASS@@QAEXXZ 004123d2 f   bitmapcl.obj
 0001:000113e7       ?get@BITMAP_CLASS@@QAEEPAUHDC__@@JJ@Z 004123e7 f   bitmapcl.obj
 0001:0001144d       ?init@BITMAP_CLASS@@QAEEPAUHDC__@@JJ@Z 0041244d f   bitmapcl.obj
 0001:00011487       ?restore@BITMAP_CLASS@@QAEEPAUHDC__@@@Z 00412487 f   bitmapcl.obj
 0001:000114df       ??0STATUSBOX_ENTRY@@QAE@XZ 004124df f   box.obj
 0001:00011515       ??1STATUSBOX_ENTRY@@QAE@XZ 00412515 f   box.obj
 0001:00011529       ??_ESTATUSBOX_ENTRY@@QAEPAXI@Z 00412529 f i box.obj
 0001:0001157e       ?alarm_rect@STATUSBOX_ENTRY@@QAEPAUtagRECT@@XZ 0041257e f   box.obj
 0001:000115c4       ?begin_box_display@@YAEXZ  004125c4 f   box.obj
 0001:000118ff       ?bounds@STATUSBOX_ENTRY@@QAEPAUtagRECT@@XZ 004128ff f   box.obj
 0001:00011ae4       ?box_display_shutdown@@YAXXZ 00412ae4 f   box.obj
 0001:00011b01       ?box_display_startup@@YAEXZ 00412b01 f   box.obj
 0001:00011b10       ?box_screen_down_data_change@@YAXAAVSTRING_CLASS@@PAD1@Z 00412b10 f   box.obj
 0001:00011c08       ?box_screen_left_button_up@@YAXAAUtagPOINT@@@Z 00412c08 f   box.obj
 0001:00011d19       ?box_screen_new_machine_status@@YAXAAVSTRING_CLASS@@G@Z 00412d19 f   box.obj
 0001:00011d58       ?box_screen_new_monitor_setup@@YAXAAVSTRING_CLASS@@@Z 00412d58 f   box.obj
 0001:00011d9d       ?box_screen_new_shot@@YAXAAVSTRING_CLASS@@@Z 00412d9d f   box.obj
 0001:00011e7a       ?choose_box_font@@YAEXZ    00412e7a f   box.obj
 0001:00011f59       ?date_rect@STATUSBOX_ENTRY@@QAEPAUtagRECT@@XZ 00412f59 f   box.obj
 0001:00011f9d       ?delete_tooltips@@YAXXZ    00412f9d f   box.obj
 0001:0001204d       ?down_rect@STATUSBOX_ENTRY@@QAEPAUtagRECT@@XZ 0041304d f   box.obj
 0001:00012092       ?empty_status_boxes@@YAXXZ 00413092 f   box.obj
 0001:000120b7       ?end_box_display@@YAXXZ    004130b7 f   box.obj
 0001:000120d1       ?find_status_box@@YAPAVSTATUSBOX_ENTRY@@AAVSTRING_CLASS@@@Z 004130d1 f   box.obj
 0001:000120ed       ?get@BOXSET_CLASS@@QAEHXZ  004130ed f   box.obj
 0001:00012126       ?get_alarm_info@STATUSBOX_ENTRY@@QAEXXZ 00413126 f   box.obj
 0001:000121e5       ?get_downtime_status@STATUSBOX_ENTRY@@QAEXXZ 004131e5 f   box.obj
 0001:0001227d       ?get_part_info@STATUSBOX_ENTRY@@QAEEXZ 0041327d f   box.obj
 0001:000123a0       ?get_shot_info@STATUSBOX_ENTRY@@QAEXXZ 004133a0 f   box.obj
 0001:00012490       ?machine_rect@STATUSBOX_ENTRY@@QAEPAUtagRECT@@XZ 00413490 f   box.obj
 0001:000124d4       ?make_status_boxes@@YAEXZ  004134d4 f   box.obj
 0001:00012557       ?paint_box_display@@YAXAAUtagPAINTSTRUCT@@@Z 00413557 f   box.obj
 0001:0001261f       ?part_rect@STATUSBOX_ENTRY@@QAEPAUtagRECT@@XZ 0041361f f   box.obj
 0001:00012663       ?put@BOXSET_CLASS@@QAEEXZ  00413663 f   box.obj
 0001:000126fc       ?read_alarm_info@STATUSBOX_ENTRY@@QAEXXZ 004136fc f   box.obj
 0001:00012965       ?refresh@STATUSBOX_ENTRY@@QAEXXZ 00413965 f   box.obj
 0001:00012c46       ?shot_rect@STATUSBOX_ENTRY@@QAEPAUtagRECT@@XZ 00413c46 f   box.obj
 0001:00012c8a       ?show_border@STATUSBOX_ENTRY@@QAEXPAUHDC__@@@Z 00413c8a f   box.obj
 0001:00012d3a       ?show_text@STATUSBOX_ENTRY@@QAEXPAUHDC__@@@Z 00413d3a f   box.obj
 0001:00012fe8       ?status_box_index@@YAJAAVSTRING_CLASS@@@Z 00413fe8 f   box.obj
 0001:0001302f       ?tiptext@@YAPADJPAD0@Z     0041402f f   box.obj
 0001:000130b1       ?chospart_proc@@YGHPAUHWND__@@IIJ@Z 004140b1 f   chospart.obj
 0001:000134e1       ?chosshot_proc@@YGHPAUHWND__@@IIJ@Z 004144e1 f   chosshot.obj
 0001:000136f6       ?copy_selections_to_extern@@YAXXZ 004146f6 f   chosshot.obj
 0001:00013fd2       ?set_listbox_style@@YAXXZ  00414fd2 f   chosshot.obj
 0001:00014012       ?choose_one_color@@YAKI@Z  00415012 f   colordef.obj
 0001:000140ae       ?color_definition_dialog_proc@@YGHPAUHWND__@@IIJ@Z 004150ae f   colordef.obj
 0001:00014239       ?get_color@@YAKI@Z         00415239 f   colordef.obj
 0001:000143a4       ?restore_original_colors@@YAXXZ 004153a4 f   colordef.obj
 0001:0001440c       ?save_original_colors@@YAXXZ 0041540c f   colordef.obj
 0001:00014538       ?set_one_color@@YAXIK@Z    00415538 f   colordef.obj
 0001:000146bc       ?restore_colors@@YAXXZ     004156bc f   colors.obj
 0001:000147ba       ?save_colors@@YAXXZ        004157ba f   colors.obj
 0001:0001486b       ?read_corner_parameters@@YAXPAHAAH@Z 0041586b f   corner.obj
 0001:0001496d       ?save_corner_parameters@@YAXPAHH@Z 0041596d f   corner.obj
 0001:00014a6e       ??1CONTROL_LIMIT_CLASS@@QAE@XZ 00415a6e f   ctrlimit.obj
 0001:00014a7f       ?add@CONTROL_LIMIT_CLASS@@QAEEJMM@Z 00415a7f f   ctrlimit.obj
 0001:00014b21       ?empty@CONTROL_LIMIT_CLASS@@QAEXXZ 00415b21 f   ctrlimit.obj
 0001:00014b54       ?find@CONTROL_LIMIT_CLASS@@QAEEJ@Z 00415b54 f   ctrlimit.obj
 0001:00014b8b       ?next@MACHINE_NAME_LIST_CLASS@@QAEEXZ 00415b8b f   v5subs:machname.obj
 0001:00014b8b       ?next@CONTROL_LIMIT_CLASS@@QAEEXZ 00415b8b f   ctrlimit.obj
 0001:00014b8b       ?next@TEXT_LIST_CLASS@@QAEEXZ 00415b8b f   v5subs:textlist.obj
 0001:00014b9f       ?read@CONTROL_LIMIT_CLASS@@QAEEAAVSTRING_CLASS@@00@Z 00415b9f f   ctrlimit.obj
 0001:00014bef       ?read@CONTROL_LIMIT_CLASS@@QAEEPAD@Z 00415bef f   ctrlimit.obj
 0001:00014c9b       ?read@CONTROL_LIMIT_ENTRY@@QAEEAAVDB_TABLE@@@Z 00415c9b f   ctrlimit.obj
 0001:00014ccd       ?write@CONTROL_LIMIT_CLASS@@QAEEAAVSTRING_CLASS@@00@Z 00415ccd f   ctrlimit.obj
 0001:00014d1d       ?write@CONTROL_LIMIT_CLASS@@QAEEPAD@Z 00415d1d f   ctrlimit.obj
 0001:00014da9       ?write@CONTROL_LIMIT_ENTRY@@QAEEAAVDB_TABLE@@@Z 00415da9 f   ctrlimit.obj
 0001:00014df1       ??0DOWNBAR_CONFIG_CLASS@@QAE@XZ 00415df1 f   dbarcfg.obj
 0001:00014e38       ?downtime_report_setup_proc@@YGHPAUHWND__@@IIJ@Z 00415e38 f   dbarcfg.obj
 0001:000154ac       ?get_from_screen@DOWNBAR_SCREEN_CONFIG_CLASS@@QAEXPAUHWND__@@@Z 004164ac f   dbarcfg.obj
 0001:0001557a       ?get_new_start_time@@YAXPAUHWND__@@H@Z 0041657a f   dbarcfg.obj
 0001:00015906       ?listbox_line@@YAPADAAVDB_TABLE@@@Z 00416906 f   dbarcfg.obj
 0001:00015b65       ?put_to_screen@DOWNBAR_SCREEN_CONFIG_CLASS@@QAEXPAUHWND__@@@Z 00416b65 f   dbarcfg.obj
 0001:00015c43       ?read@DOWNBAR_CONFIG_CLASS@@QAEXXZ 00416c43 f   dbarcfg.obj
 0001:00015cc5       ?resource_message_box@@YAXII@Z 00416cc5 f   dbarcfg.obj
 0001:00015e7c       ?write@DOWNBAR_CONFIG_CLASS@@QAEXXZ 00416e7c f   dbarcfg.obj
 0001:00016013       ?directory_exists@NAME_CLASS@@QAEEXZ 00417013 f i dconfig.obj
 0001:00016028       ?display_configuration_dialog_proc@@YGHPAUHWND__@@IIJ@Z 00417028 f   dconfig.obj
 0001:00016165       ?get_curve_types_from_screen@@YAXAAGH@Z 00417165 f   dconfig.obj
 0001:000161ce       ?get_from_screen@FIXED_SCREEN_CLASS@@QAEXXZ 004171ce f   dconfig.obj
 0001:000163d1       ?init_global_curve_types@@YAXXZ 004173d1 f   dconfig.obj
 0001:000167e6       ?load_the_other_config@@YAXXZ 004177e6 f   dconfig.obj
 0001:00016836       ?put_to_screen@FIXED_SCREEN_CLASS@@QAEXXZ 00417836 f   dconfig.obj
 0001:00017019       ?set_fixed_axes@FIXED_SCREEN_CLASS@@QAEXXZ 00418019 f   dconfig.obj
 0001:00017084       ?set_one_fixed_axis@FIXED_SCREEN_CLASS@@QAEXJJ@Z 00418084 f   dconfig.obj
 0001:000170e3       ?toggle_pressure_display_type@@YAXXZ 004180e3 f   dconfig.obj
 0001:0001719c       ??0CAT_BASE_CLASS@@QAE@XZ  0041819c f   downbar.obj
 0001:000171af       ??0DOWNTIME_BASE_CLASS@@QAE@PAD0@Z 004181af f   downbar.obj
 0001:000171d5       ??0DSTAT_CLASS@@QAE@XZ     004181d5 f   profile.obj
 0001:000171d5       ??0DOWNTIME_BASE_CLASS@@QAE@XZ 004181d5 f   downbar.obj
 0001:000171f6       ??0DOWNTIME_SUM_ENTRY@@QAE@XZ 004181f6 f   downbar.obj
 0001:00017206       ??4DOWNTIME_BASE_CLASS@@QAEXABV0@@Z 00418206 f   downbar.obj
 0001:0001722f       ??4DOWNTIME_RECORD_CLASS@@QAEXABV0@@Z 0041822f f   downbar.obj
 0001:00017248       ??8CAT_BASE_CLASS@@QAEEPBD@Z 00418248 f   downbar.obj
 0001:0001725c       ??8DOWNTIME_BASE_CLASS@@QAEEABV0@@Z 0041825c f   downbar.obj
 0001:0001728d       ??8DOWNTIME_SUM_CLASS@@QAEEABVDOWNTIME_BASE_CLASS@@@Z 0041828d f   downbar.obj
 0001:000172ba       ??9DOWNTIME_BASE_CLASS@@QAEEABV0@@Z 004182ba f   downbar.obj
 0001:000172eb       ??9DOWNTIME_SUM_CLASS@@QAEEABVDOWNTIME_BASE_CLASS@@@Z 004182eb f   downbar.obj
 0001:00017318       ?add@CAT_SUM_CLASS@@QAEPAVCAT_SUM_ENTRY@@PAD@Z 00418318 f   downbar.obj
 0001:00017374       ?begin_downbar_display@@YAEXZ 00418374 f   downbar.obj
 0001:000173ec       ?category@DOWNTIME_SUM_CLASS@@QAEPADXZ 004183ec f   downbar.obj
 0001:000173ff       ?cleanup@CAT_SUM_CLASS@@QAEXXZ 004183ff f   downbar.obj
 0001:00017427       ?cleanup@DOWNTIME_SUM_CLASS@@QAEXXZ 00418427 f   downbar.obj
 0001:00017443       ?do_downbar_button@@YAXH@Z 00418443 f   downbar.obj
 0001:00017473       ?do_new_dtr_config@@YAXXZ  00418473 f   downbar.obj
 0001:0001748e       ?down_seconds@DOWNTIME_SUM_CLASS@@QAEJXZ 0041848e f   downbar.obj
 0001:000174e8       ?downbar_left_button_up@@YAXAAUtagPOINT@@@Z 004184e8 f   downbar.obj
 0001:00017586       ?empty@DOWNTIME_SUM_CLASS@@QAEEXZ 00418586 f   downbar.obj
 0001:000175ae       ?end_downbar_display@@YAXXZ 004185ae f   downbar.obj
 0001:000175dd       ?fill_times@@YAEXZ         004185dd f   downbar.obj
 0001:00017936       ?find@CAT_SUM_CLASS@@QAEPAVCAT_SUM_ENTRY@@PAD@Z 00418936 f   downbar.obj
 0001:0001795c       ?get@DOWNTIME_RECORD_CLASS@@QAEEAAVDB_TABLE@@@Z 0041895c f   downbar.obj
 0001:000179d2       ?max_title_pixels@@YAHH@Z  004189d2 f   downbar.obj
 0001:00017a74       ?next@CAT_SUM_CLASS@@QAEEXZ 00418a74 f   downbar.obj
 0001:00017a8a       ?next@DOWNTIME_SUM_CLASS@@QAEEPAD@Z 00418a8a f   downbar.obj
 0001:00017b21       ?paint_downbar_display@@YAXXZ 00418b21 f   downbar.obj
 0001:0001824c       ?read@DOWNTIME_SUM_CLASS@@QAEEXZ 0041924c f   downbar.obj
 0001:00018412       ?seconds@CAT_SUM_CLASS@@QAEAAJPAD@Z 00419412 f   downbar.obj
 0001:0001843f       ?seconds@DOWNTIME_SUM_CLASS@@QAEAAJPAD0@Z 0041943f f   downbar.obj
 0001:0001849e       ?seconds@DOWNTIME_SUM_CLASS@@QAEJXZ 0041949e f   downbar.obj
 0001:000184b0       ?set_category_titles@@YAXXZ 004194b0 f   downbar.obj
 0001:00018507       ?set_subcategory_titles@@YAXXZ 00419507 f   downbar.obj
 0001:0001856e       ?text_out@@YAXJJPAD@Z      0041956e f   profile.obj
 0001:00018592       ?show_title_and_hours@@YAXHPAD0HE@Z 00419592 f   downbar.obj
 0001:0001869b       ?show_title_and_hours@@YAXHPADHE@Z 0041969b f   downbar.obj
 0001:0001877f       ?sort@CAT_SUM_CLASS@@QAEXXZ 0041977f f   downbar.obj
 0001:000187da       ?title@CAT_SUM_CLASS@@QAEPADXZ 004197da f   downbar.obj
 0001:000187ee       ?title@DOWNTIME_SUM_CLASS@@QAEPADXZ 004197ee f   downbar.obj
 0001:00018822       ?total_seconds@DOWNTIME_SUM_CLASS@@QAEJXZ 00419822 f   downbar.obj
 0001:00018859       ??0EDITOP_GRID_CLASS@@QAE@XZ 00419859 f   editop.obj
 0001:0001887b       ??1EDITOP_GRID_CLASS@@UAE@XZ 0041987b f   editop.obj
 0001:000188a3       ??_ETEXT_PARAMETER_ENTRY@@QAEPAXI@Z 004198a3 f i v5subs:ftii_shot_data.obj
 0001:000188a3       ??_EOP_NUMBER_INDEX@?1??save_changes@@YAEXZ@QAEPAXI@Z 004198a3 f i editop.obj
 0001:000188fc       ??_GEDITOP_GRID_CLASS@@UAEPAXI@Z 004198fc f i editop.obj
 0001:000188fc       ??_EEDITOP_GRID_CLASS@@UAEPAXI@Z 004198fc f i editop.obj
 0001:00018918       ?OnCharDown@EDITOP_GRID_CLASS@@UAEXPAIH@Z 00419918 f   editop.obj
 0001:00018918       ?OnCharDown@GRID_CLASS@@UAEXPAIH@Z 00419918 f   gridclas.obj
 0001:0001892d       ?OnEditFinish@EDITOP_GRID_CLASS@@UAEHHJPAUHWND__@@PBDH@Z 0041992d f   editop.obj
 0001:000189cb       ?OnKeyDown@EDITOP_GRID_CLASS@@UAEXPAIH@Z 004199cb f   editop.obj
 0001:000189e7       ?OnLClicked@EDITOP_GRID_CLASS@@UAEXHJHPAUtagRECT@@PAUtagPOINT@@H@Z 004199e7 f   editop.obj
 0001:000189e7       ?OnLClicked@GRID_CLASS@@UAEXHJHPAUtagRECT@@PAUtagPOINT@@H@Z 004199e7 f   gridclas.obj
 0001:000189e7       ?OnLClicked@PW_GRID_CLASS@@UAEXHJHPAUtagRECT@@PAUtagPOINT@@H@Z 004199e7 f   password.obj
 0001:000189f6       ?OnSH_LClicked@EDITOP_GRID_CLASS@@UAEXHJHPAUtagRECT@@PAUtagPOINT@@H@Z 004199f6 f   editop.obj
 0001:00018a6c       ?OnSetup@EDITOP_GRID_CLASS@@UAEXXZ 00419a6c f   editop.obj
 0001:00018ae4       ?createfont@EDITOP_GRID_CLASS@@QAEXXZ 00419ae4 f   editop.obj
 0001:00018b5f       ?delete_highlighted_rows@EDITOP_GRID_CLASS@@QAEXXZ 00419b5f f   editop.obj
 0001:00018c04       ?edit_operators_dialog_proc@@YGHPAUHWND__@@IIJ@Z 00419c04 f   editop.obj
 0001:00018cad       ?input_error_dialog_proc@@YGHPAUHWND__@@IIJ@Z 00419cad f   editop.obj
 0001:00018d00       ?insert_row@EDITOP_GRID_CLASS@@QAEXXZ 00419d00 f   editop.obj
 0001:00018d6b       ?is_row_selected@EDITOP_GRID_CLASS@@QAEEH@Z 00419d6b f   editop.obj
 0001:00019027       ?refresh_row_labels@EDITOP_GRID_CLASS@@QAEXXZ 0041a027 f   editop.obj
 0001:00019091       ?save_changes@@YAEXZ       0041a091 f   editop.obj
 0001:000193b3       ?select_row@EDITOP_GRID_CLASS@@QAEXJ@Z 0041a3b3 f   editop.obj
 0001:0001955d       ??4EDIT_SHIFT_CLASS@@QAEXAAV0@@Z 0041a55d f   editshif.obj
 0001:0001971b       ?day_name_from_index@@YAPADJ@Z 0041a71b f   editshif.obj
 0001:00019968       ?edit_shifts_dialog_proc@@YGHPAUHWND__@@IIJ@Z 0041a968 f   editshif.obj
 0001:00019aae       ?fill_editboxes@EDIT_SHIFT_CLASS@@QAEXXZ 0041aaae f   editshif.obj
 0001:00019bf5       ?index_from_day_name@@YAJPAD@Z 0041abf5 f   editshif.obj
 0001:00019c1c       ?lbline@EDIT_SHIFT_CLASS@@QAEPADXZ 0041ac1c f   editshif.obj
 0001:00019c94       ?read@EDIT_SHIFT_CLASS@@QAEEAAVDB_TABLE@@@Z 0041ac94 f   editshif.obj
 0001:00019d1d       ?read@EDIT_SHIFT_CLASS@@QAEEPAD@Z 0041ad1d f   editshif.obj
 0001:00019dd6       ?read_editboxes@EDIT_SHIFT_CLASS@@QAEEXZ 0041add6 f   editshif.obj
 0001:00019efd       ?saveall@EDIT_SHIFT_CLASS@@QAEEXZ 0041aefd f   editshif.obj
 0001:0001a9d5       ?export_shots_proc@@YGHPAUHWND__@@IIJ@Z 0041b9d5 f   export.obj
 0001:0001b0f7       ?empty@FIXED_AXIS_CLASS@@QAEXXZ 0041c0f7 f   fixaxis.obj
 0001:0001b114       ?init@FIXED_AXIS_CLASS@@QAEEJ@Z 0041c114 f   fixaxis.obj
 0001:0001b12b       ?read@FIXED_AXIS_CLASS@@QAEEPAD@Z 0041c12b f   fixaxis.obj
 0001:0001b1e9       ?read@FIXED_AXIS_ENTRY@@QAEEAAVDB_TABLE@@@Z 0041c1e9 f   fixaxis.obj
 0001:0001b21b       ?setsize@FIXED_AXIS_CLASS@@QAEEJ@Z 0041c21b f   fixaxis.obj
 0001:0001b2d3       ?write@FIXED_AXIS_CLASS@@QAEEPAD@Z 0041c2d3 f   fixaxis.obj
 0001:0001b360       ?write@FIXED_AXIS_ENTRY@@QAEEAAVDB_TABLE@@@Z 0041c360 f   fixaxis.obj
 0001:0001b3a8       ??0GRID_CLASS@@QAE@XZ      0041c3a8 f   gridclas.obj
 0001:0001b3ca       ??1GRID_CLASS@@UAE@XZ      0041c3ca f   gridclas.obj
 0001:0001b3f2       ??_GGRID_CLASS@@UAEPAXI@Z  0041c3f2 f i gridclas.obj
 0001:0001b3f2       ??_EGRID_CLASS@@UAEPAXI@Z  0041c3f2 f i gridclas.obj
 0001:0001b40e       ?OnEditFinish@GRID_CLASS@@UAEHHJPAUHWND__@@PBDH@Z 0041c40e f   gridclas.obj
 0001:0001b444       ?OnEditStart@GRID_CLASS@@UAEHHJPAPAUHWND__@@@Z 0041c444 f   gridclas.obj
 0001:0001b45c       ?OnSH_LClicked@GRID_CLASS@@UAEXHJHPAUtagRECT@@PAUtagPOINT@@H@Z 0041c45c f   gridclas.obj
 0001:0001b47e       ?OnSetup@GRID_CLASS@@UAEXXZ 0041c47e f   gridclas.obj
 0001:0001b4ed       ?createfont@GRID_CLASS@@QAEXXZ 0041c4ed f   gridclas.obj
 0001:0001b568       ?get_alarm_state@@YAHXZ    0041c568 f   isalarm.obj
 0001:0001b725       ?is_alarm@@YAEFM@Z         0041c725 f   isalarm.obj
 0001:0001b7f8       ?is_warning@@YAEFM@Z       0041c7f8 f   isalarm.obj
 0001:0001b815       ?save_as_master_trace@@YAXXZ 0041c815 f   master.obj
 0001:0001b996       ??0SINGLE_PLOT_CLASS@@QAE@XZ 0041c996 f   mplot.obj
 0001:0001b9e2       ??1SINGLE_PLOT_CLASS@@QAE@XZ 0041c9e2 f   mplot.obj
 0001:0001ba19       ??AMULTI_PLOT_CLASS@@QAEAAVSINGLE_PLOT_CLASS@@J@Z 0041ca19 f   mplot.obj
 0001:0001ba35       ??_ESINGLE_PLOT_CLASS@@QAEPAXI@Z 0041ca35 f i mplot.obj
 0001:0001ba8a       ?add@DATA_ARRAY_CLASS@@QAEEM@Z 0041ca8a f   mplot.obj
 0001:0001bac1       ?add@DATA_POINT_ENTRY@@QAEXM@Z 0041cac1 f   mplot.obj
 0001:0001bb14       ?average@DATA_ARRAY_CLASS@@QAEMXZ 0041cb14 f i mplot.obj
 0001:0001bb29       ?avg@DATA_POINT_ENTRY@@QAEMXZ 0041cb29 f   mplot.obj
 0001:0001bb52       ?cleanup@DATA_ARRAY_CLASS@@QAEXXZ 0041cb52 f   mplot.obj
 0001:0001bb77       ?cleanup@MULTI_PLOT_CLASS@@QAEXXZ 0041cb77 f   mplot.obj
 0001:0001bbb6       ?get_text_size@@YAXAAJ0PAUHDC__@@PBD@Z 0041cbb6 f   mplot.obj
 0001:0001bbe9       ?info_box_x_position@SINGLE_PLOT_CLASS@@AAEJJ@Z 0041cbe9 f   mplot.obj
 0001:0001bc0f       ?init@DATA_ARRAY_CLASS@@UAEEJ@Z 0041cc0f f   mplot.obj
 0001:0001bc85       ?init@MULTI_PLOT_CLASS@@QAEEJ@Z 0041cc85 f   mplot.obj
 0001:0001bcf9       ?init@SINGLE_PLOT_CLASS@@UAEEJ@Z 0041ccf9 f   mplot.obj
 0001:0001bdc3       ?left_shift@DATA_ARRAY_CLASS@@QAEJAAVDATA_POINT_ENTRY@@@Z 0041cdc3 f   mplot.obj
 0001:0001be39       ?left_shift@DATA_ARRAY_CLASS@@QAEJM@Z 0041ce39 f   mplot.obj
 0001:0001bfb3       ?paint@SINGLE_PLOT_CLASS@@QAEXPAUHDC__@@@Z 0041cfb3 f   mplot.obj
 0001:0001c75b       ?restore_info_box@SINGLE_PLOT_CLASS@@QAEEPAUHDC__@@@Z 0041d75b f   mplot.obj
 0001:0001c86e       ?set_target@SINGLE_PLOT_CLASS@@QAEXAAVSTRING_CLASS@@@Z 0041d86e f   mplot.obj
 0001:0001c876       ?show_info_box@SINGLE_PLOT_CLASS@@QAEEPAUHDC__@@JJE@Z 0041d876 f   mplot.obj
 0001:0001c9c9       ?show_units@SINGLE_PLOT_CLASS@@AAEXPAUHDC__@@@Z 0041d9c9 f   mplot.obj
 0001:0001cb59       ?begin_printing@@YAXXZ     0041db59 f   mulprint.obj
 0001:0001cdbc       ?fill_machines@@YAXPAUHWND__@@I@Z 0041ddbc f   mulprint.obj
 0001:0001d0af       ?get_current_part@@YAEAAUPART_NAME_ENTRY@@@Z 0041e0af f   mulprint.obj
 0001:0001d163       ?print_multiple_shots_proc@@YGHPAUHWND__@@IIJ@Z 0041e163 f   mulprint.obj
 0001:0001d289       ?print_next_shot@@YAXXZ    0041e289 f   mulprint.obj
 0001:0001d4e3       ?write_counts_file@@YAEAAVSTRING_CLASS@@0@Z 0041e4e3 f   olmsted.obj
 0001:0001d541       ?write_olmsted_file@@YAEAAVSTRING_CLASS@@0@Z 0041e541 f   olmsted.obj
 0001:0001d5d1       ??_EMULTISTRING_CLASS@@QAEPAXI@Z 0041e5d1 f i paramhis.obj
 0001:0001d626       ??_ESTRING_CLASS@@QAEPAXI@Z 0041e626 f i paramhis.obj
 0001:0001d676       ?ParamHistoryProc@@YGHPAUHWND__@@IIJ@Z 0041e676 f   paramhis.obj
 0001:0001dee3       ?new_history_choice@@YAXXZ 0041eee3 f   paramhis.obj
 0001:0001e027       ?position_param_history_window@@YAXXZ 0041f027 f   paramhis.obj
 0001:0001e17a       ?read_parameters_from_parmlist@@YAJH@Z 0041f17a f   paramhis.obj
 0001:0001e576       ?load_parameter_list_titles@@YAXXZ 0041f576 f   paramwin.obj
 0001:0001ec0d       ?parameter_window_proc@@YGHPAUHWND__@@IIJ@Z 0041fc0d f   paramwin.obj
 0001:0001ecc5       ?position_parameter_window@@YAXXZ 0041fcc5 f   paramwin.obj
 0001:0001edf2       ??0PW_GRID_CLASS@@QAE@XZ   0041fdf2 f   password.obj
 0001:0001ee0b       ??1PW_GRID_CLASS@@UAE@XZ   0041fe0b f   password.obj
 0001:0001ee27       ??APASSWORD_CLASS@@QAEAAUPASSWORD_ENTRY@@J@Z 0041fe27 f   password.obj
 0001:0001ee7a       ??_GPW_GRID_CLASS@@UAEPAXI@Z 0041fe7a f i password.obj
 0001:0001ee7a       ??_EPW_GRID_CLASS@@UAEPAXI@Z 0041fe7a f i password.obj
 0001:0001ee96       ?OnCharDown@PW_GRID_CLASS@@UAEXPAIH@Z 0041fe96 f   password.obj
 0001:0001eef5       ?OnEditContinue@PW_GRID_CLASS@@UAEHHJPAHPAJ@Z 0041fef5 f   password.obj
 0001:0001ef0b       ?OnEditFinish@PW_GRID_CLASS@@UAEHHJPAUHWND__@@PBDH@Z 0041ff0b f   password.obj
 0001:0001efa0       ?OnKeyDown@PW_GRID_CLASS@@UAEXPAIH@Z 0041ffa0 f   password.obj
 0001:0001efc1       ?OnSetup@PW_GRID_CLASS@@UAEXXZ 0041ffc1 f   password.obj
 0001:0001f228       ?check_for_password_logging@@YA_NXZ 00420228 f   password.obj
 0001:0001f2bd       ?cleanup@PASSWORD_CLASS@@QAEXXZ 004202bd f   password.obj
 0001:0001f2da       ?co_options_dialog_proc@@YGHPAUHWND__@@IIJ@Z 004202da f   password.obj
 0001:0001f5e3       ?create@DB_TABLE@@QAEEAAVSTRING_CLASS@@@Z 004205e3 f i password.obj
 0001:0001f5fd       ?createfont@PW_GRID_CLASS@@AAEXXZ 004205fd f   password.obj
 0001:0001f6cc       ?default_level@PASSWORD_CLASS@@QAEJXZ 004206cc f   password.obj
 0001:0001f6ef       ?default_password_level@@YAHXZ 004206ef f   password.obj
 0001:0001f71e       ?delete_row@PW_GRID_CLASS@@QAEXXZ 0042071e f   password.obj
 0001:0001f75a       ?edit_passwords_proc@@YGHPAUHWND__@@IIJ@Z 0042075a f   password.obj
 0001:0001f8ad       ?encrypt_password@@YAXPAD@Z 004208ad f   password.obj
 0001:0001f8f4       ?enter_password_proc@@YGHPAUHWND__@@IIJ@Z 004208f4 f   password.obj
 0001:00020525       ?fill_grid@PW_GRID_CLASS@@QAEXXZ 00421525 f   password.obj
 0001:00020605       ?find@PASSWORD_CLASS@@QAEJPAD@Z 00421605 f   password.obj
 0001:0002068b       ?highest_level@PASSWORD_CLASS@@QAEJXZ 0042168b f   password.obj
 0001:000206ad       ?ini_name@@YAPADPBD@Z      004216ad f   password.obj
 0001:000206da       ?insert_row@PW_GRID_CLASS@@QAEXXZ 004216da f   password.obj
 0001:00020768       ?load@PASSWORD_CLASS@@QAE_NXZ 00421768 f   password.obj
 0001:00020ae4       ?save@PASSWORD_CLASS@@QAE_NXZ 00421ae4 f   password.obj
 0001:00021971       ?set_default_password_level@@YAX_N@Z 00422971 f   password.obj
 0001:00021bea       ?set_row_colors@PW_GRID_CLASS@@QAEXXZ 00422bea f   password.obj
 0001:00021c38       ?set_row_numbers@PW_GRID_CLASS@@QAEXXZ 00422c38 f   password.obj
 0001:00021ca1       ?setsize@PASSWORD_CLASS@@QAE_NJ@Z 00422ca1 f   password.obj
 0001:00021de9       ??0MACHINE_CLASS@@QAE@ABV0@@Z 00422de9 f i plot.obj
 0001:00021f08       ??0MULTIPART_RUNLIST_SETTINGS_CLASS@@QAE@ABV0@@Z 00422f08 f i plot.obj
 0001:00021f81       ?fill_differential_curve@@YAEVMACHINE_CLASS@@AAVPART_CLASS@@@Z 00422f81 f   plot.obj
 0001:000221ef       ?load_profile@@YAXPAD@Z    004231ef f   plot.obj
 0001:00022245       ?load_profile@@YAXPAUPROFILE_NAME_ENTRY@@@Z 00423245 f   plot.obj
 0001:0002228a       ?load_profile@@YAXXZ       0042328a f   plot.obj
 0001:000222e2       ?load_reference_trace@@YAEXZ 004232e2 f   plot.obj
 0001:00022e9d       ?load@REALTIME_MACHINE_LIST_CLASS@@QAEEXZ 00423e9d f   rtmlist.obj
 0001:00022fcd       ?realtime_machine_list_proc@@YGHPAUHWND__@@IIJ@Z 00423fcd f   rtmlist.obj
 0001:0002312d       ?save@REALTIME_MACHINE_LIST_CLASS@@QAEEXZ 0042412d f   rtmlist.obj
 0001:0002335d       ?sub_proc@@YGJPAUHWND__@@IIJ@Z 0042435d f   rtmlist.obj
 0001:000234b5       ?toggle_profile_save_flags@@YAXXZ 004244b5 f   savepro.obj
 0001:000235c7       ??0STATUS_SCREEN_ROW_ENTRY@@QAE@XZ 004245c7 f   status.obj
 0001:00023645       ??1STATUS_SCREEN_ROW_ENTRY@@QAE@XZ 00424645 f i status.obj
 0001:00023686       ??_ESTATUS_SCREEN_COLUMN_ENTRY@@QAEPAXI@Z 00424686 f i status.obj
 0001:000236dd       ??_ESTATUS_SCREEN_ROW_ENTRY@@QAEPAXI@Z 004246dd f i status.obj
 0001:00023738       ?add_down_seconds@STATUS_SCREEN_ROW_ENTRY@@QAEXAAVDOWNTIME_RECORD_CLASS@@0@Z 00424738 f   status.obj
 0001:000237bc       ?begin_status_display@@YAEXZ 004247bc f   status.obj
 0001:000237d7       ?choose_status_screen_font@@YAXXZ 004247d7 f   status.obj
 0001:00023e9b       ?end_status_display@@YAXXZ 00424e9b f   status.obj
 0001:00023f6d       ?get@STATUS_SCREEN_COLUMN_ENTRY@@QAEEPBD@Z 00424f6d f   status.obj
 0001:0002400a       ?get_alarm_summary_info@STATUS_SCREEN_ROW_ENTRY@@QAEXXZ 0042500a f   status.obj
 0001:0002407b       ?get_downtime_status@STATUS_SCREEN_ROW_ENTRY@@QAEXXZ 0042507b f   status.obj
 0001:0002412c       ?get_shot_info@STATUS_SCREEN_ROW_ENTRY@@QAEXXZ 0042512c f   status.obj
 0001:00024212       ?paint_status_display@@YAXAAUtagPAINTSTRUCT@@@Z 00425212 f   status.obj
 0001:000242a7       ?put@STATUS_SCREEN_COLUMN_ENTRY@@QAEPADXZ 004252a7 f   status.obj
 0001:00024322       ?read_alarm_info@STATUS_SCREEN_ROW_ENTRY@@QAEXXZ 00425322 f   status.obj
 0001:000244d1       ?read_downtimes@STATUS_SCREEN_ROW_ENTRY@@QAEXXZ 004254d1 f   status.obj
 0001:00024791       ?read_parameters@STATUS_SCREEN_ROW_ENTRY@@QAEXXZ 00425791 f   status.obj
 0001:00024803       ?save_status_config@@YAXXZ 00425803 f   status.obj
 0001:00024a8f       ?show_one_row@@YAXPAUHDC__@@H@Z 00425a8f f   status.obj
 0001:00025206       ?status_screen_down_data_change@@YAXAAVSTRING_CLASS@@PAD1@Z 00426206 f   status.obj
 0001:000252e5       ?status_screen_left_button_up@@YAXAAUtagPOINT@@@Z 004262e5 f   status.obj
 0001:00025577       ?status_screen_new_machine_status@@YAXAAVSTRING_CLASS@@G@Z 00426577 f   status.obj
 0001:0002561f       ?status_screen_new_shot@@YAXAAVSTRING_CLASS@@@Z 0042661f f   status.obj
 0001:000256bb       ?status_screen_timer_update@@YAXXZ 004266bb f   status.obj
 0001:0002585a       ??0FIXED_PARAM_CLASS@@QAE@XZ 0042685a f   tcconfig.obj
 0001:00025870       ??0TREND_CONFIG_CLASS@@QAE@XZ 00426870 f   tcconfig.obj
 0001:000258ca       ??1TREND_CONFIG_CLASS@@QAE@XZ 004268ca f   tcconfig.obj
 0001:000258de       ??4TREND_CONFIG_CLASS@@QAEXABV0@@Z 004268de f   tcconfig.obj
 0001:0002596c       ??8TREND_CONFIG_CLASS@@QAEEABV0@@Z 0042696c f   tcconfig.obj
 0001:000259ff       ??9TREND_CONFIG_CLASS@@QAEEABV0@@Z 004269ff f   tcconfig.obj
 0001:00025ddb       ?get_from_line@FIXED_PARAM_CLASS@@QAEXPAD@Z 00426ddb f   tcconfig.obj
 0001:00025e9e       ?get_from_screen@TREND_SCREEN_CONFIG_CLASS@@QAEXPAUHWND__@@@Z 00426e9e f   tcconfig.obj
 0001:00025fb3       ?lbline@FIXED_PARAM_CLASS@@QAEPADPAD@Z 00426fb3 f   tcconfig.obj
 0001:0002601d       ?n_visible@TREND_CONFIG_CLASS@@QAEJXZ 0042701d f   tcconfig.obj
 0001:00026030       ?put_to_screen@TREND_SCREEN_CONFIG_CLASS@@QAEXPAUHWND__@@@Z 00427030 f   tcconfig.obj
 0001:000260ff       ?read@FIXED_PARAM_CLASS@@QAEXPAD@Z 004270ff f   tcconfig.obj
 0001:0002623d       ?read@TREND_CONFIG_CLASS@@QAEXXZ 0042723d f   tcconfig.obj
 0001:00026706       ?set@INT32_ARRAY_CLASS@@UAEXJ@Z 00427706 f i tcconfig.obj
 0001:000268bb       ?tc_visible_dialog_proc@@YGHPAUHWND__@@IIJ@Z 004278bb f   tcconfig.obj
 0001:00026911       ?trend_config_dialog_proc@@YGHPAUHWND__@@IIJ@Z 00427911 f   tcconfig.obj
 0001:00026a83       ?write@FIXED_PARAM_CLASS@@QAEXPAD@Z 00427a83 f   tcconfig.obj
 0001:00026b3c       ?write@TREND_CONFIG_CLASS@@QAEXXZ 00427b3c f   tcconfig.obj
 0001:00026d42       ?write_from_line@FIXED_PARAM_CLASS@@QAEXPAD@Z 00427d42 f   tcconfig.obj
 0001:00026dab       ??0STAT_ENTRY@@QAE@XZ      00427dab f   trend.obj
 0001:00026dd2       ?add@STAT_ENTRY@@QAEXM@Z   00427dd2 f   trend.obj
 0001:00026e8a       ?avg@STAT_ENTRY@@QAEMXZ    00427e8a f   trend.obj
 0001:00026ec8       ?begin_trend_display@@YAEXZ 00427ec8 f   trend.obj
 0001:00026f20       ?celltext@@YAPADJJ@Z       00427f20 f   trend.obj
 0001:000270bf       ?do_new_control_limits@@YAXXZ 004280bf f   trend.obj
 0001:000270c9       ?do_new_tc_config@@YAXI@Z  004280c9 f   trend.obj
 0001:0002743c       ?end_trend_display@@YAXXZ  0042843c f   trend.obj
 0001:000274fc       ?get_nof_points_from_shot_range@@YAJAAJ@Z 004284fc f   trend.obj
 0001:00028392       ?mouse_to_trend@@YAXJJ@Z   00429392 f   trend.obj
 0001:00028453       ?paint_trend_display@@YAXABUtagRECT@@@Z 00429453 f   trend.obj
 0001:00028831       ?percent_out@STAT_ENTRY@@QAEMXZ 00429831 f   trend.obj
 0001:00028872       ?print_statistical_summary@@YAXABUtagRECT@@@Z 00429872 f   trend.obj
 0001:00028ed6       ?reload_tc_data@@YAXXZ     00429ed6 f   trend.obj
 0001:00028f08       ?save_control_limits@@YAXXZ 00429f08 f   trend.obj
 0001:000291c4       ?show_one_parameter@@YAXJ@Z 0042a1c4 f   trend.obj
 0001:00029261       ?stdev@STAT_ENTRY@@QAEMXZ  0042a261 f   trend.obj
 0001:00029314       ?trend_allshots@@YAXXZ     0042a314 f   trend.obj
 0001:00029508       ?trend_escape@@YAXXZ       0042a508 f   trend.obj
 0001:00029529       ?trend_left_button_up@@YAXAAUtagPOINT@@@Z 0042a529 f   trend.obj
 0001:00029639       ?trend_realtime@@YAXXZ     0042a639 f   trend.obj
 0001:0002967b       ?trend_screen_new_shot@@YAXXZ 0042a67b f   trend.obj
 0001:000298b4       ?trend_screen_reset@@YAXXZ 0042a8b4 f   trend.obj
 0001:000298cd       ?z@STAT_ENTRY@@QAEMM@Z     0042a8cd f   trend.obj
 0001:00029b69       ?fill_view_parameters_listbox@@YAXXZ 0042ab69 f   viewpara.obj
 0001:00029c3c       ?position_view_parameters_window@@YAXXZ 0042ac3c f   viewpara.obj
 0001:00029dbf       ?view_parameters_dialog_proc@@YGHPAUHWND__@@IIJ@Z 0042adbf f   viewpara.obj
 0001:00029e4b       ??0VIRTUAL_LISTBOX_CLASS@@QAE@XZ 0042ae4b f   vlbclass.obj
 0001:00029e7c       ?do_keypress@VIRTUAL_LISTBOX_CLASS@@QAEHHH@Z 0042ae7c f   vlbclass.obj
 0001:00029f4c       ?do_select@VIRTUAL_LISTBOX_CLASS@@QAEXXZ 0042af4c f   vlbclass.obj
 0001:00029f6b       ?do_vscroll@VIRTUAL_LISTBOX_CLASS@@QAEXI@Z 0042af6b f   vlbclass.obj
 0001:00029fd1       ?fill_listbox@VIRTUAL_LISTBOX_CLASS@@QAEXXZ 0042afd1 f   vlbclass.obj
 0001:0002a060       ?goto_end@VIRTUAL_LISTBOX_CLASS@@QAEXXZ 0042b060 f   vlbclass.obj
 0001:0002a080       ?scroll_down_one_line@VIRTUAL_LISTBOX_CLASS@@QAEXXZ 0042b080 f   vlbclass.obj
 0001:0002a0aa       ?scroll_down_one_page@VIRTUAL_LISTBOX_CLASS@@QAEXXZ 0042b0aa f   vlbclass.obj
 0001:0002a0e9       ?scroll_up_one_line@VIRTUAL_LISTBOX_CLASS@@QAEXXZ 0042b0e9 f   vlbclass.obj
 0001:0002a106       ?scroll_up_one_page@VIRTUAL_LISTBOX_CLASS@@QAEXXZ 0042b106 f   vlbclass.obj
 0001:0002a141       ?set_scrollbar@VIRTUAL_LISTBOX_CLASS@@QAEXXZ 0042b141 f   vlbclass.obj
 0001:0002a19a       ?set_scrollbar_pos@VIRTUAL_LISTBOX_CLASS@@QAEXXZ 0042b19a f   vlbclass.obj
 0001:0002a1e3       ?shutdown@VIRTUAL_LISTBOX_CLASS@@QAEXXZ 0042b1e3 f   vlbclass.obj
 0001:0002a1fc       ?startup@VIRTUAL_LISTBOX_CLASS@@QAEEPADFPAUHWND__@@IIP6APADAAVDB_TABLE@@@Z@Z 0042b1fc f   vlbclass.obj
 0001:0002a28b       ??0X_AXIS_CLASS@@QAE@XZ    0042b28b f   xaxis.obj
 0001:0002a313       ??1X_AXIS_CLASS@@QAE@XZ    0042b313 f   xaxis.obj
 0001:0002a34a       ??ASHOT_ARRAY_CLASS@@QAEAAVSHOT_DATA_ENTRY@@J@Z 0042b34a f   xaxis.obj
 0001:0002a39f       ??_ESHOT_DATA_ENTRY@@QAEPAXI@Z 0042b39f f i xaxis.obj
 0001:0002a3f4       ?cleanup@SHOT_ARRAY_CLASS@@QAEXXZ 0042b3f4 f   xaxis.obj
 0001:0002a418       ?draw_line@X_AXIS_CLASS@@AAEXHHHH@Z 0042b418 f   xaxis.obj
 0001:0002a443       ?info_box_x_position@X_AXIS_CLASS@@AAEJJ@Z 0042b443 f   xaxis.obj
 0001:0002a469       ?init@SHOT_ARRAY_CLASS@@UAEEJ@Z 0042b469 f   xaxis.obj
 0001:0002a4ed       ?init@X_AXIS_CLASS@@UAEEJ@Z 0042b4ed f   xaxis.obj
 0001:0002a4f2       ?left_shift@SHOT_ARRAY_CLASS@@QAEJAAVSHOT_DATA_ENTRY@@@Z 0042b4f2 f   xaxis.obj
 0001:0002a590       ?left_shift@SHOT_ARRAY_CLASS@@QAEJAAVSTRING_CLASS@@AAU_SYSTEMTIME@@@Z 0042b590 f   xaxis.obj
 0001:0002a5d9       ?left_shift@X_AXIS_CLASS@@QAEXAAVSTRING_CLASS@@AAU_SYSTEMTIME@@@Z 0042b5d9 f   xaxis.obj
 0001:0002a6b8       ?max_shot_name@SHOT_ARRAY_CLASS@@QAEEAAVSTRING_CLASS@@@Z 0042b6b8 f   xaxis.obj
 0001:0002a710       ?min_shot_name@SHOT_ARRAY_CLASS@@QAEEAAVSTRING_CLASS@@@Z 0042b710 f   xaxis.obj
 0001:0002a768       ?next@DATA_ARRAY_CLASS@@QAEEXZ 0042b768 f   mplot.obj
 0001:0002a768       ?next@SHOT_ARRAY_CLASS@@QAEEXZ 0042b768 f   xaxis.obj
 0001:0002a787       ?next_set@SHOT_ARRAY_CLASS@@QAEEXZ 0042b787 f   xaxis.obj
 0001:0002a787       ?next_set@DATA_ARRAY_CLASS@@QAEEXZ 0042b787 f   mplot.obj
 0001:0002a7a6       ?paint@X_AXIS_CLASS@@QAEEPAUHDC__@@@Z 0042b7a6 f   xaxis.obj
 0001:0002aa4f       ?restore_info_box@X_AXIS_CLASS@@QAEEPAUHDC__@@@Z 0042ba4f f   xaxis.obj
 0001:0002aa57       ?set@SHOT_ARRAY_CLASS@@QAEEAAVSTRING_CLASS@@AAU_SYSTEMTIME@@@Z 0042ba57 f   xaxis.obj
 0001:0002aaa6       ?set@X_AXIS_CLASS@@QAEXAAVSTRING_CLASS@@AAU_SYSTEMTIME@@@Z 0042baa6 f   xaxis.obj
 0001:0002aafd       ?set_bitmap_size@X_AXIS_CLASS@@QAEXH@Z 0042bafd f   xaxis.obj
 0001:0002abf8       ?show_info_box@X_AXIS_CLASS@@QAEEPAUHDC__@@JJE@Z 0042bbf8 f   xaxis.obj
 0001:0002adb6       ?x_index@X_AXIS_CLASS@@QAEJJ@Z 0042bdb6 f   xaxis.obj
 0001:0002ae1a       ?x_pos@X_AXIS_CLASS@@QAEJJ@Z 0042be1a f   xaxis.obj
 0001:0002ae52       ?x_pos_from_index@X_AXIS_CLASS@@QAEJJ@Z 0042be52 f   xaxis.obj
 0001:0002b649       ?xdcr_proc@@YGJPAUHWND__@@IIJ@Z 0042c649 f   xdcrplot.obj
 0001:0002b784       _DdeGetData@16             0042c784 f   user32:USER32.dll
 0001:0002b78a       _OpenPrinterA@12           0042c78a f   winspool:WINSPOOL.DRV
 0001:0002b790       _GetPrinterA@20            0042c790 f   winspool:WINSPOOL.DRV
 0001:0002b796       _ClosePrinter@4            0042c796 f   winspool:WINSPOOL.DRV
 0001:0002b79c       ?directory_exists@@YAEPAD@Z 0042c79c f   v5subs:exists.obj
 0001:0002b7bf       ?disk_is_in_drive@@YAEPAD@Z 0042c7bf f   v5subs:exists.obj
 0001:0002b7f7       ?file_exists@@YAEPAD@Z     0042c7f7 f   v5subs:exists.obj
 0001:0002b888       ?get_drive_name@@YAEPAD@Z  0042c888 f   v5subs:exists.obj
 0001:0002b8b8       ?is_removable@@YAEPAD@Z    0042c8b8 f   v5subs:exists.obj
 0001:0002b8e2       ?char_to_tchar@@YAXPAD0H@Z 0042c8e2 f   v5subs:mem.obj
 0001:0002b91c       ?charlen@@YAFPBDF@Z        0042c91c f   v5subs:mem.obj
 0001:0002b93f       ?compare@@YAFPBD0@Z        0042c93f f   v5subs:mem.obj
 0001:0002b9ba       ?compare@@YAFPBD0F@Z       0042c9ba f   v5subs:mem.obj
 0001:0002ba1e       ?copy_w_char@@YAPADPAD0D@Z 0042ca1e f   v5subs:mem.obj
 0001:0002ba35       ?copychars@@YAXPADPBDF@Z   0042ca35 f   v5subs:mem.obj
 0001:0002ba57       ?copyfromstr@@YAXPADPBDF@Z 0042ca57 f   v5subs:mem.obj
 0001:0002ba97       ?copystring@@YAPADPADPBD@Z 0042ca97 f   v5subs:mem.obj
 0001:0002bad0       ?copystring@@YAPADPADPBDH@Z 0042cad0 f   v5subs:mem.obj
 0001:0002bb15       ?countchars@@YAJDPBD@Z     0042cb15 f   v5subs:mem.obj
 0001:0002bb36       ?fillchars@@YAXPADDF@Z     0042cb36 f   v5subs:mem.obj
 0001:0002bb55       ?find_last_string@@YAPADPBDPAD@Z 0042cb55 f   v5subs:mem.obj
 0001:0002bbef       ?findchar@@YAPADDPADF@Z    0042cbef f   v5subs:mem.obj
 0001:0002bc1a       ?findchar@@YAPBDDPBD@Z     0042cc1a f   v5subs:mem.obj
 0001:0002bc1a       ?findchar@@YAPADDPAD@Z     0042cc1a f   v5subs:mem.obj
 0001:0002bc36       ?findstring@@YAPADPBDPAD@Z 0042cc36 f   v5subs:mem.obj
 0001:0002bca5       ?maketext@@YAPADJ@Z        0042cca5 f   v5subs:mem.obj
 0001:0002bcbe       ?maketext@@YAPADPBD@Z      0042ccbe f   v5subs:mem.obj
 0001:0002bccc       ?maketext@@YAPADPBDJ@Z     0042cccc f   v5subs:mem.obj
 0001:0002bcff       ?move_string_forward@@YAXPADH@Z 0042ccff f   v5subs:mem.obj
 0001:0002bd2f       ?nextstring@@YAPADPAD@Z    0042cd2f f   v5subs:mem.obj
 0001:0002bd40       ?remove_all_occurances@@YAXPADD@Z 0042cd40 f   v5subs:mem.obj
 0001:0002bd6d       ?remove_char@@YAXPAD@Z     0042cd6d f   v5subs:mem.obj
 0001:0002bd88       ?replace_char_with_null@@YAEPADD@Z 0042cd88 f   v5subs:mem.obj
 0001:0002bdb5       ?replace_char_with_null@@YAEPADPBD@Z 0042cdb5 f   v5subs:mem.obj
 0001:0002bdf3       ?replace_tab_with_null@@YAEPAD@Z 0042cdf3 f   v5subs:mem.obj
 0001:0002be07       ?start_chars_are_equal@@YA_NPBD0@Z 0042ce07 f   v5subs:mem.obj
 0001:0002be32       ?strings_are_equal@@YAEPBD0@Z 0042ce32 f   v5subs:mem.obj
 0001:0002be67       ?strings_are_equal@@YAEPBD0F@Z 0042ce67 f   v5subs:mem.obj
 0001:0002be83       ?strip@@YAXPAD@Z           0042ce83 f   v5subs:mem.obj
 0001:0002beb0       ?tchar_to_int@@YAHD@Z      0042ceb0 f   v5subs:mem.obj
 0001:0002bec5       ?trim@@YAXPAD@Z            0042cec5 f   v5subs:mem.obj
 0001:0002bef3       ?upper_case@@YAXAAD@Z      0042cef3 f   v5subs:mem.obj
 0001:0002bf14       ?upper_case@@YAXPAD@Z      0042cf14 f   v5subs:mem.obj
 0001:0002bf3d       ?utoi@@YAHI@Z              0042cf3d f   v5subs:mem.obj
 0001:0002bf42       ?asctoint32@@YAJPBD@Z      0042cf42 f   v5subs:extract.obj
 0001:0002bf42       ?asctoint@@YAHPBD@Z        0042cf42 f   v5subs:extract.obj
 0001:0002bf5f       ?asctoul@@YAKPBD@Z         0042cf5f f   v5subs:extract.obj
 0001:0002bf7c       ?extdouble@@YANPBD@Z       0042cf7c f   v5subs:extract.obj
 0001:0002bf93       ?extdouble@@YANPBDF@Z      0042cf93 f   v5subs:extract.obj
 0001:0002bffb       ?extfloat@@YAMPBD@Z        0042cffb f   v5subs:extract.obj
 0001:0002c020       ?extlong@@YAJPBDFH@Z       0042d020 f   v5subs:extract.obj
 0001:0002c086       ?extshort@@YAFPBDF@Z       0042d086 f   v5subs:extract.obj
 0001:0002c086       ?extlong@@YAJPBDF@Z        0042d086 f   v5subs:extract.obj
 0001:0002c099       ?extul@@YAKPBDFH@Z         0042d099 f   v5subs:extract.obj
 0001:0002c0ff       ?is_real_char@@YAED@Z      0042d0ff f   v5subs:extract.obj
 0001:0002c1a2       ?int32toasc@@YAPADJ@Z      0042d1a2 f   v5subs:itoasc.obj
 0001:0002c1bb       ?int32toasc@@YAXPADJJ@Z    0042d1bb f   v5subs:itoasc.obj
 0001:0002c1fc       ?ultoascii@@YAPADKK@Z      0042d1fc f   v5subs:itoasc.obj
 0001:0002c217       ?ultoascii@@YAXPADKK@Z     0042d217 f   v5subs:itoasc.obj
 0001:0002c246       ??0STRING_CLASS@@QAE@ABV0@@Z 0042d246 f   v5subs:stringcl.obj
 0001:0002c262       ??0STRING_CLASS@@QAE@XZ    0042d262 f   v5subs:stringcl.obj
 0001:0002c26c       ??1STRING_CLASS@@QAE@XZ    0042d26c f   v5subs:stringcl.obj
 0001:0002c271       ??4STRING_CLASS@@QAEXABV0@@Z 0042d271 f   v5subs:stringcl.obj
 0001:0002c280       ??4STRING_CLASS@@QAEXD@Z   0042d280 f   v5subs:stringcl.obj
 0001:0002c297       ??4STRING_CLASS@@QAEXE@Z   0042d297 f   v5subs:stringcl.obj
 0001:0002c2b2       ??4STRING_CLASS@@QAEXH@Z   0042d2b2 f   v5subs:stringcl.obj
 0001:0002c2da       ??4STRING_CLASS@@QAEXN@Z   0042d2da f   v5subs:stringcl.obj
 0001:0002c309       ??4STRING_CLASS@@QAEXPBD@Z 0042d309 f   v5subs:stringcl.obj
 0001:0002c354       ??8STRING_CLASS@@QAEEABV0@@Z 0042d354 f   v5subs:stringcl.obj
 0001:0002c37c       ??8STRING_CLASS@@QAEEPBD@Z 0042d37c f   v5subs:stringcl.obj
 0001:0002c3a3       ??MSTRING_CLASS@@QAEEABV0@@Z 0042d3a3 f   v5subs:stringcl.obj
 0001:0002c3ca       ??OSTRING_CLASS@@QAEEABV0@@Z 0042d3ca f   v5subs:stringcl.obj
 0001:0002c3f1       ??YSTRING_CLASS@@QAEXABV0@@Z 0042d3f1 f   v5subs:stringcl.obj
 0001:0002c400       ??YSTRING_CLASS@@QAEXD@Z   0042d400 f   v5subs:stringcl.obj
 0001:0002c433       ??YSTRING_CLASS@@QAEXH@Z   0042d433 f   v5subs:stringcl.obj
 0001:0002c46a       ??YSTRING_CLASS@@QAEXI@Z   0042d46a f   v5subs:stringcl.obj
 0001:0002c4a1       ??YSTRING_CLASS@@QAEXN@Z   0042d4a1 f   v5subs:stringcl.obj
 0001:0002c4df       ??YSTRING_CLASS@@QAEXPBD@Z 0042d4df f   v5subs:stringcl.obj
 0001:0002c520       ??YSTRING_CLASS@@QAEXE@Z   0042d520 f   v5subs:stringcl.obj
 0001:0002c520       ??YSTRING_CLASS@@QAEX_N@Z  0042d520 f   v5subs:stringcl.obj
 0001:0002c53b       ?acquire@STRING_CLASS@@QAEEAAV1@@Z 0042d53b f   v5subs:stringcl.obj
 0001:0002c569       ?add_finalchar@STRING_CLASS@@AAEXPAD0@Z 0042d569 f   v5subs:stringcl.obj
 0001:0002c592       ?boolean_value@STRING_CLASS@@QAEEXZ 0042d592 f   v5subs:stringcl.obj
 0001:0002c5b1       ?cat_path@STRING_CLASS@@QAEXPBD@Z 0042d5b1 f   v5subs:stringcl.obj
 0001:0002c61d       ?cat_w_char@STRING_CLASS@@QAEXPBDD@Z 0042d61d f   v5subs:stringcl.obj
 0001:0002c672       ?compare@STRING_CLASS@@QAEHPAD@Z 0042d672 f   v5subs:stringcl.obj
 0001:0002c69e       ?contains@STRING_CLASS@@QAE_ND@Z 0042d69e f   v5subs:stringcl.obj
 0001:0002c6af       ?contains@STRING_CLASS@@QAE_NPBD@Z 0042d6af f   v5subs:stringcl.obj
 0001:0002c6c0       ?empty@STRING_CLASS@@QAEXXZ 0042d6c0 f   v5subs:stringcl.obj
 0001:0002c6db       ?find@STRING_CLASS@@QAEPADD@Z 0042d6db f   v5subs:stringcl.obj
 0001:0002c704       ?find@STRING_CLASS@@QAEPADPBD@Z 0042d704 f   v5subs:stringcl.obj
 0001:0002c722       ?findlast@STRING_CLASS@@QAEPADPBD@Z 0042d722 f   v5subs:stringcl.obj
 0001:0002c740       ?get_text@STRING_CLASS@@QAE_NPAUHWND__@@@Z 0042d740 f   v5subs:stringcl.obj
 0001:0002c794       ?init@STRING_CLASS@@QAEEJ@Z 0042d794 f   v5subs:stringcl.obj
 0001:0002c7d8       ?isempty@STRING_CLASS@@QAEEXZ 0042d7d8 f   v5subs:stringcl.obj
 0001:0002c7f4       ?isnumeric@STRING_CLASS@@QAEEXZ 0042d7f4 f   v5subs:stringcl.obj
 0001:0002c87d       ?last_char@STRING_CLASS@@QAEPADXZ 0042d87d f   v5subs:stringcl.obj
 0001:0002c895       ?len@STRING_CLASS@@QAEJXZ  0042d895 f   v5subs:stringcl.obj
 0001:0002c8a8       ?next_field@STRING_CLASS@@QAE_ND@Z 0042d8a8 f   v5subs:stringcl.obj
 0001:0002c9c8       ?next_field@STRING_CLASS@@QAE_NXZ 0042d9c8 f   v5subs:stringcl.obj
 0001:0002c9d6       ?null@STRING_CLASS@@QAEXXZ 0042d9d6 f   v5subs:stringcl.obj
 0001:0002c9f6       ?null_first_control_char@STRING_CLASS@@QAEXXZ 0042d9f6 f   v5subs:stringcl.obj
 0001:0002ca1c       ?real_value@STRING_CLASS@@QAENXZ 0042da1c f   v5subs:stringcl.obj
 0001:0002ca73       ?release@STRING_CLASS@@QAEPADXZ 0042da73 f   v5subs:stringcl.obj
 0001:0002ca7e       ?remove_all_occurances@STRING_CLASS@@QAEHD@Z 0042da7e f   v5subs:stringcl.obj
 0001:0002cabd       ?remove_leading_chars@STRING_CLASS@@QAEHD@Z 0042dabd f   v5subs:stringcl.obj
 0001:0002cafa       ?replace@STRING_CLASS@@QAEEDD@Z 0042dafa f   v5subs:stringcl.obj
 0001:0002cb26       ?replace@STRING_CLASS@@QAEEPBD0@Z 0042db26 f   v5subs:stringcl.obj
 0001:0002cbdb       ?replace_all@STRING_CLASS@@QAEHDD@Z 0042dbdb f   v5subs:stringcl.obj
 0001:0002cc09       ?rjust@STRING_CLASS@@QAEEJ@Z 0042dc09 f   v5subs:stringcl.obj
 0001:0002cc1d       ?rjust@STRING_CLASS@@QAEEJD@Z 0042dc1d f   v5subs:stringcl.obj
 0001:0002cc6c       ?set_text@STRING_CLASS@@QAE_NPAUHWND__@@@Z 0042dc6c f   v5subs:stringcl.obj
 0001:0002cc91       ?strip@STRING_CLASS@@QAEXXZ 0042dc91 f   v5subs:stringcl.obj
 0001:0002ccea       ?strip_crlf@STRING_CLASS@@QAEXXZ 0042dcea f   v5subs:stringcl.obj
 0001:0002cd2d       ?uppercase@STRING_CLASS@@QAEXXZ 0042dd2d f   v5subs:stringcl.obj
 0001:0002cd3d       ?upsize@STRING_CLASS@@QAEEJ@Z 0042dd3d f   v5subs:stringcl.obj
 0001:0002cd91       ?add_ending_backslash@NAME_CLASS@@QAEXXZ 0042dd91 f   v5subs:nameclas.obj
 0001:0002cdc4       ?convert_to_data_dir@NAME_CLASS@@QAEEXZ 0042ddc4 f   v5subs:nameclas.obj
 0001:0002ce09       ?copyto@NAME_CLASS@@QAEEAAVSTRING_CLASS@@@Z 0042de09 f   v5subs:nameclas.obj
 0001:0002ce38       ?ensure_file_directory_existance@NAME_CLASS@@QAEEXZ 0042de38 f   v5subs:nameclas.obj
 0001:0002cea1       ?find_extension@NAME_CLASS@@QAEPADXZ 0042dea1 f   v5subs:nameclas.obj
 0001:0002cee7       ?get_data_dir_file_name@NAME_CLASS@@QAEEAAVSTRING_CLASS@@PBD@Z 0042dee7 f   v5subs:nameclas.obj
 0001:0002cf2a       ?get_data_dir_file_name@NAME_CLASS@@QAEEPBD@Z 0042df2a f   v5subs:nameclas.obj
 0001:0002cf47       ?get_display_dir_file_name@NAME_CLASS@@QAEEAAVSTRING_CLASS@@0PBD@Z 0042df47 f   v5subs:nameclas.obj
 0001:0002cfa4       ?get_exe_dir_file_name@NAME_CLASS@@QAEEAAVSTRING_CLASS@@PBD@Z 0042dfa4 f   v5subs:nameclas.obj
 0001:0002cfea       ?get_exe_dir_file_name@NAME_CLASS@@QAEEPBD@Z 0042dfea f   v5subs:nameclas.obj
 0001:0002d023       ?get_file_name@NAME_CLASS@@QAEEAAVSTRING_CLASS@@@Z 0042e023 f   v5subs:nameclas.obj
 0001:0002d03d       ?get_file_name@NAME_CLASS@@QAEEPAD@Z 0042e03d f   v5subs:nameclas.obj
 0001:0002d0ce       ?get_log_dir_file_name@NAME_CLASS@@QAEEPBD@Z 0042e0ce f   v5subs:nameclas.obj
 0001:0002d107       ?get_machine_dir_file_name@NAME_CLASS@@QAEEAAVSTRING_CLASS@@0PBD@Z 0042e107 f   v5subs:nameclas.obj
 0001:0002d150       ?get_machine_list_file_name@NAME_CLASS@@QAEEAAVSTRING_CLASS@@@Z 0042e150 f   v5subs:nameclas.obj
 0001:0002d1b3       ?get_machine_results_dir_file_name@NAME_CLASS@@QAEEAAVSTRING_CLASS@@0PBD@Z 0042e1b3 f   v5subs:nameclas.obj
 0001:0002d1f1       ?get_part_dir_file_name@NAME_CLASS@@QAEEAAVSTRING_CLASS@@00PBD@Z 0042e1f1 f   v5subs:nameclas.obj
 0001:0002d23d       ?get_part_results_dir_file_name@NAME_CLASS@@QAEEAAVSTRING_CLASS@@00PBD@Z 0042e23d f   v5subs:nameclas.obj
 0001:0002d27e       ?get_profile_name@NAME_CLASS@@QAEEAAVSTRING_CLASS@@00PBD1@Z 0042e27e f   v5subs:nameclas.obj
 0001:0002d329       ?get_static_text_parameters_csvname@NAME_CLASS@@QAEEAAVSTRING_CLASS@@00@Z 0042e329 f   v5subs:nameclas.obj
 0001:0002d342       ?get_stringtable_name@NAME_CLASS@@QAEEPBD@Z 0042e342 f   v5subs:nameclas.obj
 0001:0002d393       ?moveto@NAME_CLASS@@QAEEAAVSTRING_CLASS@@@Z 0042e393 f   v5subs:nameclas.obj
 0001:0002d3c0       ?remove_ending_filename@NAME_CLASS@@QAEEXZ 0042e3c0 f   v5subs:nameclas.obj
 0001:0002d3e6       ?remove_extension@NAME_CLASS@@QAEEXZ 0042e3e6 f   v5subs:nameclas.obj
 0001:0002d3fd       ?replace_extension@NAME_CLASS@@QAEXPAD@Z 0042e3fd f   v5subs:nameclas.obj
 0001:0002d42b       ??0ANALOG_SENSOR@@QAE@XZ   0042e42b f   v5subs:asensor.obj
 0001:0002d431       ??0ANALOG_SENSOR_ENTRY@@QAE@XZ 0042e431 f   v5subs:asensor.obj
 0001:0002d481       ??1ANALOG_SENSOR_ENTRY@@QAE@XZ 0042e481 f   v5subs:asensor.obj
 0001:0002d4ad       ??AANALOG_SENSOR@@QAEAAUANALOG_SENSOR_ENTRY@@H@Z 0042e4ad f   v5subs:asensor.obj
 0001:0002d4d0       ??_EANALOG_SENSOR_ENTRY@@QAEPAXI@Z 0042e4d0 f i v5subs:asensor.obj
 0001:0002d525       ?converted_value@ANALOG_SENSOR_ENTRY@@QAENI@Z 0042e525 f   v5subs:asensor.obj
 0001:0002d559       ?get@ANALOG_SENSOR@@SAEXZ  0042e559 f   v5subs:asensor.obj
 0001:0002d757       ?get@ANALOG_SENSOR_ENTRY@@QAEEPAD@Z 0042e757 f   v5subs:asensor.obj
 0001:0002d8b4       ?raw_count@ANALOG_SENSOR_ENTRY@@QAENN@Z 0042e8b4 f   v5subs:asensor.obj
 0001:0002d8f7       ?shutdown@ANALOG_SENSOR@@SAXXZ 0042e8f7 f   v5subs:asensor.obj
 0001:0002d8fc       ?update@ANALOG_SENSOR_ENTRY@@QAEEXZ 0042e8fc f   v5subs:asensor.obj
 0001:0002d9ea       ??0AUTO_BACKUP_CLASS@@QAE@XZ 0042e9ea f   v5subs:autoback.obj
 0001:0002d9fc       ??1AUTO_BACKUP_CLASS@@QAE@XZ 0042e9fc f   v5subs:autoback.obj
 0001:0002da02       ?backup_data_dir@AUTO_BACKUP_CLASS@@QAEEXZ 0042ea02 f   v5subs:autoback.obj
 0001:0002daa4       ?backup_part@AUTO_BACKUP_CLASS@@QAEEAAVSTRING_CLASS@@0@Z 0042eaa4 f   v5subs:autoback.obj
 0001:0002dcfb       ?get_backup_dir@AUTO_BACKUP_CLASS@@QAEEXZ 0042ecfb f   v5subs:autoback.obj
 0001:0002dd99       ??0DOWNCAT_NAME_ENTRY@@QAE@XZ 0042ed99 f   v5subs:catclass.obj
 0001:0002ddbb       ??0DOWNSCAT_NAME_ENTRY@@QAE@XZ 0042edbb f   v5subs:catclass.obj
 0001:0002ddeb       ??ADOWNSCAT_NAME_CLASS@@QAEAAUDOWNSCAT_NAME_ENTRY@@J@Z 0042edeb f   v5subs:catclass.obj
 0001:0002de0c       ?cleanup@DOWNCAT_NAME_CLASS@@QAEXXZ 0042ee0c f   v5subs:catclass.obj
 0001:0002de0c       ?cleanup@DOWNSCAT_NAME_CLASS@@QAEXXZ 0042ee0c f   v5subs:catclass.obj
 0001:0002de25       ?index@DOWNSCAT_NAME_CLASS@@QAEJPAD0@Z 0042ee25 f   v5subs:catclass.obj
 0001:0002de76       ?name@DOWNCAT_NAME_CLASS@@QAEPADPAD@Z 0042ee76 f   v5subs:catclass.obj
 0001:0002debb       ?name@DOWNSCAT_NAME_CLASS@@QAEPADPAD0@Z 0042eebb f   v5subs:catclass.obj
 0001:0002dee5       ?read@DOWNCAT_NAME_CLASS@@QAEEXZ 0042eee5 f   v5subs:catclass.obj
 0001:0002e014       ?read@DOWNSCAT_NAME_CLASS@@QAEEXZ 0042f014 f   v5subs:catclass.obj
 0001:0002e1ee       ??1CHAXIS_LABEL_CLASS@@QAE@XZ 0042f1ee f   v5subs:chaxis.obj
 0001:0002e1f3       ??ACHAXIS_LABEL_CLASS@@QAEPADH@Z 0042f1f3 f   v5subs:chaxis.obj
 0001:0002e211       ?cleanup@CHAXIS_LABEL_CLASS@@QAEXXZ 0042f211 f   v5subs:chaxis.obj
 0001:0002e250       ?get@CHAXIS_LABEL_CLASS@@QAEEAAVSTRING_CLASS@@00@Z 0042f250 f   v5subs:chaxis.obj
 0001:0002e321       ?init@CHAXIS_LABEL_CLASS@@QAEEH@Z 0042f321 f   v5subs:chaxis.obj
 0001:0002e36f       ??0COLORS_CLASS@@QAE@XZ    0042f36f f   v5subs:color.obj
 0001:0002e384       ??1COLORS_CLASS@@QAE@XZ    0042f384 f   v5subs:color.obj
 0001:0002e389       ??ACOLORS_CLASS@@QAEKF@Z   0042f389 f   v5subs:color.obj
 0001:0002e3b0       ?clear@@YAXXZ              0042f3b0 f   v5subs:color.obj
 0001:0002e3d0       ?index@COLORS_CLASS@@QAEFPAD@Z 0042f3d0 f   v5subs:color.obj
 0001:0002e414       ?reload@COLORS_CLASS@@QAEEXZ 0042f414 f   v5subs:color.obj
 0001:0002e570       ??0DB_TABLE@@QAE@XZ        0042f570 f   v5subs:dbsubs.obj
 0001:0002e597       ??1DB_TABLE@@QAE@XZ        0042f597 f   v5subs:dbsubs.obj
 0001:0002e603       ?close@DB_TABLE@@QAEXXZ    0042f603 f   v5subs:dbsubs.obj
 0001:0002e624       ?compare_date@@YAFPAD0@Z   0042f624 f   v5subs:dbsubs.obj
 0001:0002e65a       ?compare_int32@@YAFPAD0J@Z 0042f65a f   v5subs:dbsubs.obj
 0001:0002e68e       ?compare_one_record@DB_TABLE@@AAEEPAFJJ@Z 0042f68e f   v5subs:dbsubs.obj
 0001:0002e75b       ?create@DB_TABLE@@QAEEPAD@Z 0042f75b f   v5subs:dbsubs.obj
 0001:0002e7bb       ?determine_column_info@DB_TABLE@@QAEHXZ 0042f7bb f   v5subs:dbsubs.obj
 0001:0002e994       ?empty@DB_TABLE@@QAEEXZ    0042f994 f   v5subs:dbsubs.obj
 0001:0002e9bb       ?ensure_existance@DB_TABLE@@QAEEAAVSTRING_CLASS@@@Z 0042f9bb f   v5subs:dbsubs.obj
 0001:0002e9ef       ?field_length@DB_TABLE@@QAEFH@Z 0042f9ef f   v5subs:dbsubs.obj
 0001:0002ea3a       ?field_offset@DB_TABLE@@QAEGH@Z 0042fa3a f   v5subs:dbsubs.obj
 0001:0002ea7e       ?fill_searchbuf@DB_TABLE@@AAEEF@Z 0042fa7e f   v5subs:dbsubs.obj
 0001:0002eacc       ?get_alpha@DB_TABLE@@QAEEAAVSTRING_CLASS@@GF@Z 0042facc f   v5subs:dbsubs.obj
 0001:0002eb2c       ?get_alpha@DB_TABLE@@QAEEAAVSTRING_CLASS@@H@Z 0042fb2c f   v5subs:dbsubs.obj
 0001:0002eb99       ?get_alpha@DB_TABLE@@QAEEPADGF@Z 0042fb99 f   v5subs:dbsubs.obj
 0001:0002ebaf       ?get_alpha@DB_TABLE@@QAEEPADGFG@Z 0042fbaf f   v5subs:dbsubs.obj
 0001:0002ec08       ?get_boolean@DB_TABLE@@QAEEG@Z 0042fc08 f   v5subs:dbsubs.obj
 0001:0002ec36       ?get_char@DB_TABLE@@QAEDG@Z 0042fc36 f   v5subs:dbsubs.obj
 0001:0002ec50       ?get_current_record@DB_TABLE@@QAEEE@Z 0042fc50 f   v5subs:dbsubs.obj
 0001:0002ec96       ?get_date@DB_TABLE@@QAEEAAU_SYSTEMTIME@@G@Z 0042fc96 f   v5subs:dbsubs.obj
 0001:0002ecaf       ?get_double@DB_TABLE@@QAENG@Z 0042fcaf f   v5subs:dbsubs.obj
 0001:0002eceb       ?get_long@DB_TABLE@@QAEJG@Z 0042fceb f   v5subs:dbsubs.obj
 0001:0002ed14       ?get_next_key_match@DB_TABLE@@QAEEFE@Z 0042fd14 f   v5subs:dbsubs.obj
 0001:0002ed81       ?get_next_record@DB_TABLE@@QAEEE@Z 0042fd81 f   v5subs:dbsubs.obj
 0001:0002edcf       ?get_prev_record@DB_TABLE@@QAEEE@Z 0042fdcf f   v5subs:dbsubs.obj
 0001:0002ee2b       ?get_rec@DB_TABLE@@QAEEXZ  0042fe2b f   v5subs:dbsubs.obj
 0001:0002ee75       ?get_time@DB_TABLE@@QAEEAAU_SYSTEMTIME@@G@Z 0042fe75 f   v5subs:dbsubs.obj
 0001:0002ee8e       ?goto_first_equal_or_greater_record@DB_TABLE@@QAEEF@Z 0042fe8e f   v5subs:dbsubs.obj
 0001:0002ef67       ?goto_first_greater_than_record@DB_TABLE@@QAEEF@Z 0042ff67 f   v5subs:dbsubs.obj
 0001:0002f038       ?goto_first_key_record@DB_TABLE@@AAEEF@Z 00430038 f   v5subs:dbsubs.obj
 0001:0002f053       ?goto_key_record@DB_TABLE@@AAEEFJJ@Z 00430053 f   v5subs:dbsubs.obj
 0001:0002f17f       ?goto_record_number@DB_TABLE@@QAEEJ@Z 0043017f f   v5subs:dbsubs.obj
 0001:0002f212       ?initbuf@DB_TABLE@@AAEEPAPADPAFF@Z 00430212 f   v5subs:dbsubs.obj
 0001:0002f29a       ?is_alpha@DB_TABLE@@QAEEH@Z 0043029a f   v5subs:dbsubs.obj
 0001:0002f2bc       ?lock_record@DB_TABLE@@QAEEXZ 004302bc f   v5subs:dbsubs.obj
 0001:0002f336       ?nof_recs@DB_TABLE@@QAEKXZ 00430336 f   v5subs:dbsubs.obj
 0001:0002f35e       ?open@DB_TABLE@@QAEEPADFF@Z 0043035e f   v5subs:dbsubs.obj
 0001:0002f374       ?open@DB_TABLE@@QAEEPADFFF@Z 00430374 f   v5subs:dbsubs.obj
 0001:0002f553       ?open_status@DB_TABLE@@QAEEXZ 00430553 f   v5subs:dbsubs.obj
 0001:0002f55b       ?point_to_start_of_field@DB_TABLE@@AAEPADG@Z 0043055b f   v5subs:dbsubs.obj
 0001:0002f572       ?post_error@@YAXPAD0@Z     00430572 f   v5subs:dbsubs.obj
 0001:0002f585       ?post_error@@YAXPAD@Z      00430585 f   v5subs:dbsubs.obj
 0001:0002f599       ?put_alpha@DB_TABLE@@QAEEGPBDF@Z 00430599 f   v5subs:dbsubs.obj
 0001:0002f5e0       ?put_boolean@DB_TABLE@@QAEEGE@Z 004305e0 f   v5subs:dbsubs.obj
 0001:0002f609       ?put_date@DB_TABLE@@QAEEGABU_SYSTEMTIME@@@Z 00430609 f   v5subs:dbsubs.obj
 0001:0002f63a       ?put_float@DB_TABLE@@QAEEGMF@Z 0043063a f   v5subs:dbsubs.obj
 0001:0002f681       ?put_long@DB_TABLE@@QAEEGJF@Z 00430681 f   v5subs:dbsubs.obj
 0001:0002f6c2       ?put_time@DB_TABLE@@QAEEGAAU_SYSTEMTIME@@@Z 004306c2 f   v5subs:dbsubs.obj
 0001:0002f6f3       ?rec_append@DB_TABLE@@QAEEXZ 004306f3 f   v5subs:dbsubs.obj
 0001:0002f719       ?rec_delete@DB_TABLE@@QAEEJ@Z 00430719 f   v5subs:dbsubs.obj
 0001:0002f860       ?rec_update@DB_TABLE@@QAEEXZ 00430860 f   v5subs:dbsubs.obj
 0001:0002f881       ?restore_from_searchbuf@DB_TABLE@@AAEXXZ 00430881 f   v5subs:dbsubs.obj
 0001:0002f8c8       ?unlock_record@DB_TABLE@@QAEEXZ 004308c8 f   v5subs:dbsubs.obj
 0001:0002f908       ?write_record@DB_TABLE@@AAEEXZ 00430908 f   v5subs:dbsubs.obj
 0001:0002f95e       ?down_state@DSTAT_CLASS@@QAEHXZ 0043095e f   v5subs:dstat.obj
 0001:0002fa2a       ?get@DSTAT_CLASS@@QAEEAAVSTRING_CLASS@@0@Z 00430a2a f   v5subs:dstat.obj
 0001:0002fb33       ?put@DSTAT_CLASS@@QAEEAAVSTRING_CLASS@@0@Z 00430b33 f   v5subs:dstat.obj
 0001:0002fcf1       ?same_code@DSTAT_CLASS@@QAEEPAD0@Z 00430cf1 f   v5subs:dstat.obj
 0001:0002fd29       ??0DOWN_DATA_CLASS@@QAE@XZ 00430d29 f   v5subs:evclass.obj
 0001:0002fd85       ?set@DOWN_DATA_CLASS@@QAEEPAUHDDEDATA__@@@Z 00430d85 f   v5subs:evclass.obj
 0001:0002ff3d       ?set@NEW_MACHINE_STATE_CLASS@@QAEEPAUHDDEDATA__@@@Z 00430f3d f   v5subs:evclass.obj
 0001:0002ffe0       ??0FILE_CLASS@@QAE@XZ      00430fe0 f   v5subs:fileclas.obj
 0001:00030004       ?cleanup@FILE_CLASS@@QAEXXZ 00431004 f   v5subs:fileclas.obj
 0001:00030032       ?cleanup_memory@FILE_CLASS@@QAEXXZ 00431032 f   v5subs:fileclas.obj
 0001:0003005e       ??1FILE_CLASS@@QAE@XZ      0043105e f   v5subs:fileclas.obj
 0001:0003005e       ?close@FILE_CLASS@@QAEXXZ  0043105e f   v5subs:fileclas.obj
 0001:00030063       ?get_creation_time@FILE_CLASS@@QAEEPAU_FILETIME@@@Z 00431063 f   v5subs:fileclas.obj
 0001:00030087       ?get_file_size@FILE_CLASS@@QAEEAAK@Z 00431087 f   v5subs:fileclas.obj
 0001:000300b4       ?insertbinary@FILE_CLASS@@QAEEPAXK@Z 004310b4 f   v5subs:fileclas.obj
 0001:00030171       ?insertline@FILE_CLASS@@QAEEPAD@Z 00431171 f   v5subs:fileclas.obj
 0001:000301fa       ?make_path@FILE_CLASS@@QAEEPAD@Z 004311fa f   v5subs:fileclas.obj
 0001:00030245       ?nof_lines@FILE_CLASS@@QAEHXZ 00431245 f   v5subs:fileclas.obj
 0001:0003030f       ?open@FILE_CLASS@@QAEEPADK@Z 0043130f f   v5subs:fileclas.obj
 0001:00030392       ?open_for_append@FILE_CLASS@@QAEEAAVSTRING_CLASS@@@Z 00431392 f   v5subs:fileclas.obj
 0001:000303ac       ?open_for_append@FILE_CLASS@@QAEEPAD@Z 004313ac f   v5subs:fileclas.obj
 0001:000303e2       ?open_for_read@FILE_CLASS@@QAEEAAVSTRING_CLASS@@@Z 004313e2 f   v5subs:fileclas.obj
 0001:000303fc       ?open_for_read@FILE_CLASS@@QAEEPAD@Z 004313fc f   v5subs:fileclas.obj
 0001:00030418       ?open_for_update@FILE_CLASS@@QAEEPAD@Z 00431418 f   v5subs:fileclas.obj
 0001:00030431       ?open_for_write@FILE_CLASS@@QAEEAAVSTRING_CLASS@@@Z 00431431 f   v5subs:fileclas.obj
 0001:0003044b       ?open_for_write@FILE_CLASS@@QAEEPAD@Z 0043144b f   v5subs:fileclas.obj
 0001:00030464       ?readbinary@FILE_CLASS@@QAEKPAXK@Z 00431464 f   v5subs:fileclas.obj
 0001:000304ca       ?readline@FILE_CLASS@@QAEPADXZ 004314ca f   v5subs:fileclas.obj
 0001:000305a5       ?setpos@FILE_CLASS@@QAEEJ@Z 004315a5 f   v5subs:fileclas.obj
 0001:000305e8       ?writebinary@FILE_CLASS@@QAEEPAXK@Z 004315e8 f   v5subs:fileclas.obj
 0001:00030650       ?writeline@FILE_CLASS@@QAEEAAVSTRING_CLASS@@@Z 00431650 f   v5subs:fileclas.obj
 0001:0003066a       ?writeline@FILE_CLASS@@QAEEPAD@Z 0043166a f   v5subs:fileclas.obj
 0001:000306fd       ??0FONT_CLASS@@QAE@XZ      004316fd f   v5subs:fontclas.obj
 0001:00030719       ??0FONT_LIST_CLASS@@QAE@XZ 00431719 f   v5subs:fontclas.obj
 0001:0003071f       ??0FONT_LIST_ENTRY@@QAE@XZ 0043171f f   v5subs:fontclas.obj
 0001:00030739       ??1FONT_LIST_CLASS@@QAE@XZ 00431739 f   v5subs:fontclas.obj
 0001:00030762       ??1FONT_LIST_ENTRY@@QAE@XZ 00431762 f   v5subs:fontclas.obj
 0001:0003077a       ??4FONT_CLASS@@QAEXABUtagLOGFONTA@@@Z 0043177a f   v5subs:fontclas.obj
 0001:000307dd       ??4FONT_CLASS@@QAEXABV0@@Z 004317dd f   v5subs:fontclas.obj
 0001:00030819       ??8FONT_CLASS@@QAE_NABUtagLOGFONTA@@@Z 00431819 f   v5subs:fontclas.obj
 0001:0003089e       ??8FONT_CLASS@@QAE_NABV0@@Z 0043189e f   v5subs:fontclas.obj
 0001:0003093b       ?choose@FONT_CLASS@@QAE_NPAUHWND__@@@Z 0043193b f   v5subs:fontclas.obj
 0001:000309b2       ?free_handle@FONT_LIST_CLASS@@QAEXPAUHFONT__@@@Z 004319b2 f   v5subs:fontclas.obj
 0001:000309f5       ?get@FONT_CLASS@@QAE_NPAD@Z 004319f5 f   v5subs:fontclas.obj
 0001:00030b8d       ?get_font@FONT_LIST_CLASS@@QAE_NAAVFONT_CLASS@@PAUHFONT__@@@Z 00431b8d f   v5subs:fontclas.obj
 0001:00030bb8       ?get_handle@FONT_LIST_CLASS@@QAEPAUHFONT__@@ABVFONT_CLASS@@@Z 00431bb8 f   v5subs:fontclas.obj
 0001:00030cc9       ?put@FONT_CLASS@@QAEPADXZ  00431cc9 f   v5subs:fontclas.obj
 0001:00030dd7       ??0FTANALOG_ENTRY@@QAE@XZ  00431dd7 f   v5subs:ftanalog.obj
 0001:00030e11       ??1FTANALOG_ENTRY@@QAE@XZ  00431e11 f   v5subs:ftanalog.obj
 0001:00030f32       ?load@FTANALOG_CLASS@@QAEEAAVSTRING_CLASS@@00@Z 00431f32 f   v5subs:ftanalog.obj
 0001:0003132f       ??0COMPUTER_CLASS@@QAE@XZ  0043232f f   v5subs:computer.obj
 0001:0003133a       ?add@COMPUTER_CLASS@@QAEEPAD@Z 0043233a f   v5subs:computer.obj
 0001:000313f1       ?count@COMPUTER_CLASS@@QAEHXZ 004323f1 f   v5subs:computer.obj
 0001:000313f7       ?empty@COMPUTER_CLASS@@QAEXXZ 004323f7 f   v5subs:computer.obj
 0001:0003142b       ?find@COMPUTER_CLASS@@QAEEPAD@Z 0043242b f   v5subs:computer.obj
 0001:0003145b       ?is_present@COMPUTER_CLASS@@QAEEXZ 0043245b f   v5subs:computer.obj
 0001:0003147c       ?is_this_computer@COMPUTER_CLASS@@QAEEXZ 0043247c f   v5subs:computer.obj
 0001:00031499       ?load@COMPUTER_CLASS@@QAEEXZ 00432499 f   v5subs:computer.obj
 0001:000315c0       ?name@COMPUTER_CLASS@@QAEAAVSTRING_CLASS@@XZ 004325c0 f   v5subs:computer.obj
 0001:000315d0       ?next@COMPUTER_CLASS@@QAEEXZ 004325d0 f   v5subs:computer.obj
 0001:000315f2       ?online_status@COMPUTER_CLASS@@QAEEAAVSTRING_CLASS@@@Z 004325f2 f   v5subs:computer.obj
 0001:0003163b       ?online_status@COMPUTER_CLASS@@QAEEXZ 0043263b f   v5subs:computer.obj
 0001:00031648       ?rewind@COMPUTER_CLASS@@QAEXXZ 00432648 f   v5subs:computer.obj
 0001:0003164f       ?set_online_status@COMPUTER_CLASS@@QAEEAAVSTRING_CLASS@@E@Z 0043264f f   v5subs:computer.obj
 0001:000316a2       ?startup@COMPUTER_CLASS@@QAEEXZ 004326a2 f   v5subs:computer.obj
 0001:000316b7       ?whoami@COMPUTER_CLASS@@QAEAAVSTRING_CLASS@@XZ 004326b7 f   v5subs:computer.obj
 0001:000316bd       ??1INI_CLASS@@QAE@XZ       004326bd f   v5subs:iniclass.obj
 0001:000316c2       ?cleanup@INI_CLASS@@QAEXXZ 004326c2 f   v5subs:iniclass.obj
 0001:000316fd       ?find@INI_CLASS@@QAEEPBD0@Z 004326fd f   v5subs:iniclass.obj
 0001:00031760       ?find@INI_CLASS@@QAEEPBD@Z 00432760 f   v5subs:iniclass.obj
 0001:00031779       ?get_bool@INI_CLASS@@QAE_NPBD0@Z 00432779 f   v5subs:iniclass.obj
 0001:00031779       ?get_boolean@INI_CLASS@@QAEEPBD0@Z 00432779 f   v5subs:iniclass.obj
 0001:0003179c       ?get_boolean@INI_CLASS@@QAEEPBD@Z 0043279c f   v5subs:iniclass.obj
 0001:0003179c       ?get_bool@INI_CLASS@@QAE_NPBD@Z 0043279c f   v5subs:iniclass.obj
 0001:000317b5       ?get_boolean@INI_CLASS@@QAEEXZ 004327b5 f   v5subs:iniclass.obj
 0001:000317b5       ?get_bool@INI_CLASS@@QAE_NXZ 004327b5 f   v5subs:iniclass.obj
 0001:000317d4       ?get_double@INI_CLASS@@QAENPBD@Z 004327d4 f   v5subs:iniclass.obj
 0001:000317f3       ?get_double@INI_CLASS@@QAENXZ 004327f3 f   v5subs:iniclass.obj
 0001:00031818       ?get_int@INI_CLASS@@QAEHPBD0@Z 00432818 f   v5subs:iniclass.obj
 0001:0003183b       ?get_int@INI_CLASS@@QAEHPBD@Z 0043283b f   v5subs:iniclass.obj
 0001:00031854       ?get_int@INI_CLASS@@QAEHXZ 00432854 f   v5subs:iniclass.obj
 0001:00031865       ?get_string@INI_CLASS@@QAEPADPBD@Z 00432865 f   v5subs:iniclass.obj
 0001:00031892       ?get_string@INI_CLASS@@QAEPADXZ 00432892 f   v5subs:iniclass.obj
 0001:000318a0       ?put_boolean@INI_CLASS@@QAEEPBD0E@Z 004328a0 f   v5subs:iniclass.obj
 0001:000318d1       ?put_boolean@INI_CLASS@@QAEEPBDE@Z 004328d1 f   v5subs:iniclass.obj
 0001:000318ee       ?put_double@INI_CLASS@@QAEEPBDN@Z 004328ee f   v5subs:iniclass.obj
 0001:0003194c       ?put_int@INI_CLASS@@QAEEPBDH@Z 0043294c f   v5subs:iniclass.obj
 0001:00031992       ?put_string@INI_CLASS@@QAEEPBD00@Z 00432992 f   v5subs:iniclass.obj
 0001:000319d3       ?put_string@INI_CLASS@@QAEEPBD0@Z 004329d3 f   v5subs:iniclass.obj
 0001:000319f0       ?remove_key@INI_CLASS@@QAEXPBD0@Z 004329f0 f   v5subs:iniclass.obj
 0001:00031a05       ?remove_key@INI_CLASS@@QAEXPBD@Z 00432a05 f   v5subs:iniclass.obj
 0001:00031a1a       ?set_file@INI_CLASS@@QAEEPBD@Z 00432a1a f   v5subs:iniclass.obj
 0001:00031a5c       ?set_section@INI_CLASS@@QAEEPBD@Z 00432a5c f   v5subs:iniclass.obj
 0001:00031a90       ??1LISTBOX_CLASS@@QAE@XZ   00432a90 f   v5subs:listbox.obj
 0001:00031aa0       ?add@LISTBOX_CLASS@@QAEHPAD@Z 00432aa0 f   v5subs:listbox.obj
 0001:00031ae1       ?check_buf_size@LISTBOX_CLASS@@AAEEH@Z 00432ae1 f   v5subs:listbox.obj
 0001:00031b20       ?check_buf_size@LISTBOX_CLASS@@AAEEPAD@Z 00432b20 f   v5subs:listbox.obj
 0001:00031b39       ?check_item_size@LISTBOX_CLASS@@AAEEH@Z 00432b39 f   v5subs:listbox.obj
 0001:00031b70       ?convert_tab_array_to_dialog_units@LISTBOX_CLASS@@AAE_NPAHH@Z 00432b70 f   v5subs:listbox.obj
 0001:00031bec       ?count@LISTBOX_CLASS@@QAEHXZ 00432bec f   v5subs:listbox.obj
 0001:00031c16       ?current_index@LISTBOX_CLASS@@QAEHXZ 00432c16 f   v5subs:listbox.obj
 0001:00031c35       ?empty@LISTBOX_CLASS@@QAEXXZ 00432c35 f   v5subs:listbox.obj
 0001:00031c4c       ?findprefix@LISTBOX_CLASS@@QAEEPAD@Z 00432c4c f   v5subs:listbox.obj
 0001:00031c8f       ?get_select_list@LISTBOX_CLASS@@QAEHPAPAH@Z 00432c8f f   v5subs:listbox.obj
 0001:00031cf7       ?init@LISTBOX_CLASS@@QAEEPAUHWND__@@@Z 00432cf7 f   v5subs:listbox.obj
 0001:00031d58       ?init@LISTBOX_CLASS@@QAEEPAUHWND__@@H@Z 00432d58 f   v5subs:listbox.obj
 0001:00031d75       ?insert@LISTBOX_CLASS@@QAEHHPAD@Z 00432d75 f   v5subs:listbox.obj
 0001:00031db8       ?is_selected@LISTBOX_CLASS@@QAEEH@Z 00432db8 f   v5subs:listbox.obj
 0001:00031ddd       ?item_text@LISTBOX_CLASS@@QAEPADH@Z 00432ddd f   v5subs:listbox.obj
 0001:00031e25       ?redraw_off@LISTBOX_CLASS@@QAEXXZ 00432e25 f   v5subs:listbox.obj
 0001:00031e34       ?redraw_on@LISTBOX_CLASS@@QAEXXZ 00432e34 f   v5subs:listbox.obj
 0001:00031e53       ?remove@LISTBOX_CLASS@@QAEEH@Z 00432e53 f   v5subs:listbox.obj
 0001:00031e7f       ?replace@LISTBOX_CLASS@@QAEEPAD@Z 00432e7f f   v5subs:listbox.obj
 0001:00031edb       ?select_all@LISTBOX_CLASS@@QAEXI@Z 00432edb f   v5subs:listbox.obj
 0001:00031f24       ?select_count@LISTBOX_CLASS@@QAEHXZ 00432f24 f   v5subs:listbox.obj
 0001:00031f4e       ?selected_index@LISTBOX_CLASS@@QAEHXZ 00432f4e f   v5subs:listbox.obj
 0001:00031f79       ?selected_text@LISTBOX_CLASS@@QAEPADXZ 00432f79 f   v5subs:listbox.obj
 0001:00031f97       ?set_current_index@LISTBOX_CLASS@@QAEEH@Z 00432f97 f   v5subs:listbox.obj
 0001:00031fbe       ?set_pixel_tabs@LISTBOX_CLASS@@QAE_NPAHH@Z 00432fbe f   v5subs:listbox.obj
 0001:00031ffa       ?set_select@LISTBOX_CLASS@@QAEXHE@Z 00432ffa f   v5subs:listbox.obj
 0001:00032016       ?set_tabs@LISTBOX_CLASS@@QAE_NHH@Z 00433016 f   v5subs:listbox.obj
 0001:000320f3       ?set_top_index@LISTBOX_CLASS@@QAEEH@Z 004330f3 f   v5subs:listbox.obj
 0001:0003211a       ?setcursel@LISTBOX_CLASS@@QAEEH@Z 0043311a f   v5subs:listbox.obj
 0001:0003215b       ?setcursel@LISTBOX_CLASS@@QAEEPAD@Z 0043315b f   v5subs:listbox.obj
 0001:000321a2       ?top_index@LISTBOX_CLASS@@QAEHXZ 004331a2 f   v5subs:listbox.obj
 0001:000321c1       ?visible_row_count@LISTBOX_CLASS@@QAEHXZ 004331c1 f   v5subs:listbox.obj
 0001:00032228       ??0MULTIPART_RUNLIST_SETTINGS_CLASS@@QAE@XZ 00433228 f   v5subs:multipart_runlist.obj
 0001:0003223e       ??0MULTIPART_RUNLIST_WIRES_CLASS@@QAE@XZ 0043323e f   v5subs:multipart_runlist.obj
 0001:00032254       ??1MULTIPART_RUNLIST_SETTINGS_CLASS@@QAE@XZ 00433254 f   v5subs:multipart_runlist.obj
 0001:0003225c       ??1MULTIPART_RUNLIST_WIRES_CLASS@@QAE@XZ 0043325c f   v5subs:multipart_runlist.obj
 0001:00032264       ?bits_from_wirelist@@YAIAAVSTRING_CLASS@@@Z 00433264 f   v5subs:multipart_runlist.obj
 0001:0003231b       ?get@MULTIPART_RUNLIST_SETTINGS_CLASS@@QAE_NAAVSTRING_CLASS@@0@Z 0043331b f   v5subs:multipart_runlist.obj
 0001:000325f9       ?get@MULTIPART_RUNLIST_WIRES_CLASS@@QAE_NAAVSTRING_CLASS@@00@Z 004335f9 f   v5subs:multipart_runlist.obj
 0001:00032794       ?get_multipart_runlist_wires_csvname@NAME_CLASS@@QAEEAAVSTRING_CLASS@@0V2@@Z 00433794 f i v5subs:multipart_runlist.obj
 0001:000327bd       ?get_wirelist@MULTIPART_RUNLIST_SETTINGS_CLASS@@QAE_NAAVSTRING_CLASS@@H@Z 004337bd f   v5subs:multipart_runlist.obj
 0001:00032898       ?init@MULTIPART_RUNLIST_SETTINGS_CLASS@@QAEXXZ 00433898 f   v5subs:multipart_runlist.obj
 0001:000328a0       ?part_selection_number@MULTIPART_RUNLIST_SETTINGS_CLASS@@QAEHAAVSTRING_CLASS@@@Z 004338a0 f   v5subs:multipart_runlist.obj
 0001:00032964       ??0MACHINE_CLASS@@QAE@XZ   00433964 f   v5subs:machine.obj
 0001:000329cb       ?find@MACHINE_CLASS@@QAEEAAVSTRING_CLASS@@0@Z 004339cb f   v5subs:machine.obj
 0001:00032c2a       ?init@MACHINE_CLASS@@QAEXXZ 00433c2a f   v5subs:machine.obj
 0001:00032cb3       ?init_save_counts@@YAXPAUSAVE_COUNTS@@@Z 00433cb3 f   v5subs:machine.obj
 0001:00032ccc       ?read_machset_db@MACHINE_CLASS@@QAEEAAVSTRING_CLASS@@@Z 00433ccc f   v5subs:machine.obj
 0001:00033284       ??1GENERIC_LIST_CLASS@@QAE@XZ 00434284 f   v5subs:genlist.obj
 0001:000332a6       ?append@GENERIC_LIST_CLASS@@QAEEPAX@Z 004342a6 f   v5subs:genlist.obj
 0001:000332dc       ?count@GENERIC_LIST_CLASS@@QAEFXZ 004342dc f   v5subs:genlist.obj
 0001:000332e8       ?find@GENERIC_LIST_CLASS@@QAEEPAX@Z 004342e8 f   v5subs:genlist.obj
 0001:00033320       ?insert@GENERIC_LIST_CLASS@@QAEEPAX@Z 00434320 f   v5subs:genlist.obj
 0001:00033370       ?next@GENERIC_LIST_CLASS@@QAEPAXXZ 00434370 f   v5subs:genlist.obj
 0001:0003339a       ?remove@GENERIC_LIST_CLASS@@QAEEPAX@Z 0043439a f   v5subs:genlist.obj
 0001:000333b9       ?remove@GENERIC_LIST_CLASS@@QAEEXZ 004343b9 f   v5subs:genlist.obj
 0001:000333e8       ?remove_all@GENERIC_LIST_CLASS@@QAEXXZ 004343e8 f   v5subs:genlist.obj
 0001:00033411       ?rewind@GENERIC_LIST_CLASS@@QAEXXZ 00434411 f   v5subs:genlist.obj
 0001:0003341a       ??0TEXT_LIST_CLASS@@QAE@XZ 0043441a f   v5subs:textlist.obj
 0001:0003341a       ??0MACHINE_NAME_LIST_CLASS@@QAE@XZ 0043441a f   v5subs:machname.obj
 0001:0003341a       ??0CONTROL_LIMIT_CLASS@@QAE@XZ 0043441a f   ctrlimit.obj
 0001:0003342a       ??1MACHINE_NAME_LIST_CLASS@@QAE@XZ 0043442a f   v5subs:machname.obj
 0001:0003343b       ??_GMACHINE_NAME_LIST_ENTRY@@QAEPAXI@Z 0043443b f i v5subs:machname.obj
 0001:00033461       ?add@MACHINE_NAME_LIST_CLASS@@QAEEAAVSTRING_CLASS@@0G@Z 00434461 f   v5subs:machname.obj
 0001:000334b6       ?add@MACHINE_NAME_LIST_CLASS@@QAEEPAUMACHINE_NAME_LIST_ENTRY@@G@Z 004344b6 f   v5subs:machname.obj
 0001:00033568       ?add_computer@MACHINE_NAME_LIST_CLASS@@QAEEAAVSTRING_CLASS@@@Z 00434568 f   v5subs:machname.obj
[...]
 0003:000951dc       _NullChar                  005041dc     olmsted.obj
 0003:000951e8       _ParamArray                005041e8     paramhis.obj
 0003:000951ec       _ShotNameArray             005041ec     paramhis.obj
 0003:000951f0       _SaveFlagsArray            005041f0     paramhis.obj
 0003:0009522c       _EmptyString               0050422c     paramwin.obj
 0003:00095230       _FontList                  00504230     paramwin.obj
 0003:00095234       ?ypos@?1??parameter_window_proc@@YGHPAUHWND__@@IIJ@Z@4HA 00504234     paramwin.obj
 0003:00095238       _EnterWindow               00504238     password.obj
 0003:0009523c       _EditWindow                0050423c     password.obj
 0003:00095240       _CoOptionsWindow           00504240     password.obj
 0003:00095244       _ProgramIsUpdating         00504244     password.obj
 0003:00095248       _PasswordLogFormat         00504248     password.obj
 0003:00095250       _LogFileName               00504250     password.obj
 0003:00095258       _Password                  00504258     password.obj
 0003:00095520       ?EmptyPasswordEntry@?1???APASSWORD_CLASS@@QAEAAUPASSWORD_ENTRY@@J@Z@4U2@A 00504520     password.obj
 0003:00095558       ?$S3@?1???APASSWORD_CLASS@@QAEAAUPASSWORD_ENTRY@@J@Z@4IA 00504558     password.obj
 0003:00095560       ?buf@?1??ini_name@@YAPADPBD@Z@4PADA 00504560     password.obj
 0003:00095668       _AnalogSensor              00504668     plot.obj
 0003:0009566c       ?buf@?1??smooth_one_curve@@YAXPAMH@Z@4PAMA 0050466c     plot.obj
 0003:00095670       ?MySemaphor@?1??load_profile@@YAXPAD@Z@4HA 00504670     plot.obj
 0003:00095674       _NullChar                  00504674     rtmlist.obj
 0003:00095678       _MyWindow                  00504678     rtmlist.obj
 0003:0009567c       _OldLbProc                 0050467c     rtmlist.obj
 0003:00095680       ?buf@?1??machine_listbox_string@@YAPADAAVSTRING_CLASS@@D@Z@4V2@A 00504680     rtmlist.obj
 0003:00095688       ?$S1@?1??machine_listbox_string@@YAPADAAVSTRING_CLASS@@D@Z@4IA 00504688     rtmlist.obj
 0003:0009568c       _HaveNewFont               0050468c     status.obj
 0003:0009568d       _NeedAlarms                0050468d     status.obj
 0003:0009568e       _NeedDowntime              0050468e     status.obj
 0003:00095690       _Row                       00504690     status.obj
 0003:00095694       _NofRows                   00504694     status.obj
 0003:00095698       _Column                    00504698     status.obj
 0003:0009569c       _NofColumns                0050469c     status.obj
 0003:000956ac       _FontList                  005046ac     status.obj
 0003:000956b0       ?s@?1??put@STATUS_SCREEN_COLUMN_ENTRY@@QAEPADXZ@4VSTRING_CLASS@@A 005046b0     status.obj
 0003:000956b8       ?$S1@?1??put@STATUS_SCREEN_COLUMN_ENTRY@@QAEPADXZ@4IA 005046b8     status.obj
 0003:000956bc       ?last_shift@?1??status_screen_timer_update@@YAXXZ@4FA 005046bc     status.obj
 0003:000956c0       ?last_dow@?1??status_screen_timer_update@@YAXXZ@4FA 005046c0     status.obj
 0003:000956c8       _UpdatingEditControls      005046c8     tcconfig.obj
 0003:000956cc       _linechanged               005046cc     tcconfig.obj
 0003:000956d8       _Tc                        005046d8     tcconfig.obj
 0003:00095788       ?s@?1??lbline@FIXED_PARAM_CLASS@@QAEPADPAD@Z@4PADA 00504788     tcconfig.obj
 0003:000957f8       ?s@?1??current_parameter_name@@YAPADPAUHWND__@@@Z@4PADA 005047f8     tcconfig.obj
 0003:00095818       _NofPointsRead             00504818     trend.obj
 0003:0009581c       _XAxisIndex                0050481c     trend.obj
 0003:00095820       _HaveCursorLine            00504820     trend.obj
 0003:00095821       _ReadyForCursor            00504821     trend.obj
 0003:00095822       _Resetting                 00504822     trend.obj
 0003:00095824       _Current                   00504824     trend.obj
 0003:0009583c       _CursorStartY              0050483c     trend.obj
 0003:00095974       _CursorEndY                00504974     trend.obj
 0003:00095978       _CursorLeft                00504978     trend.obj
 0003:0009597c       _CursorX                   0050497c     trend.obj
 0003:00095980       ?s@?1??celltext@@YAPADJJ@Z@4PADA 00504980     trend.obj
 0003:00095984       ?nof_plots@?1??paint_trend_display@@YAXABUtagRECT@@@Z@4JA 00504984     trend.obj
 0003:00095988       ?empty_shot@?1???ASHOT_ARRAY_CLASS@@QAEAAVSHOT_DATA_ENTRY@@J@Z@4V2@A 00504988     xaxis.obj
 0003:00095994       ?$S1@?1???ASHOT_ARRAY_CLASS@@QAEAAVSHOT_DATA_ENTRY@@J@Z@4IA 00504994     xaxis.obj
 0003:000959a4       _DriveName                 005049a4     v5subs:exists.obj
 0003:000959a7       _NullChar                  005049a7     v5subs:mem.obj
 0003:000959a8       _NullChar                  005049a8     v5subs:extract.obj
 0003:000959ac       ?s@?1??int32toasc@@YAPADJ@Z@4PADA 005049ac     v5subs:itoasc.obj
 0003:000959c0       ?s@?1??ultoascii@@YAPADKK@Z@4PADA 005049c0     v5subs:itoasc.obj
 0003:000959d4       _NullChar                  005049d4     v5subs:stringcl.obj
 0003:000959d8       _NullChar                  005049d8     v5subs:nameclas.obj
 0003:000959dc       _EmptyString               005049dc     v5subs:nameclas.obj
 0003:000959e4       _MyComputer                005049e4     v5subs:nameclas.obj
 0003:000959f0       _SensorArray               005049f0     v5subs:asensor.obj
 0003:000959f4       _NofSensors                005049f4     v5subs:asensor.obj
 0003:000959f8       _EmptySensor               005049f8     v5subs:asensor.obj
 0003:00095a44       _EmptyDowncatEntry         00504a44     v5subs:catclass.obj
 0003:00095a58       _EmptyDownscatEntry        00504a58     v5subs:catclass.obj
 0003:00095a72       _emptystring               00504a72     v5subs:chaxis.obj
 0003:00095a74       _NofColors                 00504a74     v5subs:color.obj
 0003:00095a78       _ColorArray                00504a78     v5subs:color.obj
 0003:00095a7c       _NullChar                  00504a7c     v5subs:fileclas.obj
 0003:00095a80       ?buf@?1??ascii_long@@YAPADJJ@Z@4PADA 00504a80     v5subs:fontclas.obj
 0003:00095a98       ?buf@?1??put@FONT_CLASS@@QAEPADXZ@4PADA 00504a98     v5subs:fontclas.obj
 0003:00095b3b       _EmptyString               00504b3b     v5subs:ftanalog.obj
 0003:00095b3c       _NullChar                  00504b3c     v5subs:computer.obj
 0003:00095b40       _First                     00504b40     v5subs:computer.obj
 0003:00095b44       _MyComputer                00504b44     v5subs:computer.obj
 0003:00095b4c       _NoComputer                00504b4c     v5subs:computer.obj
 0003:00095b54       _NofComputers              00504b54     v5subs:computer.obj
 0003:00095b58       _NullChar                  00504b58     v5subs:iniclass.obj
 0003:00095b59       ?empty_string@?1??get_string@INI_CLASS@@QAEPADXZ@4PADA 00504b59     v5subs:iniclass.obj
 0003:00095b5a       _EmptyString               00504b5a     v5subs:listbox.obj
 0003:00095b5c       _NullChar                  00504b5c     v5subs:machname.obj
 0003:00095b60       _EmptyString               00504b60     v5subs:machname.obj
 0003:00095b68       _NullChar                  00504b68     v5subs:param.obj
 0003:00095b6c       _NullChar                  00504b6c     v5subs:setpoint.obj
 0003:00095b70       _empty_entry               00504b70     v5subs:setpoint.obj
 0003:00095b80       ?st@?1??system_time@TIME_CLASS@@QAEAAU_SYSTEMTIME@@XZ@4U3@A 00504b80     v5subs:timeclas.obj
 0003:00095b90       ?s@?1??text@TIME_CLASS@@QAEPADXZ@4PADA 00504b90     v5subs:timeclas.obj
 0003:00095ba4       ?s@?1??mmddyyyy@TIME_CLASS@@QAEPADXZ@4PADA 00504ba4     v5subs:timeclas.obj
 0003:00095bb0       ?s@?1??hhmmss@TIME_CLASS@@QAEPADXZ@4PADA 00504bb0     v5subs:timeclas.obj
 0003:00095bb9       _NullChar                  00504bb9     v5subs:plookup.obj
 0003:00095bba       _NullChar                  00504bba     v5subs:textlist.obj
 0003:00095bbc       _NullChar                  00504bbc     v5subs:strarray.obj
 0003:00095bc0       _EmptyStringtableText      00504bc0     v5subs:stringtable.obj
 0003:00095bc4       _FontList                  00504bc4     v5subs:stringtable.obj
 0003:00095bc8       ?s@?1??alphadate@@YAPADABU_SYSTEMTIME@@@Z@4PADA 00504bc8     v5subs:time.obj
 0003:00095bd4       ?s@?1??alphatime@@YAPADABU_SYSTEMTIME@@@Z@4PADA 00504bd4     v5subs:time.obj
 0003:00095be0       ?s@?1??hhmm@@YAPADJJ@Z@4PADA 00504be0     v5subs:time.obj
 0003:00095bec       ?s@?1??ascii_double@@YAPADN@Z@4PADA 00504bec     v5subs:ascfloat.obj
 0003:00095c18       _NullChar                  00504c18     v5subs:get_ini.obj
 0003:00095c20       _Buf                       00504c20     v5subs:get_ini.obj
 0003:00096024       _MyMainWindow              00505024     v5subs:client.obj
 0003:00096028       _EventList                 00505028     v5subs:client.obj
 0003:00096034       _ServerNameHandle          00505034     v5subs:client.obj
 0003:00096038       _DdeId                     00505038     v5subs:client.obj
 0003:0009603c       _ServerHandle              0050503c     v5subs:client.obj
 0003:00096040       ?s@?1??one_hot_link@@YAXPAUHCONV__@@FI@Z@4VSTRING_CLASS@@A 00505040     v5subs:client.obj
 0003:00096048       ?$S1@?1??one_hot_link@@YAXPAUHCONV__@@FI@Z@4IA 00505048     v5subs:client.obj
 0003:0009604c       _NofDCurves                0050504c     v5subs:dcurve.obj
 0003:00096050       _DCurve                    00505050     v5subs:dcurve.obj
 0003:00096054       _NullChar                  00505054     v5subs:path.obj
 0003:00096055       _NullChar                  00505055     v5subs:fix.obj
 0003:00096058       _T                         00505058     v5subs:semaphor.obj
 0003:00096090       ?s@?1??fixed_string@@YAPADNJJ@Z@4PADA 00505090     v5subs:ftoasc.obj
 0003:000960bc       _ExeDirectory              005050bc     v5subs:gexedir.obj
 0003:000960c4       _NullChar                  005050c4     v5subs:insalph.obj
 0003:000960c8       ?name@?1??category_name@@YAPADPAD@Z@4PADA 005050c8     v5subs:downsubs.obj
 0003:000960d8       ?number@?1??category_name@@YAPADPAD@Z@4PADA 005050d8     v5subs:downsubs.obj
 0003:000960dc       ?cat@?1??subcategory_name@@YAPADPAD0@Z@4PADA 005050dc     v5subs:downsubs.obj
 0003:000960e0       ?subcat@?1??subcategory_name@@YAPADPAD0@Z@4PADA 005050e0     v5subs:downsubs.obj
 0003:000960e4       ?name@?1??subcategory_name@@YAPADPAD0@Z@4PADA 005050e4     v5subs:downsubs.obj
 0003:00096102       _NullChar                  00505102     v5subs:shift.obj
 0003:00096104       ?st@?1??start_of_shift@@YAAAU_SYSTEMTIME@@ABU2@@Z@4U2@A 00505104     v5subs:shift.obj
 0003:00096114       _NullChar                  00505114     v5subs:hex.obj
 0003:00096118       _EmptyString               00505118     v5subs:units.obj
 0003:0009611c       _UnitsArray                0050511c     v5subs:units.obj
 0003:00096120       _NofUnits                  00505120     v5subs:units.obj
 0003:00096128       ?s@?1??resource_string@@YAPADPAUHINSTANCE__@@I@Z@4PADA 00505128     v5subs:winsubs.obj
 0003:00096228       _OldCursor                 00505228     v5subs:hourglas.obj
 0003:0009622c       _RefCount                  0050522c     v5subs:hourglas.obj
 0003:00096230       _TempMessageWindow         00505230     v5subs:temp_message.obj
 0003:00096234       _TempMessage               00505234     v5subs:temp_message.obj
 0003:00096238       _TempMessageLen            00505238     v5subs:temp_message.obj
 0003:0009623c       _TempMessageTimeoutMs      0050523c     v5subs:temp_message.obj
 0003:00096240       _CenterTempMessage         00505240     v5subs:temp_message.obj
 0003:00096244       ?timer_id@?1??temp_message_proc@@YGJPAUHWND__@@IIJ@Z@4IA 00505244     v5subs:temp_message.obj
 0003:00096248       ?hex@?1??append_value@FTII_VAR@@QAE_NAAVSTRING_CLASS@@@Z@4PADA 00505248     v5subs:ftiiclas.obj
 0003:0009625b       _NullChar                  0050525b     v5subs:ftii_shot_data.obj
 0003:0009625c       _EmptyString               0050525c     v5subs:ftii_shot_data.obj
 0003:00096260       ?s@?1??full_name@WORKER_LIST_CLASS@@QAEPADPAD@Z@4PADA 00505260     v5subs:workclas.obj
 0003:00096280       _BorderHeight              00505280     v5subs:menuctrl.obj
 0003:00096284       _BorderWidth               00505284     v5subs:menuctrl.obj
 0003:00096288       _FontList                  00505288     v5subs:menuctrl.obj
 0003:0009628c       _BorderHeight              0050528c     v5subs:popctrl.obj
 0003:00096290       _BorderWidth               00505290     v5subs:popctrl.obj
 0003:00096294       _FontList                  00505294     v5subs:popctrl.obj
 0003:00096298       _NullChar                  00505298     v5subs:profiles.obj
 0003:00096299       _NullChar                  00505299     v5subs:fillpart.obj
 0003:0009629a       _NullChar                  0050529a     v5subs:shot_name.obj
 0003:0009629c       ?empty_int@?1???AINT_ARRAY_CLASS@@QAEAAHH@Z@4HA 0050529c     v5subs:array.obj
 0003:000962a0       _OVERWRITE_EXISTING        005052a0     v5subs:callfile.obj
 0003:000962a4       _Msg                       005052a4     v5subs:error_ms.obj
 0003:000962e1       _EmptyString               005052e1     v5subs:execwait.obj
 0003:000962e2       _EmptyString               005052e2     dundas:ugcnrbtn.obj
 0003:000962e4       ?swit@?1??ToolTipMessage@CUGGrid@@QAEXPAUHWND__@@IIJ@Z@4FA 005052e4     dundas:uggrid.obj
 0003:000962f0       _EmptyString               005052f0     dundas:ugceltyp.obj
 0003:00096300       _GS_ExceptionRecord        00505300     LIBCMT:gs_report.obj
 0003:00096350       _GS_ContextRecord          00505350     LIBCMT:gs_report.obj
 0003:0009661c       _DebuggerWasPresent        0050561c     LIBCMT:gs_report.obj
 0003:00096670       ___type_info_root_node     00505670     LIBCMT:typname.obj
 0003:00096678       __pmatherr_set             00505678     LIBCMT:libm_error.obj
 0003:00096780       ?_pgmname@?1??_setargv@@9@9 00505780     LIBCMT:stdargv.obj
 0003:00096890       ?outmsg@?9??_NMSG_WRITE@@9@9 00505890     LIBCMT:crt0msg.obj
 0003:00096ed8       _fSystemSet                00505ed8     LIBCMT:mbctype.obj
 0003:00096ee8       _lclcritsects              00505ee8     LIBCMT:mlock.obj
 0003:00097040       _ctrlc_action              00506040     LIBCMT:winsig.obj
 0003:00097044       _ctrlbreak_action          00506044     LIBCMT:winsig.obj
 0003:00097048       _abort_action              00506048     LIBCMT:winsig.obj
 0003:0009704c       _term_action               0050604c     LIBCMT:winsig.obj
 0003:00097050       _ConsoleCtrlHandler_Installed 00506050     LIBCMT:winsig.obj
 0003:00097054       _g_pfnRtlGenRandom         00506054     LIBCMT:rand_s.obj
 0003:00097088       _heap                      00506088     LIBCMT:undname.obj
 0003:000970a4       ?pfnMessageBox@?1??__crtMessageBoxW@@9@9 005060a4     LIBCMT:crtmboxw.obj
 0003:000970a8       ?pfnGetActiveWindow@?1??__crtMessageBoxW@@9@9 005060a8     LIBCMT:crtmboxw.obj
 0003:000970ac       ?pfnGetLastActivePopup@?1??__crtMessageBoxW@@9@9 005060ac     LIBCMT:crtmboxw.obj
 0003:000970b0       ?pfnGetProcessWindowStation@?1??__crtMessageBoxW@@9@9 005060b0     LIBCMT:crtmboxw.obj
 0003:000970b4       ?pfnGetUserObjectInformation@?1??__crtMessageBoxW@@9@9 005060b4     LIBCMT:crtmboxw.obj
 0003:000970c0       ___crtCallProc             005060c0     LIBCMT:winapinls.obj
 0004:000011f0       $R000000                   005091f0     profile.res
 0004:00001390       $R0001A0                   00509390     profile.res
 0004:000018f0       $R000700                   005098f0     profile.res
 0004:00001960       $R000770                   00509960     profile.res
 0004:00001ad0       $R0008E0                   00509ad0     profile.res
 0004:00001c10       $R000A20                   00509c10     profile.res
 0004:00001e08       $R000C18                   00509e08     profile.res
 0004:00001f78       $R000D88                   00509f78     profile.res
 0004:00002188       $R000F98                   0050a188     profile.res
 0004:00002278       $R001088                   0050a278     profile.res
 0004:00002698       $R0014A8                   0050a698     profile.res
 0004:00003278       $R002088                   0050b278     profile.res
 0004:00004280       $R003090                   0050c280     profile.res
 0004:00004928       $R003738                   0050c928     profile.res
 0004:00004a78       $R003888                   0050ca78     profile.res
 0004:00004b98       $R0039A8                   0050cb98     profile.res
 0004:00004e30       $R003C40                   0050ce30     profile.res
 0004:00004f70       $R003D80                   0050cf70     profile.res
 0004:000050b0       $R003EC0                   0050d0b0     profile.res
 0004:000051b0       $R003FC0                   0050d1b0     profile.res
 0004:00005328       $R004138                   0050d328     profile.res
 0004:000053c0       $R0041D0                   0050d3c0     profile.res
 0004:00005620       $R004430                   0050d620     profile.res
 0004:00005808       $R004618                   0050d808     profile.res
 0004:000059b8       $R0047C8                   0050d9b8     profile.res
 0004:00005f30       $R004D40                   0050df30     profile.res
 0004:000060a8       $R004EB8                   0050e0a8     profile.res
 0004:00006960       $R005770                   0050e960     profile.res
 0004:00006b68       $R005978                   0050eb68     profile.res
 0004:000070e0       $R005EF0                   0050f0e0     profile.res
 0004:00007568       $R006378                   0050f568     profile.res
 0004:000078e8       $R0066F8                   0050f8e8     profile.res
 0004:00007b20       $R006930                   0050fb20     profile.res
 0004:00007d18       $R006B28                   0050fd18     profile.res
 0004:000094c8       $R0082D8                   005114c8     profile.res
 0004:00009710       $R008520                   00511710     profile.res
 0004:00009bd8       $R0089E8                   00511bd8     profile.res
 0004:00009c10       $R008A20                   00511c10     profile.res
 0004:00009ef8       $R008D08                   00511ef8     profile.res
 0004:00009f10       $R008D20                   00511f10     profile.res
 0004:0000a048       $R008E58                   00512048     profile.res
 0004:0000a210       $R009020                   00512210     profile.res
 0004:0000a2c8       $R0090D8                   005122c8     profile.res
 0004:0000a730       $R009540                   00512730     profile.res
 0004:0000a7f8       $R009608                   005127f8     profile.res
 0004:0000a970       $R009780                   00512970     profile.res
 0004:0000ab10       $R009920                   00512b10     profile.res
 0004:0000ad08       $R009B18                   00512d08     profile.res
 0004:0000b000       $R009E10                   00513000     profile.res
 0004:0000b250       $R00A060                   00513250     profile.res
 0004:0000b580       $R00A390                   00513580     profile.res
 0004:0000b888       $R00A698                   00513888     profile.res
 0004:0000bea0       $R00ACB0                   00513ea0     profile.res
 0004:0000c220       $R00B030                   00514220     profile.res
 0004:0000c460       $R00B270                   00514460     profile.res
 0004:0000c560       $R00B370                   00514560     profile.res
 0004:0000c910       $R00B720                   00514910     profile.res
 0004:0000cbb0       $R00B9C0                   00514bb0     profile.res
 0004:0000cf38       $R00BD48                   00514f38     profile.res
 0004:0000d1d8       $R00BFE8                   005151d8     profile.res
