 profile

 Timestamp is 565081e5 (Sat Nov 21 09:38:29 2015)

 Preferred load address is 00400000

 Start         Length     Name                   Class
 0001:00000000 0000073aH .text$di                CODE
 0001:00000740 00059b2aH .text$mn                CODE
 0001:0005a26a 000003efH .text$yd                CODE
 0002:00000000 00000450H .idata$5                DATA
 0002:00000450 00000004H .CRT$XCA                DATA
 0002:00000454 00000160H .CRT$XCU                DATA
 0002:000005b4 00000004H .CRT$XCZ                DATA
 0002:000005b8 00000004H .CRT$XIA                DATA
 0002:000005bc 00000014H .CRT$XIC                DATA
 0002:000005d0 00000004H .CRT$XIY                DATA
 0002:000005d4 00000004H .CRT$XIZ                DATA
 0002:000005d8 00000004H .CRT$XPA                DATA
 0002:000005dc 00000008H .CRT$XPX                DATA
 0002:000005e4 00000004H .CRT$XPXA               DATA
 0002:000005e8 00000004H .CRT$XPZ                DATA
 0002:000005ec 00000004H .CRT$XTA                DATA
 0002:000005f0 00000004H .CRT$XTZ                DATA
 0002:00000600 00007ce0H .rdata                  DATA
 0002:000082e0 000008e0H .rdata$r                DATA
 0002:00008bc0 0000000cH .rdata$sxdata           DATA
 0002:00008bcc 00000004H .rtc$IAA                DATA
 0002:00008bd0 00000004H .rtc$IZZ                DATA
 0002:00008bd4 00000004H .rtc$TAA                DATA
 0002:00008bd8 00000004H .rtc$TZZ                DATA
 0002:00008be0 0000034cH .xdata$x                DATA
 0002:00008f2c 00000000H .edata                  DATA
 0002:00008f2c 0000008cH .idata$2                DATA
 0002:00008fb8 00000014H .idata$3                DATA
 0002:00008fcc 00000450H .idata$4                DATA
 0002:0000941c 000011c6H .idata$6                DATA
 0003:00000000 00002d64H .data                   DATA
 0003:00002d64 00000358H .data$r                 DATA
 0003:000030c0 0008eb44H .bss                    DATA
 0004:00000000 00001234H .rsrc$01                DATA
 0004:00001240 0000b8a0H .rsrc$02                DATA

  Address         Publics by Value              Rva+Base       Lib:Object

 0000:00000000       ___guard_fids_table        00000000     <absolute>
 0000:00000000       __except_list              00000000     <absolute>
 0000:00000000       ___guard_fids_count        00000000     <absolute>
 0000:00000000       ___guard_flags             00000000     <absolute>
 0000:00000003       ___safe_se_handler_count   00000003     <absolute>
 0000:00000000       ___ImageBase               00400000     <linker-defined>
 0001:00000740       ??0FTANALOG_CLASS@@QAE@XZ  00401740 f i profile.obj
 0001:0000075d       ??0FTANALOG_ENTRY@@QAE@XZ  0040175d f i profile.obj
 0001:00000787       ??0FTCALC_CLASS@@QAE@XZ    00401787 f i profile.obj
 0001:000007af       ??0PROFILE_NAME_ENTRY@@QAE@XZ 004017af f i profile.obj
 0001:000007d3       ??1FTANALOG_CLASS@@QAE@XZ  004017d3 f i profile.obj
 0001:000007f6       ??1FTCALC_CLASS@@QAE@XZ    004017f6 f i profile.obj
 0001:00000818       ??1MACHINE_CLASS@@QAE@XZ   00401818 f i profile.obj
 0001:00000869       ??1MARKS_CLASS@@QAE@XZ     00401869 f i profile.obj
 0001:0000089e       ??1PART_NAME_ENTRY@@QAE@XZ 0040189e f i profile.obj
 0001:0000089e       ??1PARAMETER_CLASS@@QAE@XZ 0040189e f i profile.obj
 0001:000008b9       ??1PROFILE_NAME_ENTRY@@QAE@XZ 004018b9 f i profile.obj
 0001:000008dc       ??4REGION_ENTRY@@QAEXABU0@@Z 004018dc f   profile.obj
 0001:000008ff       ?IsWindowsVersionOrGreater@@YA_NGGG@Z 004018ff f i profile.obj
 0001:000009c3       ?about_dialog_proc@@YGHPAUHWND__@@IIJ@Z 004019c3 f   profile.obj
 0001:00000a19       ?add_to_backup_list@@YAXXZ 00401a19 f   profile.obj
 0001:00000c5d       ?adjust_all_y_axis_limits@@YAXXZ 00401c5d f   profile.obj
 0001:00000e5d       ?alarm_log_setup_proc@@YGHPAUHWND__@@IIJ@Z 00401e5d f   profile.obj
 0001:00000e9b       ?alarm_summary_proc@@YGHPAUHWND__@@IIJ@Z 00401e9b f   profile.obj
 0001:000018af       ?check_print_to_clipboard_setup@@YAXXZ 004028af f   profile.obj
 0001:000019f7       ?choose_corner_parameters@@YAXXZ 004029f7 f   profile.obj
 0001:00001a1d       ?choose_downtime_machine_dialog_proc@@YGHPAUHWND__@@IIJ@Z 00402a1d f   profile.obj
 0001:00001b26       ?choose_language_dialog_proc@@YGHPAUHWND__@@IIJ@Z 00402b26 f   profile.obj
 0001:00001bf5       ?close_dialog@@YAXPAUHWND__@@@Z 00402bf5 f   profile.obj
 0001:00001f55       ?corner_param_dialog_proc@@YGHPAUHWND__@@IIJ@Z 00402f55 f   profile.obj
 0001:0000204c       ?countchars@STRING_CLASS@@QAEJD@Z 0040304c f i profile.obj
 0001:0000255a       ?create_menu_help_box@@YAXXZ 0040355a f   profile.obj
 0001:000026f6       ?csv_shot_file_dialog_proc@@YGHPAUHWND__@@IIJ@Z 004036f6 f   profile.obj
 0001:00002918       ?date_and_shift_string@@YAPADAAVTIME_CLASS@@J@Z 00403918 f   profile.obj
 0001:000029b9       ?day_param_eb_sub_proc@@YGJPAUHWND__@@IIJ@Z 004039b9 f   profile.obj
 0001:00002aa3       ?delete_file@NAME_CLASS@@QAEEXZ 00403aa3 f i profile.obj
 0001:00002af3       ?do_language_selection@@YAXPAUHWND__@@@Z 00403af3 f   profile.obj
 0001:00003295       ?do_view_parameters_menu@@YAXXZ 00404295 f   profile.obj
 0001:0000334a       ?do_zoom_arrow_keys@@YAEH@Z 0040434a f   profile.obj
 0001:000035c7       ?down_data_callback@@YAXPADFPAUHDDEDATA__@@@Z 004045c7 f   profile.obj
 0001:0000372b       ?downtime_entry_dialog_proc@@YGHPAUHWND__@@IIJ@Z 0040472b f   profile.obj
 0001:00003862       ?downtime_entry_sub_proc@@YGJPAUHWND__@@IIJ@Z 00404862 f   profile.obj
 0001:000038d8       ?draw_axis@@YAXHFAAUtagRECT@@IGFF@Z 004048d8 f   profile.obj
 0001:00003b76       ?draw_grid@@YAXH@Z         00404b76 f   profile.obj
 0001:00003cda       ?draw_mark@@YAXMHPAUMARKLIST_ENTRY@@@Z 00404cda f   profile.obj
 0001:0000402d       ?draw_vertical_tics@@YAXAAUtagRECT@@HPAUHPEN__@@1@Z 0040502d f   profile.obj
 0001:000042a4       ?enable_prev_next_buttons@@YAXPAUHWND__@@@Z 004052a4 f   profile.obj
 0001:00004497       ?file_exists@NAME_CLASS@@QAEEXZ 00405497 f i profile.obj
 0001:00004798       ?fill_languages@@YAXPAUHWND__@@@Z 00405798 f   profile.obj
 0001:000049ff       ?fill_version@@YAXPAUHWND__@@@Z 004059ff f   profile.obj
 0001:00004a5f       ?find_index@@YAHMHH@Z      00405a5f f   profile.obj
 0001:00004aec       ?fix_decimals@@YAXPADF@Z   00405aec f   profile.obj
 0001:00004f17       ?get_alarm_period_type@@YAXAAE0@Z 00405f17 f   profile.obj
 0001:00004f52       ?get_current_shot@@YAEXZ   00405f52 f   profile.obj
 0001:00004fa2       ?get_default_printer_dc@@YAPAUHDC__@@XZ 00405fa2 f   profile.obj
 0001:000050f9       ?get_ft2_help@@YAXXZ       004060f9 f   profile.obj
 0001:0000525f       ?get_printer_dc@@YAPAUHDC__@@XZ 0040625f f   profile.obj
 0001:0000535f       ?gethelp@@YAXIK@Z          0040635f f   profile.obj
 0001:00005375       ?gethelp@@YAXPADIK@Z       00406375 f   profile.obj
 0001:00005583       ?high_index@@YAHMH@Z       00406583 f   profile.obj
 0001:000055dd       ?init@@YAXH@Z              004065dd f   profile.obj
 0001:00005e24       ?is_current_shot@@YAEPAUPROFILE_NAME_ENTRY@@@Z 00406e24 f   profile.obj
 0001:00005e64       ?kill_print_to_clip_fonts@@YAXXZ 00406e64 f   profile.obj
 0001:00006513       ?load_realtime_machine_list@@YAXXZ 00407513 f   profile.obj
 0001:0000671a       ?machine_list_dialog_proc@@YGHPAUHWND__@@IIJ@Z 0040771a f   profile.obj
 0001:000067a4       ?main_plot_proc@@YGJPAUHWND__@@IIJ@Z 004077a4 f   profile.obj
 0001:00006d1c       ?main_proc@@YGJPAUHWND__@@IIJ@Z 00407d1c f   profile.obj
 0001:00007b5a       ?monitor_setup_callback@@YAXPADFPAUHDDEDATA__@@@Z 00408b5a f   profile.obj
 0001:00007bff       ?my_desktop_client_rect@@YAAAUtagRECT@@XZ 00408bff f   profile.obj
 0001:00007c58       ?my_enum_windows_proc@@YGHPAUHWND__@@J@Z 00408c58 f   profile.obj
 0001:00007cb8       ?new_machine_setup_callback@@YAXPADFPAUHDDEDATA__@@@Z 00408cb8 f   profile.obj
 0001:00007d26       ?new_machine_state_callback@@YAXPADFPAUHDDEDATA__@@@Z 00408d26 f   profile.obj
 0001:00007d9d       ?new_part_setup_callback@@YAXPADFPAUHDDEDATA__@@@Z 00408d9d f   profile.obj
 0001:00007e93       ?new_shot_callback@@YAXPADFPAUHDDEDATA__@@@Z 00408e93 f   profile.obj
 0001:0000820c       ?operator_signon_proc@@YGHPAUHWND__@@IIJ@Z 0040920c f   profile.obj
 0001:00008301       ?overlaying@@YA_NXZ        00409301 f   profile.obj
 0001:000087b7       ?paint_plot_background@@YAXPAUHWND__@@PAUHDC__@@@Z 004097b7 f   profile.obj
 0001:000089aa       ?password_level_callback@@YAXPADFPAUHDDEDATA__@@@Z 004099aa f   profile.obj
 0001:00008c3c       ?position_downtime_entry_dialog@@YAXXZ 00409c3c f   profile.obj
 0001:00008da5       ?position_main_plot_window@@YAXXZ 00409da5 f   profile.obj
 0001:00008e47       ?position_xdcr_window@@YAXXZ 00409e47 f   profile.obj
 0001:00008f58       ?pressure_display_check@@YAXXZ 00409f58 f   profile.obj
 0001:000096ac       ?print_me@@YAXXZ           0040a6ac f   profile.obj
 0001:000099c9       ?print_to_clipboard@@YAXXZ 0040a9c9 f   profile.obj
 0001:00009ebc       ?redisplay_last_shot@@YAEXZ 0040aebc f   profile.obj
 0001:0000a116       ?resource_string@@YAPADI@Z 0040b116 f   profile.obj
 0001:0000ae9a       ?restore_focus_to_hmi@@YAXXZ 0040be9a f   profile.obj
 0001:0000b3e5       ?save_class_name@@YAXPAUHWND__@@@Z 0040c3e5 f   profile.obj
 0001:0000b44b       ?save_last_shot_name@@YAXXZ 0040c44b f   profile.obj
 0001:0000ba4a       ?set_cat_and_subcat_tabs@@YAXXZ 0040ca4a f   profile.obj
 0001:0000bbfd       ?set_current_directory@@YAXXZ 0040cbfd f   profile.obj
 0001:0000c037       ?set_full_screen@@YAXXZ    0040d037 f   profile.obj
 0001:0000c0c0       ?set_info_box_type@@YAXH@Z 0040d0c0 f   profile.obj
 0001:0000c29a       ?set_plot_curves@@YAXXZ    0040d29a f   profile.obj
 0001:0000c4b1       ?set_realtime_menu_string@@YAXXZ 0040d4b1 f   profile.obj
 0001:0000c6ac       ?set_tsl_dialog_proc@@YGHPAUHWND__@@IIJ@Z 0040d6ac f   profile.obj
 0001:0000c913       ?set_zoom_box_labels@@YAXPAUHWND__@@@Z 0040d913 f   profile.obj
 0001:0000cb66       ?show_all_windows@@YAXXZ   0040db66 f   profile.obj
 0001:0000cce1       ?show_curve@@YAXFFFFFK@Z   0040dce1 f   profile.obj
 0001:0000cf93       ?show_downtime_entry_time@@YAXXZ 0040df93 f   profile.obj
 0001:0000d0d5       ?show_fixed_axis_message@@YAXXZ 0040e0d5 f   profile.obj
 0001:0000d1f0       ?show_ft2_in_lower_left_corner@@YAXXZ 0040e1f0 f   profile.obj
 0001:0000d34c       ?show_left_axes@@YAXXZ     0040e34c f   profile.obj
 0001:0000d6f5       ?show_menu_help_text@@YAXI@Z 0040e6f5 f   profile.obj
 0001:0000d74a       ?show_offline_info@@YAXXZ  0040e74a f   profile.obj
 0001:0000de45       ?show_right_axes@@YAXXZ    0040ee45 f   profile.obj
 0001:0000e0d3       ?show_shot_info@@YAXXZ     0040f0d3 f   profile.obj
 0001:0000e42d       ?show_x_axes@@YAXXZ        0040f42d f   profile.obj
 0001:0000e6f5       ?show_zoom_info@@YAXXZ     0040f6f5 f   profile.obj
 0001:0000e827       ?show_zoom_value@@YAXHGHHF@Z 0040f827 f   profile.obj
 0001:0000ee75       ?start_alarm_summary_dialog@@YAXXZ 0040fe75 f   profile.obj
 0001:0000ef96       ?stop_printing_to_clipboard@@YAXXZ 0040ff96 f   profile.obj
 0001:0000efb1       ?text_out@@YAXJJI@Z        0040ffb1 f   profile.obj
 0001:0000efe1       ?text_out@@YAXJJPAD@Z      0040ffe1 f   profile.obj
 0001:0000f0bc       ?toggle_big_param_display_type@@YAXXZ 004100bc f   profile.obj
 0001:0000f16e       ?toggle_menu_view_state@@YAXAAEI@Z 0041016e f   profile.obj
 0001:0000f18d       ?toggle_pos_time_display_type@@YAXXZ 0041018d f   profile.obj
 0001:0000f1d6       ?toggle_realtime@@YAXXZ    004101d6 f   profile.obj
 0001:0000f626       ?update_screen_type@@YAXF@Z 00410626 f   profile.obj
 0001:0000f800       ?viewing_reference@@YA_NXZ 00410800 f   profile.obj
 0001:0000f825       ?write_std_units_csv_file@@YAEAAVSTRING_CLASS@@0@Z 00410825 f   profile.obj
 0001:0000fc1a       ?x_value@@YAEAAMAAHH@Z     00410c1a f   profile.obj
 0001:0000ff56       _WinMain@16                00410f56 f   profile.obj
 0001:000100a6       ?copy_int32_w_char@@YAPADPADAAVDB_TABLE@@G@Z 004110a6 f   alarmexp.obj
 0001:000102dd       ?export_alarms_dialog_proc@@YGHPAUHWND__@@IIJ@Z 004112dd f   alarmexp.obj
 0001:000107b1       ??0BITMAP_CLASS@@QAE@XZ    004117b1 f   bitmapcl.obj
 0001:000107c4       ??1BITMAP_CLASS@@QAE@XZ    004117c4 f   bitmapcl.obj
 0001:000107c9       ?cleanup@BITMAP_CLASS@@QAEXXZ 004117c9 f   bitmapcl.obj
 0001:000107de       ?get@BITMAP_CLASS@@QAEEPAUHDC__@@JJ@Z 004117de f   bitmapcl.obj
 0001:00010844       ?init@BITMAP_CLASS@@QAEEPAUHDC__@@JJ@Z 00411844 f   bitmapcl.obj
 0001:0001087e       ?restore@BITMAP_CLASS@@QAEEPAUHDC__@@@Z 0041187e f   bitmapcl.obj
 0001:000108d6       ??0STATUSBOX_ENTRY@@QAE@XZ 004118d6 f   box.obj
 0001:00010907       ??_ESTATUSBOX_ENTRY@@QAEPAXI@Z 00411907 f i box.obj
 0001:00010960       ?alarm_rect@STATUSBOX_ENTRY@@QAEPAUtagRECT@@XZ 00411960 f   box.obj
 0001:000109a6       ?begin_box_display@@YAEXZ  004119a6 f   box.obj
 0001:00010ce1       ?bounds@STATUSBOX_ENTRY@@QAEPAUtagRECT@@XZ 00411ce1 f   box.obj
 0001:00010ec6       ?box_display_shutdown@@YAXXZ 00411ec6 f   box.obj
 0001:00010ee3       ?box_display_startup@@YAEXZ 00411ee3 f   box.obj
 0001:00010ef2       ?box_screen_down_data_change@@YAXAAVSTRING_CLASS@@PAD1@Z 00411ef2 f   box.obj
 0001:00010fea       ?box_screen_left_button_up@@YAXAAUtagPOINT@@@Z 00411fea f   box.obj
 0001:000110ff       ?box_screen_new_machine_status@@YAXAAVSTRING_CLASS@@G@Z 004120ff f   box.obj
 0001:0001113e       ?box_screen_new_monitor_setup@@YAXAAVSTRING_CLASS@@@Z 0041213e f   box.obj
 0001:00011183       ?box_screen_new_shot@@YAXAAVSTRING_CLASS@@@Z 00412183 f   box.obj
 0001:00011260       ?choose_box_font@@YAEXZ    00412260 f   box.obj
 0001:0001133e       ?date_rect@STATUSBOX_ENTRY@@QAEPAUtagRECT@@XZ 0041233e f   box.obj
 0001:00011382       ?delete_tooltips@@YAXXZ    00412382 f   box.obj
 0001:00011432       ?down_rect@STATUSBOX_ENTRY@@QAEPAUtagRECT@@XZ 00412432 f   box.obj
 0001:00011477       ?empty_status_boxes@@YAXXZ 00412477 f   box.obj
 0001:0001149c       ?end_box_display@@YAXXZ    0041249c f   box.obj
 0001:000114b6       ?find_status_box@@YAPAVSTATUSBOX_ENTRY@@AAVSTRING_CLASS@@@Z 004124b6 f   box.obj
 0001:000114d2       ?get@BOXSET_CLASS@@QAEHXZ  004124d2 f   box.obj
 0001:0001150b       ?get_alarm_info@STATUSBOX_ENTRY@@QAEXXZ 0041250b f   box.obj
 0001:00011580       ?get_downtime_status@STATUSBOX_ENTRY@@QAEXXZ 00412580 f   box.obj
 0001:00011618       ?get_part_info@STATUSBOX_ENTRY@@QAEEXZ 00412618 f   box.obj
 0001:0001173d       ?get_shot_info@STATUSBOX_ENTRY@@QAEXXZ 0041273d f   box.obj
 0001:00011843       ?machine_rect@STATUSBOX_ENTRY@@QAEPAUtagRECT@@XZ 00412843 f   box.obj
 0001:00011887       ?make_status_boxes@@YAEXZ  00412887 f   box.obj
 0001:0001190a       ?paint_box_display@@YAXAAUtagPAINTSTRUCT@@@Z 0041290a f   box.obj
 0001:000119d2       ?part_rect@STATUSBOX_ENTRY@@QAEPAUtagRECT@@XZ 004129d2 f   box.obj
 0001:00011a16       ?put@BOXSET_CLASS@@QAEEXZ  00412a16 f   box.obj
 0001:00011aaf       ?read_alarm_info@STATUSBOX_ENTRY@@QAEXXZ 00412aaf f   box.obj
 0001:00011cec       ?refresh@STATUSBOX_ENTRY@@QAEXXZ 00412cec f   box.obj
 0001:00011fce       ?shot_rect@STATUSBOX_ENTRY@@QAEPAUtagRECT@@XZ 00412fce f   box.obj
 0001:00012012       ?show_border@STATUSBOX_ENTRY@@QAEXPAUHDC__@@@Z 00413012 f   box.obj
 0001:000120c2       ?show_text@STATUSBOX_ENTRY@@QAEXPAUHDC__@@@Z 004130c2 f   box.obj
 0001:00012368       ?status_box_index@@YAJAAVSTRING_CLASS@@@Z 00413368 f   box.obj
 0001:000123af       ?tiptext@@YAPADJPAD0@Z     004133af f   box.obj
 0001:00012431       ?chospart_proc@@YGHPAUHWND__@@IIJ@Z 00413431 f   chospart.obj
 0001:0001295c       ?chosshot_proc@@YGHPAUHWND__@@IIJ@Z 0041395c f   chosshot.obj
 0001:00012b56       ?copy_selections_to_extern@@YAXXZ 00413b56 f   chosshot.obj
 0001:00013504       ?set_listbox_style@@YAXXZ  00414504 f   chosshot.obj
 0001:00013544       ?choose_one_color@@YAKI@Z  00414544 f   colordef.obj
 0001:000135e0       ?color_definition_dialog_proc@@YGHPAUHWND__@@IIJ@Z 004145e0 f   colordef.obj
 0001:00013763       ?get_color@@YAKI@Z         00414763 f   colordef.obj
 0001:000138ce       ?restore_original_colors@@YAXXZ 004148ce f   colordef.obj
 0001:00013936       ?save_original_colors@@YAXXZ 00414936 f   colordef.obj
 0001:0001399e       ?set_one_color@@YAXIK@Z    0041499e f   colordef.obj
 0001:00013b22       ?restore_colors@@YAXXZ     00414b22 f   colors.obj
 0001:00013c20       ?save_colors@@YAXXZ        00414c20 f   colors.obj
 0001:00013cd1       ?read_corner_parameters@@YAXPAHAAH@Z 00414cd1 f   corner.obj
 0001:00013dd3       ?save_corner_parameters@@YAXPAHH@Z 00414dd3 f   corner.obj
 0001:00013ed4       ??1CONTROL_LIMIT_CLASS@@QAE@XZ 00414ed4 f   ctrlimit.obj
 0001:00013ee5       ?add@CONTROL_LIMIT_CLASS@@QAEEJMM@Z 00414ee5 f   ctrlimit.obj
 0001:00013f87       ?empty@CONTROL_LIMIT_CLASS@@QAEXXZ 00414f87 f   ctrlimit.obj
 0001:00013fba       ?find@CONTROL_LIMIT_CLASS@@QAEEJ@Z 00414fba f   ctrlimit.obj
 0001:00013ff1       ?read@CONTROL_LIMIT_CLASS@@QAEEAAVSTRING_CLASS@@00@Z 00414ff1 f   ctrlimit.obj
 0001:00014041       ?read@CONTROL_LIMIT_CLASS@@QAEEPAD@Z 00415041 f   ctrlimit.obj
 0001:000140ed       ?read@CONTROL_LIMIT_ENTRY@@QAEEAAVDB_TABLE@@@Z 004150ed f   ctrlimit.obj
 0001:0001411f       ?write@CONTROL_LIMIT_CLASS@@QAEEAAVSTRING_CLASS@@00@Z 0041511f f   ctrlimit.obj
 0001:0001416f       ?write@CONTROL_LIMIT_CLASS@@QAEEPAD@Z 0041516f f   ctrlimit.obj
 0001:000141fb       ?write@CONTROL_LIMIT_ENTRY@@QAEEAAVDB_TABLE@@@Z 004151fb f   ctrlimit.obj
 0001:00014243       ??0DOWNBAR_CONFIG_CLASS@@QAE@XZ 00415243 f   dbarcfg.obj
 0001:0001428a       ?downtime_report_setup_proc@@YGHPAUHWND__@@IIJ@Z 0041528a f   dbarcfg.obj
 0001:000148f3       ?get_from_screen@DOWNBAR_SCREEN_CONFIG_CLASS@@QAEXPAUHWND__@@@Z 004158f3 f   dbarcfg.obj
 0001:000149c1       ?get_new_start_time@@YAXPAUHWND__@@H@Z 004159c1 f   dbarcfg.obj
 0001:00014d4d       ?listbox_line@@YAPADAAVDB_TABLE@@@Z 00415d4d f   dbarcfg.obj
 0001:00014fac       ?put_to_screen@DOWNBAR_SCREEN_CONFIG_CLASS@@QAEXPAUHWND__@@@Z 00415fac f   dbarcfg.obj
 0001:0001508a       ?read@DOWNBAR_CONFIG_CLASS@@QAEXXZ 0041608a f   dbarcfg.obj
 0001:0001510c       ?resource_message_box@@YAXII@Z 0041610c f   dbarcfg.obj
 0001:000151f4       ?write@DOWNBAR_CONFIG_CLASS@@QAEXXZ 004161f4 f   dbarcfg.obj
 0001:000153c0       ?directory_exists@NAME_CLASS@@QAEEXZ 004163c0 f i dconfig.obj
 0001:000153d5       ?display_configuration_dialog_proc@@YGHPAUHWND__@@IIJ@Z 004163d5 f   dconfig.obj
 0001:00015508       ?get_curve_types_from_screen@@YAXAAGH@Z 00416508 f   dconfig.obj
 0001:00015571       ?get_from_screen@FIXED_SCREEN_CLASS@@QAEXXZ 00416571 f   dconfig.obj
 0001:00015774       ?init_global_curve_types@@YAXXZ 00416774 f   dconfig.obj
 0001:00015ba3       ?load_the_other_config@@YAXXZ 00416ba3 f   dconfig.obj
 0001:00015bf3       ?put_to_screen@FIXED_SCREEN_CLASS@@QAEXXZ 00416bf3 f   dconfig.obj
 0001:0001639e       ?set_fixed_axes@FIXED_SCREEN_CLASS@@QAEXXZ 0041739e f   dconfig.obj
 0001:00016416       ?set_one_fixed_axis@FIXED_SCREEN_CLASS@@QAEXJJ@Z 00417416 f   dconfig.obj
 0001:00016475       ?toggle_pressure_display_type@@YAXXZ 00417475 f   dconfig.obj
 0001:0001652e       ??0CAT_BASE_CLASS@@QAE@XZ  0041752e f   downbar.obj
 0001:00016541       ??0DOWNTIME_BASE_CLASS@@QAE@PAD0@Z 00417541 f   downbar.obj
 0001:00016567       ??0DOWNTIME_BASE_CLASS@@QAE@XZ 00417567 f   downbar.obj
 0001:00016567       ??0DSTAT_CLASS@@QAE@XZ     00417567 f   profile.obj
 0001:00016588       ??0DOWNTIME_SUM_ENTRY@@QAE@XZ 00417588 f   downbar.obj
 0001:00016598       ??4DOWNTIME_BASE_CLASS@@QAEXABV0@@Z 00417598 f   downbar.obj
 0001:000165c1       ??4DOWNTIME_RECORD_CLASS@@QAEXABV0@@Z 004175c1 f   downbar.obj
 0001:000165da       ??8CAT_BASE_CLASS@@QAEEPBD@Z 004175da f   downbar.obj
 0001:000165ee       ??8DOWNTIME_BASE_CLASS@@QAEEABV0@@Z 004175ee f   downbar.obj
 0001:0001661f       ??8DOWNTIME_SUM_CLASS@@QAEEABVDOWNTIME_BASE_CLASS@@@Z 0041761f f   downbar.obj
 0001:0001664c       ??9DOWNTIME_BASE_CLASS@@QAEEABV0@@Z 0041764c f   downbar.obj
 0001:0001667d       ??9DOWNTIME_SUM_CLASS@@QAEEABVDOWNTIME_BASE_CLASS@@@Z 0041767d f   downbar.obj
 0001:000166aa       ?add@CAT_SUM_CLASS@@QAEPAVCAT_SUM_ENTRY@@PAD@Z 004176aa f   downbar.obj
 0001:00016706       ?begin_downbar_display@@YAEXZ 00417706 f   downbar.obj
 0001:0001677e       ?category@DOWNTIME_SUM_CLASS@@QAEPADXZ 0041777e f   downbar.obj
 0001:00016791       ?cleanup@CAT_SUM_CLASS@@QAEXXZ 00417791 f   downbar.obj
 0001:000167b9       ?cleanup@DOWNTIME_SUM_CLASS@@QAEXXZ 004177b9 f   downbar.obj
 0001:000167d5       ?do_downbar_button@@YAXH@Z 004177d5 f   downbar.obj
 0001:00016805       ?do_new_dtr_config@@YAXXZ  00417805 f   downbar.obj
 0001:00016820       ?down_seconds@DOWNTIME_SUM_CLASS@@QAEJXZ 00417820 f   downbar.obj
 0001:0001687a       ?downbar_left_button_up@@YAXAAUtagPOINT@@@Z 0041787a f   downbar.obj
 0001:00016918       ?empty@DOWNTIME_SUM_CLASS@@QAEEXZ 00417918 f   downbar.obj
 0001:00016940       ?end_downbar_display@@YAXXZ 00417940 f   downbar.obj
 0001:0001696f       ?fill_times@@YAEXZ         0041796f f   downbar.obj
 0001:00016cc8       ?find@CAT_SUM_CLASS@@QAEPAVCAT_SUM_ENTRY@@PAD@Z 00417cc8 f   downbar.obj
 0001:00016cee       ?get@DOWNTIME_RECORD_CLASS@@QAEEAAVDB_TABLE@@@Z 00417cee f   downbar.obj
 0001:00016d64       ?max_title_pixels@@YAHH@Z  00417d64 f   downbar.obj
 0001:00016e06       ?next@CAT_SUM_CLASS@@QAEEXZ 00417e06 f   downbar.obj
 0001:00016e1c       ?next@DOWNTIME_SUM_CLASS@@QAEEPAD@Z 00417e1c f   downbar.obj
 0001:00016eb3       ?paint_downbar_display@@YAXXZ 00417eb3 f   downbar.obj
 0001:000175de       ?read@DOWNTIME_SUM_CLASS@@QAEEXZ 004185de f   downbar.obj
 0001:000177a4       ?seconds@CAT_SUM_CLASS@@QAEAAJPAD@Z 004187a4 f   downbar.obj
 0001:000177d1       ?seconds@DOWNTIME_SUM_CLASS@@QAEAAJPAD0@Z 004187d1 f   downbar.obj
 0001:00017830       ?seconds@DOWNTIME_SUM_CLASS@@QAEJXZ 00418830 f   downbar.obj
 0001:00017842       ?set_category_titles@@YAXXZ 00418842 f   downbar.obj
 0001:00017899       ?set_subcategory_titles@@YAXXZ 00418899 f   downbar.obj
 0001:00017900       ?show_title_and_hours@@YAXHPAD0HE@Z 00418900 f   downbar.obj
 0001:00017a09       ?show_title_and_hours@@YAXHPADHE@Z 00418a09 f   downbar.obj
 0001:00017aed       ?sort@CAT_SUM_CLASS@@QAEXXZ 00418aed f   downbar.obj
 0001:00017b48       ?title@CAT_SUM_CLASS@@QAEPADXZ 00418b48 f   downbar.obj
 0001:00017b5c       ?title@DOWNTIME_SUM_CLASS@@QAEPADXZ 00418b5c f   downbar.obj
 0001:00017b90       ?total_seconds@DOWNTIME_SUM_CLASS@@QAEJXZ 00418b90 f   downbar.obj
 0001:00017bc7       ??0EDITOP_GRID_CLASS@@QAE@XZ 00418bc7 f   editop.obj
 0001:00017be9       ??1EDITOP_GRID_CLASS@@UAE@XZ 00418be9 f   editop.obj
 0001:00017c11       ??_EOP_NUMBER_INDEX@?1??save_changes@@YAEXZ@QAEPAXI@Z 00418c11 f i editop.obj
 0001:00017c6a       ??_GEDITOP_GRID_CLASS@@UAEPAXI@Z 00418c6a f i editop.obj
 0001:00017c6a       ??_EEDITOP_GRID_CLASS@@UAEPAXI@Z 00418c6a f i editop.obj
 0001:00017c86       ?OnCharDown@GRID_CLASS@@UAEXPAIH@Z 00418c86 f   gridclas.obj
 0001:00017c86       ?OnCharDown@EDITOP_GRID_CLASS@@UAEXPAIH@Z 00418c86 f   editop.obj
 0001:00017c9b       ?OnEditFinish@EDITOP_GRID_CLASS@@UAEHHJPAUHWND__@@PBDH@Z 00418c9b f   editop.obj
 0001:00017d39       ?OnKeyDown@EDITOP_GRID_CLASS@@UAEXPAIH@Z 00418d39 f   editop.obj
 0001:00017d55       ?OnLClicked@GRID_CLASS@@UAEXHJHPAUtagRECT@@PAUtagPOINT@@H@Z 00418d55 f   gridclas.obj
 0001:00017d55       ?OnLClicked@PW_GRID_CLASS@@UAEXHJHPAUtagRECT@@PAUtagPOINT@@H@Z 00418d55 f   password.obj
 0001:00017d55       ?OnLClicked@EDITOP_GRID_CLASS@@UAEXHJHPAUtagRECT@@PAUtagPOINT@@H@Z 00418d55 f   editop.obj
 0001:00017d64       ?OnSH_LClicked@EDITOP_GRID_CLASS@@UAEXHJHPAUtagRECT@@PAUtagPOINT@@H@Z 00418d64 f   editop.obj
 0001:00017dda       ?OnSetup@EDITOP_GRID_CLASS@@UAEXXZ 00418dda f   editop.obj
 0001:00017e52       ?createfont@EDITOP_GRID_CLASS@@QAEXXZ 00418e52 f   editop.obj
 0001:00017ecd       ?delete_highlighted_rows@EDITOP_GRID_CLASS@@QAEXXZ 00418ecd f   editop.obj
 0001:00017f72       ?edit_operators_dialog_proc@@YGHPAUHWND__@@IIJ@Z 00418f72 f   editop.obj
 0001:00018013       ?input_error_dialog_proc@@YGHPAUHWND__@@IIJ@Z 00419013 f   editop.obj
 0001:0001805e       ?insert_row@EDITOP_GRID_CLASS@@QAEXXZ 0041905e f   editop.obj
 0001:000180c9       ?is_row_selected@EDITOP_GRID_CLASS@@QAEEH@Z 004190c9 f   editop.obj
 0001:00018385       ?refresh_row_labels@EDITOP_GRID_CLASS@@QAEXXZ 00419385 f   editop.obj
 0001:000183ef       ?save_changes@@YAEXZ       004193ef f   editop.obj
 0001:00018711       ?select_row@EDITOP_GRID_CLASS@@QAEXJ@Z 00419711 f   editop.obj
 0001:0001874f       ??4EDIT_SHIFT_CLASS@@QAEXAAV0@@Z 0041974f f   editshif.obj
 0001:0001890d       ?day_name_from_index@@YAPADJ@Z 0041990d f   editshif.obj
 0001:00018b5a       ?edit_shifts_dialog_proc@@YGHPAUHWND__@@IIJ@Z 00419b5a f   editshif.obj
 0001:00018c96       ?fill_editboxes@EDIT_SHIFT_CLASS@@QAEXXZ 00419c96 f   editshif.obj
 0001:00018ddd       ?index_from_day_name@@YAJPAD@Z 00419ddd f   editshif.obj
 0001:00018e04       ?lbline@EDIT_SHIFT_CLASS@@QAEPADXZ 00419e04 f   editshif.obj
 0001:00018e7c       ?read@EDIT_SHIFT_CLASS@@QAEEAAVDB_TABLE@@@Z 00419e7c f   editshif.obj
 0001:00018f05       ?read@EDIT_SHIFT_CLASS@@QAEEPAD@Z 00419f05 f   editshif.obj
 0001:00018fbe       ?read_editboxes@EDIT_SHIFT_CLASS@@QAEEXZ 00419fbe f   editshif.obj
 0001:000190e5       ?saveall@EDIT_SHIFT_CLASS@@QAEEXZ 0041a0e5 f   editshif.obj
 0001:00019b11       ?export_shots_proc@@YGHPAUHWND__@@IIJ@Z 0041ab11 f   export.obj
 0001:0001a103       ?empty@FIXED_AXIS_CLASS@@QAEXXZ 0041b103 f   fixaxis.obj
 0001:0001a120       ?init@FIXED_AXIS_CLASS@@QAEEJ@Z 0041b120 f   fixaxis.obj
 0001:0001a137       ?read@FIXED_AXIS_CLASS@@QAEEPAD@Z 0041b137 f   fixaxis.obj
 0001:0001a1f5       ?read@FIXED_AXIS_ENTRY@@QAEEAAVDB_TABLE@@@Z 0041b1f5 f   fixaxis.obj
 0001:0001a227       ?setsize@FIXED_AXIS_CLASS@@QAEEJ@Z 0041b227 f   fixaxis.obj
 0001:0001a2df       ?write@FIXED_AXIS_CLASS@@QAEEPAD@Z 0041b2df f   fixaxis.obj
 0001:0001a36c       ?write@FIXED_AXIS_ENTRY@@QAEEAAVDB_TABLE@@@Z 0041b36c f   fixaxis.obj
 0001:0001a3b4       ??0GRID_CLASS@@QAE@XZ      0041b3b4 f   gridclas.obj
 0001:0001a3d6       ??1GRID_CLASS@@UAE@XZ      0041b3d6 f   gridclas.obj
 0001:0001a3fe       ??_GGRID_CLASS@@UAEPAXI@Z  0041b3fe f i gridclas.obj
 0001:0001a3fe       ??_EGRID_CLASS@@UAEPAXI@Z  0041b3fe f i gridclas.obj
 0001:0001a41a       ?OnEditFinish@GRID_CLASS@@UAEHHJPAUHWND__@@PBDH@Z 0041b41a f   gridclas.obj
 0001:0001a450       ?OnEditStart@GRID_CLASS@@UAEHHJPAPAUHWND__@@@Z 0041b450 f   gridclas.obj
 0001:0001a468       ?OnSH_LClicked@GRID_CLASS@@UAEXHJHPAUtagRECT@@PAUtagPOINT@@H@Z 0041b468 f   gridclas.obj
 0001:0001a48a       ?OnSetup@GRID_CLASS@@UAEXXZ 0041b48a f   gridclas.obj
 0001:0001a4f9       ?createfont@GRID_CLASS@@QAEXXZ 0041b4f9 f   gridclas.obj
 0001:0001a574       ?get_alarm_state@@YAHXZ    0041b574 f   isalarm.obj
 0001:0001a67f       ?is_alarm@@YAEFM@Z         0041b67f f   isalarm.obj
 0001:0001a743       ?is_warning@@YAEFM@Z       0041b743 f   isalarm.obj
 0001:0001a760       ?save_as_master_trace@@YAXXZ 0041b760 f   master.obj
 0001:0001a8d1       ??0SINGLE_PLOT_CLASS@@QAE@XZ 0041b8d1 f   mplot.obj
 0001:0001a915       ??1SINGLE_PLOT_CLASS@@QAE@XZ 0041b915 f   mplot.obj
 0001:0001a944       ??AMULTI_PLOT_CLASS@@QAEAAVSINGLE_PLOT_CLASS@@J@Z 0041b944 f   mplot.obj
 0001:0001a960       ??_ESINGLE_PLOT_CLASS@@QAEPAXI@Z 0041b960 f i mplot.obj
 0001:0001a9b5       ?add@DATA_ARRAY_CLASS@@QAEEM@Z 0041b9b5 f   mplot.obj
 0001:0001a9ec       ?add@DATA_POINT_ENTRY@@QAEXM@Z 0041b9ec f   mplot.obj
 0001:0001aa3f       ?average@DATA_ARRAY_CLASS@@QAEMXZ 0041ba3f f i mplot.obj
 0001:0001aa54       ?avg@DATA_POINT_ENTRY@@QAEMXZ 0041ba54 f   mplot.obj
 0001:0001aa7d       ?cleanup@MULTI_PLOT_CLASS@@QAEXXZ 0041ba7d f   mplot.obj
 0001:0001aabc       ?get_text_size@@YAXAAJ0PAUHDC__@@PBD@Z 0041babc f   mplot.obj
 0001:0001aaef       ?info_box_x_position@SINGLE_PLOT_CLASS@@AAEJJ@Z 0041baef f   mplot.obj
 0001:0001ab15       ?init@DATA_ARRAY_CLASS@@UAEEJ@Z 0041bb15 f   mplot.obj
 0001:0001ab8b       ?init@MULTI_PLOT_CLASS@@QAEEJ@Z 0041bb8b f   mplot.obj
 0001:0001abff       ?init@SINGLE_PLOT_CLASS@@UAEEJ@Z 0041bbff f   mplot.obj
 0001:0001acc1       ?left_shift@DATA_ARRAY_CLASS@@QAEJAAVDATA_POINT_ENTRY@@@Z 0041bcc1 f   mplot.obj
 0001:0001ad37       ?left_shift@DATA_ARRAY_CLASS@@QAEJM@Z 0041bd37 f   mplot.obj
 0001:0001aeb1       ?next@SHOT_ARRAY_CLASS@@QAEEXZ 0041beb1 f   xaxis.obj
 0001:0001aeb1       ?next@DATA_ARRAY_CLASS@@QAEEXZ 0041beb1 f   mplot.obj
 0001:0001aed0       ?paint@SINGLE_PLOT_CLASS@@QAEXPAUHDC__@@@Z 0041bed0 f   mplot.obj
 0001:0001b62a       ?restore_info_box@SINGLE_PLOT_CLASS@@QAEEPAUHDC__@@@Z 0041c62a f   mplot.obj
 0001:0001b73d       ?show_info_box@SINGLE_PLOT_CLASS@@QAEEPAUHDC__@@JJE@Z 0041c73d f   mplot.obj
 0001:0001b890       ?show_units@SINGLE_PLOT_CLASS@@AAEXPAUHDC__@@@Z 0041c890 f   mplot.obj
 0001:0001ba20       ?begin_printing@@YAXXZ     0041ca20 f   mulprint.obj
 0001:0001bc81       ?fill_machines@@YAXPAUHWND__@@I@Z 0041cc81 f   mulprint.obj
 0001:0001bfc5       ?get_current_part@@YAEAAUPART_NAME_ENTRY@@@Z 0041cfc5 f   mulprint.obj
 0001:0001c079       ?print_multiple_shots_proc@@YGHPAUHWND__@@IIJ@Z 0041d079 f   mulprint.obj
 0001:0001c198       ?print_next_shot@@YAXXZ    0041d198 f   mulprint.obj
 0001:0001c321       ?write_counts_file@@YAEAAVSTRING_CLASS@@0@Z 0041d321 f   olmsted.obj
 0001:0001c37f       ?write_olmsted_file@@YAEAAVSTRING_CLASS@@0@Z 0041d37f f   olmsted.obj
 0001:0001c40f       ?ParamHistoryProc@@YGHPAUHWND__@@IIJ@Z 0041d40f f   paramhis.obj
 0001:0001cb05       ?new_history_choice@@YAXXZ 0041db05 f   paramhis.obj
 0001:0001cc3e       ?position_param_history_window@@YAXXZ 0041dc3e f   paramhis.obj
 0001:0001cd91       ?read_parameters_from_parmlist@@YAJJH@Z 0041dd91 f   paramhis.obj
 0001:0001d00c       ?load_parameter_list_titles@@YAXXZ 0041e00c f   paramwin.obj
 0001:0001d66e       ?parameter_window_proc@@YGHPAUHWND__@@IIJ@Z 0041e66e f   paramwin.obj
 0001:0001d726       ?position_parameter_window@@YAXXZ 0041e726 f   paramwin.obj
 0001:0001d853       ??0PW_GRID_CLASS@@QAE@XZ   0041e853 f   password.obj
 0001:0001d86c       ??1PW_GRID_CLASS@@UAE@XZ   0041e86c f   password.obj
 0001:0001d888       ??APASSWORD_CLASS@@QAEAAUPASSWORD_ENTRY@@J@Z 0041e888 f   password.obj
 0001:0001d8db       ??_GPW_GRID_CLASS@@UAEPAXI@Z 0041e8db f i password.obj
 0001:0001d8db       ??_EPW_GRID_CLASS@@UAEPAXI@Z 0041e8db f i password.obj
 0001:0001d8f7       ?OnCharDown@PW_GRID_CLASS@@UAEXPAIH@Z 0041e8f7 f   password.obj
 0001:0001d956       ?OnEditContinue@PW_GRID_CLASS@@UAEHHJPAHPAJ@Z 0041e956 f   password.obj
 0001:0001d96c       ?OnEditFinish@PW_GRID_CLASS@@UAEHHJPAUHWND__@@PBDH@Z 0041e96c f   password.obj
 0001:0001da01       ?OnKeyDown@PW_GRID_CLASS@@UAEXPAIH@Z 0041ea01 f   password.obj
 0001:0001da20       ?OnSetup@PW_GRID_CLASS@@UAEXXZ 0041ea20 f   password.obj
 0001:0001dc87       ?check_for_password_logging@@YA_NXZ 0041ec87 f   password.obj
 0001:0001dd1c       ?cleanup@PASSWORD_CLASS@@QAEXXZ 0041ed1c f   password.obj
 0001:0001dd39       ?co_options_dialog_proc@@YGHPAUHWND__@@IIJ@Z 0041ed39 f   password.obj
 0001:0001e037       ?create@DB_TABLE@@QAEEAAVSTRING_CLASS@@@Z 0041f037 f i password.obj
 0001:0001e051       ?createfont@PW_GRID_CLASS@@AAEXXZ 0041f051 f   password.obj
 0001:0001e120       ?default_level@PASSWORD_CLASS@@QAEJXZ 0041f120 f   password.obj
 0001:0001e143       ?default_password_level@@YAHXZ 0041f143 f   password.obj
 0001:0001e172       ?delete_row@PW_GRID_CLASS@@QAEXXZ 0041f172 f   password.obj
 0001:0001e1ae       ?edit_passwords_proc@@YGHPAUHWND__@@IIJ@Z 0041f1ae f   password.obj
 0001:0001e2f1       ?encrypt_password@@YAXPAD@Z 0041f2f1 f   password.obj
 0001:0001e338       ?enter_password_proc@@YGHPAUHWND__@@IIJ@Z 0041f338 f   password.obj
 0001:0001eca9       ?fill_grid@PW_GRID_CLASS@@QAEXXZ 0041fca9 f   password.obj
 0001:0001ed89       ?find@PASSWORD_CLASS@@QAEJPAD@Z 0041fd89 f   password.obj
 0001:0001ee12       ?highest_level@PASSWORD_CLASS@@QAEJXZ 0041fe12 f   password.obj
 0001:0001ee34       ?ini_name@@YAPADPBD@Z      0041fe34 f   password.obj
 0001:0001ee61       ?insert_row@PW_GRID_CLASS@@QAEXXZ 0041fe61 f   password.obj
 0001:0001eeef       ?load@PASSWORD_CLASS@@QAE_NXZ 0041feef f   password.obj
 0001:0001f26b       ?save@PASSWORD_CLASS@@QAE_NXZ 0042026b f   password.obj
 0001:0001fef2       ?set_default_password_level@@YAX_N@Z 00420ef2 f   password.obj
 0001:000200b0       ?set_row_colors@PW_GRID_CLASS@@QAEXXZ 004210b0 f   password.obj
 0001:000200fe       ?set_row_numbers@PW_GRID_CLASS@@QAEXXZ 004210fe f   password.obj
 0001:00020167       ?setsize@PASSWORD_CLASS@@QAE_NJ@Z 00421167 f   password.obj
 0001:0002029f       ??0MACHINE_CLASS@@QAE@ABV0@@Z 0042129f f i plot.obj
 0001:000204a8       ?fill_differential_curve@@YAEVMACHINE_CLASS@@AAVPART_CLASS@@AAUPROFILE_HEADER@@QAY0DGLA@M@Z 004214a8 f   plot.obj
 0001:000206ee       ?load_profile@@YAXPAD@Z    004216ee f   plot.obj
 0001:000209b5       ?load_profile@@YAXPAUPROFILE_NAME_ENTRY@@@Z 004219b5 f   plot.obj
 0001:00020a08       ?load_profile@@YAXXZ       00421a08 f   plot.obj
 0001:00020a56       ?load_reference_trace@@YAEXZ 00421a56 f   plot.obj
 0001:000213f8       ?load@REALTIME_MACHINE_LIST_CLASS@@QAEEXZ 004223f8 f   rtmlist.obj
 0001:00021528       ?realtime_machine_list_proc@@YGHPAUHWND__@@IIJ@Z 00422528 f   rtmlist.obj
 0001:0002167c       ?save@REALTIME_MACHINE_LIST_CLASS@@QAEEXZ 0042267c f   rtmlist.obj
 0001:000217e8       ?sub_proc@@YGJPAUHWND__@@IIJ@Z 004227e8 f   rtmlist.obj
 0001:00021940       ?toggle_profile_save_flags@@YAXXZ 00422940 f   savepro.obj
 0001:00021a05       ??0STATUS_SCREEN_ROW_ENTRY@@QAE@XZ 00422a05 f   status.obj
 0001:00021a78       ??1STATUS_SCREEN_ROW_ENTRY@@QAE@XZ 00422a78 f i status.obj
 0001:00021aae       ??_ESTATUS_SCREEN_COLUMN_ENTRY@@QAEPAXI@Z 00422aae f i status.obj
 0001:00021b05       ??_ESTATUS_SCREEN_ROW_ENTRY@@QAEPAXI@Z 00422b05 f i status.obj
 0001:00021b60       ?add_down_seconds@STATUS_SCREEN_ROW_ENTRY@@QAEXAAVDOWNTIME_RECORD_CLASS@@0@Z 00422b60 f   status.obj
 0001:00021be4       ?begin_status_display@@YAEXZ 00422be4 f   status.obj
 0001:00021bff       ?choose_status_screen_font@@YAXXZ 00422bff f   status.obj
 0001:000222c3       ?end_status_display@@YAXXZ 004232c3 f   status.obj
 0001:00022395       ?get@STATUS_SCREEN_COLUMN_ENTRY@@QAEEPBD@Z 00423395 f   status.obj
 0001:00022432       ?get_alarm_summary_info@STATUS_SCREEN_ROW_ENTRY@@QAEXXZ 00423432 f   status.obj
 0001:000224a3       ?get_downtime_status@STATUS_SCREEN_ROW_ENTRY@@QAEXXZ 004234a3 f   status.obj
 0001:00022554       ?get_shot_info@STATUS_SCREEN_ROW_ENTRY@@QAEXXZ 00423554 f   status.obj
 0001:0002263f       ?paint_status_display@@YAXAAUtagPAINTSTRUCT@@@Z 0042363f f   status.obj
 0001:000226d4       ?put@STATUS_SCREEN_COLUMN_ENTRY@@QAEPADXZ 004236d4 f   status.obj
 0001:0002274f       ?read_alarm_info@STATUS_SCREEN_ROW_ENTRY@@QAEXXZ 0042374f f   status.obj
 0001:000228d8       ?read_downtimes@STATUS_SCREEN_ROW_ENTRY@@QAEXXZ 004238d8 f   status.obj
 0001:00022b8f       ?read_parameters@STATUS_SCREEN_ROW_ENTRY@@QAEXXZ 00423b8f f   status.obj
 0001:00022c16       ?save_status_config@@YAXXZ 00423c16 f   status.obj
 0001:00022ea2       ?show_one_row@@YAXPAUHDC__@@H@Z 00423ea2 f   status.obj
 0001:000235d1       ?status_screen_down_data_change@@YAXAAVSTRING_CLASS@@PAD1@Z 004245d1 f   status.obj
 0001:000236b0       ?status_screen_left_button_up@@YAXAAUtagPOINT@@@Z 004246b0 f   status.obj
 0001:00023956       ?status_screen_new_machine_status@@YAXAAVSTRING_CLASS@@G@Z 00424956 f   status.obj
 0001:000239fe       ?status_screen_new_shot@@YAXAAVSTRING_CLASS@@@Z 004249fe f   status.obj
 0001:00023a9a       ?status_screen_timer_update@@YAXXZ 00424a9a f   status.obj
 0001:00023c39       ??0FIXED_PARAM_CLASS@@QAE@XZ 00424c39 f   tcconfig.obj
 0001:00023c46       ??0TREND_CONFIG_CLASS@@QAE@XZ 00424c46 f   tcconfig.obj
 0001:00023c91       ?Moved@CUGCnrBtn@@QAEXXZ   00424c91 f   dundas:ugcnrbtn.obj
 0001:00023c91       ??1TREND_CONFIG_CLASS@@QAE@XZ 00424c91 f   tcconfig.obj
 0001:00023c91       ??1FONT_CLASS@@QAE@XZ      00424c91 f   v5subs:fontclas.obj
 0001:00023c91       ??1PARAM_INDEX_CLASS@@QAE@XZ 00424c91 f   v5subs:param_index_class.obj
 0001:00023c91       ?OnSetup@CUGCtrl@@UAEXXZ   00424c91 f   dundas:ugctrl.obj
 0001:00023c91       ??1ANALOG_SENSOR@@QAE@XZ   00424c91 f   v5subs:asensor.obj
 0001:00023c91       ??1FIXED_PARAM_CLASS@@QAE@XZ 00424c91 f   tcconfig.obj
 0001:00023c91       ??1RECTANGLE_CLASS@@QAE@XZ 00424c91 f   v5subs:rectclas.obj
 0001:00023c91       ??1DOWNBAR_CONFIG_CLASS@@QAE@XZ 00424c91 f   dbarcfg.obj
 0001:00023c92       ??4TREND_CONFIG_CLASS@@QAEXABV0@@Z 00424c92 f   tcconfig.obj
 0001:00023cfe       ??8TREND_CONFIG_CLASS@@QAEEABV0@@Z 00424cfe f   tcconfig.obj
 0001:00023d7b       ??9TREND_CONFIG_CLASS@@QAEEABV0@@Z 00424d7b f   tcconfig.obj
 0001:00024139       ?get_from_line@FIXED_PARAM_CLASS@@QAEXPAD@Z 00425139 f   tcconfig.obj
 0001:000241ea       ?get_from_screen@TREND_SCREEN_CONFIG_CLASS@@QAEXPAUHWND__@@@Z 004251ea f   tcconfig.obj
 0001:00024304       ?lbline@FIXED_PARAM_CLASS@@QAEPADPAD@Z 00425304 f   tcconfig.obj
 0001:0002435a       ?n_visible@TREND_CONFIG_CLASS@@QAEJXZ 0042535a f   tcconfig.obj
 0001:0002436d       ?put_to_screen@TREND_SCREEN_CONFIG_CLASS@@QAEXPAUHWND__@@@Z 0042536d f   tcconfig.obj
 0001:0002442e       ?read@FIXED_PARAM_CLASS@@QAEXPAD@Z 0042542e f   tcconfig.obj
 0001:00024562       ?read@TREND_CONFIG_CLASS@@QAEXXZ 00425562 f   tcconfig.obj
 0001:00024a11       ?set@INT32_ARRAY_CLASS@@UAEXJ@Z 00425a11 f i tcconfig.obj
 0001:00024a33       ?tc_visible_dialog_proc@@YGHPAUHWND__@@IIJ@Z 00425a33 f   tcconfig.obj
 0001:00024a80       ?trend_config_dialog_proc@@YGHPAUHWND__@@IIJ@Z 00425a80 f   tcconfig.obj
 0001:00024be5       ?write@FIXED_PARAM_CLASS@@QAEXPAD@Z 00425be5 f   tcconfig.obj
 0001:00024c9e       ?write@TREND_CONFIG_CLASS@@QAEXXZ 00425c9e f   tcconfig.obj
 0001:00024e66       ?write_from_line@FIXED_PARAM_CLASS@@QAEXPAD@Z 00425e66 f   tcconfig.obj
 0001:00024ec3       ??0STAT_ENTRY@@QAE@XZ      00425ec3 f   trend.obj
 0001:00024eea       ?add@STAT_ENTRY@@QAEXM@Z   00425eea f   trend.obj
 0001:00024fa2       ?avg@STAT_ENTRY@@QAEMXZ    00425fa2 f   trend.obj
 0001:00024fe0       ?begin_trend_display@@YAEXZ 00425fe0 f   trend.obj
 0001:00025038       ?celltext@@YAPADJJ@Z       00426038 f   trend.obj
 0001:000251d7       ?do_new_control_limits@@YAXXZ 004261d7 f   trend.obj
 0001:000251e1       ?do_new_tc_config@@YAXI@Z  004261e1 f   trend.obj
 0001:000254d5       ?end_trend_display@@YAXXZ  004264d5 f   trend.obj
 0001:00025595       ?get_nof_points_from_shot_range@@YAJAAJ@Z 00426595 f   trend.obj
 0001:000262c3       ?mouse_to_trend@@YAXJJ@Z   004272c3 f   trend.obj
 0001:00026384       ?paint_trend_display@@YAXABUtagRECT@@@Z 00427384 f   trend.obj
 0001:00026762       ?percent_out@STAT_ENTRY@@QAEMXZ 00427762 f   trend.obj
 0001:000267a3       ?print_statistical_summary@@YAXABUtagRECT@@@Z 004277a3 f   trend.obj
 0001:00026db6       ?reload_tc_data@@YAXXZ     00427db6 f   trend.obj
 0001:00026de8       ?save_control_limits@@YAXXZ 00427de8 f   trend.obj
 0001:000270a4       ?show_one_parameter@@YAXJ@Z 004280a4 f   trend.obj
 0001:00027141       ?stdev@STAT_ENTRY@@QAEMXZ  00428141 f   trend.obj
 0001:000271f4       ?trend_allshots@@YAXXZ     004281f4 f   trend.obj
 0001:00027332       ?trend_escape@@YAXXZ       00428332 f   trend.obj
 0001:00027353       ?trend_left_button_up@@YAXAAUtagPOINT@@@Z 00428353 f   trend.obj
 0001:0002745c       ?trend_realtime@@YAXXZ     0042845c f   trend.obj
 0001:0002749e       ?trend_screen_new_shot@@YAXXZ 0042849e f   trend.obj
 0001:00027668       ?trend_screen_reset@@YAXXZ 00428668 f   trend.obj
 0001:00027681       ?z@STAT_ENTRY@@QAEMM@Z     00428681 f   trend.obj
 0001:000278c6       ?fill_view_parameters_listbox@@YAXXZ 004288c6 f   viewpara.obj
 0001:00027999       ?position_view_parameters_window@@YAXXZ 00428999 f   viewpara.obj
 0001:000279fc       ?view_parameters_dialog_proc@@YGHPAUHWND__@@IIJ@Z 004289fc f   viewpara.obj
 0001:00027a70       ??0VIRTUAL_LISTBOX_CLASS@@QAE@XZ 00428a70 f   vlbclass.obj
 0001:00027aa1       ?do_keypress@VIRTUAL_LISTBOX_CLASS@@QAEHHH@Z 00428aa1 f   vlbclass.obj
 0001:00027b71       ?do_select@VIRTUAL_LISTBOX_CLASS@@QAEXXZ 00428b71 f   vlbclass.obj
 0001:00027b90       ?do_vscroll@VIRTUAL_LISTBOX_CLASS@@QAEXI@Z 00428b90 f   vlbclass.obj
 0001:00027bf6       ?fill_listbox@VIRTUAL_LISTBOX_CLASS@@QAEXXZ 00428bf6 f   vlbclass.obj
 0001:00027c85       ?goto_end@VIRTUAL_LISTBOX_CLASS@@QAEXXZ 00428c85 f   vlbclass.obj
 0001:00027ca5       ?scroll_down_one_line@VIRTUAL_LISTBOX_CLASS@@QAEXXZ 00428ca5 f   vlbclass.obj
 0001:00027ccf       ?scroll_down_one_page@VIRTUAL_LISTBOX_CLASS@@QAEXXZ 00428ccf f   vlbclass.obj
 0001:00027d0e       ?scroll_up_one_line@VIRTUAL_LISTBOX_CLASS@@QAEXXZ 00428d0e f   vlbclass.obj
 0001:00027d2b       ?scroll_up_one_page@VIRTUAL_LISTBOX_CLASS@@QAEXXZ 00428d2b f   vlbclass.obj
 0001:00027d66       ?set_scrollbar@VIRTUAL_LISTBOX_CLASS@@QAEXXZ 00428d66 f   vlbclass.obj
 0001:00027dbf       ?set_scrollbar_pos@VIRTUAL_LISTBOX_CLASS@@QAEXXZ 00428dbf f   vlbclass.obj
 0001:00027e08       ?shutdown@VIRTUAL_LISTBOX_CLASS@@QAEXXZ 00428e08 f   vlbclass.obj
 0001:00027e21       ?startup@VIRTUAL_LISTBOX_CLASS@@QAEEPADFPAUHWND__@@IIP6APADAAVDB_TABLE@@@Z@Z 00428e21 f   vlbclass.obj
 0001:00027eb0       ??0X_AXIS_CLASS@@QAE@XZ    00428eb0 f   xaxis.obj
 0001:00027f1b       ??1X_AXIS_CLASS@@QAE@XZ    00428f1b f   xaxis.obj
 0001:00027f42       ??ASHOT_ARRAY_CLASS@@QAEAAVSHOT_DATA_ENTRY@@J@Z 00428f42 f   xaxis.obj
 0001:00027f80       ?cleanup@DATA_ARRAY_CLASS@@QAEXXZ 00428f80 f   mplot.obj
 0001:00027f80       ?cleanup@SHOT_ARRAY_CLASS@@QAEXXZ 00428f80 f   xaxis.obj
 0001:00027fa5       ?draw_line@X_AXIS_CLASS@@AAEXHHHH@Z 00428fa5 f   xaxis.obj
 0001:00027fd0       ?info_box_x_position@X_AXIS_CLASS@@AAEJJ@Z 00428fd0 f   xaxis.obj
 0001:00027ff6       ?init@SHOT_ARRAY_CLASS@@UAEEJ@Z 00428ff6 f   xaxis.obj
 0001:0002805a       ?init@X_AXIS_CLASS@@UAEEJ@Z 0042905a f   xaxis.obj
 0001:0002810f       ?left_shift@SHOT_ARRAY_CLASS@@QAEJAAVSHOT_DATA_ENTRY@@@Z 0042910f f   xaxis.obj
 0001:00028185       ?left_shift@SHOT_ARRAY_CLASS@@QAEJJAAU_SYSTEMTIME@@@Z 00429185 f   xaxis.obj
 0001:000281b4       ?left_shift@X_AXIS_CLASS@@QAEXJAAU_SYSTEMTIME@@@Z 004291b4 f   xaxis.obj
 0001:00028243       ?max_shot_number@SHOT_ARRAY_CLASS@@QAEJXZ 00429243 f   xaxis.obj
 0001:00028268       ?min_shot_number@SHOT_ARRAY_CLASS@@QAEJXZ 00429268 f   xaxis.obj
 0001:0002828d       ?next_set@SHOT_ARRAY_CLASS@@QAEEXZ 0042928d f   xaxis.obj
 0001:0002828d       ?next_set@DATA_ARRAY_CLASS@@QAEEXZ 0042928d f   mplot.obj
 0001:000282ac       ?paint@X_AXIS_CLASS@@QAEEPAUHDC__@@@Z 004292ac f   xaxis.obj
 0001:00028518       ?restore_info_box@X_AXIS_CLASS@@QAEEPAUHDC__@@@Z 00429518 f   xaxis.obj
 0001:00028520       ?set@SHOT_ARRAY_CLASS@@QAEEJAAU_SYSTEMTIME@@@Z 00429520 f   xaxis.obj
 0001:00028569       ?set@X_AXIS_CLASS@@QAEXJAAU_SYSTEMTIME@@@Z 00429569 f   xaxis.obj
 0001:000285aa       ?show_info_box@X_AXIS_CLASS@@QAEEPAUHDC__@@JJE@Z 004295aa f   xaxis.obj
 0001:0002875f       ?x_index@X_AXIS_CLASS@@QAEJJ@Z 0042975f f   xaxis.obj
 0001:000287d7       ?x_pos@X_AXIS_CLASS@@QAEJJ@Z 004297d7 f   xaxis.obj
 0001:00028806       ?x_pos_from_index@X_AXIS_CLASS@@QAEJJ@Z 00429806 f   xaxis.obj
 0001:00028fff       ?xdcr_proc@@YGJPAUHWND__@@IIJ@Z 00429fff f   xdcrplot.obj
 0001:0002913a       _DdeGetData@16             0042a13a f   user32:USER32.dll
 0001:00029140       _OpenPrinterA@12           0042a140 f   winspool:WINSPOOL.DRV
 0001:00029146       _GetPrinterA@20            0042a146 f   winspool:WINSPOOL.DRV
 0001:0002914c       _ClosePrinter@4            0042a14c f   winspool:WINSPOOL.DRV
 0001:00029152       ?directory_exists@@YAEPAD@Z 0042a152 f   v5subs:exists.obj
 0001:00029175       ?disk_is_in_drive@@YAEPAD@Z 0042a175 f   v5subs:exists.obj
 0001:000291ad       ?file_exists@@YAEPAD@Z     0042a1ad f   v5subs:exists.obj
 0001:0002923e       ?get_drive_name@@YAEPAD@Z  0042a23e f   v5subs:exists.obj
 0001:0002926e       ?is_removable@@YAEPAD@Z    0042a26e f   v5subs:exists.obj
 0001:00029298       ?char_to_tchar@@YAXPAD0H@Z 0042a298 f   v5subs:mem.obj
 0001:000292d2       ?charlen@@YAFPBDF@Z        0042a2d2 f   v5subs:mem.obj
 0001:000292f5       ?compare@@YAFPBD0@Z        0042a2f5 f   v5subs:mem.obj
 0001:00029370       ?compare@@YAFPBD0F@Z       0042a370 f   v5subs:mem.obj
 0001:000293d4       ?copy_w_char@@YAPADPAD0D@Z 0042a3d4 f   v5subs:mem.obj
 0001:000293eb       ?copychars@@YAXPADPBDF@Z   0042a3eb f   v5subs:mem.obj
 0001:0002940d       ?copyfromstr@@YAXPADPBDF@Z 0042a40d f   v5subs:mem.obj
 0001:0002944d       ?copystring@@YAPADPADPBD@Z 0042a44d f   v5subs:mem.obj
 0001:00029486       ?countchars@@YAJDPBD@Z     0042a486 f   v5subs:mem.obj
 0001:000294a7       ?fillchars@@YAXPADDF@Z     0042a4a7 f   v5subs:mem.obj
 0001:000294c6       ?findchar@@YAPADDPAD@Z     0042a4c6 f   v5subs:mem.obj
 0001:000294c6       ?findchar@@YAPBDDPBD@Z     0042a4c6 f   v5subs:mem.obj
 0001:000294e2       ?findchar@@YAPADDPADF@Z    0042a4e2 f   v5subs:mem.obj
 0001:000294e2       ?findchar@@YAPBDDPBDF@Z    0042a4e2 f   v5subs:mem.obj
 0001:0002950d       ?findstring@@YAPADPBDPAD@Z 0042a50d f   v5subs:mem.obj
 0001:0002957c       ?maketext@@YAPADJ@Z        0042a57c f   v5subs:mem.obj
 0001:00029595       ?maketext@@YAPADPBD@Z      0042a595 f   v5subs:mem.obj
 0001:000295a3       ?maketext@@YAPADPBDJ@Z     0042a5a3 f   v5subs:mem.obj
 0001:000295d6       ?move_string_forward@@YAXPADH@Z 0042a5d6 f   v5subs:mem.obj
 0001:00029606       ?nextstring@@YAPADPAD@Z    0042a606 f   v5subs:mem.obj
 0001:00029617       ?remove_all_occurances@@YAXPADD@Z 0042a617 f   v5subs:mem.obj
 0001:00029644       ?remove_char@@YAXPAD@Z     0042a644 f   v5subs:mem.obj
 0001:0002965f       ?replace_char_with_null@@YAEPADD@Z 0042a65f f   v5subs:mem.obj
 0001:0002968c       ?replace_char_with_null@@YAEPADPBD@Z 0042a68c f   v5subs:mem.obj
 0001:000296ca       ?replace_tab_with_null@@YAEPAD@Z 0042a6ca f   v5subs:mem.obj
 0001:000296de       ?start_chars_are_equal@@YA_NPBD0@Z 0042a6de f   v5subs:mem.obj
 0001:00029709       ?strings_are_equal@@YAEPBD0@Z 0042a709 f   v5subs:mem.obj
 0001:0002973e       ?strings_are_equal@@YAEPBD0F@Z 0042a73e f   v5subs:mem.obj
 0001:0002975a       ?strip@@YAXPAD@Z           0042a75a f   v5subs:mem.obj
 0001:00029787       ?trim@@YAXPAD@Z            0042a787 f   v5subs:mem.obj
 0001:000297b5       ?upper_case@@YAXAAD@Z      0042a7b5 f   v5subs:mem.obj
 0001:000297d6       ?upper_case@@YAXPAD@Z      0042a7d6 f   v5subs:mem.obj
 0001:000297ff       ?asctoint32@@YAJPBD@Z      0042a7ff f   v5subs:extract.obj
 0001:0002981c       ?asctoul@@YAKPBD@Z         0042a81c f   v5subs:extract.obj
 0001:00029839       ?extdouble@@YANPBD@Z       0042a839 f   v5subs:extract.obj
 0001:00029850       ?extdouble@@YANPBDF@Z      0042a850 f   v5subs:extract.obj
 0001:000298b8       ?extfloat@@YAMPBD@Z        0042a8b8 f   v5subs:extract.obj
 0001:000298dd       ?extlong@@YAJPBDF@Z        0042a8dd f   v5subs:extract.obj
 0001:000298dd       ?extshort@@YAFPBDF@Z       0042a8dd f   v5subs:extract.obj
 0001:000298f0       ?extlong@@YAJPBDFH@Z       0042a8f0 f   v5subs:extract.obj
 0001:00029956       ?extul@@YAKPBDFH@Z         0042a956 f   v5subs:extract.obj
 0001:000299bc       ?is_real_char@@YAED@Z      0042a9bc f   v5subs:extract.obj
 0001:00029a5f       ?int32toasc@@YAPADJ@Z      0042aa5f f   v5subs:itoasc.obj
 0001:00029a78       ?int32toasc@@YAXPADJJ@Z    0042aa78 f   v5subs:itoasc.obj
 0001:00029ab9       ?ultoascii@@YAPADK@Z       0042aab9 f   v5subs:itoasc.obj
 0001:00029ac7       ?ultoascii@@YAPADKK@Z      0042aac7 f   v5subs:itoasc.obj
 0001:00029ae2       ?ultoascii@@YAXPADKK@Z     0042aae2 f   v5subs:itoasc.obj
 0001:00029b11       ??0STRING_CLASS@@QAE@ABV0@@Z 0042ab11 f   v5subs:stringcl.obj
 0001:00029b2d       ??0STRING_CLASS@@QAE@XZ    0042ab2d f   v5subs:stringcl.obj
 0001:00029b37       ??1STRING_CLASS@@QAE@XZ    0042ab37 f   v5subs:stringcl.obj
 0001:00029b3c       ??4STRING_CLASS@@QAEXABV0@@Z 0042ab3c f   v5subs:stringcl.obj
 0001:00029b4b       ??4STRING_CLASS@@QAEXE@Z   0042ab4b f   v5subs:stringcl.obj
 0001:00029b66       ??4STRING_CLASS@@QAEXH@Z   0042ab66 f   v5subs:stringcl.obj
 0001:00029b8e       ??4STRING_CLASS@@QAEXN@Z   0042ab8e f   v5subs:stringcl.obj
 0001:00029bbd       ??4STRING_CLASS@@QAEXPBD@Z 0042abbd f   v5subs:stringcl.obj
 0001:00029c08       ??8STRING_CLASS@@QAEEABV0@@Z 0042ac08 f   v5subs:stringcl.obj
 0001:00029c30       ??8STRING_CLASS@@QAEEPBD@Z 0042ac30 f   v5subs:stringcl.obj
 0001:00029c57       ??MSTRING_CLASS@@QAEEABV0@@Z 0042ac57 f   v5subs:stringcl.obj
 0001:00029c7e       ??OSTRING_CLASS@@QAEEABV0@@Z 0042ac7e f   v5subs:stringcl.obj
 0001:00029ca5       ??YSTRING_CLASS@@QAEXABV0@@Z 0042aca5 f   v5subs:stringcl.obj
 0001:00029cb4       ??YSTRING_CLASS@@QAEXD@Z   0042acb4 f   v5subs:stringcl.obj
 0001:00029ce7       ??YSTRING_CLASS@@QAEXH@Z   0042ace7 f   v5subs:stringcl.obj
 0001:00029d1e       ??YSTRING_CLASS@@QAEXI@Z   0042ad1e f   v5subs:stringcl.obj
 0001:00029d55       ??YSTRING_CLASS@@QAEXN@Z   0042ad55 f   v5subs:stringcl.obj
 0001:00029d93       ??YSTRING_CLASS@@QAEXPBD@Z 0042ad93 f   v5subs:stringcl.obj
 0001:00029dd4       ?boolean_value@STRING_CLASS@@QAEEXZ 0042add4 f   v5subs:stringcl.obj
 0001:00029df3       ?cat_path@STRING_CLASS@@QAEXPBD@Z 0042adf3 f   v5subs:stringcl.obj
 0001:00029e5f       ?cat_w_char@STRING_CLASS@@QAEXPBDD@Z 0042ae5f f   v5subs:stringcl.obj
 0001:00029eb4       ?compare@STRING_CLASS@@QAEHPAD@Z 0042aeb4 f   v5subs:stringcl.obj
 0001:00029ee0       ?contains@STRING_CLASS@@QAE_NPBD@Z 0042aee0 f   v5subs:stringcl.obj
 0001:00029ef1       ?empty@STRING_CLASS@@QAEXXZ 0042aef1 f   v5subs:stringcl.obj
 0001:00029f0c       ?find@STRING_CLASS@@QAEPADD@Z 0042af0c f   v5subs:stringcl.obj
 0001:00029f35       ?find@STRING_CLASS@@QAEPADPBD@Z 0042af35 f   v5subs:stringcl.obj
 0001:00029f53       ?get_text@STRING_CLASS@@QAE_NPAUHWND__@@@Z 0042af53 f   v5subs:stringcl.obj
 0001:00029fa7       ?init@STRING_CLASS@@QAEEJ@Z 0042afa7 f   v5subs:stringcl.obj
 0001:00029feb       ?isempty@STRING_CLASS@@QAEEXZ 0042afeb f   v5subs:stringcl.obj
 0001:0002a007       ?len@STRING_CLASS@@QAEJXZ  0042b007 f   v5subs:stringcl.obj
 0001:0002a01a       ?next_field@STRING_CLASS@@QAE_ND@Z 0042b01a f   v5subs:stringcl.obj
 0001:0002a0f1       ?next_field@STRING_CLASS@@QAE_NXZ 0042b0f1 f   v5subs:stringcl.obj
 0001:0002a0ff       ?null@STRING_CLASS@@QAEXXZ 0042b0ff f   v5subs:stringcl.obj
 0001:0002a10e       ?null_first_control_char@STRING_CLASS@@QAEXXZ 0042b10e f   v5subs:stringcl.obj
 0001:0002a134       ?real_value@STRING_CLASS@@QAENXZ 0042b134 f   v5subs:stringcl.obj
 0001:0002a18b       ?release@STRING_CLASS@@QAEPADXZ 0042b18b f   v5subs:stringcl.obj
 0001:0002a196       ?replace@STRING_CLASS@@QAEEPBD0@Z 0042b196 f   v5subs:stringcl.obj
 0001:0002a24b       ?rjust@STRING_CLASS@@QAEEJ@Z 0042b24b f   v5subs:stringcl.obj
 0001:0002a25f       ?rjust@STRING_CLASS@@QAEEJD@Z 0042b25f f   v5subs:stringcl.obj
 0001:0002a2ae       ?set_text@STRING_CLASS@@QAE_NPAUHWND__@@@Z 0042b2ae f   v5subs:stringcl.obj
 0001:0002a2d3       ?strip@STRING_CLASS@@QAEXXZ 0042b2d3 f   v5subs:stringcl.obj
 0001:0002a32c       ?strip_crlf@STRING_CLASS@@QAEXXZ 0042b32c f   v5subs:stringcl.obj
 0001:0002a36f       ?uppercase@STRING_CLASS@@QAEXXZ 0042b36f f   v5subs:stringcl.obj
 0001:0002a37f       ?upsize@STRING_CLASS@@QAEEJ@Z 0042b37f f   v5subs:stringcl.obj
 0001:0002a3d3       ?add_ending_backslash@NAME_CLASS@@QAEXXZ 0042b3d3 f   v5subs:nameclas.obj
 0001:0002a406       ?convert_to_data_dir@NAME_CLASS@@QAEEXZ 0042b406 f   v5subs:nameclas.obj
 0001:0002a44b       ?copyto@NAME_CLASS@@QAEEAAVSTRING_CLASS@@@Z 0042b44b f   v5subs:nameclas.obj
 0001:0002a47a       ?get_data_dir_file_name@NAME_CLASS@@QAEEAAVSTRING_CLASS@@PBD@Z 0042b47a f   v5subs:nameclas.obj
 0001:0002a4bd       ?get_data_dir_file_name@NAME_CLASS@@QAEEPBD@Z 0042b4bd f   v5subs:nameclas.obj
 0001:0002a4da       ?get_display_dir_file_name@NAME_CLASS@@QAEEAAVSTRING_CLASS@@0PBD@Z 0042b4da f   v5subs:nameclas.obj
 0001:0002a537       ?get_exe_dir_file_name@NAME_CLASS@@QAEEAAVSTRING_CLASS@@PBD@Z 0042b537 f   v5subs:nameclas.obj
 0001:0002a57a       ?get_exe_dir_file_name@NAME_CLASS@@QAEEPBD@Z 0042b57a f   v5subs:nameclas.obj
 0001:0002a5b3       ?get_machine_dir_file_name@NAME_CLASS@@QAEEAAVSTRING_CLASS@@0PBD@Z 0042b5b3 f   v5subs:nameclas.obj
 0001:0002a5fc       ?get_machine_list_file_name@NAME_CLASS@@QAEEAAVSTRING_CLASS@@@Z 0042b5fc f   v5subs:nameclas.obj
 0001:0002a65f       ?get_machine_results_dir_file_name@NAME_CLASS@@QAEEAAVSTRING_CLASS@@0PBD@Z 0042b65f f   v5subs:nameclas.obj
 0001:0002a69d       ?get_part_dir_file_name@NAME_CLASS@@QAEEAAVSTRING_CLASS@@00PBD@Z 0042b69d f   v5subs:nameclas.obj
 0001:0002a6e9       ?get_part_results_dir_file_name@NAME_CLASS@@QAEEAAVSTRING_CLASS@@00PBD@Z 0042b6e9 f   v5subs:nameclas.obj
 0001:0002a72a       ?get_profile_name@NAME_CLASS@@QAEEAAVSTRING_CLASS@@00JPBD@Z 0042b72a f   v5subs:nameclas.obj
 0001:0002a798       ?get_profile_name@NAME_CLASS@@QAEEAAVSTRING_CLASS@@00PBD1@Z 0042b798 f   v5subs:nameclas.obj
 0001:0002a82a       ?get_stringtable_name@NAME_CLASS@@QAEEPBD@Z 0042b82a f   v5subs:nameclas.obj
 0001:0002a87b       ?moveto@NAME_CLASS@@QAEEAAVSTRING_CLASS@@@Z 0042b87b f   v5subs:nameclas.obj
 0001:0002a8a8       ??0ANALOG_SENSOR@@QAE@XZ   0042b8a8 f   v5subs:asensor.obj
 0001:0002a8ae       ??0ANALOG_SENSOR_ENTRY@@QAE@XZ 0042b8ae f   v5subs:asensor.obj
 0001:0002a8fe       ??1ANALOG_SENSOR_ENTRY@@QAE@XZ 0042b8fe f   v5subs:asensor.obj
 0001:0002a92a       ??AANALOG_SENSOR@@QAEAAUANALOG_SENSOR_ENTRY@@H@Z 0042b92a f   v5subs:asensor.obj
 0001:0002a94d       ??_EANALOG_SENSOR_ENTRY@@QAEPAXI@Z 0042b94d f i v5subs:asensor.obj
 0001:0002a9a2       ?converted_value@ANALOG_SENSOR_ENTRY@@QAENI@Z 0042b9a2 f   v5subs:asensor.obj
 0001:0002a9d6       ?get@ANALOG_SENSOR@@SAEXZ  0042b9d6 f   v5subs:asensor.obj
 0001:0002abd4       ?get@ANALOG_SENSOR_ENTRY@@QAEEPAD@Z 0042bbd4 f   v5subs:asensor.obj
 0001:0002ad31       ?raw_count@ANALOG_SENSOR_ENTRY@@QAENN@Z 0042bd31 f   v5subs:asensor.obj
 0001:0002ad74       ?shutdown@ANALOG_SENSOR@@SAXXZ 0042bd74 f   v5subs:asensor.obj
 0001:0002ad79       ?update@ANALOG_SENSOR_ENTRY@@QAEEXZ 0042bd79 f   v5subs:asensor.obj
 0001:0002ae67       ??0AUTO_BACKUP_CLASS@@QAE@XZ 0042be67 f   v5subs:autoback.obj
 0001:0002ae79       ??1AUTO_BACKUP_CLASS@@QAE@XZ 0042be79 f   v5subs:autoback.obj
 0001:0002ae7f       ?backup_data_dir@AUTO_BACKUP_CLASS@@QAEEXZ 0042be7f f   v5subs:autoback.obj
 0001:0002af21       ?backup_part@AUTO_BACKUP_CLASS@@QAEEAAVSTRING_CLASS@@0@Z 0042bf21 f   v5subs:autoback.obj
 0001:0002b178       ?get_backup_dir@AUTO_BACKUP_CLASS@@QAEEXZ 0042c178 f   v5subs:autoback.obj
 0001:0002b216       ??0DOWNCAT_NAME_ENTRY@@QAE@XZ 0042c216 f   v5subs:catclass.obj
 0001:0002b238       ??0DOWNSCAT_NAME_ENTRY@@QAE@XZ 0042c238 f   v5subs:catclass.obj
 0001:0002b268       ??ADOWNSCAT_NAME_CLASS@@QAEAAUDOWNSCAT_NAME_ENTRY@@J@Z 0042c268 f   v5subs:catclass.obj
 0001:0002b289       ?cleanup@DOWNCAT_NAME_CLASS@@QAEXXZ 0042c289 f   v5subs:catclass.obj
 0001:0002b289       ?cleanup@DOWNSCAT_NAME_CLASS@@QAEXXZ 0042c289 f   v5subs:catclass.obj
 0001:0002b2a2       ?index@DOWNSCAT_NAME_CLASS@@QAEJPAD0@Z 0042c2a2 f   v5subs:catclass.obj
 0001:0002b2f3       ?name@DOWNCAT_NAME_CLASS@@QAEPADPAD@Z 0042c2f3 f   v5subs:catclass.obj
 0001:0002b338       ?name@DOWNSCAT_NAME_CLASS@@QAEPADPAD0@Z 0042c338 f   v5subs:catclass.obj
 0001:0002b362       ?read@DOWNCAT_NAME_CLASS@@QAEEXZ 0042c362 f   v5subs:catclass.obj
 0001:0002b491       ?read@DOWNSCAT_NAME_CLASS@@QAEEXZ 0042c491 f   v5subs:catclass.obj
 0001:0002b66b       ??1CHAXIS_LABEL_CLASS@@QAE@XZ 0042c66b f   v5subs:chaxis.obj
 0001:0002b670       ??ACHAXIS_LABEL_CLASS@@QAEPADH@Z 0042c670 f   v5subs:chaxis.obj
 0001:0002b68e       ?cleanup@CHAXIS_LABEL_CLASS@@QAEXXZ 0042c68e f   v5subs:chaxis.obj
 0001:0002b6cd       ?get@CHAXIS_LABEL_CLASS@@QAEEAAVSTRING_CLASS@@00@Z 0042c6cd f   v5subs:chaxis.obj
 0001:0002b79e       ?init@CHAXIS_LABEL_CLASS@@QAEEH@Z 0042c79e f   v5subs:chaxis.obj
 0001:0002b7ec       ??0COLORS_CLASS@@QAE@XZ    0042c7ec f   v5subs:color.obj
 0001:0002b801       ??1COLORS_CLASS@@QAE@XZ    0042c801 f   v5subs:color.obj
 0001:0002b806       ??ACOLORS_CLASS@@QAEKF@Z   0042c806 f   v5subs:color.obj
 0001:0002b82d       ?clear@@YAXXZ              0042c82d f   v5subs:color.obj
 0001:0002b84d       ?index@COLORS_CLASS@@QAEFPAD@Z 0042c84d f   v5subs:color.obj
 0001:0002b891       ?reload@COLORS_CLASS@@QAEEXZ 0042c891 f   v5subs:color.obj
 0001:0002b9ed       ??0DB_TABLE@@QAE@XZ        0042c9ed f   v5subs:dbsubs.obj
 0001:0002ba08       ??1DB_TABLE@@QAE@XZ        0042ca08 f   v5subs:dbsubs.obj
 0001:0002ba4c       ?close@DB_TABLE@@QAEXXZ    0042ca4c f   v5subs:dbsubs.obj
 0001:0002ba69       ?compare_date@@YAFPAD0@Z   0042ca69 f   v5subs:dbsubs.obj
 0001:0002ba9f       ?compare_int32@@YAFPAD0J@Z 0042ca9f f   v5subs:dbsubs.obj
 0001:0002bad3       ?compare_one_record@DB_TABLE@@AAEEPAFJJ@Z 0042cad3 f   v5subs:dbsubs.obj
 0001:0002bba0       ?create@DB_TABLE@@QAEEPAD@Z 0042cba0 f   v5subs:dbsubs.obj
 0001:0002bc00       ?empty@DB_TABLE@@QAEEXZ    0042cc00 f   v5subs:dbsubs.obj
 0001:0002bc27       ?ensure_existance@DB_TABLE@@QAEEAAVSTRING_CLASS@@@Z 0042cc27 f   v5subs:dbsubs.obj
 0001:0002bc73       ?fill_searchbuf@DB_TABLE@@AAEEF@Z 0042cc73 f   v5subs:dbsubs.obj
 0001:0002bcc1       ?get_alpha@DB_TABLE@@QAEEAAVSTRING_CLASS@@GF@Z 0042ccc1 f   v5subs:dbsubs.obj
 0001:0002bd21       ?get_alpha@DB_TABLE@@QAEEPADGF@Z 0042cd21 f   v5subs:dbsubs.obj
 0001:0002bd37       ?get_alpha@DB_TABLE@@QAEEPADGFG@Z 0042cd37 f   v5subs:dbsubs.obj
 0001:0002bd90       ?get_boolean@DB_TABLE@@QAEEG@Z 0042cd90 f   v5subs:dbsubs.obj
 0001:0002bdbe       ?get_char@DB_TABLE@@QAEDG@Z 0042cdbe f   v5subs:dbsubs.obj
 0001:0002bdd8       ?get_current_record@DB_TABLE@@QAEEE@Z 0042cdd8 f   v5subs:dbsubs.obj
 0001:0002be1e       ?get_date@DB_TABLE@@QAEEAAU_SYSTEMTIME@@G@Z 0042ce1e f   v5subs:dbsubs.obj
 0001:0002be37       ?get_double@DB_TABLE@@QAENG@Z 0042ce37 f   v5subs:dbsubs.obj
 0001:0002be73       ?get_long@DB_TABLE@@QAEJG@Z 0042ce73 f   v5subs:dbsubs.obj
 0001:0002be9c       ?get_next_key_match@DB_TABLE@@QAEEFE@Z 0042ce9c f   v5subs:dbsubs.obj
 0001:0002bf09       ?get_next_record@DB_TABLE@@QAEEE@Z 0042cf09 f   v5subs:dbsubs.obj
 0001:0002bf57       ?get_prev_record@DB_TABLE@@QAEEE@Z 0042cf57 f   v5subs:dbsubs.obj
 0001:0002bfb3       ?get_rec@DB_TABLE@@QAEEXZ  0042cfb3 f   v5subs:dbsubs.obj
 0001:0002bffd       ?get_time@DB_TABLE@@QAEEAAU_SYSTEMTIME@@G@Z 0042cffd f   v5subs:dbsubs.obj
 0001:0002c016       ?goto_first_equal_or_greater_date@DB_TABLE@@QAEEGAAU_SYSTEMTIME@@@Z 0042d016 f   v5subs:dbsubs.obj
 0001:0002c13c       ?goto_first_equal_or_greater_record@DB_TABLE@@QAEEF@Z 0042d13c f   v5subs:dbsubs.obj
 0001:0002c215       ?goto_first_greater_than_record@DB_TABLE@@QAEEF@Z 0042d215 f   v5subs:dbsubs.obj
 0001:0002c2e6       ?goto_first_key_record@DB_TABLE@@AAEEF@Z 0042d2e6 f   v5subs:dbsubs.obj
 0001:0002c301       ?goto_key_record@DB_TABLE@@AAEEFJJ@Z 0042d301 f   v5subs:dbsubs.obj
 0001:0002c42d       ?goto_record_number@DB_TABLE@@QAEEJ@Z 0042d42d f   v5subs:dbsubs.obj
 0001:0002c4c0       ?initbuf@DB_TABLE@@AAEEPAPADPAFF@Z 0042d4c0 f   v5subs:dbsubs.obj
 0001:0002c548       ?lock_record@DB_TABLE@@QAEEXZ 0042d548 f   v5subs:dbsubs.obj
 0001:0002c5c2       ?nof_recs@DB_TABLE@@QAEKXZ 0042d5c2 f   v5subs:dbsubs.obj
 0001:0002c5ea       ?open@DB_TABLE@@QAEEPADFF@Z 0042d5ea f   v5subs:dbsubs.obj
 0001:0002c600       ?open@DB_TABLE@@QAEEPADFFF@Z 0042d600 f   v5subs:dbsubs.obj
 0001:0002c77b       ?open_status@DB_TABLE@@QAEEXZ 0042d77b f   v5subs:dbsubs.obj
 0001:0002c783       ?point_to_start_of_field@DB_TABLE@@AAEPADG@Z 0042d783 f   v5subs:dbsubs.obj
 0001:0002c79a       ?post_error@@YAXPAD0@Z     0042d79a f   v5subs:dbsubs.obj
 0001:0002c7ad       ?post_error@@YAXPAD@Z      0042d7ad f   v5subs:dbsubs.obj
 0001:0002c7c1       ?put_alpha@DB_TABLE@@QAEEGPBDF@Z 0042d7c1 f   v5subs:dbsubs.obj
 0001:0002c808       ?put_boolean@DB_TABLE@@QAEEGE@Z 0042d808 f   v5subs:dbsubs.obj
 0001:0002c831       ?put_date@DB_TABLE@@QAEEGABU_SYSTEMTIME@@@Z 0042d831 f   v5subs:dbsubs.obj
 0001:0002c862       ?put_float@DB_TABLE@@QAEEGMF@Z 0042d862 f   v5subs:dbsubs.obj
 0001:0002c8a9       ?put_long@DB_TABLE@@QAEEGJF@Z 0042d8a9 f   v5subs:dbsubs.obj
 0001:0002c8ea       ?put_time@DB_TABLE@@QAEEGAAU_SYSTEMTIME@@@Z 0042d8ea f   v5subs:dbsubs.obj
 0001:0002c91b       ?rec_append@DB_TABLE@@QAEEXZ 0042d91b f   v5subs:dbsubs.obj
 0001:0002c941       ?rec_delete@DB_TABLE@@QAEEJ@Z 0042d941 f   v5subs:dbsubs.obj
 0001:0002ca88       ?rec_update@DB_TABLE@@QAEEXZ 0042da88 f   v5subs:dbsubs.obj
 0001:0002caa9       ?restore_from_searchbuf@DB_TABLE@@AAEXXZ 0042daa9 f   v5subs:dbsubs.obj
 0001:0002caf0       ?unlock_record@DB_TABLE@@QAEEXZ 0042daf0 f   v5subs:dbsubs.obj
 0001:0002cb30       ?write_record@DB_TABLE@@AAEEXZ 0042db30 f   v5subs:dbsubs.obj
 0001:0002cb86       ?down_state@DSTAT_CLASS@@QAEHXZ 0042db86 f   v5subs:dstat.obj
 0001:0002cc52       ?get@DSTAT_CLASS@@QAEEAAVSTRING_CLASS@@0@Z 0042dc52 f   v5subs:dstat.obj
 0001:0002cd5b       ?put@DSTAT_CLASS@@QAEEAAVSTRING_CLASS@@0@Z 0042dd5b f   v5subs:dstat.obj
 0001:0002cf19       ?same_code@DSTAT_CLASS@@QAEEPAD0@Z 0042df19 f   v5subs:dstat.obj
 0001:0002cf51       ??0DOWN_DATA_CLASS@@QAE@XZ 0042df51 f   v5subs:evclass.obj
 0001:0002cfad       ?set@DOWN_DATA_CLASS@@QAEEPAUHDDEDATA__@@@Z 0042dfad f   v5subs:evclass.obj
 0001:0002d165       ?set@NEW_MACHINE_STATE_CLASS@@QAEEPAUHDDEDATA__@@@Z 0042e165 f   v5subs:evclass.obj
 0001:0002d208       ??0FILE_CLASS@@QAE@XZ      0042e208 f   v5subs:fileclas.obj
 0001:0002d22c       ?cleanup@FILE_CLASS@@QAEXXZ 0042e22c f   v5subs:fileclas.obj
 0001:0002d25a       ?cleanup_memory@FILE_CLASS@@QAEXXZ 0042e25a f   v5subs:fileclas.obj
 0001:0002d286       ??1FILE_CLASS@@QAE@XZ      0042e286 f   v5subs:fileclas.obj
 0001:0002d286       ?close@FILE_CLASS@@QAEXXZ  0042e286 f   v5subs:fileclas.obj
 0001:0002d28b       ?get_creation_time@FILE_CLASS@@QAEEPAU_FILETIME@@@Z 0042e28b f   v5subs:fileclas.obj
 0001:0002d2af       ?get_file_size@FILE_CLASS@@QAEEAAK@Z 0042e2af f   v5subs:fileclas.obj
 0001:0002d2dc       ?insertbinary@FILE_CLASS@@QAEEPAXK@Z 0042e2dc f   v5subs:fileclas.obj
 0001:0002d399       ?insertline@FILE_CLASS@@QAEEPAD@Z 0042e399 f   v5subs:fileclas.obj
 0001:0002d422       ?make_path@FILE_CLASS@@QAEEPAD@Z 0042e422 f   v5subs:fileclas.obj
 0001:0002d46d       ?nof_lines@FILE_CLASS@@QAEHXZ 0042e46d f   v5subs:fileclas.obj
 0001:0002d537       ?open@FILE_CLASS@@QAEEPADK@Z 0042e537 f   v5subs:fileclas.obj
 0001:0002d5ba       ?open_for_append@FILE_CLASS@@QAEEPAD@Z 0042e5ba f   v5subs:fileclas.obj
 0001:0002d5f0       ?open_for_read@FILE_CLASS@@QAEEAAVSTRING_CLASS@@@Z 0042e5f0 f   v5subs:fileclas.obj
 0001:0002d60a       ?open_for_read@FILE_CLASS@@QAEEPAD@Z 0042e60a f   v5subs:fileclas.obj
 0001:0002d624       ?open_for_update@FILE_CLASS@@QAEEPAD@Z 0042e624 f   v5subs:fileclas.obj
 0001:0002d640       ?open_for_write@FILE_CLASS@@QAEEAAVSTRING_CLASS@@@Z 0042e640 f   v5subs:fileclas.obj
 0001:0002d65a       ?open_for_write@FILE_CLASS@@QAEEPAD@Z 0042e65a f   v5subs:fileclas.obj
 0001:0002d673       ?readbinary@FILE_CLASS@@QAEKPAXK@Z 0042e673 f   v5subs:fileclas.obj
 0001:0002d6d9       ?readline@FILE_CLASS@@QAEPADXZ 0042e6d9 f   v5subs:fileclas.obj
 0001:0002d7b4       ?setpos@FILE_CLASS@@QAEEJ@Z 0042e7b4 f   v5subs:fileclas.obj
 0001:0002d7f7       ?writebinary@FILE_CLASS@@QAEEPAXK@Z 0042e7f7 f   v5subs:fileclas.obj
 0001:0002d85f       ?writeline@FILE_CLASS@@QAEEAAVSTRING_CLASS@@@Z 0042e85f f   v5subs:fileclas.obj
 0001:0002d879       ?writeline@FILE_CLASS@@QAEEPAD@Z 0042e879 f   v5subs:fileclas.obj
 0001:0002d90c       ??0FONT_CLASS@@QAE@XZ      0042e90c f   v5subs:fontclas.obj
 0001:0002d928       ??0FONT_LIST_CLASS@@QAE@XZ 0042e928 f   v5subs:fontclas.obj
 0001:0002d92e       ??0FONT_LIST_ENTRY@@QAE@XZ 0042e92e f   v5subs:fontclas.obj
 0001:0002d948       ??1FONT_LIST_CLASS@@QAE@XZ 0042e948 f   v5subs:fontclas.obj
 0001:0002d971       ??1FONT_LIST_ENTRY@@QAE@XZ 0042e971 f   v5subs:fontclas.obj
 0001:0002d989       ??4FONT_CLASS@@QAEXABUtagLOGFONTA@@@Z 0042e989 f   v5subs:fontclas.obj
 0001:0002d9ec       ??4FONT_CLASS@@QAEXABV0@@Z 0042e9ec f   v5subs:fontclas.obj
 0001:0002da28       ??8FONT_CLASS@@QAE_NABUtagLOGFONTA@@@Z 0042ea28 f   v5subs:fontclas.obj
 0001:0002daad       ??8FONT_CLASS@@QAE_NABV0@@Z 0042eaad f   v5subs:fontclas.obj
 0001:0002db4a       ?choose@FONT_CLASS@@QAE_NPAUHWND__@@@Z 0042eb4a f   v5subs:fontclas.obj
 0001:0002dbc1       ?free_handle@FONT_LIST_CLASS@@QAEXPAUHFONT__@@@Z 0042ebc1 f   v5subs:fontclas.obj
 0001:0002dc04       ?get@FONT_CLASS@@QAE_NPAD@Z 0042ec04 f   v5subs:fontclas.obj
 0001:0002dd9c       ?get_font@FONT_LIST_CLASS@@QAE_NAAVFONT_CLASS@@PAUHFONT__@@@Z 0042ed9c f   v5subs:fontclas.obj
 0001:0002ddc7       ?get_handle@FONT_LIST_CLASS@@QAEPAUHFONT__@@ABVFONT_CLASS@@@Z 0042edc7 f   v5subs:fontclas.obj
 0001:0002ded8       ?put@FONT_CLASS@@QAEPADXZ  0042eed8 f   v5subs:fontclas.obj
 0001:0002dfe6       ?load@FTANALOG_CLASS@@QAEEAAVSTRING_CLASS@@00@Z 0042efe6 f   v5subs:ftanalog.obj
 0001:0002e297       ??0CUGDrawHint@@QAE@XZ     0042f297 f   dundas:ugdrwhnt.obj
 0001:0002e297       ??0SETPOINT_CLASS@@QAE@XZ  0042f297 f   v5subs:setpoint.obj
 0001:0002e2a1       ??1SETPOINT_CLASS@@QAE@XZ  0042f2a1 f   v5subs:setpoint.obj
 0001:0002e2a6       ??ASETPOINT_CLASS@@QAEAAUSETPOINT_ENTRY@@H@Z 0042f2a6 f   v5subs:setpoint.obj
 0001:0002e2c2       ??_ESETPOINT_ENTRY@@QAEPAXI@Z 0042f2c2 f i v5subs:setpoint.obj
 0001:0002e32b       ?cleanup@SETPOINT_CLASS@@QAEXXZ 0042f32b f   v5subs:setpoint.obj
 0001:0002e346       ?get@SETPOINT_CLASS@@QAEHAAVSTRING_CLASS@@@Z 0042f346 f   v5subs:setpoint.obj
 0001:0002e35d       ?get_one_value@SETPOINT_CLASS@@QAEEAAVSTRING_CLASS@@0H@Z 0042f35d f   v5subs:setpoint.obj
 0001:0002e3e5       ?getfrom@SETPOINT_CLASS@@QAEHAAVSTRING_CLASS@@@Z 0042f3e5 f   v5subs:setpoint.obj
 0001:0002e4de       ?put@SETPOINT_CLASS@@QAEEAAVSTRING_CLASS@@@Z 0042f4de f   v5subs:setpoint.obj
 0001:0002e5c5       ?setsize@SETPOINT_CLASS@@QAEEH@Z 0042f5c5 f   v5subs:setpoint.obj
 0001:0002e6c2       ?cleanup@FTCALC_CLASS@@QAEXXZ 0042f6c2 f   v5subs:ftcalc.obj
 0001:0002e6d9       ?load@FTCALC_CLASS@@QAEEAAVSTRING_CLASS@@00@Z 0042f6d9 f   v5subs:ftcalc.obj
 0001:0002e7f5       ?value@FTCALC_CLASS@@QAENHPAN@Z 0042f7f5 f   v5subs:ftcalc.obj
 0001:0002ea9c       ??0COMPUTER_CLASS@@QAE@XZ  0042fa9c f   v5subs:computer.obj
 0001:0002eaa7       ?add@COMPUTER_CLASS@@QAEEPAD@Z 0042faa7 f   v5subs:computer.obj
 0001:0002eb5e       ?count@COMPUTER_CLASS@@QAEHXZ 0042fb5e f   v5subs:computer.obj
 0001:0002eb64       ?empty@COMPUTER_CLASS@@QAEXXZ 0042fb64 f   v5subs:computer.obj
 0001:0002eb98       ?find@COMPUTER_CLASS@@QAEEPAD@Z 0042fb98 f   v5subs:computer.obj
 0001:0002ebc8       ?is_present@COMPUTER_CLASS@@QAEEXZ 0042fbc8 f   v5subs:computer.obj
 0001:0002ebe9       ?is_this_computer@COMPUTER_CLASS@@QAEEXZ 0042fbe9 f   v5subs:computer.obj
 0001:0002ec06       ?load@COMPUTER_CLASS@@QAEEXZ 0042fc06 f   v5subs:computer.obj
 0001:0002ed34       ?name@COMPUTER_CLASS@@QAEAAVSTRING_CLASS@@XZ 0042fd34 f   v5subs:computer.obj
 0001:0002ed44       ?next@COMPUTER_CLASS@@QAEEXZ 0042fd44 f   v5subs:computer.obj
 0001:0002ed66       ?online_status@COMPUTER_CLASS@@QAEEAAVSTRING_CLASS@@@Z 0042fd66 f   v5subs:computer.obj
 0001:0002edaf       ?online_status@COMPUTER_CLASS@@QAEEXZ 0042fdaf f   v5subs:computer.obj
 0001:0002edbc       ?rewind@COMPUTER_CLASS@@QAEXXZ 0042fdbc f   v5subs:computer.obj
 0001:0002edc3       ?set_online_status@COMPUTER_CLASS@@QAEEAAVSTRING_CLASS@@E@Z 0042fdc3 f   v5subs:computer.obj
 0001:0002ee16       ?startup@COMPUTER_CLASS@@QAEEXZ 0042fe16 f   v5subs:computer.obj
 0001:0002ee2b       ?whoami@COMPUTER_CLASS@@QAEAAVSTRING_CLASS@@XZ 0042fe2b f   v5subs:computer.obj
 0001:0002ee31       ??1INI_CLASS@@QAE@XZ       0042fe31 f   v5subs:iniclass.obj
 0001:0002ee36       ?cleanup@INI_CLASS@@QAEXXZ 0042fe36 f   v5subs:iniclass.obj
 0001:0002ee71       ?find@INI_CLASS@@QAEEPBD0@Z 0042fe71 f   v5subs:iniclass.obj
 0001:0002eed4       ?find@INI_CLASS@@QAEEPBD@Z 0042fed4 f   v5subs:iniclass.obj
 0001:0002eeed       ?get_boolean@INI_CLASS@@QAEEPBD0@Z 0042feed f   v5subs:iniclass.obj
 0001:0002ef10       ?get_boolean@INI_CLASS@@QAEEPBD@Z 0042ff10 f   v5subs:iniclass.obj
 0001:0002ef29       ?get_boolean@INI_CLASS@@QAEEXZ 0042ff29 f   v5subs:iniclass.obj
 0001:0002ef48       ?get_double@INI_CLASS@@QAENPBD@Z 0042ff48 f   v5subs:iniclass.obj
 0001:0002ef67       ?get_double@INI_CLASS@@QAENXZ 0042ff67 f   v5subs:iniclass.obj
 0001:0002ef8c       ?get_int@INI_CLASS@@QAEHPBD0@Z 0042ff8c f   v5subs:iniclass.obj
 0001:0002efaf       ?get_int@INI_CLASS@@QAEHPBD@Z 0042ffaf f   v5subs:iniclass.obj
 0001:0002efc8       ?get_int@INI_CLASS@@QAEHXZ 0042ffc8 f   v5subs:iniclass.obj
 0001:0002efd9       ?get_string@INI_CLASS@@QAEPADPBD@Z 0042ffd9 f   v5subs:iniclass.obj
 0001:0002f006       ?get_string@INI_CLASS@@QAEPADXZ 00430006 f   v5subs:iniclass.obj
 0001:0002f014       ?put_boolean@INI_CLASS@@QAEEPBD0E@Z 00430014 f   v5subs:iniclass.obj
 0001:0002f045       ?put_boolean@INI_CLASS@@QAEEPBDE@Z 00430045 f   v5subs:iniclass.obj
 0001:0002f062       ?put_double@INI_CLASS@@QAEEPBDN@Z 00430062 f   v5subs:iniclass.obj
 0001:0002f0c0       ?put_int@INI_CLASS@@QAEEPBDH@Z 004300c0 f   v5subs:iniclass.obj
 0001:0002f106       ?put_string@INI_CLASS@@QAEEPBD00@Z 00430106 f   v5subs:iniclass.obj
 0001:0002f147       ?put_string@INI_CLASS@@QAEEPBD0@Z 00430147 f   v5subs:iniclass.obj
 0001:0002f164       ?remove_key@INI_CLASS@@QAEXPBD0@Z 00430164 f   v5subs:iniclass.obj
 0001:0002f179       ?remove_key@INI_CLASS@@QAEXPBD@Z 00430179 f   v5subs:iniclass.obj
 0001:0002f18e       ?set_file@INI_CLASS@@QAEEPBD@Z 0043018e f   v5subs:iniclass.obj
 0001:0002f1d0       ?set_section@INI_CLASS@@QAEEPBD@Z 004301d0 f   v5subs:iniclass.obj
 0001:0002f204       ??1LISTBOX_CLASS@@QAE@XZ   00430204 f   v5subs:listbox.obj
 0001:0002f214       ?add@LISTBOX_CLASS@@QAEHPAD@Z 00430214 f   v5subs:listbox.obj
 0001:0002f255       ?check_buf_size@LISTBOX_CLASS@@AAEEH@Z 00430255 f   v5subs:listbox.obj
 0001:0002f294       ?check_buf_size@LISTBOX_CLASS@@AAEEPAD@Z 00430294 f   v5subs:listbox.obj
 0001:0002f2ad       ?check_item_size@LISTBOX_CLASS@@AAEEH@Z 004302ad f   v5subs:listbox.obj
 0001:0002f2e4       ?convert_tab_array_to_dialog_units@LISTBOX_CLASS@@AAE_NPAHH@Z 004302e4 f   v5subs:listbox.obj
 0001:0002f360       ?count@LISTBOX_CLASS@@QAEHXZ 00430360 f   v5subs:listbox.obj
 0001:0002f38a       ?current_index@LISTBOX_CLASS@@QAEHXZ 0043038a f   v5subs:listbox.obj
 0001:0002f3a9       ?empty@LISTBOX_CLASS@@QAEXXZ 004303a9 f   v5subs:listbox.obj
 0001:0002f3c0       ?findprefix@LISTBOX_CLASS@@QAEEPAD@Z 004303c0 f   v5subs:listbox.obj
 0001:0002f403       ?get_select_list@LISTBOX_CLASS@@QAEHPAPAH@Z 00430403 f   v5subs:listbox.obj
 0001:0002f46b       ?init@LISTBOX_CLASS@@QAEEPAUHWND__@@@Z 0043046b f   v5subs:listbox.obj
 0001:0002f4cc       ?init@LISTBOX_CLASS@@QAEEPAUHWND__@@H@Z 004304cc f   v5subs:listbox.obj
 0001:0002f4e9       ?insert@LISTBOX_CLASS@@QAEHHPAD@Z 004304e9 f   v5subs:listbox.obj
 0001:0002f52c       ?is_selected@LISTBOX_CLASS@@QAEEH@Z 0043052c f   v5subs:listbox.obj
 0001:0002f551       ?item_text@LISTBOX_CLASS@@QAEPADH@Z 00430551 f   v5subs:listbox.obj
 0001:0002f599       ?redraw_off@LISTBOX_CLASS@@QAEXXZ 00430599 f   v5subs:listbox.obj
 0001:0002f5a8       ?redraw_on@LISTBOX_CLASS@@QAEXXZ 004305a8 f   v5subs:listbox.obj
 0001:0002f5c7       ?remove@LISTBOX_CLASS@@QAEEH@Z 004305c7 f   v5subs:listbox.obj
 0001:0002f5f3       ?replace@LISTBOX_CLASS@@QAEEPAD@Z 004305f3 f   v5subs:listbox.obj
 0001:0002f64f       ?select_all@LISTBOX_CLASS@@QAEXI@Z 0043064f f   v5subs:listbox.obj
 0001:0002f698       ?select_count@LISTBOX_CLASS@@QAEHXZ 00430698 f   v5subs:listbox.obj
 0001:0002f6c2       ?selected_index@LISTBOX_CLASS@@QAEHXZ 004306c2 f   v5subs:listbox.obj
 0001:0002f6ed       ?selected_text@LISTBOX_CLASS@@QAEPADXZ 004306ed f   v5subs:listbox.obj
 0001:0002f70b       ?set_current_index@LISTBOX_CLASS@@QAEEH@Z 0043070b f   v5subs:listbox.obj
 0001:0002f732       ?set_pixel_tabs@LISTBOX_CLASS@@QAE_NPAHH@Z 00430732 f   v5subs:listbox.obj
 0001:0002f76e       ?set_select@LISTBOX_CLASS@@QAEXHE@Z 0043076e f   v5subs:listbox.obj
 0001:0002f78a       ?set_tabs@LISTBOX_CLASS@@QAE_NHH@Z 0043078a f   v5subs:listbox.obj
 0001:0002f867       ?set_top_index@LISTBOX_CLASS@@QAEEH@Z 00430867 f   v5subs:listbox.obj
 0001:0002f88e       ?setcursel@LISTBOX_CLASS@@QAEEH@Z 0043088e f   v5subs:listbox.obj
 0001:0002f8cf       ?setcursel@LISTBOX_CLASS@@QAEEPAD@Z 004308cf f   v5subs:listbox.obj
 0001:0002f916       ?top_index@LISTBOX_CLASS@@QAEHXZ 00430916 f   v5subs:listbox.obj
 0001:0002f935       ?visible_row_count@LISTBOX_CLASS@@QAEHXZ 00430935 f   v5subs:listbox.obj
 0001:0002f99c       ??0MACHINE_CLASS@@QAE@XZ   0043099c f   v5subs:machine.obj
 0001:0002f9f5       ?find@MACHINE_CLASS@@QAEEAAVSTRING_CLASS@@0@Z 004309f5 f   v5subs:machine.obj
 0001:0002fc44       ?init@MACHINE_CLASS@@QAEXXZ 00430c44 f   v5subs:machine.obj
 0001:0002fcc0       ?init_save_counts@@YAXPAUSAVE_COUNTS@@@Z 00430cc0 f   v5subs:machine.obj
 0001:0002fcd9       ?read_machset_db@MACHINE_CLASS@@QAEEAAVSTRING_CLASS@@@Z 00430cd9 f   v5subs:machine.obj
 0001:00030258       ??1GENERIC_LIST_CLASS@@QAE@XZ 00431258 f   v5subs:genlist.obj
 0001:0003027a       ?append@GENERIC_LIST_CLASS@@QAEEPAX@Z 0043127a f   v5subs:genlist.obj
 0001:000302b0       ?count@GENERIC_LIST_CLASS@@QAEFXZ 004312b0 f   v5subs:genlist.obj
 0001:000302bc       ?find@GENERIC_LIST_CLASS@@QAEEPAX@Z 004312bc f   v5subs:genlist.obj
 0001:000302f4       ?insert@GENERIC_LIST_CLASS@@QAEEPAX@Z 004312f4 f   v5subs:genlist.obj
 0001:00030344       ?next@GENERIC_LIST_CLASS@@QAEPAXXZ 00431344 f   v5subs:genlist.obj
 0001:0003036e       ?remove@GENERIC_LIST_CLASS@@QAEEPAX@Z 0043136e f   v5subs:genlist.obj
 0001:0003038d       ?remove@GENERIC_LIST_CLASS@@QAEEXZ 0043138d f   v5subs:genlist.obj
 0001:000303bc       ?remove_all@GENERIC_LIST_CLASS@@QAEXXZ 004313bc f   v5subs:genlist.obj
 0001:000303e5       ?rewind@GENERIC_LIST_CLASS@@QAEXXZ 004313e5 f   v5subs:genlist.obj
 0001:000303ee       ??0CONTROL_LIMIT_CLASS@@QAE@XZ 004313ee f   ctrlimit.obj
 0001:000303ee       ??0TEXT_LIST_CLASS@@QAE@XZ 004313ee f   v5subs:textlist.obj
 0001:000303ee       ??0MACHINE_NAME_LIST_CLASS@@QAE@XZ 004313ee f   v5subs:machname.obj
 0001:000303fe       ??1MACHINE_NAME_LIST_CLASS@@QAE@XZ 004313fe f   v5subs:machname.obj
 0001:0003040f       ??_GMACHINE_NAME_LIST_ENTRY@@QAEPAXI@Z 0043140f f i v5subs:machname.obj
 0001:00030435       ?add@MACHINE_NAME_LIST_CLASS@@QAEEAAVSTRING_CLASS@@0G@Z 00431435 f   v5subs:machname.obj
 0001:0003048a       ?add@MACHINE_NAME_LIST_CLASS@@QAEEPAUMACHINE_NAME_LIST_ENTRY@@G@Z 0043148a f   v5subs:machname.obj
 0001:0003053c       ?add_computer@MACHINE_NAME_LIST_CLASS@@QAEEAAVSTRING_CLASS@@@Z 0043153c f   v5subs:machname.obj
 0001:0003069e       ?computer_name@MACHINE_NAME_LIST_CLASS@@QAEAAVSTRING_CLASS@@XZ 0043169e f   v5subs:machname.obj
 0001:000306aa       ?empty@MACHINE_NAME_LIST_CLASS@@QAEXXZ 004316aa f   v5subs:machname.obj
 0001:000306d6       ?find@MACHINE_NAME_LIST_CLASS@@QAEEAAVSTRING_CLASS@@@Z 004316d6 f   v5subs:machname.obj
 0001:00030707       ?find@MACHINE_NAME_LIST_CLASS@@QAEEPAD@Z 00431707 f   v5subs:machname.obj
 0001:00030756       ?get_computer_name@MACHINE_NAME_LIST_CLASS@@QAEEAAVSTRING_CLASS@@0@Z 00431756 f   v5subs:machname.obj
 0001:00030789       ?name@MACHINE_NAME_LIST_CLASS@@QAEAAVSTRING_CLASS@@XZ 00431789 f   v5subs:machname.obj
 0001:00030799       ?remove@MACHINE_NAME_LIST_CLASS@@QAEXXZ 00431799 f   v5subs:machname.obj
 0001:000307b7       ??0PARAMETER_CLASS@@QAE@XZ 004317b7 f   v5subs:param.obj
 0001:000307e6       ?count@PARAMETER_CLASS@@QAEFXZ 004317e6 f   v5subs:param.obj
 0001:00030804       ?find@PARAMETER_CLASS@@QAEEAAVSTRING_CLASS@@00@Z 00431804 f   v5subs:param.obj
 0001:0003086a       ?init@PARAMETER_CLASS@@QAEXF@Z 0043186a f   v5subs:param.obj
 0001:000308b4       ?read_param_db@PARAMETER_CLASS@@QAEEAAVSTRING_CLASS@@@Z 004318b4 f   v5subs:param.obj
 0001:00030a1b       ??0PART_CLASS@@QAE@XZ      00431a1b f   v5subs:part.obj
 0001:00030a49       ??1PART_CLASS@@QAE@XZ      00431a49 f   v5subs:part.obj
 0001:00030a6f       ?find@PART_CLASS@@QAEEAAVSTRING_CLASS@@00@Z 00431a6f f   v5subs:part.obj
 0001:00030bbe       ?init@PART_CLASS@@QAEXXZ   00431bbe f   v5subs:part.obj
 0001:00030c91       ?plunger_area@PART_CLASS@@QAENXZ 00431c91 f   v5subs:part.obj
 0001:00030cdc       ?read_ftchan_db@PART_CLASS@@QAEEAAVSTRING_CLASS@@@Z 00431cdc f   v5subs:part.obj
 0001:00030d88       ?read_part_setup@PART_CLASS@@QAEEAAVSTRING_CLASS@@@Z 00431d88 f   v5subs:part.obj
 0001:00030daf       ?read_x4_divisor@PART_CLASS@@QAEEXZ 00431daf f   v5subs:part.obj
 0001:00030ef6       ?update@PART_CLASS@@QAEEXZ 00431ef6 f   v5subs:part.obj
 0001:000312da       ??4TIME_CLASS@@QAEXPBD@Z   004322da f   v5subs:timeclas.obj
 0001:00031364       ??GTIME_CLASS@@QAEJABV0@@Z 00432364 f   v5subs:timeclas.obj
 0001:00031371       ??ZTIME_CLASS@@QAEXK@Z     00432371 f   v5subs:timeclas.obj
 0001:00031387       ?dd@TIME_CLASS@@QAEPADXZ   00432387 f   v5subs:timeclas.obj
 0001:00031394       ?get@TIME_CLASS@@QAEEAAU_SYSTEMTIME@@@Z 00432394 f   v5subs:timeclas.obj
 0001:0003148f       ?get_local_time@TIME_CLASS@@QAEXXZ 0043248f f   v5subs:timeclas.obj
 0001:000314c6       ?hhmmss@TIME_CLASS@@QAEPADXZ 004324c6 f   v5subs:timeclas.obj
 0001:0003156b       ?mmddyyyy@TIME_CLASS@@QAEPADXZ 0043256b f   v5subs:timeclas.obj
 0001:000315b4       ?set@TIME_CLASS@@QAEEABU_FILETIME@@@Z 004325b4 f   v5subs:timeclas.obj
 0001:000315f3       ?set@TIME_CLASS@@QAEEABU_SYSTEMTIME@@@Z 004325f3 f   v5subs:timeclas.obj
 0001:00031694       ?set_time@TIME_CLASS@@QAEXPBD@Z 00432694 f   v5subs:timeclas.obj
 0001:000316e9       ?system_time@TIME_CLASS@@QAEAAU_SYSTEMTIME@@XZ 004326e9 f   v5subs:timeclas.obj
 0001:000316f9       ?text@TIME_CLASS@@QAEPADXZ 004326f9 f   v5subs:timeclas.obj
 0001:00031760       ??0PLOOKUP_CLASS@@QAE@XZ   00432760 f   v5subs:plookup.obj
 0001:00031774       ??1PLOOKUP_CLASS@@QAE@XZ   00432774 f   v5subs:plookup.obj
 0001:00031787       ?get@PLOOKUP_CLASS@@QAEHXZ 00432787 f   v5subs:plookup.obj
 0001:00031791       ?get_last_shot_number@PLOOKUP_CLASS@@QAEHAAVSTRING_CLASS@@00@Z 00432791 f   v5subs:plookup.obj
 0001:000317da       ?get_last_shot_number@PLOOKUP_CLASS@@QAEHXZ 004327da f   v5subs:plookup.obj
 0001:00031800       ?get_time@PLOOKUP_CLASS@@QAEEAAVTIME_CLASS@@@Z 00432800 f   v5subs:plookup.obj
 0001:0003188d       ?init@PLOOKUP_CLASS@@QAEEAAVSTRING_CLASS@@00@Z 0043288d f   v5subs:plookup.obj
 0001:000318a9       ??0PART_NAME_ENTRY@@QAE@XZ 004328a9 f   v5subs:structs.obj
 0001:000318c5       ??4PART_NAME_ENTRY@@QAEXABU0@@Z 004328c5 f   v5subs:structs.obj
 0001:000318f0       ??4PROFILE_NAME_ENTRY@@QAEXABU0@@Z 004328f0 f   v5subs:structs.obj
 0001:00031909       ?ft_channel_number@CURVE_DATA@@QAEFXZ 00432909 f   v5subs:structs.obj
 0001:00031923       ?ft_channel_type@CURVE_DATA@@QAEGXZ 00432923 f   v5subs:structs.obj
 0001:00031944       ?is_equal@PART_NAME_ENTRY@@QAEEABVSTRING_CLASS@@00@Z 00432944 f   v5subs:structs.obj
 0001:0003197d       ?set@PROFILE_NAME_ENTRY@@QAEXABVSTRING_CLASS@@000@Z 0043297d f   v5subs:structs.obj
[...]
 0003:0008f07c       _SelectIndex               004f607c     mulprint.obj
 0003:0008f080       ?machine_name@?1??current_machine_name@@YAPADXZ@4VSTRING_CLASS@@A 004f6080     mulprint.obj
 0003:0008f088       ?$S1@?1??current_machine_name@@YAPADXZ@4IA 004f6088     mulprint.obj
 0003:0008f08c       _NullChar                  004f608c     olmsted.obj
 0003:0008f098       _ParamArray                004f6098     paramhis.obj
 0003:0008f09c       _ShotNumberArray           004f609c     paramhis.obj
 0003:0008f0a0       _SaveFlagsArray            004f60a0     paramhis.obj
 0003:0008f0a4       _EmptyString               004f60a4     paramwin.obj
 0003:0008f0a8       _FontList                  004f60a8     paramwin.obj
 0003:0008f0ac       ?ypos@?1??parameter_window_proc@@YGHPAUHWND__@@IIJ@Z@4HA 004f60ac     paramwin.obj
 0003:0008f0b0       _EnterWindow               004f60b0     password.obj
 0003:0008f0b4       _EditWindow                004f60b4     password.obj
 0003:0008f0b8       _CoOptionsWindow           004f60b8     password.obj
 0003:0008f0bc       _ProgramIsUpdating         004f60bc     password.obj
 0003:0008f0c0       _PasswordLogFormat         004f60c0     password.obj
 0003:0008f0c8       _LogFileName               004f60c8     password.obj
 0003:0008f0d0       _Password                  004f60d0     password.obj
 0003:0008f398       ?EmptyPasswordEntry@?1???APASSWORD_CLASS@@QAEAAUPASSWORD_ENTRY@@J@Z@4U2@A 004f6398     password.obj
 0003:0008f3d0       ?$S3@?1???APASSWORD_CLASS@@QAEAAUPASSWORD_ENTRY@@J@Z@4IA 004f63d0     password.obj
 0003:0008f3d8       ?buf@?1??ini_name@@YAPADPBD@Z@4PADA 004f63d8     password.obj
 0003:0008f4e0       _AnalogSensor              004f64e0     plot.obj
 0003:0008f4e4       ?buf@?1??smooth_one_curve@@YAXPAMH@Z@4PAMA 004f64e4     plot.obj
 0003:0008f4e8       ?MySemaphor@?1??load_profile@@YAXPAD@Z@4HA 004f64e8     plot.obj
 0003:0008f4ec       _NullChar                  004f64ec     rtmlist.obj
 0003:0008f4f0       _MyWindow                  004f64f0     rtmlist.obj
 0003:0008f4f4       _OldLbProc                 004f64f4     rtmlist.obj
 0003:0008f4f8       ?buf@?1??machine_listbox_string@@YAPADAAVSTRING_CLASS@@D@Z@4V2@A 004f64f8     rtmlist.obj
 0003:0008f500       ?$S1@?1??machine_listbox_string@@YAPADAAVSTRING_CLASS@@D@Z@4IA 004f6500     rtmlist.obj
 0003:0008f504       _HaveNewFont               004f6504     status.obj
 0003:0008f505       _NeedAlarms                004f6505     status.obj
 0003:0008f506       _NeedDowntime              004f6506     status.obj
 0003:0008f508       _Row                       004f6508     status.obj
 0003:0008f50c       _NofRows                   004f650c     status.obj
 0003:0008f510       _Column                    004f6510     status.obj
 0003:0008f514       _NofColumns                004f6514     status.obj
 0003:0008f524       _FontList                  004f6524     status.obj
 0003:0008f528       ?s@?1??put@STATUS_SCREEN_COLUMN_ENTRY@@QAEPADXZ@4VSTRING_CLASS@@A 004f6528     status.obj
 0003:0008f530       ?$S1@?1??put@STATUS_SCREEN_COLUMN_ENTRY@@QAEPADXZ@4IA 004f6530     status.obj
 0003:0008f534       ?last_shift@?1??status_screen_timer_update@@YAXXZ@4FA 004f6534     status.obj
 0003:0008f538       ?last_dow@?1??status_screen_timer_update@@YAXXZ@4FA 004f6538     status.obj
 0003:0008f53c       _UpdatingEditControls      004f653c     tcconfig.obj
 0003:0008f540       _linechanged               004f6540     tcconfig.obj
 0003:0008f550       ?s@?1??lbline@FIXED_PARAM_CLASS@@QAEPADPAD@Z@4PADA 004f6550     tcconfig.obj
 0003:0008f5c0       ?s@?1??current_parameter_name@@YAPADPAUHWND__@@@Z@4PADA 004f65c0     tcconfig.obj
 0003:0008f5e0       _NofPointsRead             004f65e0     trend.obj
 0003:0008f5e4       _XAxisIndex                004f65e4     trend.obj
 0003:0008f5e8       _HaveCursorLine            004f65e8     trend.obj
 0003:0008f5e9       _ReadyForCursor            004f65e9     trend.obj
 0003:0008f5ea       _Resetting                 004f65ea     trend.obj
 0003:0008f5eb       _EmptyString               004f65eb     trend.obj
 0003:0008f5ec       _Current                   004f65ec     trend.obj
 0003:0008f604       _CursorStartY              004f6604     trend.obj
 0003:0008f6f0       _CursorEndY                004f66f0     trend.obj
 0003:0008f6f4       _CursorLeft                004f66f4     trend.obj
 0003:0008f6f8       _CursorX                   004f66f8     trend.obj
 0003:0008f6fc       ?s@?1??celltext@@YAPADJJ@Z@4PADA 004f66fc     trend.obj
 0003:0008f700       ?nof_plots@?1??paint_trend_display@@YAXABUtagRECT@@@Z@4JA 004f6700     trend.obj
 0003:0008f704       ?empty_shot@?1???ASHOT_ARRAY_CLASS@@QAEAAVSHOT_DATA_ENTRY@@J@Z@4V2@A 004f6704     xaxis.obj
 0003:0008f70c       ?$S1@?1???ASHOT_ARRAY_CLASS@@QAEAAVSHOT_DATA_ENTRY@@J@Z@4IA 004f670c     xaxis.obj
 0003:0008f71c       _DriveName                 004f671c     v5subs:exists.obj
 0003:0008f71f       _NullChar                  004f671f     v5subs:mem.obj
 0003:0008f720       _NullChar                  004f6720     v5subs:extract.obj
 0003:0008f724       ?s@?1??int32toasc@@YAPADJ@Z@4PADA 004f6724     v5subs:itoasc.obj
 0003:0008f738       ?s@?1??ultoascii@@YAPADKK@Z@4PADA 004f6738     v5subs:itoasc.obj
 0003:0008f74c       _NullChar                  004f674c     v5subs:stringcl.obj
 0003:0008f750       _NullChar                  004f6750     v5subs:nameclas.obj
 0003:0008f754       _EmptyString               004f6754     v5subs:nameclas.obj
 0003:0008f75c       _MyComputer                004f675c     v5subs:nameclas.obj
 0003:0008f768       _SensorArray               004f6768     v5subs:asensor.obj
 0003:0008f76c       _NofSensors                004f676c     v5subs:asensor.obj
 0003:0008f770       _EmptySensor               004f6770     v5subs:asensor.obj
 0003:0008f7bc       _EmptyDowncatEntry         004f67bc     v5subs:catclass.obj
 0003:0008f7d0       _EmptyDownscatEntry        004f67d0     v5subs:catclass.obj
 0003:0008f7ea       _emptystring               004f67ea     v5subs:chaxis.obj
 0003:0008f7ec       _NofColors                 004f67ec     v5subs:color.obj
 0003:0008f7f0       _ColorArray                004f67f0     v5subs:color.obj
 0003:0008f7f4       _NullChar                  004f67f4     v5subs:fileclas.obj
 0003:0008f7f8       ?buf@?1??ascii_long@@YAPADJJ@Z@4PADA 004f67f8     v5subs:fontclas.obj
 0003:0008f810       ?buf@?1??put@FONT_CLASS@@QAEPADXZ@4PADA 004f6810     v5subs:fontclas.obj
 0003:0008f8b3       _EmptyString               004f68b3     v5subs:ftanalog.obj
 0003:0008f8b4       _NullChar                  004f68b4     v5subs:setpoint.obj
 0003:0008f8b8       _empty_entry               004f68b8     v5subs:setpoint.obj
 0003:0008f8c8       _NullChar                  004f68c8     v5subs:computer.obj
 0003:0008f8cc       _First                     004f68cc     v5subs:computer.obj
 0003:0008f8d0       _MyComputer                004f68d0     v5subs:computer.obj
 0003:0008f8d8       _NoComputer                004f68d8     v5subs:computer.obj
 0003:0008f8e0       _NofComputers              004f68e0     v5subs:computer.obj
 0003:0008f8e4       _NullChar                  004f68e4     v5subs:iniclass.obj
 0003:0008f8e5       ?empty_string@?1??get_string@INI_CLASS@@QAEPADXZ@4PADA 004f68e5     v5subs:iniclass.obj
 0003:0008f8e6       _EmptyString               004f68e6     v5subs:listbox.obj
 0003:0008f8e8       _NullChar                  004f68e8     v5subs:machname.obj
 0003:0008f8ec       _EmptyString               004f68ec     v5subs:machname.obj
 0003:0008f8f4       _NullChar                  004f68f4     v5subs:param.obj
 0003:0008f8f8       ?st@?1??system_time@TIME_CLASS@@QAEAAU_SYSTEMTIME@@XZ@4U3@A 004f68f8     v5subs:timeclas.obj
 0003:0008f908       ?s@?1??text@TIME_CLASS@@QAEPADXZ@4PADA 004f6908     v5subs:timeclas.obj
 0003:0008f91c       ?s@?1??mmddyyyy@TIME_CLASS@@QAEPADXZ@4PADA 004f691c     v5subs:timeclas.obj
 0003:0008f928       ?s@?1??hhmmss@TIME_CLASS@@QAEPADXZ@4PADA 004f6928     v5subs:timeclas.obj
 0003:0008f931       _NullChar                  004f6931     v5subs:textlist.obj
 0003:0008f933       _NullChar                  004f6933     v5subs:strarray.obj
 0003:0008f934       _EmptyStringtableText      004f6934     v5subs:stringtable.obj
 0003:0008f938       _FontList                  004f6938     v5subs:stringtable.obj
 0003:0008f93c       ?s@?1??alphadate@@YAPADABU_SYSTEMTIME@@@Z@4PADA 004f693c     v5subs:time.obj
 0003:0008f948       ?s@?1??alphatime@@YAPADABU_SYSTEMTIME@@@Z@4PADA 004f6948     v5subs:time.obj
 0003:0008f954       ?s@?1??hhmm@@YAPADJJ@Z@4PADA 004f6954     v5subs:time.obj
 0003:0008f960       ?s@?1??ascii_double@@YAPADN@Z@4PADA 004f6960     v5subs:ascfloat.obj
 0003:0008f990       _NullChar                  004f6990     v5subs:get_ini.obj
 0003:0008f998       _Buf                       004f6998     v5subs:get_ini.obj
 0003:0008fa98       _MyMainWindow              004f6a98     v5subs:client.obj
 0003:0008fa9c       _EventList                 004f6a9c     v5subs:client.obj
 0003:0008faa8       _ServerNameHandle          004f6aa8     v5subs:client.obj
 0003:0008faac       _DdeId                     004f6aac     v5subs:client.obj
 0003:0008fab0       _ServerHandle              004f6ab0     v5subs:client.obj
 0003:0008fab4       ?s@?1??one_hot_link@@YAXPAUHCONV__@@FI@Z@4VSTRING_CLASS@@A 004f6ab4     v5subs:client.obj
 0003:0008fabc       ?$S1@?1??one_hot_link@@YAXPAUHCONV__@@FI@Z@4IA 004f6abc     v5subs:client.obj
 0003:0008fac0       ?f@?1??one_hot_link@@YAXPAUHCONV__@@FI@Z@4VFILE_CLASS@@A 004f6ac0     v5subs:client.obj
 0003:0008fae4       ?e@?1??one_hot_link@@YAXPAUHCONV__@@FI@Z@4PAUEVENT_ENTRY@@A 004f6ae4     v5subs:client.obj
 0003:0008fae8       _NofDCurves                004f6ae8     v5subs:dcurve.obj
 0003:0008faec       _DCurve                    004f6aec     v5subs:dcurve.obj
 0003:0008faf0       _NullChar                  004f6af0     v5subs:path.obj
 0003:0008faf1       _NullChar                  004f6af1     v5subs:fix.obj
 0003:0008faf4       _T                         004f6af4     v5subs:semaphor.obj
 0003:0008fb20       ?s@?1??fixed_string@@YAPADNJJ@Z@4PADA 004f6b20     v5subs:ftoasc.obj
 0003:0008fb4c       _ExeDirectory              004f6b4c     v5subs:gexedir.obj
 0003:0008fb54       _NullChar                  004f6b54     v5subs:insalph.obj
 0003:0008fb58       ?name@?1??category_name@@YAPADPAD@Z@4PADA 004f6b58     v5subs:downsubs.obj
 0003:0008fb68       ?number@?1??category_name@@YAPADPAD@Z@4PADA 004f6b68     v5subs:downsubs.obj
 0003:0008fb6c       ?cat@?1??subcategory_name@@YAPADPAD0@Z@4PADA 004f6b6c     v5subs:downsubs.obj
 0003:0008fb70       ?subcat@?1??subcategory_name@@YAPADPAD0@Z@4PADA 004f6b70     v5subs:downsubs.obj
 0003:0008fb74       ?name@?1??subcategory_name@@YAPADPAD0@Z@4PADA 004f6b74     v5subs:downsubs.obj
 0003:0008fb92       _NullChar                  004f6b92     v5subs:shift.obj
 0003:0008fb94       ?st@?1??start_of_shift@@YAAAU_SYSTEMTIME@@ABU2@@Z@4U2@A 004f6b94     v5subs:shift.obj
 0003:0008fba4       _NullChar                  004f6ba4     v5subs:hex.obj
 0003:0008fba8       _EmptyString               004f6ba8     v5subs:units.obj
 0003:0008fbac       _UnitsArray                004f6bac     v5subs:units.obj
 0003:0008fbb0       _NofUnits                  004f6bb0     v5subs:units.obj
 0003:0008fbb8       ?s@?1??resource_string@@YAPADPAUHINSTANCE__@@I@Z@4PADA 004f6bb8     v5subs:winsubs.obj
 0003:0008fcb8       _OldCursor                 004f6cb8     v5subs:hourglas.obj
 0003:0008fcbc       _RefCount                  004f6cbc     v5subs:hourglas.obj
 0003:0008fcc0       _TempMessageWindow         004f6cc0     v5subs:temp_message.obj
 0003:0008fcc4       _TempMessage               004f6cc4     v5subs:temp_message.obj
 0003:0008fcc8       _TempMessageLen            004f6cc8     v5subs:temp_message.obj
 0003:0008fccc       _TempMessageTimeoutMs      004f6ccc     v5subs:temp_message.obj
 0003:0008fcd0       _CenterTempMessage         004f6cd0     v5subs:temp_message.obj
 0003:0008fcd4       ?timer_id@?1??temp_message_proc@@YGJPAUHWND__@@IIJ@Z@4IA 004f6cd4     v5subs:temp_message.obj
 0003:0008fcd8       _NullChar                  004f6cd8     v5subs:ftii_shot_data.obj
 0003:0008fcd9       _EmptyString               004f6cd9     v5subs:ftii_shot_data.obj
 0003:0008fcdc       _BorderHeight              004f6cdc     v5subs:menuctrl.obj
 0003:0008fce0       _BorderWidth               004f6ce0     v5subs:menuctrl.obj
 0003:0008fce4       _FontList                  004f6ce4     v5subs:menuctrl.obj
 0003:0008fce8       _BorderHeight              004f6ce8     v5subs:popctrl.obj
 0003:0008fcec       _BorderWidth               004f6cec     v5subs:popctrl.obj
 0003:0008fcf0       _FontList                  004f6cf0     v5subs:popctrl.obj
 0003:0008fcf4       _NullChar                  004f6cf4     v5subs:profiles.obj
 0003:0008fcf5       _NullChar                  004f6cf5     v5subs:fillpart.obj
 0003:0008fcf8       ?s@?1??full_name@WORKER_LIST_CLASS@@QAEPADPAD@Z@4PADA 004f6cf8     v5subs:workclas.obj
 0003:0008fd18       _OVERWRITE_EXISTING        004f6d18     v5subs:callfile.obj
 0003:0008fd1c       _Msg                       004f6d1c     v5subs:error_ms.obj
 0003:0008fd59       _EmptyString               004f6d59     v5subs:execwait.obj
 0003:0008fd5a       _EmptyString               004f6d5a     dundas:ugcnrbtn.obj
 0003:0008fd5c       ?swit@?1??ToolTipMessage@CUGGrid@@QAEXPAUHWND__@@IIJ@Z@4FA 004f6d5c     dundas:uggrid.obj
 0003:0008fd68       _EmptyString               004f6d68     dundas:ugceltyp.obj
 0003:0008fd78       _GS_ExceptionRecord        004f6d78     LIBCMT:gs_report.obj
 0003:0008fdc8       _GS_ContextRecord          004f6dc8     LIBCMT:gs_report.obj
 0003:00090094       _DebuggerWasPresent        004f7094     LIBCMT:gs_report.obj
 0003:000900e8       ___type_info_root_node     004f70e8     LIBCMT:typname.obj
 0003:000901f8       ?_pgmname@?1??_setargv@@9@9 004f71f8     LIBCMT:stdargv.obj
 0003:00090308       ?outmsg@?9??_NMSG_WRITE@@9@9 004f7308     LIBCMT:crt0msg.obj
 0003:00090950       _fSystemSet                004f7950     LIBCMT:mbctype.obj
 0003:00090958       __pmatherr_set             004f7958     LIBCMT:libm_error.obj
 0003:00090960       _lclcritsects              004f7960     LIBCMT:mlock.obj
 0003:00090ab8       _ctrlc_action              004f7ab8     LIBCMT:winsig.obj
 0003:00090abc       _ctrlbreak_action          004f7abc     LIBCMT:winsig.obj
 0003:00090ac0       _abort_action              004f7ac0     LIBCMT:winsig.obj
 0003:00090ac4       _term_action               004f7ac4     LIBCMT:winsig.obj
 0003:00090ac8       _ConsoleCtrlHandler_Installed 004f7ac8     LIBCMT:winsig.obj
 0003:00090acc       _g_pfnRtlGenRandom         004f7acc     LIBCMT:rand_s.obj
 0003:00090b00       _heap                      004f7b00     LIBCMT:undname.obj
 0003:00090b1c       ?pfnMessageBox@?1??__crtMessageBoxW@@9@9 004f7b1c     LIBCMT:crtmboxw.obj
 0003:00090b20       ?pfnGetActiveWindow@?1??__crtMessageBoxW@@9@9 004f7b20     LIBCMT:crtmboxw.obj
 0003:00090b24       ?pfnGetLastActivePopup@?1??__crtMessageBoxW@@9@9 004f7b24     LIBCMT:crtmboxw.obj
 0003:00090b28       ?pfnGetProcessWindowStation@?1??__crtMessageBoxW@@9@9 004f7b28     LIBCMT:crtmboxw.obj
 0003:00090b2c       ?pfnGetUserObjectInformation@?1??__crtMessageBoxW@@9@9 004f7b2c     LIBCMT:crtmboxw.obj
 0003:00090b38       ___crtCallProc             004f7b38     LIBCMT:winapinls.obj
 0004:00001240       $R000000                   004fa240     profile.res
 0004:000013b0       $R000170                   004fa3b0     profile.res
 0004:00001910       $R0006D0                   004fa910     profile.res
 0004:00001980       $R000740                   004fa980     profile.res
 0004:00001ac8       $R000888                   004faac8     profile.res
 0004:00001be8       $R0009A8                   004fabe8     profile.res
 0004:00001da8       $R000B68                   004fada8     profile.res
 0004:00001ee8       $R000CA8                   004faee8     profile.res
 0004:00002090       $R000E50                   004fb090     profile.res
 0004:00002180       $R000F40                   004fb180     profile.res
 0004:000025a0       $R001360                   004fb5a0     profile.res
 0004:00003030       $R001DF0                   004fc030     profile.res
 0004:00003e20       $R002BE0                   004fce20     profile.res
 0004:00004400       $R0031C0                   004fd400     profile.res
 0004:00004520       $R0032E0                   004fd520     profile.res
 0004:00004640       $R003400                   004fd640     profile.res
 0004:00004880       $R003640                   004fd880     profile.res
 0004:00004998       $R003758                   004fd998     profile.res
 0004:00004ab8       $R003878                   004fdab8     profile.res
 0004:00004b98       $R003958                   004fdb98     profile.res
 0004:00004ce0       $R003AA0                   004fdce0     profile.res
 0004:00004d58       $R003B18                   004fdd58     profile.res
 0004:00004f70       $R003D30                   004fdf70     profile.res
 0004:00005110       $R003ED0                   004fe110     profile.res
 0004:00005288       $R004048                   004fe288     profile.res
 0004:000053d0       $R004190                   004fe3d0     profile.res
 0004:000058a8       $R004668                   004fe8a8     profile.res
 0004:00005a08       $R0047C8                   004fea08     profile.res
 0004:00006188       $R004F48                   004ff188     profile.res
 0004:00006320       $R0050E0                   004ff320     profile.res
 0004:000067f8       $R0055B8                   004ff7f8     profile.res
 0004:00006bf8       $R0059B8                   004ffbf8     profile.res
 0004:00006f20       $R005CE0                   004fff20     profile.res
 0004:00007158       $R005F18                   00500158     profile.res
 0004:00007318       $R0060D8                   00500318     profile.res
 0004:00008b08       $R0078C8                   00501b08     profile.res
 0004:00008d08       $R007AC8                   00501d08     profile.res
 0004:00009180       $R007F40                   00502180     profile.res
 0004:000091b8       $R007F78                   005021b8     profile.res
 0004:000094a0       $R008260                   005024a0     profile.res
 0004:000094b8       $R008278                   005024b8     profile.res
 0004:00009818       $R0085D8                   00502818     profile.res
 0004:00009950       $R008710                   00502950     profile.res
 0004:00009b18       $R0088D8                   00502b18     profile.res
 0004:00009bd0       $R008990                   00502bd0     profile.res
 0004:0000a038       $R008DF8                   00503038     profile.res
 0004:0000a100       $R008EC0                   00503100     profile.res
 0004:0000a278       $R009038                   00503278     profile.res
 0004:0000a418       $R0091D8                   00503418     profile.res
 0004:0000a610       $R0093D0                   00503610     profile.res
 0004:0000a908       $R0096C8                   00503908     profile.res
 0004:0000ab58       $R009918                   00503b58     profile.res
 0004:0000ae88       $R009C48                   00503e88     profile.res
 0004:0000b190       $R009F50                   00504190     profile.res
 0004:0000b7a8       $R00A568                   005047a8     profile.res
 0004:0000bb28       $R00A8E8                   00504b28     profile.res
 0004:0000bd68       $R00AB28                   00504d68     profile.res
 0004:0000be68       $R00AC28                   00504e68     profile.res
 0004:0000c218       $R00AFD8                   00505218     profile.res
 0004:0000c4b8       $R00B278                   005054b8     profile.res
 0004:0000c840       $R00B600                   00505840     profile.res
