 ft2

 Timestamp is 5654c817 (Tue Nov 24 15:27:03 2015)

 Preferred load address is 00400000

 Start         Length     Name                   Class
 0001:00000000 000007ebH .text$di                CODE
 0001:000007f0 00033816H .text$mn                CODE
 0001:00034006 0000057cH .text$yd                CODE
 0002:00000000 0000037cH .idata$5                DATA
 0002:0000037c 00000004H .CRT$XCA                DATA
 0002:00000380 000001a0H .CRT$XCU                DATA
 0002:00000520 00000004H .CRT$XCZ                DATA
 0002:00000524 00000004H .CRT$XIA                DATA
 0002:00000528 00000014H .CRT$XIC                DATA
 0002:0000053c 00000004H .CRT$XIY                DATA
 0002:00000540 00000004H .CRT$XIZ                DATA
 0002:00000544 00000004H .CRT$XPA                DATA
 0002:00000548 00000008H .CRT$XPX                DATA
 0002:00000550 00000004H .CRT$XPXA               DATA
 0002:00000554 00000004H .CRT$XPZ                DATA
 0002:00000558 00000004H .CRT$XTA                DATA
 0002:0000055c 00000004H .CRT$XTZ                DATA
 0002:00000560 000068b0H .rdata                  DATA
 0002:00006e10 00000294H .rdata$r                DATA
 0002:000070b0 0000000cH .rdata$sxdata           DATA
 0002:000070bc 00000004H .rtc$IAA                DATA
 0002:000070c0 00000004H .rtc$IZZ                DATA
 0002:000070c4 00000004H .rtc$TAA                DATA
 0002:000070c8 00000004H .rtc$TZZ                DATA
 0002:000070d0 0000036cH .xdata$x                DATA
 0002:0000743c 00000000H .edata                  DATA
 0002:0000743c 00000064H .idata$2                DATA
 0002:000074a0 00000014H .idata$3                DATA
 0002:000074b4 0000037cH .idata$4                DATA
 0002:00007830 00000dccH .idata$6                DATA
 0003:00000000 00002914H .data                   DATA
 0003:00002914 00000104H .data$r                 DATA
 0003:00002a20 0000a2a0H .bss                    DATA
 0004:00000000 00000a98H .rsrc$01                DATA
 0004:00000aa0 00005d28H .rsrc$02                DATA

  Address         Publics by Value              Rva+Base       Lib:Object

 0000:00000000       ___guard_fids_count        00000000     <absolute>
 0000:00000000       __except_list              00000000     <absolute>
 0000:00000000       ___guard_flags             00000000     <absolute>
 0000:00000000       ___guard_fids_table        00000000     <absolute>
 0000:00000003       ___safe_se_handler_count   00000003     <absolute>
 0000:00000000       ___ImageBase               00400000     <linker-defined>
 0001:000007f0       ??0BIT_CONTROL@@QAE@XZ     004017f0 f i ft2.obj
 0001:00000811       ??0DOWN_DATA_CLASS@@QAE@ABV0@@Z 00401811 f i ft2.obj
 0001:00000879       ??1MACHINE_CLASS@@QAE@XZ   00401879 f i ft2.obj
 0001:000008ca       ??1PARAMETER_CLASS@@QAE@XZ 004018ca f i ft2.obj
 0001:000008ca       ??1PART_NAME_ENTRY@@QAE@XZ 004018ca f i board_monitor.obj
 0001:000008e5       ??4FTII_VAR@@UAEXABV0@@Z   004018e5 f i ft2.obj
 0001:000008f8       ??4FTII_VAR@@UAEXI@Z       004018f8 f i ft2.obj
 0001:000008f8       ??4FTII_VAR@@UAEXH@Z       004018f8 f i ft2.obj
 0001:00000902       ??_EFTII_VAR_ARRAY@@UAEPAXI@Z 00401902 f i ft2.obj
 0001:00000902       ??_GFTII_VAR_ARRAY@@UAEPAXI@Z 00401902 f i ft2.obj
 0001:00000a52       ?alt_step_text@@YAPADXZ    00401a52 f   ft2.obj
 0001:00000b09       ?ascii_0_to_5_volts@@YAPADI@Z 00401b09 f   ft2.obj
 0001:00000b45       ?ascii_dac_volts@@YAPADI@Z 00401b45 f   ft2.obj
 0001:00000b5a       ?ascii_dac_volts_3@@YAPADI@Z 00401b5a f   ft2.obj
 0001:00000bc4       ?ascii_volts_to_ft2_volts@@YAPADPAD@Z 00401bc4 f   ft2.obj
 0001:00000c68       ?canexit@@YA_NXZ           00401c68 f   ft2.obj
 0001:00000fe8       ?choose_monitor_machine_dialog_proc@@YGHPAUHWND__@@IIJ@Z 00401fe8 f   ft2.obj
 0001:00001035       ?compare_variables_dialog_proc@@YGHPAUHWND__@@IIJ@Z 00402035 f   ft2.obj
 0001:000011b3       ?control_mods_dialog_proc@@YGHPAUHWND__@@IIJ@Z 004021b3 f   ft2.obj
 0001:0000238e       ?current_lvdt_feedback_index@@YAHH@Z 0040338e f   ft2.obj
 0001:000023ad       ?current_measured_command_index@@YAIH@Z 004033ad f   ft2.obj
 0001:000023cc       ?current_values_dialog_proc@@YGHPAUHWND__@@IIJ@Z 004033cc f   ft2.obj
 0001:00002796       ?dac_volts@@YANI@Z         00403796 f   ft2.obj
 0001:000027e5       ?deactivate_control_dialog_proc@@YGHPAUHWND__@@IIJ@Z 004037e5 f   ft2.obj
 0001:00003ced       ?do_new_set_null_ascii_data@@YAXJ@Z 00404ced f   ft2.obj
 0001:00003feb       ?edit_control_proc@@YGJPAUHWND__@@IIJ@Z 00404feb f   ft2.obj
 0001:00004162       ?end_upload_flash_dialog@@YAXXZ 00405162 f   ft2.obj
 0001:00004236       ?fatal_error_string@@YAPADH@Z 00405236 f   ft2.obj
 0001:0000426b       ?file_exists@NAME_CLASS@@QAEEXZ 0040526b f i ft2.obj
 0001:00004836       ?ft2_control_program_name@@YAPADHAAVMACHINE_CLASS@@@Z 00405836 f   ft2.obj
 0001:0000488f       ?ft2_test_dialog_proc@@YGHPAUHWND__@@IIJ@Z 0040588f f   ft2.obj
 0001:000048e7       ?ft2_volts_toascii@@YAPADPAD@Z 004058e7 f   ft2.obj
 0001:00004f34       ?get_help@@YAXXZ           00405f34 f   ft2.obj
 0001:00004fcf       ?get_hires_sensor_test_config@@YAXPAUHWND__@@@Z 00405fcf f   ft2.obj
 0001:0000517e       ?global_parameter_dialog_proc@@YGHPAUHWND__@@IIJ@Z 0040617e f   ft2.obj
 0001:00005268       ?hires_sensor_test_dialog_proc@@YGHPAUHWND__@@IIJ@Z 00406268 f   ft2.obj
 0001:000053b9       ?init@@YAEH@Z              004063b9 f   ft2.obj
 0001:000060e7       ?kill_log_file@@YAXXZ      004070e7 f   ft2.obj
 0001:0000684f       ?load_one_machine_only@@YAXPAUHWND__@@@Z 0040784f f   ft2.obj
 0001:00006aef       ?log_als_file@@YAXAAVSTRING_CLASS@@@Z 00407aef f   ft2.obj
 0001:00006cb3       ?main_proc@@YGJPAUHWND__@@IIJ@Z 00407cb3 f   ft2.obj
 0001:000073db       ?need_brush@@YA_NPAUHWND__@@@Z 004083db f   ft2.obj
 0001:0000750c       ?new_downtime_callback@@YAXPADFPAUHDDEDATA__@@@Z 0040850c f   ft2.obj
 0001:0000756a       ?new_monitor_setup_callback@@YAXPADFPAUHDDEDATA__@@@Z 0040856a f   ft2.obj
 0001:000077f6       ?output_list_dialog_proc@@YGHPAUHWND__@@IIJ@Z 004087f6 f   ft2.obj
 0001:00007ac1       ?password_level_callback@@YAXPADFPAUHDDEDATA__@@@Z 00408ac1 f   ft2.obj
 0001:00007c0d       ?plot_min_callback@@YAXPADFPAUHDDEDATA__@@@Z 00408c0d f   ft2.obj
 0001:00007e85       ?poke_newshot_message@@YAXIJ@Z 00408e85 f   ft2.obj
 0001:000081f2       ?push_log_message@@YAXPAD@Z 004091f2 f   ft2.obj
 0001:000082a6       ?put_hires_sensor_test_config@@YAXPAUHWND__@@@Z 004092a6 f   ft2.obj
 0001:00008699       ?release_dc@WINDOW_CLASS@@QAEHPAUHDC__@@@Z 00409699 f i ft2.obj
 0001:00008789       ?resource_message_box@@YAXII@Z 00409789 f   ft2.obj
 0001:000087fd       ?resource_string@@YAPADI@Z 004097fd f   ft2.obj
 0001:00009e9b       ?send_lvdt_offset_to_board@@YA_NXZ 0040ae9b f   ft2.obj
 0001:00009fd2       ?send_null_offset_to_board@@YA_NXZ 0040afd2 f   ft2.obj
 0001:0000a093       ?send_output_bits_to_current_machine@@YAXIE@Z 0040b093 f   ft2.obj
 0001:0000a0e5       ?send_set_dac_command@@YAXH@Z 0040b0e5 f   ft2.obj
 0001:0000a96f       ?set_control_y@@YAXHI@Z    0040b96f f   ft2.obj
 0001:0000b076       ?set_dac_dialog_proc@@YGHPAUHWND__@@IIJ@Z 0040c076 f   ft2.obj
 0001:0000b483       ?set_null_dialog_proc@@YGHPAUHWND__@@IIJ@Z 0040c483 f   ft2.obj
 0001:0000bbb5       ?shutdown_status_dialog_proc@@YGHPAUHWND__@@IIJ@Z 0040cbb5 f   ft2.obj
 0001:0000bd78       ?start_if_ok_to_deactivate@@YAXAAVWINDOW_CLASS@@@Z 0040cd78 f   ft2.obj
 0001:0000bd9f       ?status_proc@@YGJPAUHWND__@@IIJ@Z 0040cd9f f   ft2.obj
 0001:0000c17e       ?terminal_proc@@YGJPAUHWND__@@IIJ@Z 0040d17e f   ft2.obj
 0001:0000c27e       ?test_alarm_outputs_dialog_proc@@YGHPAUHWND__@@IIJ@Z 0040d27e f   ft2.obj
 0001:0000c7b1       ?update_optos@@YAXII@Z     0040d7b1 f   ft2.obj
 0001:0000c8c3       ?upload_aborted_dialog_proc@@YGHPAUHWND__@@IIJ@Z 0040d8c3 f   ft2.obj
 0001:0000c972       ?upload_flash_dialog_proc@@YGHPAUHWND__@@IIJ@Z 0040d972 f   ft2.obj
 0001:0000c9ad       ?valve_test_dialog_proc@@YGHPAUHWND__@@IIJ@Z 0040d9ad f   ft2.obj
 0001:0000cbb6       ?warning_error_string@@YAPADH@Z 0040dbb6 f   ft2.obj
 0001:0000ccde       _WinMain@16                0040dcde f   ft2.obj
 0001:0000cece       ??0DSTAT_CLASS@@QAE@XZ     0040dece f i board_monitor.obj
 0001:0000ceef       ??0FTANALOG_CLASS@@QAE@XZ  0040deef f i board_monitor.obj
 0001:0000cf0c       ??0FTANALOG_ENTRY@@QAE@XZ  0040df0c f i board_monitor.obj
 0001:0000cf36       ??0FTCALC_CLASS@@QAE@XZ    0040df36 f i board_monitor.obj
 0001:0000cf5e       ??0FTII_BOARD_ENTRY@@QAE@XZ 0040df5e f   board_monitor.obj
 0001:0000d0bd       ?clear@BOARD_EXTENDED_ANALOG_ARRAY@@QAEXXZ 0040e0bd f   board_monitor.obj
 0001:0000d0bd       ??1BOARD_EXTENDED_ANALOG_ARRAY@@QAE@XZ 0040e0bd f   board_monitor.obj
 0001:0000d0d8       ??1FTANALOG_CLASS@@QAE@XZ  0040e0d8 f i board_monitor.obj
 0001:0000d0fb       ??1FTCALC_CLASS@@QAE@XZ    0040e0fb f i board_monitor.obj
 0001:0000d11d       ??1FTII_BOARD_ENTRY@@QAE@XZ 0040e11d f   board_monitor.obj
 0001:0000d1c7       ??ABOARD_EXTENDED_ANALOG_ARRAY@@QAEAAUBOARD_EXTENDED_ANALOG_ENTRY@@H@Z 0040e1c7 f   board_monitor.obj
 0001:0000d21a       ??_EFTII_BOARD_ENTRY@@QAEPAXI@Z 0040e21a f i board_monitor.obj
 0001:0000d275       ?AutoShotDisplayProc@@YGHPAUHWND__@@IIJ@Z 0040e275 f   board_monitor.obj
 0001:0000d33a       ?add_binary_to_shotdata@FTII_BOARD_ENTRY@@QAEXXZ 0040e33a f   board_monitor.obj
 0001:0000d3f6       ?append_downtime_record@@YAEAAVSTRING_CLASS@@00AAU_SYSTEMTIME@@PAD2@Z 0040e3f6 f   board_monitor.obj
 0001:0000d4d2       ?begin_monitoring@@YA_NXZ  0040e4d2 f   board_monitor.obj
 0001:0000d909       ?check_for_down@@YAXXZ     0040e909 f   board_monitor.obj
 0001:0000db55       ?check_for_extended_channel_value@FTII_BOARD_ENTRY@@QAEXPAD@Z 0040eb55 f   board_monitor.obj
 0001:0000ddb8       ?check_inputs@FTII_BOARD_ENTRY@@QAEXPAD@Z 0040edb8 f   board_monitor.obj
 0001:0000e010       ?check_one_alarm@@YAXAA_NAAIMMFMM@Z 0040f010 f   board_monitor.obj
 0001:0000e0a7       ?cleanup@STDDOWN_CLASS@@QAEXXZ 0040f0a7 f i board_monitor.obj
 0001:0000e0c3       ?clear_all_alarm_bits@FTII_BOARD_ENTRY@@QAEXXZ 0040f0c3 f   board_monitor.obj
 0001:0000e0da       ?clearwire@FTII_BOARD_ENTRY@@QAEXH@Z 0040f0da f   board_monitor.obj
 0001:0000e446       ?convert_io_change_to_ascii@@YAXHPAUSOCKET_MESSAGE@@@Z 0040f446 f   board_monitor.obj
 0001:0000e4a4       ?current_board_index@@YAHXZ 0040f4a4 f   board_monitor.obj
 0001:0000e4b0       ?current_board_number@@YAHXZ 0040f4b0 f   board_monitor.obj
 0001:0000e4cc       ?current_channel_mode@@YAHXZ 0040f4cc f   board_monitor.obj
 0001:0000e4f5       ?current_operator@@YAPADAAVSTRING_CLASS@@0@Z 0040f4f5 f   board_monitor.obj
 0001:0000e581       ?current_upload_file_name@@YAPADXZ 0040f581 f   board_monitor.obj
 0001:0000e5ab       ?current_version@@YAHXZ    0040f5ab f   board_monitor.obj
 0001:0000e5c8       ?current_version_string@@YAPADXZ 0040f5c8 f   board_monitor.obj
 0001:0000e86a       ?display_board_info@@YAXXZ 0040f86a f   board_monitor.obj
 0001:0000ee89       ?get_alarm_bits@FTII_BOARD_ENTRY@@QAEXXZ 0040fe89 f   board_monitor.obj
 0001:0000eeb0       ?get_channel_mode@@YAXHPAD@Z 0040feb0 f   board_monitor.obj
 0001:0000ef4c       ?get_config_word@FTII_BOARD_ENTRY@@QAEXPAD@Z 0040ff4c f   board_monitor.obj
 0001:0000ef75       ?get_parameter_alarm_bits@FTII_BOARD_ENTRY@@QAEIXZ 0040ff75 f   board_monitor.obj
 0001:0000f023       ?init@BOARD_EXTENDED_ANALOG_ARRAY@@QAEEH@Z 00410023 f   board_monitor.obj
 0001:0000f0b8       ?is_suretrak_controlled@@YAEH@Z 004100b8 f   board_monitor.obj
 0001:0000f0de       ?issue_downtime_event@@YAXAAVSTRING_CLASS@@00AAU_SYSTEMTIME@@PAD2@Z 004100de f   board_monitor.obj
 0001:0000f11c       ?load_ftii_boards@@YAHXZ   0041011c f   board_monitor.obj
 0001:0000f414       ?load_the_current_machine_at_this_board@@YAXAAVFTII_BOARD_ENTRY@@@Z 00410414 f   board_monitor.obj
 0001:0000fc37       ?new_data_thread@@YAXPAX@Z 00410c37 f   board_monitor.obj
 0001:00010002       ?position_auto_shot_display@@YAXXZ 00411002 f   board_monitor.obj
 0001:00010095       ?put_version_string@FTII_BOARD_ENTRY@@QAEXXZ 00411095 f   board_monitor.obj
 0001:00010121       ?read_thread@@YAXPAX@Z     00411121 f   board_monitor.obj
 0001:0001028a       ?save_shot@FTII_BOARD_ENTRY@@QAEXXZ 0041128a f   board_monitor.obj
 0001:000105ce       ?send_bits@FTII_BOARD_ENTRY@@QAEXI_N@Z 004115ce f   board_monitor.obj
 0001:0001064b       ?send_command@@YAXAAVSTRING_CLASS@@PAD_N@Z 0041164b f   board_monitor.obj
 0001:00010826       ?send_socket_message@FTII_BOARD_ENTRY@@QAE_NPAD_N@Z 00411826 f   board_monitor.obj
 0001:000108fd       ?send_thread@@YAXPAX@Z     004118fd f   board_monitor.obj
 0001:00010f37       ?set_connect_state@FTII_BOARD_ENTRY@@QAEXI@Z 00411f37 f   board_monitor.obj
 0001:00010fc1       ?set_extended_analog_bits@FTII_BOARD_ENTRY@@QAEXXZ 00411fc1 f   board_monitor.obj
 0001:0001110b       ?setwire@FTII_BOARD_ENTRY@@QAEXH@Z 0041210b f   board_monitor.obj
 0001:0001112d       ?start_of_binary_data@@YAXHPAUBINARY_HEADER@@@Z 0041212d f   board_monitor.obj
 0001:00011402       ?stop_monitoring@@YAXXZ    00412402 f   board_monitor.obj
 0001:00011571       ?update_downtime@@YAXVDOWN_DATA_CLASS@@@Z 00412571 f   board_monitor.obj
 0001:0001194d       ?upload_control_file@FTII_BOARD_ENTRY@@QAE_NXZ 0041294d f   board_monitor.obj
 0001:00012330       ?wirebit@@YAIH@Z           00413330 f   board_monitor.obj
 0001:000125ee       ??0PROFILE_NAME_ENTRY@@QAE@XZ 004135ee f i shotsave.obj
 0001:00012612       ??0SHOT_BUFFER_ENTRY@@QAE@XZ 00413612 f i shotsave.obj
 0001:00012641       ??1PROFILE_NAME_ENTRY@@QAE@XZ 00413641 f i shotsave.obj
 0001:00012664       ??1SHOT_BUFFER_ENTRY@@QAE@XZ 00413664 f i shotsave.obj
 0001:00012683       ?add_to_shotsave@@YA_N_N0AAUPART_NAME_ENTRY@@AAVFTII_FILE_DATA@@AAVDOUBLE_ARRAY_CLASS@@@Z 00413683 f   shotsave.obj
 0001:00012786       ?create@DB_TABLE@@QAEEAAVSTRING_CLASS@@@Z 00413786 f i shotsave.obj
 0001:000127a0       ?delete_file@NAME_CLASS@@QAEEXZ 004137a0 f i shotsave.obj
 0001:0001292c       ?get_ini_char@@YAPADPAD0@Z 0041392c f   shotsave.obj
 0001:00012975       ?init_serial_port@@YAXXZ   00413975 f   shotsave.obj
 0001:00013546       ?nextshot@@YAEPAUSHOT_BUFFER_ENTRY@@@Z 00414546 f   shotsave.obj
 0001:000135bf       ?save_all_shots@@YAXXZ     004145bf f   shotsave.obj
 0001:000135fa       ?save_shot@@YAXPAUSHOT_BUFFER_ENTRY@@@Z 004145fa f   shotsave.obj
 0001:00013a84       ?shotsave_thread@@YAXPAX@Z 00414a84 f   shotsave.obj
 0001:00013b38       ?start_shotsave_thread@@YAXXZ 00414b38 f   shotsave.obj
 0001:00014998       ?write_ftii_parameters@@YAEPAUSHOT_BUFFER_ENTRY@@AAU_SYSTEMTIME@@G@Z 00415998 f   shotsave.obj
 0001:00015277       ?max_parameters_saved@@YAJAAVSTRING_CLASS@@@Z 00416277 f   skip.obj
 0001:0001528c       ?max_profiles_saved@@YAJAAVSTRING_CLASS@@@Z 0041628c f   skip.obj
 0001:0001531e       ?skip_new_shot_notify@@YAGAAVSTRING_CLASS@@U_FILETIME@@@Z 0041631e f   skip.obj
 0001:0001536b       ?skip_reset_machine@@YAEAAVSTRING_CLASS@@@Z 0041636b f   skip.obj
 0001:00015384       ?skip_shutdown@@YAXXZ      00416384 f   skip.obj
 0001:000153b8       ?skip_startup@@YAEXZ       004163b8 f   skip.obj
 0001:000153bb       ??0UPLOAD_COPY_CLASS@@QAE@XZ 004163bb f   upload_copy_class.obj
 0001:000153e1       ??1UPLOAD_COPY_CLASS@@QAE@XZ 004163e1 f   upload_copy_class.obj
 0001:000153fe       ?init@UPLOAD_COPY_CLASS@@QAEXXZ 004163fe f   upload_copy_class.obj
 0001:00015421       ?isnew@UPLOAD_COPY_CLASS@@QAE_NAAVSTRING_CLASS@@@Z 00416421 f   upload_copy_class.obj
 0001:000154eb       ?load@UPLOAD_COPY_CLASS@@QAEIVSTRING_CLASS@@00@Z 004164eb f   upload_copy_class.obj
 0001:0001560e       ?save@UPLOAD_COPY_CLASS@@QAEIVSTRING_CLASS@@00@Z 0041660e f   upload_copy_class.obj
 0001:00015748       _DdeGetData@16             00416748 f   user32:USER32.dll
 0001:0001574e       _bind@12                   0041674e f   wsock32:WSOCK32.dll
 0001:00015754       _closesocket@4             00416754 f   wsock32:WSOCK32.dll
 0001:0001575a       _htonl@4                   0041675a f   wsock32:WSOCK32.dll
 0001:00015760       _htons@4                   00416760 f   wsock32:WSOCK32.dll
 0001:00015766       _inet_addr@4               00416766 f   wsock32:WSOCK32.dll
 0001:0001576c       _recvfrom@24               0041676c f   wsock32:WSOCK32.dll
 0001:00015772       _sendto@24                 00416772 f   wsock32:WSOCK32.dll
 0001:00015778       _socket@12                 00416778 f   wsock32:WSOCK32.dll
 0001:0001577e       _gethostbyname@4           0041677e f   wsock32:WSOCK32.dll
 0001:00015784       _gethostname@8             00416784 f   wsock32:WSOCK32.dll
 0001:0001578a       _WSAStartup@8              0041678a f   wsock32:WSOCK32.dll
 0001:00015790       _WSACleanup@0              00416790 f   wsock32:WSOCK32.dll
 0001:00015796       _WSAGetLastError@0         00416796 f   wsock32:WSOCK32.dll
 0001:0001579c       ?directory_exists@@YAEPAD@Z 0041679c f   v5subs:exists.obj
 0001:000157bf       ?disk_is_in_drive@@YAEPAD@Z 004167bf f   v5subs:exists.obj
 0001:000157f7       ?file_exists@@YAEPAD@Z     004167f7 f   v5subs:exists.obj
 0001:00015809       ?file_size@@YAJPAD@Z       00416809 f   v5subs:exists.obj
 0001:000158d1       ?get_drive_name@@YAEPAD@Z  004168d1 f   v5subs:exists.obj
 0001:00015901       ?is_removable@@YAEPAD@Z    00416901 f   v5subs:exists.obj
 0001:0001592b       ?ascii_double@@YAPADN@Z    0041692b f   v5subs:ascfloat.obj
 0001:0001594b       ?ascii_float@@YAPADM@Z     0041694b f   v5subs:ascfloat.obj
 0001:00015963       ?asctoint32@@YAJPBD@Z      00416963 f   v5subs:extract.obj
 0001:00015980       ?asctoul@@YAKPBD@Z         00416980 f   v5subs:extract.obj
 0001:0001599d       ?extdouble@@YANPBD@Z       0041699d f   v5subs:extract.obj
 0001:000159b4       ?extdouble@@YANPBDF@Z      004169b4 f   v5subs:extract.obj
 0001:00015a1c       ?extfloat@@YAMPBD@Z        00416a1c f   v5subs:extract.obj
 0001:00015a41       ?extlong@@YAJPBDFH@Z       00416a41 f   v5subs:extract.obj
 0001:00015aa7       ?extlong@@YAJPBDF@Z        00416aa7 f   v5subs:extract.obj
 0001:00015aa7       ?extshort@@YAFPBDF@Z       00416aa7 f   v5subs:extract.obj
 0001:00015aba       ?extul@@YAKPBDFH@Z         00416aba f   v5subs:extract.obj
 0001:00015b20       ?is_real_char@@YAED@Z      00416b20 f   v5subs:extract.obj
 0001:00015bc3       ?int32toasc@@YAPADJ@Z      00416bc3 f   v5subs:itoasc.obj
 0001:00015bdc       ?int32toasc@@YAXPADJJ@Z    00416bdc f   v5subs:itoasc.obj
 0001:00015c1d       ?ultoascii@@YAPADK@Z       00416c1d f   v5subs:itoasc.obj
 0001:00015c2b       ?ultoascii@@YAPADKK@Z      00416c2b f   v5subs:itoasc.obj
 0001:00015c46       ?ultoascii@@YAXPADKK@Z     00416c46 f   v5subs:itoasc.obj
 0001:00015c75       ??0STRING_CLASS@@QAE@ABV0@@Z 00416c75 f   v5subs:stringcl.obj
 0001:00015c91       ??0STRING_CLASS@@QAE@XZ    00416c91 f   v5subs:stringcl.obj
 0001:00015c9b       ??1STRING_CLASS@@QAE@XZ    00416c9b f   v5subs:stringcl.obj
 0001:00015ca0       ??4STRING_CLASS@@QAEXABV0@@Z 00416ca0 f   v5subs:stringcl.obj
 0001:00015caf       ??4STRING_CLASS@@QAEXD@Z   00416caf f   v5subs:stringcl.obj
 0001:00015cc2       ??4STRING_CLASS@@QAEXE@Z   00416cc2 f   v5subs:stringcl.obj
 0001:00015cdd       ??4STRING_CLASS@@QAEXH@Z   00416cdd f   v5subs:stringcl.obj
 0001:00015d05       ??4STRING_CLASS@@QAEXI@Z   00416d05 f   v5subs:stringcl.obj
 0001:00015d2d       ??4STRING_CLASS@@QAEXN@Z   00416d2d f   v5subs:stringcl.obj
 0001:00015d5c       ??4STRING_CLASS@@QAEXPBD@Z 00416d5c f   v5subs:stringcl.obj
 0001:00015da7       ??8STRING_CLASS@@QAEEABV0@@Z 00416da7 f   v5subs:stringcl.obj
 0001:00015dcf       ??8STRING_CLASS@@QAEEPBD@Z 00416dcf f   v5subs:stringcl.obj
 0001:00015df6       ??MSTRING_CLASS@@QAEEABV0@@Z 00416df6 f   v5subs:stringcl.obj
 0001:00015e1d       ??YSTRING_CLASS@@QAEXABV0@@Z 00416e1d f   v5subs:stringcl.obj
 0001:00015e2c       ??YSTRING_CLASS@@QAEXD@Z   00416e2c f   v5subs:stringcl.obj
 0001:00015e5f       ??YSTRING_CLASS@@QAEXH@Z   00416e5f f   v5subs:stringcl.obj
 0001:00015e96       ??YSTRING_CLASS@@QAEXI@Z   00416e96 f   v5subs:stringcl.obj
 0001:00015ecd       ??YSTRING_CLASS@@QAEXPBD@Z 00416ecd f   v5subs:stringcl.obj
 0001:00015f0e       ?acquire@STRING_CLASS@@QAEEPAD@Z 00416f0e f   v5subs:stringcl.obj
 0001:00015f3d       ?boolean_value@STRING_CLASS@@QAEEXZ 00416f3d f   v5subs:stringcl.obj
 0001:00015f5c       ?cat_path@STRING_CLASS@@QAEXPBD@Z 00416f5c f   v5subs:stringcl.obj
 0001:00015fc8       ?cat_w_char@STRING_CLASS@@QAEXPBDD@Z 00416fc8 f   v5subs:stringcl.obj
 0001:0001601d       ?contains@STRING_CLASS@@QAE_ND@Z 0041701d f   v5subs:stringcl.obj
 0001:0001602e       ?contains@STRING_CLASS@@QAE_NPBD@Z 0041702e f   v5subs:stringcl.obj
 0001:0001603f       ?empty@STRING_CLASS@@QAEXXZ 0041703f f   v5subs:stringcl.obj
 0001:0001605a       ?find@STRING_CLASS@@QAEPADD@Z 0041705a f   v5subs:stringcl.obj
 0001:00016083       ?find@STRING_CLASS@@QAEPADPBD@Z 00417083 f   v5subs:stringcl.obj
 0001:000160a1       ?get_ascii@STRING_CLASS@@QAEEPAD@Z 004170a1 f   v5subs:stringcl.obj
 0001:000160ea       ?get_substring@STRING_CLASS@@QAEEABV1@DD@Z 004170ea f   v5subs:stringcl.obj
 0001:00016162       ?get_text@STRING_CLASS@@QAE_NPAUHWND__@@@Z 00417162 f   v5subs:stringcl.obj
 0001:000161b6       ?init@STRING_CLASS@@QAEEJ@Z 004171b6 f   v5subs:stringcl.obj
 0001:000161fa       ?isempty@STRING_CLASS@@QAEEXZ 004171fa f   v5subs:stringcl.obj
 0001:00016216       ?len@STRING_CLASS@@QAEJXZ  00417216 f   v5subs:stringcl.obj
 0001:00016229       ?next_field@STRING_CLASS@@QAE_ND@Z 00417229 f   v5subs:stringcl.obj
 0001:00016300       ?next_field@STRING_CLASS@@QAE_NXZ 00417300 f   v5subs:stringcl.obj
 0001:0001630e       ?null@STRING_CLASS@@QAEXXZ 0041730e f   v5subs:stringcl.obj
 0001:0001631d       ?real_value@STRING_CLASS@@QAENXZ 0041731d f   v5subs:stringcl.obj
 0001:00016374       ?release@STRING_CLASS@@QAEPADXZ 00417374 f   v5subs:stringcl.obj
 0001:0001637f       ?replace@STRING_CLASS@@QAEEPBD0@Z 0041737f f   v5subs:stringcl.obj
 0001:00016434       ?set_text@STRING_CLASS@@QAE_NPAUHWND__@@@Z 00417434 f   v5subs:stringcl.obj
 0001:00016459       ?strip_crlf@STRING_CLASS@@QAEXXZ 00417459 f   v5subs:stringcl.obj
 0001:0001649c       ?uppercase@STRING_CLASS@@QAEXXZ 0041749c f   v5subs:stringcl.obj
 0001:000164ac       ?upsize@STRING_CLASS@@QAEEJ@Z 004174ac f   v5subs:stringcl.obj
 0001:00016500       ?convert_to_data_dir@NAME_CLASS@@QAEEXZ 00417500 f   v5subs:nameclas.obj
 0001:00016545       ?directory_exists@NAME_CLASS@@QAEEXZ 00417545 f i v5subs:nameclas.obj
 0001:0001655a       ?ensure_file_directory_existance@NAME_CLASS@@QAEEXZ 0041755a f   v5subs:nameclas.obj
 0001:000165c3       ?get_data_dir_file_name@NAME_CLASS@@QAEEAAVSTRING_CLASS@@PBD@Z 004175c3 f   v5subs:nameclas.obj
 0001:00016606       ?get_data_dir_file_name@NAME_CLASS@@QAEEPBD@Z 00417606 f   v5subs:nameclas.obj
 0001:00016623       ?get_exe_dir_file_name@NAME_CLASS@@QAEEAAVSTRING_CLASS@@PBD@Z 00417623 f   v5subs:nameclas.obj
 0001:00016666       ?get_exe_dir_file_name@NAME_CLASS@@QAEEPBD@Z 00417666 f   v5subs:nameclas.obj
 0001:0001669f       ?get_machine_dir_file_name@NAME_CLASS@@QAEEAAVSTRING_CLASS@@0PBD@Z 0041769f f   v5subs:nameclas.obj
 0001:000166e8       ?get_machine_results_dir_file_name@NAME_CLASS@@QAEEAAVSTRING_CLASS@@0PBD@Z 004176e8 f   v5subs:nameclas.obj
 0001:00016726       ?get_part_dir_file_name@NAME_CLASS@@QAEEAAVSTRING_CLASS@@00PBD@Z 00417726 f   v5subs:nameclas.obj
 0001:00016772       ?get_part_results_dir_file_name@NAME_CLASS@@QAEEAAVSTRING_CLASS@@00PBD@Z 00417772 f   v5subs:nameclas.obj
 0001:000167b3       ?get_profile_name@NAME_CLASS@@QAEEAAVSTRING_CLASS@@00JPBD@Z 004177b3 f   v5subs:nameclas.obj
 0001:00016821       ?get_profile_name@NAME_CLASS@@QAEEAAVSTRING_CLASS@@00PBD1@Z 00417821 f   v5subs:nameclas.obj
 0001:000168b3       ?get_stringtable_name@NAME_CLASS@@QAEEPBD@Z 004178b3 f   v5subs:nameclas.obj
 0001:00016904       ?remove_ending_filename@NAME_CLASS@@QAEEXZ 00417904 f   v5subs:nameclas.obj
 0001:0001692a       ??0ANALOG_SENSOR@@QAE@XZ   0041792a f   v5subs:asensor.obj
 0001:00016930       ??0ANALOG_SENSOR_ENTRY@@QAE@XZ 00417930 f   v5subs:asensor.obj
 0001:00016980       ??1ANALOG_SENSOR_ENTRY@@QAE@XZ 00417980 f   v5subs:asensor.obj
 0001:000169ac       ??AANALOG_SENSOR@@QAEAAUANALOG_SENSOR_ENTRY@@H@Z 004179ac f   v5subs:asensor.obj
 0001:000169cf       ??_EANALOG_SENSOR_ENTRY@@QAEPAXI@Z 004179cf f i v5subs:asensor.obj
 0001:00016a24       ?converted_value@ANALOG_SENSOR_ENTRY@@QAENI@Z 00417a24 f   v5subs:asensor.obj
 0001:00016a58       ?get@ANALOG_SENSOR@@SAEXZ  00417a58 f   v5subs:asensor.obj
 0001:00016c56       ?get@ANALOG_SENSOR_ENTRY@@QAEEPAD@Z 00417c56 f   v5subs:asensor.obj
 0001:00016db3       ?raw_count@ANALOG_SENSOR_ENTRY@@QAENN@Z 00417db3 f   v5subs:asensor.obj
 0001:00016df6       ?shutdown@ANALOG_SENSOR@@SAXXZ 00417df6 f   v5subs:asensor.obj
 0001:00016dfb       ?update@ANALOG_SENSOR_ENTRY@@QAEEXZ 00417dfb f   v5subs:asensor.obj
 0001:00016ee9       ??0AUTO_BACKUP_CLASS@@QAE@XZ 00417ee9 f   v5subs:autoback.obj
 0001:00016efb       ??1AUTO_BACKUP_CLASS@@QAE@XZ 00417efb f   v5subs:autoback.obj
 0001:00016f01       ?backup_machine@AUTO_BACKUP_CLASS@@QAEEAAVSTRING_CLASS@@@Z 00417f01 f   v5subs:autoback.obj
 0001:00017052       ?get_backup_dir@AUTO_BACKUP_CLASS@@QAEEXZ 00418052 f   v5subs:autoback.obj
 0001:000170f0       ??0DB_TABLE@@QAE@XZ        004180f0 f   v5subs:dbsubs.obj
 0001:0001710b       ??1DB_TABLE@@QAE@XZ        0041810b f   v5subs:dbsubs.obj
 0001:0001714f       ?close@DB_TABLE@@QAEXXZ    0041814f f   v5subs:dbsubs.obj
 0001:0001716c       ?compare_date@@YAFPAD0@Z   0041816c f   v5subs:dbsubs.obj
 0001:000171a2       ?compare_int32@@YAFPAD0J@Z 004181a2 f   v5subs:dbsubs.obj
 0001:000171d6       ?compare_one_record@DB_TABLE@@AAEEPAFJJ@Z 004181d6 f   v5subs:dbsubs.obj
 0001:000172a3       ?create@DB_TABLE@@QAEEPAD@Z 004182a3 f   v5subs:dbsubs.obj
 0001:00017303       ?ensure_existance@DB_TABLE@@QAEEAAVSTRING_CLASS@@@Z 00418303 f   v5subs:dbsubs.obj
 0001:0001734f       ?fill_searchbuf@DB_TABLE@@AAEEF@Z 0041834f f   v5subs:dbsubs.obj
 0001:0001739d       ?get_alpha@DB_TABLE@@QAEEPADGF@Z 0041839d f   v5subs:dbsubs.obj
 0001:000173b3       ?get_alpha@DB_TABLE@@QAEEPADGFG@Z 004183b3 f   v5subs:dbsubs.obj
 0001:0001740c       ?get_char@DB_TABLE@@QAEDG@Z 0041840c f   v5subs:dbsubs.obj
 0001:00017426       ?get_current_record@DB_TABLE@@QAEEE@Z 00418426 f   v5subs:dbsubs.obj
 0001:0001746c       ?get_date@DB_TABLE@@QAEEAAU_SYSTEMTIME@@G@Z 0041846c f   v5subs:dbsubs.obj
 0001:00017485       ?get_double@DB_TABLE@@QAENG@Z 00418485 f   v5subs:dbsubs.obj
 0001:000174c1       ?get_long@DB_TABLE@@QAEJG@Z 004184c1 f   v5subs:dbsubs.obj
 0001:000174ea       ?get_next_key_match@DB_TABLE@@QAEEFE@Z 004184ea f   v5subs:dbsubs.obj
 0001:00017557       ?get_next_record@DB_TABLE@@QAEEE@Z 00418557 f   v5subs:dbsubs.obj
 0001:000175a5       ?get_rec@DB_TABLE@@QAEEXZ  004185a5 f   v5subs:dbsubs.obj
 0001:000175ef       ?get_time@DB_TABLE@@QAEEAAU_SYSTEMTIME@@G@Z 004185ef f   v5subs:dbsubs.obj
 0001:00017608       ?goto_first_equal_or_greater_record@DB_TABLE@@QAEEF@Z 00418608 f   v5subs:dbsubs.obj
 0001:000176e1       ?goto_first_key_record@DB_TABLE@@AAEEF@Z 004186e1 f   v5subs:dbsubs.obj
 0001:000176fc       ?goto_key_record@DB_TABLE@@AAEEFJJ@Z 004186fc f   v5subs:dbsubs.obj
 0001:00017828       ?goto_record_number@DB_TABLE@@QAEEJ@Z 00418828 f   v5subs:dbsubs.obj
 0001:000178bb       ?initbuf@DB_TABLE@@AAEEPAPADPAFF@Z 004188bb f   v5subs:dbsubs.obj
 0001:00017943       ?lock_record@DB_TABLE@@QAEEXZ 00418943 f   v5subs:dbsubs.obj
 0001:000179bd       ?nof_recs@DB_TABLE@@QAEKXZ 004189bd f   v5subs:dbsubs.obj
 0001:000179e5       ?open@DB_TABLE@@QAEEPADFF@Z 004189e5 f   v5subs:dbsubs.obj
 0001:000179fb       ?open@DB_TABLE@@QAEEPADFFF@Z 004189fb f   v5subs:dbsubs.obj
 0001:00017b76       ?open_status@DB_TABLE@@QAEEXZ 00418b76 f   v5subs:dbsubs.obj
 0001:00017b7e       ?point_to_start_of_field@DB_TABLE@@AAEPADG@Z 00418b7e f   v5subs:dbsubs.obj
 0001:00017b95       ?post_error@@YAXPAD0@Z     00418b95 f   v5subs:dbsubs.obj
 0001:00017ba8       ?post_error@@YAXPAD@Z      00418ba8 f   v5subs:dbsubs.obj
 0001:00017bbc       ?put_alpha@DB_TABLE@@QAEEGPBDF@Z 00418bbc f   v5subs:dbsubs.obj
 0001:00017c03       ?put_date@DB_TABLE@@QAEEGABU_SYSTEMTIME@@@Z 00418c03 f   v5subs:dbsubs.obj
 0001:00017c34       ?put_double@DB_TABLE@@QAEEGNF@Z 00418c34 f   v5subs:dbsubs.obj
 0001:00017c7c       ?put_long@DB_TABLE@@QAEEGJF@Z 00418c7c f   v5subs:dbsubs.obj
 0001:00017cbd       ?put_time@DB_TABLE@@QAEEGAAU_SYSTEMTIME@@@Z 00418cbd f   v5subs:dbsubs.obj
 0001:00017cee       ?rec_append@DB_TABLE@@QAEEXZ 00418cee f   v5subs:dbsubs.obj
 0001:00017d14       ?rec_delete@DB_TABLE@@QAEEJ@Z 00418d14 f   v5subs:dbsubs.obj
 0001:00017e5b       ?rec_insert@DB_TABLE@@QAEEXZ 00418e5b f   v5subs:dbsubs.obj
 0001:00017f11       ?rec_update@DB_TABLE@@QAEEXZ 00418f11 f   v5subs:dbsubs.obj
 0001:00017f32       ?restore_from_searchbuf@DB_TABLE@@AAEXXZ 00418f32 f   v5subs:dbsubs.obj
 0001:00017f79       ?unlock_record@DB_TABLE@@QAEEXZ 00418f79 f   v5subs:dbsubs.obj
 0001:00017fbc       ?write_record@DB_TABLE@@AAEEXZ 00418fbc f   v5subs:dbsubs.obj
 0001:00018012       ??0DOWN_DATA_CLASS@@QAE@XZ 00419012 f   v5subs:evclass.obj
 0001:0001806e       ?set@DOWN_DATA_CLASS@@QAEEPAUHDDEDATA__@@@Z 0041906e f   v5subs:evclass.obj
 0001:00018226       ??0FILE_CLASS@@QAE@XZ      00419226 f   v5subs:fileclas.obj
 0001:0001824a       ??1FILE_CLASS@@QAE@XZ      0041924a f   v5subs:fileclas.obj
 0001:0001824a       ?close@FILE_CLASS@@QAEXXZ  0041924a f   v5subs:fileclas.obj
 0001:0001824f       ?cleanup@FILE_CLASS@@QAEXXZ 0041924f f   v5subs:fileclas.obj
 0001:0001827d       ?cleanup_memory@FILE_CLASS@@QAEXXZ 0041927d f   v5subs:fileclas.obj
 0001:000182a9       ?get_creation_time@FILE_CLASS@@QAEEPAU_FILETIME@@@Z 004192a9 f   v5subs:fileclas.obj
 0001:000182cd       ?make_path@FILE_CLASS@@QAEEPAD@Z 004192cd f   v5subs:fileclas.obj
 0001:00018318       ?nof_lines@FILE_CLASS@@QAEHXZ 00419318 f   v5subs:fileclas.obj
 0001:000183e2       ?open@FILE_CLASS@@QAEEPADK@Z 004193e2 f   v5subs:fileclas.obj
 0001:00018465       ?open_for_append@FILE_CLASS@@QAEEAAVSTRING_CLASS@@@Z 00419465 f   v5subs:fileclas.obj
 0001:0001847f       ?open_for_append@FILE_CLASS@@QAEEPAD@Z 0041947f f   v5subs:fileclas.obj
 0001:000184b5       ?open_for_read@FILE_CLASS@@QAEEAAVSTRING_CLASS@@@Z 004194b5 f   v5subs:fileclas.obj
 0001:000184cf       ?open_for_read@FILE_CLASS@@QAEEPAD@Z 004194cf f   v5subs:fileclas.obj
 0001:000184e9       ?open_for_write@FILE_CLASS@@QAEEAAVSTRING_CLASS@@@Z 004194e9 f   v5subs:fileclas.obj
 0001:00018503       ?open_for_write@FILE_CLASS@@QAEEPAD@Z 00419503 f   v5subs:fileclas.obj
 0001:0001851c       ?readbinary@FILE_CLASS@@QAEKPAXK@Z 0041951c f   v5subs:fileclas.obj
 0001:00018582       ?readline@FILE_CLASS@@QAEPADXZ 00419582 f   v5subs:fileclas.obj
 0001:0001865d       ?setpos@FILE_CLASS@@QAEEJ@Z 0041965d f   v5subs:fileclas.obj
 0001:000186a0       ?writebinary@FILE_CLASS@@QAEEPAXK@Z 004196a0 f   v5subs:fileclas.obj
 0001:00018708       ?writeline@FILE_CLASS@@QAEEAAVSTRING_CLASS@@@Z 00419708 f   v5subs:fileclas.obj
 0001:00018722       ?writeline@FILE_CLASS@@QAEEPAD@Z 00419722 f   v5subs:fileclas.obj
 0001:000187b5       ??0FIFO_CLASS@@QAE@XZ      004197b5 f   v5subs:fifo.obj
 0001:000187ce       ??1FIFO_CLASS@@QAE@XZ      004197ce f   v5subs:fifo.obj
 0001:000187d6       ?peek@FIFO_CLASS@@QAEPAXXZ 004197d6 f   v5subs:fifo.obj
 0001:000187e4       ?pop@FIFO_CLASS@@QAEPAXXZ  004197e4 f   v5subs:fifo.obj
 0001:0001882c       ?push@FIFO_CLASS@@QAEEPAX@Z 0041982c f   v5subs:fifo.obj
 0001:0001888c       ??0FONT_CLASS@@QAE@XZ      0041988c f   v5subs:fontclas.obj
 0001:000188a8       ??0FONT_LIST_ENTRY@@QAE@XZ 004198a8 f   v5subs:fontclas.obj
 0001:000188c2       ??1FONT_LIST_CLASS@@QAE@XZ 004198c2 f   v5subs:fontclas.obj
 0001:000188eb       ??1FONT_LIST_ENTRY@@QAE@XZ 004198eb f   v5subs:fontclas.obj
 0001:00018903       ??4FONT_CLASS@@QAEXABUtagLOGFONTA@@@Z 00419903 f   v5subs:fontclas.obj
 0001:00018966       ??4FONT_CLASS@@QAEXABV0@@Z 00419966 f   v5subs:fontclas.obj
 0001:000189a2       ??8FONT_CLASS@@QAE_NABUtagLOGFONTA@@@Z 004199a2 f   v5subs:fontclas.obj
 0001:00018a27       ??8FONT_CLASS@@QAE_NABV0@@Z 00419a27 f   v5subs:fontclas.obj
 0001:00018a63       ?free_handle@FONT_LIST_CLASS@@QAEXPAUHFONT__@@@Z 00419a63 f   v5subs:fontclas.obj
 0001:00018aa6       ?get@FONT_CLASS@@QAE_NPAD@Z 00419aa6 f   v5subs:fontclas.obj
 0001:00018c3e       ?get_handle@FONT_LIST_CLASS@@QAEPAUHFONT__@@ABVFONT_CLASS@@@Z 00419c3e f   v5subs:fontclas.obj
 0001:00018d4f       ??0COMPUTER_CLASS@@QAE@XZ  00419d4f f   v5subs:computer.obj
 0001:00018d5a       ?add@COMPUTER_CLASS@@QAEEPAD@Z 00419d5a f   v5subs:computer.obj
 0001:00018e11       ?empty@COMPUTER_CLASS@@QAEXXZ 00419e11 f   v5subs:computer.obj
 0001:00018e45       ?find@COMPUTER_CLASS@@QAEEPAD@Z 00419e45 f   v5subs:computer.obj
 0001:00018e75       ?is_present@COMPUTER_CLASS@@QAEEXZ 00419e75 f   v5subs:computer.obj
 0001:00018e96       ?is_this_computer@COMPUTER_CLASS@@QAEEXZ 00419e96 f   v5subs:computer.obj
 0001:00018eb3       ?load@COMPUTER_CLASS@@QAEEXZ 00419eb3 f   v5subs:computer.obj
 0001:00018fe1       ?name@COMPUTER_CLASS@@QAEAAVSTRING_CLASS@@XZ 00419fe1 f   v5subs:computer.obj
 0001:00018ff1       ?next@COMPUTER_CLASS@@QAEEXZ 00419ff1 f   v5subs:computer.obj
 0001:00019013       ?rewind@COMPUTER_CLASS@@QAEXXZ 0041a013 f   v5subs:computer.obj
 0001:0001901a       ?startup@COMPUTER_CLASS@@QAEEXZ 0041a01a f   v5subs:computer.obj
 0001:0001902f       ?whoami@COMPUTER_CLASS@@QAEAAVSTRING_CLASS@@XZ 0041a02f f   v5subs:computer.obj
 0001:00019035       ??1INI_CLASS@@QAE@XZ       0041a035 f   v5subs:iniclass.obj
 0001:0001903a       ?cleanup@INI_CLASS@@QAEXXZ 0041a03a f   v5subs:iniclass.obj
 0001:00019075       ?find@INI_CLASS@@QAEEPBD0@Z 0041a075 f   v5subs:iniclass.obj
 0001:000190d8       ?find@INI_CLASS@@QAEEPBD@Z 0041a0d8 f   v5subs:iniclass.obj
 0001:000190f1       ?get_boolean@INI_CLASS@@QAEEPBD0@Z 0041a0f1 f   v5subs:iniclass.obj
 0001:00019114       ?get_boolean@INI_CLASS@@QAEEPBD@Z 0041a114 f   v5subs:iniclass.obj
 0001:0001912d       ?get_boolean@INI_CLASS@@QAEEXZ 0041a12d f   v5subs:iniclass.obj
 0001:0001914c       ?get_int@INI_CLASS@@QAEHPBD0@Z 0041a14c f   v5subs:iniclass.obj
 0001:0001916f       ?get_int@INI_CLASS@@QAEHPBD@Z 0041a16f f   v5subs:iniclass.obj
 0001:00019188       ?get_int@INI_CLASS@@QAEHXZ 0041a188 f   v5subs:iniclass.obj
 0001:00019199       ?get_string@INI_CLASS@@QAEPADPBD@Z 0041a199 f   v5subs:iniclass.obj
 0001:000191c6       ?get_string@INI_CLASS@@QAEPADXZ 0041a1c6 f   v5subs:iniclass.obj
 0001:000191d4       ?get_ul@INI_CLASS@@QAEKPBD@Z 0041a1d4 f   v5subs:iniclass.obj
 0001:000191eb       ?get_ul@INI_CLASS@@QAEKXZ  0041a1eb f   v5subs:iniclass.obj
 0001:000191fc       ?put_boolean@INI_CLASS@@QAEEPBD0E@Z 0041a1fc f   v5subs:iniclass.obj
 0001:0001922d       ?put_int@INI_CLASS@@QAEEPBDH@Z 0041a22d f   v5subs:iniclass.obj
 0001:00019273       ?put_string@INI_CLASS@@QAEEPBD00@Z 0041a273 f   v5subs:iniclass.obj
 0001:000192b4       ?put_string@INI_CLASS@@QAEEPBD0@Z 0041a2b4 f   v5subs:iniclass.obj
 0001:000192d1       ?set_file@INI_CLASS@@QAEEPBD@Z 0041a2d1 f   v5subs:iniclass.obj
 0001:00019313       ?set_section@INI_CLASS@@QAEEPBD@Z 0041a313 f   v5subs:iniclass.obj
 0001:00019347       ??0LIMIT_SWITCH_WIRE_CLASS@@QAE@XZ 0041a347 f   v5subs:limit_switch_class.obj
 0001:00019364       ??1LIMIT_SWITCH_WIRE_CLASS@@QAE@XZ 0041a364 f   v5subs:limit_switch_class.obj
 0001:0001937c       ?get@LIMIT_SWITCH_WIRE_CLASS@@QAEEAAVSTRING_CLASS@@00@Z 0041a37c f   v5subs:limit_switch_class.obj
 0001:000194cf       ?mask@LIMIT_SWITCH_WIRE_CLASS@@QAEIH@Z 0041a4cf f   v5subs:limit_switch_class.obj
 0001:00019504       ?wire_number@LIMIT_SWITCH_WIRE_CLASS@@QAEHH@Z 0041a504 f   v5subs:limit_switch_class.obj
 0001:0001951e       ??1LISTBOX_CLASS@@QAE@XZ   0041a51e f   v5subs:listbox.obj
 0001:0001952e       ?add@LISTBOX_CLASS@@QAEHPAD@Z 0041a52e f   v5subs:listbox.obj
 0001:0001956f       ?check_buf_size@LISTBOX_CLASS@@AAEEH@Z 0041a56f f   v5subs:listbox.obj
 0001:000195ae       ?check_buf_size@LISTBOX_CLASS@@AAEEPAD@Z 0041a5ae f   v5subs:listbox.obj
 0001:000195c7       ?check_item_size@LISTBOX_CLASS@@AAEEH@Z 0041a5c7 f   v5subs:listbox.obj
 0001:000195fe       ?count@LISTBOX_CLASS@@QAEHXZ 0041a5fe f   v5subs:listbox.obj
 0001:00019628       ?empty@LISTBOX_CLASS@@QAEXXZ 0041a628 f   v5subs:listbox.obj
 0001:0001963f       ?init@LISTBOX_CLASS@@QAEEPAUHWND__@@@Z 0041a63f f   v5subs:listbox.obj
 0001:000196a0       ?init@LISTBOX_CLASS@@QAEEPAUHWND__@@H@Z 0041a6a0 f   v5subs:listbox.obj
 0001:000196bd       ?item_text@LISTBOX_CLASS@@QAEPADH@Z 0041a6bd f   v5subs:listbox.obj
 0001:00019705       ?redraw_off@LISTBOX_CLASS@@QAEXXZ 0041a705 f   v5subs:listbox.obj
 0001:00019714       ?redraw_on@LISTBOX_CLASS@@QAEXXZ 0041a714 f   v5subs:listbox.obj
 0001:00019733       ?selected_index@LISTBOX_CLASS@@QAEHXZ 0041a733 f   v5subs:listbox.obj
 0001:0001975e       ?selected_text@LISTBOX_CLASS@@QAEPADXZ 0041a75e f   v5subs:listbox.obj
 0001:0001977c       ?set_current_index@LISTBOX_CLASS@@QAEEH@Z 0041a77c f   v5subs:listbox.obj
 0001:000197a3       ?set_top_index@LISTBOX_CLASS@@QAEEH@Z 0041a7a3 f   v5subs:listbox.obj
 0001:000197ca       ?top_index@LISTBOX_CLASS@@QAEHXZ 0041a7ca f   v5subs:listbox.obj
 0001:000197e9       ?visible_row_count@LISTBOX_CLASS@@QAEHXZ 0041a7e9 f   v5subs:listbox.obj
 0001:00019850       ??0MACHINE_CLASS@@QAE@XZ   0041a850 f   v5subs:machine.obj
 0001:000198a9       ?find@MACHINE_CLASS@@QAEEAAVSTRING_CLASS@@0@Z 0041a8a9 f   v5subs:machine.obj
 0001:00019af8       ?has_binary_valve@MACHINE_CLASS@@QAEEXZ 0041aaf8 f   v5subs:machine.obj
 0001:00019b01       ?init@MACHINE_CLASS@@QAEXXZ 0041ab01 f   v5subs:machine.obj
 0001:00019b7d       ?init_save_counts@@YAXPAUSAVE_COUNTS@@@Z 0041ab7d f   v5subs:machine.obj
 0001:00019b96       ?ls_off_at_eos@MACHINE_CLASS@@QAEEXZ 0041ab96 f   v5subs:machine.obj
 0001:00019b9d       ?read_machset_db@MACHINE_CLASS@@QAEEAAVSTRING_CLASS@@@Z 0041ab9d f   v5subs:machine.obj
 0001:0001a11c       ??1GENERIC_LIST_CLASS@@QAE@XZ 0041b11c f   v5subs:genlist.obj
 0001:0001a13e       ?append@GENERIC_LIST_CLASS@@QAEEPAX@Z 0041b13e f   v5subs:genlist.obj
 0001:0001a174       ?count@GENERIC_LIST_CLASS@@QAEFXZ 0041b174 f   v5subs:genlist.obj
 0001:0001a180       ?find@GENERIC_LIST_CLASS@@QAEEPAX@Z 0041b180 f   v5subs:genlist.obj
 0001:0001a1b8       ?insert@GENERIC_LIST_CLASS@@QAEEPAX@Z 0041b1b8 f   v5subs:genlist.obj
 0001:0001a208       ?next@GENERIC_LIST_CLASS@@QAEPAXXZ 0041b208 f   v5subs:genlist.obj
 0001:0001a232       ?remove@GENERIC_LIST_CLASS@@QAEEPAX@Z 0041b232 f   v5subs:genlist.obj
 0001:0001a251       ?remove@GENERIC_LIST_CLASS@@QAEEXZ 0041b251 f   v5subs:genlist.obj
 0001:0001a280       ?remove_all@GENERIC_LIST_CLASS@@QAEXXZ 0041b280 f   v5subs:genlist.obj
 0001:0001a2a9       ?rewind@GENERIC_LIST_CLASS@@QAEXXZ 0041b2a9 f   v5subs:genlist.obj
 0001:0001a2b2       ??1MACHINE_NAME_LIST_CLASS@@QAE@XZ 0041b2b2 f   v5subs:machname.obj
 0001:0001a2c3       ??_GMACHINE_NAME_LIST_ENTRY@@QAEPAXI@Z 0041b2c3 f i v5subs:machname.obj
 0001:0001a2e9       ?add_computer@MACHINE_NAME_LIST_CLASS@@QAEEAAVSTRING_CLASS@@@Z 0041b2e9 f   v5subs:machname.obj
 0001:0001a44b       ?computer_name@MACHINE_NAME_LIST_CLASS@@QAEAAVSTRING_CLASS@@XZ 0041b44b f   v5subs:machname.obj
 0001:0001a457       ?empty@MACHINE_NAME_LIST_CLASS@@QAEXXZ 0041b457 f   v5subs:machname.obj
 0001:0001a483       ?name@MACHINE_NAME_LIST_CLASS@@QAEAAVSTRING_CLASS@@XZ 0041b483 f   v5subs:machname.obj
 0001:0001a493       ?next@TEXT_LIST_CLASS@@QAEEXZ 0041b493 f   v5subs:textlist.obj
 0001:0001a493       ?next@MACHINE_NAME_LIST_CLASS@@QAEEXZ 0041b493 f   v5subs:machname.obj
 0001:0001a4a7       ??0BLOCK_MESSAGE_CLASS@@QAE@XZ 0041b4a7 f   v5subs:msgclas.obj
 0001:0001a4b4       ??1BLOCK_MESSAGE_CLASS@@QAE@XZ 0041b4b4 f   v5subs:msgclas.obj
 0001:0001a4c4       ?cleanup@BLOCK_MESSAGE_CLASS@@QAEXXZ 0041b4c4 f   v5subs:msgclas.obj
 0001:0001a4fb       ?load@BLOCK_MESSAGE_CLASS@@QAEEPAD@Z 0041b4fb f   v5subs:msgclas.obj
 0001:0001a5f9       ?message@BLOCK_MESSAGE_CLASS@@QAEPADJ@Z 0041b5f9 f   v5subs:msgclas.obj
 0001:0001a9d8       ?register_vtww_opto_control@@YAXXZ 0041b9d8 f   v5subs:optocontrol.obj
 0001:0001ab56       ?shutdown_vtww_opto_control@@YAXXZ 0041bb56 f   v5subs:optocontrol.obj
 0001:0001aba1       ?vtww_opto_proc@@YGJPAUHWND__@@IIJ@Z 0041bba1 f   v5subs:optocontrol.obj
 0001:0001acb5       ??0PARAMETER_CLASS@@QAE@XZ 0041bcb5 f   v5subs:param.obj
 0001:0001ace4       ?count@PARAMETER_CLASS@@QAEFXZ 0041bce4 f   v5subs:param.obj
 0001:0001ad02       ?find@PARAMETER_CLASS@@QAEEAAVSTRING_CLASS@@00@Z 0041bd02 f   v5subs:param.obj
 0001:0001ad68       ?has_alarm_limits@PARAMETER_ENTRY@@QAEEXZ 0041bd68 f   v5subs:param.obj
 0001:0001ad7f       ?has_warning_limits@PARAMETER_ENTRY@@QAEEXZ 0041bd7f f   v5subs:param.obj
 0001:0001ad96       ?init@PARAMETER_CLASS@@QAEXF@Z 0041bd96 f   v5subs:param.obj
 0001:0001ade0       ?read_param_db@PARAMETER_CLASS@@QAEEAAVSTRING_CLASS@@@Z 0041bde0 f   v5subs:param.obj
 0001:0001af47       ??0SETPOINT_CLASS@@QAE@XZ  0041bf47 f   v5subs:setpoint.obj
 0001:0001af51       ??1SETPOINT_CLASS@@QAE@XZ  0041bf51 f   v5subs:setpoint.obj
 0001:0001af56       ??ASETPOINT_CLASS@@QAEAAUSETPOINT_ENTRY@@H@Z 0041bf56 f   v5subs:setpoint.obj
 0001:0001af72       ??_ESETPOINT_ENTRY@@QAEPAXI@Z 0041bf72 f i v5subs:setpoint.obj
 0001:0001afdb       ?cleanup@SETPOINT_CLASS@@QAEXXZ 0041bfdb f   v5subs:setpoint.obj
 0001:0001aff6       ?get@SETPOINT_CLASS@@QAEHAAVSTRING_CLASS@@@Z 0041bff6 f   v5subs:setpoint.obj
 0001:0001b00d       ?get_one_value@SETPOINT_CLASS@@QAEEAAVSTRING_CLASS@@0H@Z 0041c00d f   v5subs:setpoint.obj
 0001:0001b095       ?getfrom@SETPOINT_CLASS@@QAEHAAVSTRING_CLASS@@@Z 0041c095 f   v5subs:setpoint.obj
 0001:0001b18e       ?put@SETPOINT_CLASS@@QAEEAAVSTRING_CLASS@@@Z 0041c18e f   v5subs:setpoint.obj
 0001:0001b275       ?setsize@SETPOINT_CLASS@@QAEEH@Z 0041c275 f   v5subs:setpoint.obj
 0001:0001b372       ??0PART_CLASS@@QAE@XZ      0041c372 f   v5subs:part.obj
 0001:0001b3a0       ??1PART_CLASS@@QAE@XZ      0041c3a0 f   v5subs:part.obj
 0001:0001b3c6       ?find@PART_CLASS@@QAEEAAVSTRING_CLASS@@00@Z 0041c3c6 f   v5subs:part.obj
 0001:0001b515       ?init@PART_CLASS@@QAEXXZ   0041c515 f   v5subs:part.obj
 0001:0001b5e8       ?plunger_area@PART_CLASS@@QAENXZ 0041c5e8 f   v5subs:part.obj
 0001:0001b633       ?read_ftchan_db@PART_CLASS@@QAEEAAVSTRING_CLASS@@@Z 0041c633 f   v5subs:part.obj
 0001:0001b6df       ?read_part_setup@PART_CLASS@@QAEEAAVSTRING_CLASS@@@Z 0041c6df f   v5subs:part.obj
 0001:0001b706       ?read_x4_divisor@PART_CLASS@@QAEEXZ 0041c706 f   v5subs:part.obj
 0001:0001b84d       ?update@PART_CLASS@@QAEEXZ 0041c84d f   v5subs:part.obj
 0001:0001bc31       ??0RECTANGLE_CLASS@@QAE@XZ 0041cc31 f   v5subs:rectclas.obj
 0001:0001bc41       ??4RECTANGLE_CLASS@@QAEXABV0@@Z 0041cc41 f   v5subs:rectclas.obj
 0001:0001bc5e       ?contains@RECTANGLE_CLASS@@QAEEABUtagPOINT@@@Z 0041cc5e f   v5subs:rectclas.obj
 0001:0001bc83       ?draw@RECTANGLE_CLASS@@QAEXPAUHDC__@@@Z 0041cc83 f   v5subs:rectclas.obj
 0001:0001bcc8       ?draw@RECTANGLE_CLASS@@QAEXPAUHDC__@@K@Z 0041ccc8 f   v5subs:rectclas.obj
 0001:0001bd0d       ?fill@RECTANGLE_CLASS@@QAEXPAUHDC__@@K@Z 0041cd0d f   v5subs:rectclas.obj
 0001:0001bd4f       ?fill@RECTANGLE_CLASS@@QAEXPAUHDC__@@PAUHBRUSH__@@@Z 0041cd4f f   v5subs:rectclas.obj
 0001:0001bd61       ?moveto@RECTANGLE_CLASS@@QAEXJJ@Z 0041cd61 f   v5subs:rectclas.obj
 0001:0001bd82       ?offset@RECTANGLE_CLASS@@QAEXJJ@Z 0041cd82 f   v5subs:rectclas.obj
 0001:0001bd98       ?setsize@RECTANGLE_CLASS@@QAEXJJ@Z 0041cd98 f   v5subs:rectclas.obj
 0001:0001bd98       ?setsize@RECTANGLE_CLASS@@QAEXUtagSIZE@@@Z 0041cd98 f   v5subs:rectclas.obj
 0001:0001bdae       ??0SURETRAK_PARAM_CLASS@@QAE@XZ 0041cdae f   v5subs:stparam.obj
 0001:0001bdf4       ?find@SURETRAK_PARAM_CLASS@@QAEEAAVSTRING_CLASS@@0@Z 0041cdf4 f   v5subs:stparam.obj
 0001:0001beea       ??0STRINGTABLE_CLASS@@QAE@XZ 0041ceea f   v5subs:stringtable.obj
 0001:0001bf27       ??1STRINGTABLE_CLASS@@QAE@XZ 0041cf27 f   v5subs:stringtable.obj
 0001:0001bf40       ??_ESTRINGTABLE_ENTRY@@QAEPAXI@Z 0041cf40 f i v5subs:stringtable.obj
 0001:0001bf90       ?acquire@STRINGTABLE_ENTRY@@QAEXAAV1@@Z 0041cf90 f   v5subs:stringtable.obj
 0001:0001bfb1       ?append@STRINGTABLE_CLASS@@QAE_NAAVSTRING_CLASS@@@Z 0041cfb1 f   v5subs:stringtable.obj
 0001:0001c226       ?cleanup@STRINGTABLE_CLASS@@QAEXXZ 0041d226 f   v5subs:stringtable.obj
 0001:0001c245       ?cleanup@STRINGTABLE_ENTRY@@QAEXXZ 0041d245 f   v5subs:stringtable.obj
 0001:0001c26d       ?find@STRINGTABLE_CLASS@@QAEPADPAD@Z 0041d26d f   v5subs:stringtable.obj
 0001:0001c2dc       ?read@STRINGTABLE_CLASS@@QAE_NAAVSTRING_CLASS@@@Z 0041d2dc f   v5subs:stringtable.obj
 0001:0001c32e       ??0PRESSURE_CONTROL_CLASS@@QAE@XZ 0041d32e f   v5subs:stpres.obj
 0001:0001c393       ??0PRES_CONTROL_STEP_ENTRY@@QAE@XZ 0041d393 f i v5subs:stpres.obj
 0001:0001c3af       ??1PRESSURE_CONTROL_CLASS@@QAE@XZ 0041d3af f   v5subs:stpres.obj
 0001:0001c40d       ??1PRES_CONTROL_STEP_ENTRY@@QAE@XZ 0041d40d f i v5subs:stpres.obj
 0001:0001c428       ?find@PRESSURE_CONTROL_CLASS@@QAEEAAVSTRING_CLASS@@00@Z 0041d428 f   v5subs:stpres.obj
 0001:0001c6c8       ?init@PRESSURE_CONTROL_CLASS@@QAEXXZ 0041d6c8 f   v5subs:stpres.obj
 0001:0001c753       ?boolean_from_ini@@YAEPBD00@Z 0041d753 f   v5subs:get_ini.obj
 0001:0001c773       ?get_ini_string@@YAPADPBD00@Z 0041d773 f   v5subs:get_ini.obj
 0001:0001c797       ?get_long_ini_string@@YAPADPBD00@Z 0041d797 f   v5subs:get_ini.obj
 0001:0001c80b       ?int32_from_ini@@YAJPBD00@Z 0041d80b f   v5subs:get_ini.obj
 0001:0001c826       ?catstring@@YAPADPADPBD@Z  0041d826 f   v5subs:mem.obj
 0001:0001c843       ?char_to_tchar@@YAXPAD0H@Z 0041d843 f   v5subs:mem.obj
 0001:0001c87d       ?charlen@@YAFPBDF@Z        0041d87d f   v5subs:mem.obj
 0001:0001c8a0       ?compare@@YAFPBD0F@Z       0041d8a0 f   v5subs:mem.obj
 0001:0001c904       ?copy_w_char@@YAPADPAD0D@Z 0041d904 f   v5subs:mem.obj
 0001:0001c91b       ?copychars@@YAXPADPBDF@Z   0041d91b f   v5subs:mem.obj
 0001:0001c93d       ?copyfromstr@@YAXPADPBDF@Z 0041d93d f   v5subs:mem.obj
 0001:0001c97d       ?copystring@@YAPADPADPBD@Z 0041d97d f   v5subs:mem.obj
 0001:0001c9b6       ?copystring@@YAPADPADPBDH@Z 0041d9b6 f   v5subs:mem.obj
 0001:0001c9fb       ?countchars@@YAJDPBD@Z     0041d9fb f   v5subs:mem.obj
 0001:0001ca1c       ?fillchars@@YAXPADDF@Z     0041da1c f   v5subs:mem.obj
 0001:0001ca3b       ?findchar@@YAPADDPAD@Z     0041da3b f   v5subs:mem.obj
 0001:0001ca3b       ?findchar@@YAPBDDPBD@Z     0041da3b f   v5subs:mem.obj
 0001:0001ca57       ?findchar@@YAPBDDPBDF@Z    0041da57 f   v5subs:mem.obj
 0001:0001ca57       ?findchar@@YAPADDPADF@Z    0041da57 f   v5subs:mem.obj
 0001:0001ca82       ?findstring@@YAPADPBDPAD@Z 0041da82 f   v5subs:mem.obj
 0001:0001caf1       ?insert_char@@YAXPADD@Z    0041daf1 f   v5subs:mem.obj
 0001:0001cb15       ?killtext@@YAXPAD@Z        0041db15 f   v5subs:mem.obj
 0001:0001cb21       ?maketext@@YAPADJ@Z        0041db21 f   v5subs:mem.obj
 0001:0001cb3a       ?maketext@@YAPADPBD@Z      0041db3a f   v5subs:mem.obj
 0001:0001cb48       ?maketext@@YAPADPBDJ@Z     0041db48 f   v5subs:mem.obj
 0001:0001cb7b       ?maketext_from_char@@YAPADPADH@Z 0041db7b f   v5subs:mem.obj
 0001:0001cbbb       ?move_string_forward@@YAXPADH@Z 0041dbbb f   v5subs:mem.obj
 0001:0001cbeb       ?nextstring@@YAPADPAD@Z    0041dbeb f   v5subs:mem.obj
 0001:0001cbfc       ?remove_all_occurances@@YAXPADD@Z 0041dbfc f   v5subs:mem.obj
 0001:0001cc29       ?remove_char@@YAXPAD@Z     0041dc29 f   v5subs:mem.obj
 0001:0001cc44       ?replace_char_with_null@@YAEPADD@Z 0041dc44 f   v5subs:mem.obj
 0001:0001cc71       ?replace_char_with_null@@YAEPADPBD@Z 0041dc71 f   v5subs:mem.obj
 0001:0001ccaf       ?replace_tab_with_null@@YAEPAD@Z 0041dcaf f   v5subs:mem.obj
 0001:0001ccc3       ?start_chars_are_equal@@YA_NPBD0@Z 0041dcc3 f   v5subs:mem.obj
 0001:0001ccee       ?strings_are_equal@@YAEPBD0@Z 0041dcee f   v5subs:mem.obj
 0001:0001cd23       ?strings_are_equal@@YAEPBD0F@Z 0041dd23 f   v5subs:mem.obj
 0001:0001cd3f       ?strip@@YAXPAD@Z           0041dd3f f   v5subs:mem.obj
 0001:0001cd6c       ?trim@@YAXPAD@Z            0041dd6c f   v5subs:mem.obj
 0001:0001cd9a       ?ul_to_char@@YADK@Z        0041dd9a f   v5subs:mem.obj
 0001:0001cd9f       ?unicode_to_char@@YAXPAD0@Z 0041dd9f f   v5subs:mem.obj
 0001:0001cdc8       ?upper_case@@YAXAAD@Z      0041ddc8 f   v5subs:mem.obj
 0001:0001cde9       ?upper_case@@YAXPAD@Z      0041dde9 f   v5subs:mem.obj
 0001:0001ce12       ??0EVENT_ENTRY@@QAE@XZ     0041de12 f i v5subs:client.obj
 0001:0001ce29       ??_GEVENT_ENTRY@@QAEPAXI@Z 0041de29 f i v5subs:client.obj
 0001:0001ce4f       ?client_dde_shutdown@@YAXXZ 0041de4f f   v5subs:client.obj
 0001:0001cf0b       ?client_dde_startup@@YAXPAUHWND__@@@Z 0041df0b f   v5subs:client.obj
 0001:0001cf19       ?client_dde_startup@@YAXXZ 0041df19 f   v5subs:client.obj
 0001:0001cfad       ?connect_to_server@@YAPAUHCONV__@@PAD@Z 0041dfad f   v5subs:client.obj
 0001:0001d010       ?connect_to_server@@YAXXZ  0041e010 f   v5subs:client.obj
 0001:0001d078       ?dde_callback@@YGPAUHDDEDATA__@@IIPAUHCONV__@@PAUHSZ__@@1PAU1@KK@Z 0041e078 f   v5subs:client.obj
 0001:0001d16c       ?find_conversation@@YAPAUEVENT_ENTRY@@PAUHCONV__@@@Z 0041e16c f   v5subs:client.obj
 0001:0001d207       ?get_current_password_level@@YAXXZ 0041e207 f   v5subs:client.obj
 0001:0001d24c       ?hot_links@@YAXPAUEVENT_ENTRY@@I@Z 0041e24c f   v5subs:client.obj
 0001:0001d285       ?one_hot_link@@YAXPAUHCONV__@@FI@Z 0041e285 f   v5subs:client.obj
 0001:0001d446       ?poke_data@@YAXPAD00@Z     0041e446 f   v5subs:client.obj
 0001:0001d53a       ?register_for_event@@YAXPADFP6AX0FPAUHDDEDATA__@@@Z@Z 0041e53a f   v5subs:client.obj
 0001:0001d601       ?unregister_for_event@@YAXPADF@Z 0041e601 f   v5subs:client.obj
 0001:0001d6a5       ?dcurve_shutdown@@YAXXZ    0041e6a5 f   v5subs:dcurve.obj
 0001:0001d6aa       ?dcurve_startup@@YAEXZ     0041e6aa f   v5subs:dcurve.obj
 0001:0001d6af       ?get_dcurve_coefficients@@YAEAAN0H@Z 0041e6af f   v5subs:dcurve.obj
 0001:0001d849       ?execute_and_wait@@YAEPAD0@Z 0041e849 f   v5subs:execwait.obj
 0001:0001d85f       ?execute_and_wait@@YAEPAD0K@Z 0041e85f f   v5subs:execwait.obj
 0001:0001d8da       ?exe_directory@@YAPBDXZ    0041e8da f   v5subs:gexedir.obj
 0001:0001d900       ?get_exe_directory@@YAEPAD@Z 0041e900 f   v5subs:gexedir.obj
 0001:0001d9bb       ?fix_dde_name@@YAXPAD@Z    0041e9bb f   v5subs:fix.obj
 0001:0001d9eb       ?fixed_string@@YAPADNJJ@Z  0041e9eb f   v5subs:ftoasc.obj
 0001:0001db0e       ?ftoasc@@YAXPADN@Z         0041eb0e f   v5subs:ftoasc.obj
 0001:0001dc23       ?average_character_width@@YAJPAUHDC__@@@Z 0041ec23 f   v5subs:winsubs.obj
 0001:0001dc52       ?character_height@@YAJPAUHDC__@@@Z 0041ec52 f   v5subs:winsubs.obj
 0001:0001dc81       ?free_megabytes@@YAJPBD@Z  0041ec81 f   v5subs:winsubs.obj
 0001:0001dcc9       ?get_text@@YAEPADPAUHWND__@@H@Z 0041ecc9 f   v5subs:winsubs.obj
 0001:0001dcf0       ?is_a_listbox@@YAEPAUHWND__@@@Z 0041ecf0 f   v5subs:winsubs.obj
 0001:0001dd5a       ?is_checked@@YAEPAUHWND__@@@Z 0041ed5a f   v5subs:winsubs.obj
 0001:0001dd75       ?is_checked@@YAEPAUHWND__@@H@Z 0041ed75 f   v5subs:winsubs.obj
 0001:0001dd8b       ?is_previous_instance@@YAEPAD0@Z 0041ed8b f   v5subs:winsubs.obj
 0001:0001ddb8       ?pixel_width@@YAJPAUHDC__@@PAD@Z 0041edb8 f   v5subs:winsubs.obj
 0001:0001ddde       ?resource_message_box@@YAHPAUHINSTANCE__@@III@Z 0041edde f   v5subs:winsubs.obj
 0001:0001ddf9       ?resource_message_box@@YAHPAUHWND__@@PAUHINSTANCE__@@III@Z 0041edf9 f   v5subs:winsubs.obj
 0001:0001de92       ?resource_string@@YAPADPAUHINSTANCE__@@I@Z 0041ee92 f   v5subs:winsubs.obj
 0001:0001dec0       ?set_checkbox@@YAXPAUHWND__@@E@Z 0041eec0 f   v5subs:winsubs.obj
 0001:0001dedc       ?set_listbox_tabs_from_title_positions@@YAXPAUHWND__@@IPAHH@Z 0041eedc f   v5subs:winsubs.obj
 0001:0001dff4       ?set_menu_view_state@@YAXAAEPAUHWND__@@I@Z 0041eff4 f   v5subs:winsubs.obj
 0001:0001e01c       ?set_text@@YAEPAUHWND__@@HPBD@Z 0041f01c f   v5subs:winsubs.obj
 0001:0001e037       ?set_text@@YAEPAUHWND__@@PBD@Z 0041f037 f   v5subs:winsubs.obj
 0001:0001e060       ?hextoul@@YAKPBD@Z         0041f060 f   v5subs:hex.obj
 0001:0001e0d2       ?is_hex_char@@YAED@Z       0041f0d2 f   v5subs:hex.obj
 0001:0001e0ec       ?ultohex@@YAXPADK@Z        0041f0ec f   v5subs:hex.obj
 0001:0001e0ff       ?insalph@@YAXPADJJDJ@Z     0041f0ff f   v5subs:insalph.obj
 0001:0001e150       ?insalph@@YAXPADNJD@Z      0041f150 f   v5subs:insalph.obj
 0001:0001e1a7       ?alphadate@@YAEPADABU_SYSTEMTIME@@@Z 0041f1a7 f   v5subs:time.obj
 0001:0001e1ff       ?alphadate@@YAPADABU_SYSTEMTIME@@@Z 0041f1ff f   v5subs:time.obj
 0001:0001e215       ?alphatime@@YAEPADABU_SYSTEMTIME@@@Z 0041f215 f   v5subs:time.obj
 0001:0001e26e       ?alphatime@@YAPADABU_SYSTEMTIME@@@Z 0041f26e f   v5subs:time.obj
 0001:0001e284       ?dofyr@@YAGABU_SYSTEMTIME@@@Z 0041f284 f   v5subs:time.obj
 0001:0001e29f       ?dofyr@@YAGGGG@Z           0041f29f f   v5subs:time.obj
 0001:0001e2ef       ?exthms@@YAEAAU_SYSTEMTIME@@PBD@Z 0041f2ef f   v5subs:time.obj
 0001:0001e351       ?extmdy@@YAEAAU_SYSTEMTIME@@PBD@Z 0041f351 f   v5subs:time.obj
 0001:0001e3c1       ?init_systemtime_struct@@YAXAAU_SYSTEMTIME@@@Z 0041f3c1 f   v5subs:time.obj
 0001:0001e3d5       ?is_leap_year@@YAEG@Z      0041f3d5 f   v5subs:time.obj
 0001:0001e40f       ?is_numeric@@YAED@Z        0041f40f f   v5subs:time.obj
 0001:0001e430       ?sec_since1990@@YAJAAU_SYSTEMTIME@@@Z 0041f430 f   v5subs:time.obj
 0001:0001e4a1       ?seconds_difference@@YAJAAU_FILETIME@@0@Z 0041f4a1 f   v5subs:time.obj
 0001:0001e501       ?maxint@@YAXAAHH@Z         0041f501 f   v5subs:maximize.obj
 0001:0001e510       ?minint@@YAXAAHH@Z         0041f510 f   v5subs:maximize.obj
 0001:0001e51f       ?rjust@@YAXPADFD@Z         0041f51f f   v5subs:rjust.obj
 0001:0001e562       ?mask_from_wire@@YAII@Z    0041f562 f   v5subs:misc.obj
 0001:0001e571       ?round@@YANNN@Z            0041f571 f   v5subs:misc.obj
 0001:0001e5b5       ?unknown@@YAEPAD@Z         0041f5b5 f   v5subs:misc.obj
 0001:0001e5cb       ?unknown_string@@YAPADXZ   0041f5cb f   v5subs:misc.obj
 0001:0001e5d1       ?wire_from_mask@@YAII@Z    0041f5d1 f   v5subs:misc.obj
 0001:0001e5e6       ?double_to_tchar@@YA_NPADNH@Z 0041f5e6 f   v5subs:dtotchar.obj
 0001:0001e6ed       ?rounded_double_to_tchar@@YA_NPADN@Z 0041f6ed f   v5subs:dtotchar.obj
 0001:0001e74f       ??0SHIFT_CLASS@@QAE@XZ     0041f74f f   v5subs:shift.obj
 0001:0001e74f       ??0FONT_LIST_CLASS@@QAE@XZ 0041f74f f   v5subs:fontclas.obj
 0001:0001e755       ??1SURETRAK_PARAM_CLASS@@QAE@XZ 0041f755 f   v5subs:stparam.obj
 0001:0001e755       ??1RECTANGLE_CLASS@@QAE@XZ 0041f755 f   v5subs:rectclas.obj
 0001:0001e755       ??1ANALOG_SENSOR@@QAE@XZ   0041f755 f   v5subs:asensor.obj
 0001:0001e755       ??1SHIFT_CLASS@@QAE@XZ     0041f755 f   v5subs:shift.obj
 0001:0001e755       ??1FONT_CLASS@@QAE@XZ      0041f755 f   v5subs:fontclas.obj
 0001:0001e7a2       ?dow_from_string@@YAFPAD@Z 0041f7a2 f   v5subs:shift.obj
 0001:0001e7f1       ?get_shift_number_and_date@@YAXPAFPAU_SYSTEMTIME@@ABU1@@Z 0041f7f1 f   v5subs:shift.obj
 0001:0001e861       ?minutes_past_sunday@@YAFABU_SYSTEMTIME@@@Z 0041f861 f   v5subs:shift.obj
 0001:0001e87c       ?read@SHIFT_CLASS@@QAEEAAVDB_TABLE@@GG@Z 0041f87c f   v5subs:shift.obj
 0001:0001e8e9       ?set_start_of_shift@SHIFT_CLASS@@QAEEABU_SYSTEMTIME@@F@Z 0041f8e9 f   v5subs:shift.obj
 0001:0001eb0b       ?shift_number@@YAFPAFABU_SYSTEMTIME@@@Z 0041fb0b f   v5subs:shift.obj
 0001:0001eb60       ?shifts_shutdown@@YAXXZ    0041fb60 f   v5subs:shift.obj
 0001:0001eb71       ?shifts_startup@@YAEXZ     0041fb71 f   v5subs:shift.obj
 0001:0001ed56       ?units_name@@YAPADF@Z      0041fd56 f   v5subs:units.obj
 0001:0001ed7d       ?units_shutdown@@YAXXZ     0041fd7d f   v5subs:units.obj
 0001:0001ed95       ?units_startup@@YAEXZ      0041fd95 f   v5subs:units.obj
 0001:0001eee6       ?hourglass_cursor@@YAXXZ   0041fee6 f   v5subs:hourglas.obj
 0001:0001ef13       ?restore_cursor@@YAXXZ     0041ff13 f   v5subs:hourglas.obj
 0001:0001ef36       ?kill_temp_message@@YAXXZ  0041ff36 f   v5subs:temp_message.obj
 0001:0001f108       ?register_temp_message@@YAXXZ 00420108 f   v5subs:temp_message.obj
 0001:0001f16e       ?temp_message@@YAXPAD@Z    0042016e f   v5subs:temp_message.obj
 0001:0001f17f       ?temp_message@@YAXPADH@Z   0042017f f   v5subs:temp_message.obj
 0001:0001f235       ?temp_message_proc@@YGJPAUHWND__@@IIJ@Z 00420235 f   v5subs:temp_message.obj
 0001:0001f2fc       ??0MACHINE_NAME_LIST_CLASS@@QAE@XZ 004202fc f   v5subs:machname.obj
 0001:0001f2fc       ??0TEXT_LIST_CLASS@@QAE@XZ 004202fc f   v5subs:textlist.obj
 0001:0001f30c       ??1TEXT_LIST_CLASS@@QAE@XZ 0042030c f   v5subs:textlist.obj
 0001:0001f31d       ?append@TEXT_LIST_CLASS@@QAEEPADJ@Z 0042031d f   v5subs:textlist.obj
 0001:0001f38b       ?empty@TEXT_LIST_CLASS@@QAEXXZ 0042038b f   v5subs:textlist.obj
 0001:0001f3b5       ?get_directory_list@TEXT_LIST_CLASS@@QAEXPBD@Z 004203b5 f   v5subs:textlist.obj
 0001:0001f469       ?remove@TEXT_LIST_CLASS@@QAEEXZ 00420469 f   v5subs:textlist.obj
 0001:0001f48c       ??4TIME_CLASS@@QAEXPBD@Z   0042048c f   v5subs:timeclas.obj
 0001:0001f516       ??GTIME_CLASS@@QAEJABV0@@Z 00420516 f   v5subs:timeclas.obj
 0001:0001f523       ??ZTIME_CLASS@@QAEXK@Z     00420523 f   v5subs:timeclas.obj
 0001:0001f539       ?dd@TIME_CLASS@@QAEPADXZ   00420539 f   v5subs:timeclas.obj
 0001:0001f546       ?file_time@TIME_CLASS@@QAEAAU_FILETIME@@XZ 00420546 f   v5subs:timeclas.obj
 0001:0001f588       ?get@TIME_CLASS@@QAEEAAU_SYSTEMTIME@@@Z 00420588 f   v5subs:timeclas.obj
 0001:0001f683       ?get_local_time@TIME_CLASS@@QAEXXZ 00420683 f   v5subs:timeclas.obj
 0001:0001f6ba       ?hh@TIME_CLASS@@QAEPADXZ   004206ba f   v5subs:timeclas.obj
 0001:0001f6c4       ?hhmmss@TIME_CLASS@@QAEPADXZ 004206c4 f   v5subs:timeclas.obj
 0001:0001f769       ?mi@TIME_CLASS@@QAEPADXZ   00420769 f   v5subs:timeclas.obj
 0001:0001f776       ?mm@TIME_CLASS@@QAEPADXZ   00420776 f   v5subs:timeclas.obj
 0001:0001f780       ?mmddyyyy@TIME_CLASS@@QAEPADXZ 00420780 f   v5subs:timeclas.obj
 0001:0001f7c9       ?mmm@TIME_CLASS@@QAEPADXZ  004207c9 f   v5subs:timeclas.obj
 0001:0001f7fe       ?set@TIME_CLASS@@QAEEABU_FILETIME@@@Z 004207fe f   v5subs:timeclas.obj
 0001:0001f83d       ?set@TIME_CLASS@@QAEEABU_SYSTEMTIME@@@Z 0042083d f   v5subs:timeclas.obj
 0001:0001f8de       ?system_time@TIME_CLASS@@QAEAAU_SYSTEMTIME@@XZ 004208de f   v5subs:timeclas.obj
 0001:0001f8ee       ?text@TIME_CLASS@@QAEPADXZ 004208ee f   v5subs:timeclas.obj
 0001:0001f955       ?yy@TIME_CLASS@@QAEPADXZ   00420955 f   v5subs:timeclas.obj
 0001:0001f962       ?yyyy@TIME_CLASS@@QAEPADXZ 00420962 f   v5subs:timeclas.obj
 0001:0001f96b       ??_EWINDOW_CLASS@@UAEPAXI@Z 0042096b f i v5subs:wclass.obj
 0001:0001f9b9       ?destroy@WINDOW_CLASS@@QAEXXZ 004209b9 f   v5subs:wclass.obj
 0001:0001f9d1       ?enable@WINDOW_CLASS@@QAEXE@Z 004209d1 f   v5subs:wclass.obj
 0001:0001f9ed       ?get_move_rect@WINDOW_CLASS@@QAEHAAUtagRECT@@@Z 004209ed f   v5subs:wclass.obj
 0001:0001fa81       ?getrect@WINDOW_CLASS@@QAEHAAUtagRECT@@@Z 00420a81 f   v5subs:wclass.obj
 0001:0001faa2       ?is_minimized@WINDOW_CLASS@@QAEHXZ 00420aa2 f   v5subs:wclass.obj
 0001:0001fab5       ?is_visible@WINDOW_CLASS@@QAEHXZ 00420ab5 f   v5subs:wclass.obj
 0001:0001fac8       ?move@WINDOW_CLASS@@QAEXAAUtagRECT@@@Z 00420ac8 f   v5subs:wclass.obj
 0001:0001faf1       ?post@WINDOW_CLASS@@QAEXI@Z 00420af1 f   v5subs:wclass.obj
 0001:0001fb0b       ?post@WINDOW_CLASS@@QAEXIIJ@Z 00420b0b f   v5subs:wclass.obj
 0001:0001fb29       ?refresh@WINDOW_CLASS@@QAEXXZ 00420b29 f   v5subs:wclass.obj
 0001:0001fb48       ?send@WINDOW_CLASS@@QAEXI@Z 00420b48 f   v5subs:wclass.obj
 0001:0001fb62       ?send@WINDOW_CLASS@@QAEXIIJ@Z 00420b62 f   v5subs:wclass.obj
 0001:0001fb80       ?set_title@WINDOW_CLASS@@QAEXPAD@Z 00420b80 f   v5subs:wclass.obj
 0001:0001fba1       ?show@WINDOW_CLASS@@QAEXH@Z 00420ba1 f   v5subs:wclass.obj
 0001:0001fbb7       ?style@WINDOW_CLASS@@QAEJXZ 00420bb7 f   v5subs:wclass.obj
 0001:0001fbca       ??0MENU_CONTROL_ENTRY@@QAE@XZ 00420bca f   v5subs:menuctrl.obj
 0001:0001fc7b       ??0MENU_ITEM_ENTRY@@QAE@XZ 00420c7b f   v5subs:menuctrl.obj
 0001:0001fccb       ??1MENU_CONTROL_ENTRY@@QAE@XZ 00420ccb f   v5subs:menuctrl.obj
 0001:0001fd45       ??1MENU_ITEM_ENTRY@@QAE@XZ 00420d45 f   v5subs:menuctrl.obj
 0001:0001fd6f       ??_EMENU_ITEM_ENTRY@@QAEPAXI@Z 00420d6f f i v5subs:menuctrl.obj
 0001:0001fdc4       ?create_windows@MENU_CONTROL_ENTRY@@QAEEPADPAUHWND__@@@Z 00420dc4 f   v5subs:menuctrl.obj
 0001:0001fed5       ?destroy_windows@MENU_CONTROL_ENTRY@@QAEXXZ 00420ed5 f   v5subs:menuctrl.obj
 0001:0001ff15       ?do_left_button_down@MENU_CONTROL_ENTRY@@QAEXIJ@Z 00420f15 f   v5subs:menuctrl.obj
 0001:00020036       ?do_left_button_up@MENU_CONTROL_ENTRY@@QAEXIJ@Z 00421036 f   v5subs:menuctrl.obj
 0001:000200e6       ?do_mousemove@MENU_CONTROL_ENTRY@@QAEXPAUHWND__@@IJ@Z 004210e6 f   v5subs:menuctrl.obj
 0001:00020404       ?draw@MENU_ITEM_ENTRY@@QAEXPAUHDC__@@@Z 00421404 f   v5subs:menuctrl.obj
 0001:000204ee       ?draw_rect@MENU_ITEM_ENTRY@@QAEXPAUHDC__@@@Z 004214ee f   v5subs:menuctrl.obj
 0001:0002055f       ?draw_submenu_item@MENU_ITEM_ENTRY@@QAEXPAUHDC__@@I@Z 0042155f f   v5subs:menuctrl.obj
 0001:00020620       ?excel_to_csv@@YAXPAD@Z    00421620 f   v5subs:menuctrl.obj
 0001:00020654       ?find@MENU_CONTROL_ENTRY@@QAEPAVMENU_ITEM_ENTRY@@I@Z 00421654 f   v5subs:menuctrl.obj
 0001:000206ad       ?get@MENU_ITEM_ENTRY@@QAEEPAD@Z 004216ad f   v5subs:menuctrl.obj
 0001:0002080b       ?menu_control_proc@@YGJPAUHWND__@@IIJ@Z 0042180b f   v5subs:menuctrl.obj
 0001:000208b9       ?paint_me@MENU_CONTROL_ENTRY@@QAEXPAUHWND__@@@Z 004218b9 f   v5subs:menuctrl.obj
 0001:00020974       ?paint_submenu@MENU_CONTROL_ENTRY@@QAEXPAUHWND__@@@Z 00421974 f   v5subs:menuctrl.obj
 0001:00020a55       ?read@MENU_CONTROL_ENTRY@@QAEEAAVNAME_CLASS@@H@Z 00421a55 f   v5subs:menuctrl.obj
 0001:00021094       ?register_window@MENU_CONTROL_ENTRY@@SAXXZ 00422094 f   v5subs:menuctrl.obj
 0001:00021147       ?resize@MENU_CONTROL_ENTRY@@QAEEH@Z 00422147 f   v5subs:menuctrl.obj
 0001:000211db       ?resize@MENU_CONTROL_ENTRY@@QAEEXZ 004221db f   v5subs:menuctrl.obj
 0001:000211e3       ?set_checkmark@MENU_CONTROL_ENTRY@@QAEEIE@Z 004221e3 f   v5subs:menuctrl.obj
 0001:0002120c       ?show_submenu@MENU_CONTROL_ENTRY@@QAEXXZ 0042220c f   v5subs:menuctrl.obj
 0001:000212ca       ?sub_menu_control_proc@@YGJPAUHWND__@@IIJ@Z 004222ca f   v5subs:menuctrl.obj
 0001:00021307       ??1FTII_VAR_ARRAY@@UAE@XZ  00422307 f   v5subs:ftiiclas.obj
 0001:0002131d       ??4FTII_VAR@@UAEXN@Z       0042231d f   v5subs:ftiiclas.obj
 0001:00021373       ??4FTII_VAR@@UAEXPBD@Z     00422373 f   v5subs:ftiiclas.obj
 0001:000213e7       ??4FTII_VAR_ARRAY@@UAEXABVFTII_VAR@@@Z 004223e7 f   v5subs:ftiiclas.obj
 0001:000213f9       ??4FTII_VAR_ARRAY@@UAEXH@Z 004223f9 f   v5subs:ftiiclas.obj
 0001:000213fe       ??4FTII_VAR_ARRAY@@UAEXI@Z 004223fe f   v5subs:ftiiclas.obj
 0001:0002141f       ??4FTII_VAR_ARRAY@@UAEXN@Z 0042241f f   v5subs:ftiiclas.obj
 0001:0002144b       ??AFTII_VAR_ARRAY@@QAEAAVFTII_VAR@@H@Z 0042244b f   v5subs:ftiiclas.obj
 0001:0002147f       ??_EFTII_VAR@@UAEPAXI@Z    0042247f f i v5subs:ftiiclas.obj
 0001:000214cf       ?append_value@FTII_VAR@@QAE_NAAVSTRING_CLASS@@@Z 004224cf f   v5subs:ftiiclas.obj
 0001:000215a2       ?cleanup@FTII_VAR_ARRAY@@QAEXXZ 004225a2 f   v5subs:ftiiclas.obj
 0001:000215d5       ?find@FTII_VAR_ARRAY@@QAE_NH@Z 004225d5 f   v5subs:ftiiclas.obj
 0001:00021616       ?find@FTII_VAR_ARRAY@@QAE_NPAD@Z 00422616 f   v5subs:ftiiclas.obj
 0001:0002162f       ?get@FTII_VAR@@UAE_NPBD@Z  0042262f f   v5subs:ftiiclas.obj
 0001:0002166a       ?get@FTII_VAR_ARRAY@@QAE_NAAVSTRING_CLASS@@@Z 0042266a f   v5subs:ftiiclas.obj
 0001:0002175b       ?get_from@FTII_VAR_ARRAY@@QAE_NAAVSTRING_CLASS@@@Z 0042275b f   v5subs:ftiiclas.obj
 0001:00021842       ?makeline@FTII_VAR@@QAE_NAAVSTRING_CLASS@@@Z 00422842 f   v5subs:ftiiclas.obj
 0001:0002188e       ?myfindchar@@YAPBDDPBD@Z   0042288e f   v5subs:ftiiclas.obj
 0001:0002188e       ?myfindchar@@YAPADDPAD@Z   0042288e f   v5subs:ftiiclas.obj
 0001:000218b6       ?put@FTII_VAR@@UAE_NAAVSTRING_CLASS@@@Z 004228b6 f   v5subs:ftiiclas.obj
 0001:00021954       ?put@FTII_VAR_ARRAY@@UAE_NAAVSTRING_CLASS@@@Z 00422954 f   v5subs:ftiiclas.obj
 0001:00021a35       ?put_into@FTII_VAR_ARRAY@@QAE_NAAVSTRING_CLASS@@@Z 00422a35 f   v5subs:ftiiclas.obj
 0001:00021be3       ?realval@FTII_VAR@@QAENXZ  00422be3 f   v5subs:ftiiclas.obj
 0001:00021c58       ?remove@FTII_VAR_ARRAY@@QAE_NH@Z 00422c58 f   v5subs:ftiiclas.obj
 0001:00021cc8       ?remove@FTII_VAR_ARRAY@@QAE_NXZ 00422cc8 f   v5subs:ftiiclas.obj
 0001:00021cda       ?set@FTII_VAR@@UAE_NHI@Z   00422cda f   v5subs:ftiiclas.obj
 0001:00021cf8       ?set@FTII_VAR@@UAE_NHN@Z   00422cf8 f   v5subs:ftiiclas.obj
 0001:00021d5f       ?set@FTII_VAR_ARRAY@@UAE_NHI@Z 00422d5f f   v5subs:ftiiclas.obj
 0001:00021d92       ?update@FTII_VAR_ARRAY@@QAE_NAAVFTII_VAR@@@Z 00422d92 f   v5subs:ftiiclas.obj
 0001:00021da4       ?update@FTII_VAR_ARRAY@@QAE_NHI@Z 00422da4 f   v5subs:ftiiclas.obj
 0001:00021e08       ?upsize@FTII_VAR_ARRAY@@QAE_NH@Z 00422e08 f   v5subs:ftiiclas.obj
 0001:00021f12       ??0FTII_ARRAY_DATA@@QAE@XZ 00422f12 f   v5subs:ftii_shot_data.obj
 0001:00021f55       ??0FTII_FILE_DATA@@QAE@XZ  00422f55 f   v5subs:ftii_shot_data.obj
 0001:00021fea       ??0FTII_NET_DATA@@QAE@XZ   00422fea f   v5subs:ftii_shot_data.obj
 0001:0002200b       ??0FTII_OP_STATUS_DATA@@QAE@XZ 0042300b f   v5subs:ftii_shot_data.obj
 0001:0002205c       ??0FTII_PROFILE@@QAE@XZ    0042305c f   v5subs:ftii_shot_data.obj
 0001:0002209c       ??1FTII_FILE_DATA@@QAE@XZ  0042309c f   v5subs:ftii_shot_data.obj
 0001:000220a1       ??1FTII_NET_DATA@@QAE@XZ   004230a1 f   v5subs:ftii_shot_data.obj
 0001:000220a6       ??1FTII_PROFILE@@UAE@XZ    004230a6 f   v5subs:ftii_shot_data.obj
 0001:000220c2       ??4FTII_ARRAY_DATA@@QAEXABVFTII_FILE_DATA@@@Z 004230c2 f   v5subs:ftii_shot_data.obj
 0001:000226ca       ??4FTII_FILE_DATA@@QAEXABVFTII_NET_DATA@@@Z 004236ca f   v5subs:ftii_shot_data.obj
 0001:0002283e       ??4FTII_OP_STATUS_DATA@@QAEXABU0@@Z 0042383e f   v5subs:ftii_shot_data.obj
 0001:0002293d       ??4FTII_PARAMETERS@@QAEXABU0@@Z 0042393d f   v5subs:ftii_shot_data.obj
 0001:0002296f       ??4FTII_POSITION_DATA@@QAEXABUFTII_SAMPLE@@@Z 0042396f f   v5subs:ftii_shot_data.obj
 0001:000229c0       ??4FTII_PROFILE@@QAEXABVFTII_FILE_DATA@@@Z 004239c0 f   v5subs:ftii_shot_data.obj
 0001:00022c0e       ??4FTII_TIME_DATA@@QAEXABUFTII_SAMPLE@@@Z 00423c0e f   v5subs:ftii_shot_data.obj
 0001:00022c49       ??8FTII_OP_STATUS_DATA@@QAE_NABU0@@Z 00423c49 f   v5subs:ftii_shot_data.obj
 0001:00022dea       ??_EFTII_ARRAY_DATA@@UAEPAXI@Z 00423dea f i v5subs:ftii_shot_data.obj
 0001:00022dea       ??_GFTII_ARRAY_DATA@@UAEPAXI@Z 00423dea f i v5subs:ftii_shot_data.obj
 0001:00022e0c       ??_EFTII_PROFILE@@UAEPAXI@Z 00423e0c f i v5subs:ftii_shot_data.obj
 0001:00022e0c       ??_GFTII_PROFILE@@UAEPAXI@Z 00423e0c f i v5subs:ftii_shot_data.obj
 0001:00022e28       ?clear@FTII_ARRAY_DATA@@QAEXXZ 00423e28 f   v5subs:ftii_shot_data.obj
 0001:00022ec2       ?clear@FTII_FILE_DATA@@QAEXXZ 00423ec2 f   v5subs:ftii_shot_data.obj
 0001:00022f1c       ?clear@FTII_NET_DATA@@QAEXXZ 00423f1c f   v5subs:ftii_shot_data.obj
 0001:00022f4d       ?clear@FTII_PROFILE@@QAEXXZ 00423f4d f   v5subs:ftii_shot_data.obj
 0001:00022fc1       ?index_from_position@FTII_ARRAY_DATA@@QAEHN@Z 00423fc1 f   v5subs:ftii_shot_data.obj
 0001:00023005       ?index_from_time@FTII_ARRAY_DATA@@QAEHN@Z 00424005 f   v5subs:ftii_shot_data.obj
 0001:00023087       ?interpolated_ms@FTII_PROFILE@@QAENN@Z 00424087 f   v5subs:ftii_shot_data.obj
 0001:000230e2       ?interpolated_postion_from_velocity@FTII_PROFILE@@QAENHHH@Z 004240e2 f   v5subs:ftii_shot_data.obj
 0001:00023150       ?interpolated_timer_count@FTII_ARRAY_DATA@@QAEIN@Z 00424150 f   v5subs:ftii_shot_data.obj
 0001:000231ef       ?interpolated_velocity@FTII_ARRAY_DATA@@QAENN@Z 004241ef f   v5subs:ftii_shot_data.obj
 0001:00023344       ?move@FTII_FILE_DATA@@QAEXAAV1@@Z 00424344 f   v5subs:ftii_shot_data.obj
 0001:0002341f       ?ms@FTII_PROFILE@@QAENH@Z  0042441f f   v5subs:ftii_shot_data.obj
 0001:00023472       ?ms_between_positions@FTII_PROFILE@@QAENNN@Z 00424472 f   v5subs:ftii_shot_data.obj
 0001:000234f0       ?put@FTII_FILE_DATA@@QAEEAAVSTRING_CLASS@@@Z 004244f0 f   v5subs:ftii_shot_data.obj
 0001:000237d2       ?set_nof_extended_analogs@FTII_FILE_DATA@@QAEXH@Z 004247d2 f   v5subs:ftii_shot_data.obj
 0001:00023844       ?set_parameters@FTII_NET_DATA@@QAEXPAUFTII_PARAMETERS@@@Z 00424844 f   v5subs:ftii_shot_data.obj
 0001:0002385d       ?set_position_based_points@FTII_NET_DATA@@QAEXPAUFTII_SAMPLE@@H@Z 0042485d f   v5subs:ftii_shot_data.obj
 0001:0002388d       ?set_shot_time@FTII_NET_DATA@@QAEXAAU_FILETIME@@@Z 0042488d f   v5subs:ftii_shot_data.obj
 0001:0002389f       ?set_time_based_points@FTII_NET_DATA@@QAEXPAUFTII_SAMPLE@@H@Z 0042489f f   v5subs:ftii_shot_data.obj
 0001:000238cf       ?velocity_between_positions@FTII_ARRAY_DATA@@QAENNN@Z 004248cf f   v5subs:ftii_shot_data.obj
 0001:00023989       ??0PART_NAME_ENTRY@@QAE@XZ 00424989 f   v5subs:structs.obj
 0001:000239a5       ??4PROFILE_NAME_ENTRY@@QAEXABUPART_NAME_ENTRY@@@Z 004249a5 f   v5subs:structs.obj
 0001:000239bc       ?set@PROFILE_NAME_ENTRY@@QAEXABVSTRING_CLASS@@00PBD@Z 004249bc f   v5subs:structs.obj
 0001:000239f0       ??0ALARM_SUMMARY_CLASS@@QAE@XZ 004249f0 f   v5subs:alarmsum.obj
 0001:00023a1d       ??1ALARM_SUMMARY_CLASS@@QAE@XZ 00424a1d f   v5subs:alarmsum.obj
 0001:00023a35       ?add@ALARM_SUMMARY_CLASS@@QAEPAUALARM_COUNTS_ENTRY@@J@Z 00424a35 f   v5subs:alarmsum.obj
 0001:00023a8e       ?empty@ALARM_SUMMARY_CLASS@@QAEXXZ 00424a8e f   v5subs:alarmsum.obj
 0001:00023ac5       ?find@ALARM_SUMMARY_CLASS@@QAEPAUALARM_COUNTS_ENTRY@@J@Z 00424ac5 f   v5subs:alarmsum.obj
 0001:00023af4       ?save@ALARM_SUMMARY_CLASS@@QAEXABU_SYSTEMTIME@@J@Z 00424af4 f   v5subs:alarmsum.obj
 0001:00023b3c       ?save@ALARM_SUMMARY_CLASS@@QAEXABU_SYSTEMTIME@@JEAAVSTRING_CLASS@@@Z 00424b3c f   v5subs:alarmsum.obj
 0001:00023e82       ?set_counts@ALARM_SUMMARY_CLASS@@QAEXPAMPAVPARAMETER_CLASS@@@Z 00424e82 f   v5subs:alarmsum.obj
 0001:00023f9a       ?set@PART_NAME_ENTRY@@QAEXAAVSTRING_CLASS@@00@Z 00424f9a f   board_monitor.obj
 0001:00023f9a       ?set_part@ALARM_SUMMARY_CLASS@@QAEXAAVSTRING_CLASS@@00@Z 00424f9a f   v5subs:alarmsum.obj
 0001:00023fc2       ??1DOUBLE_ARRAY_CLASS@@QAE@XZ 00424fc2 f   v5subs:array.obj
 0001:00023fcd       ??ADOUBLE_ARRAY_CLASS@@QAEAANJ@Z 00424fcd f   v5subs:array.obj
 0001:00023fec       ?cleanup@DOUBLE_ARRAY_CLASS@@QAEXXZ 00424fec f   v5subs:array.obj
 0001:00024008       ?init@DOUBLE_ARRAY_CLASS@@UAEEJ@Z 00425008 f   v5subs:array.obj
 0001:0002405c       ?init@DOUBLE_ARRAY_CLASS@@UAEEJPAN@Z 0042505c f   v5subs:array.obj
 0001:00024080       ?move@DOUBLE_ARRAY_CLASS@@QAEXAAV1@@Z 00425080 f   v5subs:array.obj
 0001:000240a4       ?down_state@DSTAT_CLASS@@QAEHXZ 004250a4 f   v5subs:dstat.obj
 0001:00024170       ?get@DSTAT_CLASS@@QAEEAAVSTRING_CLASS@@0@Z 00425170 f   v5subs:dstat.obj
 0001:00024279       ?is_down@DSTAT_CLASS@@QAEEXZ 00425279 f   v5subs:dstat.obj
 0001:00024299       ?put@DSTAT_CLASS@@QAEEAAVSTRING_CLASS@@0@Z 00425299 f   v5subs:dstat.obj
 0001:00024457       ?same_code@DSTAT_CLASS@@QAEEPAD0@Z 00425457 f   v5subs:dstat.obj
 0001:0002448f       ?load@FTANALOG_CLASS@@QAEEAAVSTRING_CLASS@@00@Z 0042548f f   v5subs:ftanalog.obj
 0001:00024740       ?cleanup@FTCALC_CLASS@@QAEXXZ 00425740 f   v5subs:ftcalc.obj
 0001:00024757       ?countchars@STRING_CLASS@@QAEJD@Z 00425757 f i v5subs:ftcalc.obj
 0001:00024772       ?load@FTCALC_CLASS@@QAEEAAVSTRING_CLASS@@00@Z 00425772 f   v5subs:ftcalc.obj
 0001:0002488e       ?value@FTCALC_CLASS@@QAENHPAN@Z 0042588e f   v5subs:ftcalc.obj
 0001:00024b35       ??1RUNLIST_CLASS@@QAE@XZ   00425b35 f   v5subs:runlist.obj
 0001:00024b3a       ??ARUNLIST_CLASS@@QAEAAURUNLIST_ENTRY@@H@Z 00425b3a f   v5subs:runlist.obj
 0001:00024b56       ??_ERUNLIST_ENTRY@@QAEPAXI@Z 00425b56 f i v5subs:runlist.obj
 0001:00024baf       ?cleanup@RUNLIST_CLASS@@AAEXXZ 00425baf f   v5subs:runlist.obj
 0001:00024bcc       ?find_part@RUNLIST_CLASS@@QAEAAVSTRING_CLASS@@I@Z 00425bcc f   v5subs:runlist.obj
 0001:00024c10       ?get@RUNLIST_CLASS@@QAEEAAVNAME_CLASS@@@Z 00425c10 f   v5subs:runlist.obj
 0001:00024d8a       ?get@RUNLIST_CLASS@@QAEEAAVSTRING_CLASS@@0@Z 00425d8a f   v5subs:runlist.obj
 0001:00024dcd       ?cat@STDDOWN_CLASS@@QAEPADXZ 00425dcd f   v5subs:stddown.obj
 0001:00024ddf       ?find@STDDOWN_CLASS@@QAE_NJ@Z 00425ddf f   v5subs:stddown.obj
 0001:00024e77       ?startup@STDDOWN_CLASS@@QAEXXZ 00425e77 f   v5subs:stddown.obj
 0001:00024fb4       ?subcat@STDDOWN_CLASS@@QAEPADXZ 00425fb4 f   v5subs:stddown.obj
 0001:00024fca       ?part_exists@@YAEAAVSTRING_CLASS@@00@Z 00425fca f   v5subs:pexists.obj
 0001:00025013       ?category_name@@YAPADPAD@Z 00426013 f   v5subs:downsubs.obj
 0001:000250d4       ?make_downtime_event_string@@YAPADAAVSTRING_CLASS@@0AAU_SYSTEMTIME@@PAD22@Z 004260d4 f   v5subs:downsubs.obj
 0001:000251ea       ?make_downtime_record@@YAEAAVDB_TABLE@@AAU_SYSTEMTIME@@PAD22AAVSTRING_CLASS@@@Z 004261ea f   v5subs:downsubs.obj
 0001:0002529f       ?put_alpha@DB_TABLE@@QAEEGAAVSTRING_CLASS@@F@Z 0042629f f i v5subs:downsubs.obj
 0001:000252c1       ?subcategory_name@@YAPADPAD0@Z 004262c1 f   v5subs:downsubs.obj
 0001:000253ec       ?is_float_zero@@YAEM@Z     004263ec f   v5subs:zero.obj
 0001:0002541c       ?is_zero@@YA_NN@Z          0042641c f   v5subs:zero.obj
 0001:00025440       ?not_float_zero@@YAEM@Z    00426440 f   v5subs:zero.obj
 0001:00025470       ?not_zero@@YA_NN@Z         00426470 f   v5subs:zero.obj
 0001:00025493       ?set_current_part_name@@YAEAAVSTRING_CLASS@@00@Z 00426493 f   v5subs:current.obj
 0001:00025520       ?calculate_ftii_parameters@@YAPANAAVFTII_PROFILE@@AAVMACHINE_CLASS@@AAVPART_CLASS@@AAVPARAMETER_CLASS@@AAVANALOG_SENSOR@@AAVFTANALOG_CLASS@@AAVFTCALC_CLASS@@@Z 00426520 f   v5subs:ftii_parameters.obj
 0001:00026d18       ?append_backslash_to_path@@YAXPAD@Z 00427d18 f   v5subs:path.obj
 0001:00026d41       ?append_filename_to_path@@YAXPADPBD@Z 00427d41 f   v5subs:path.obj
 0001:00026d5a       ?catpath@@YAPADPADPBD@Z    00427d5a f   v5subs:path.obj
 0001:00026d9e       ?create_directory@@YAEPAD@Z 00427d9e f   v5subs:path.obj
 0001:00026eb0       ?dir_from_filename@@YAEPAD@Z 00427eb0 f   v5subs:path.obj
 0001:00026eff       ?remove_backslash_from_path@@YAXPAD@Z 00427eff f   v5subs:path.obj
 0001:00026f29       ??0PLOOKUP_CLASS@@QAE@XZ   00427f29 f   v5subs:plookup.obj
 0001:00026f3d       ??1PLOOKUP_CLASS@@QAE@XZ   00427f3d f   v5subs:plookup.obj
 0001:00026f50       ?get_last_shot_number@PLOOKUP_CLASS@@QAEHAAVSTRING_CLASS@@00@Z 00427f50 f   v5subs:plookup.obj
 0001:00026f99       ?init@PLOOKUP_CLASS@@QAEEAAVSTRING_CLASS@@00@Z 00427f99 f   v5subs:plookup.obj
 0001:00026fb5       ?put@PLOOKUP_CLASS@@QAEEXZ 00427fb5 f   v5subs:plookup.obj
 0001:00027094       ?set_last_shot_number@PLOOKUP_CLASS@@QAEEH@Z 00428094 f   v5subs:plookup.obj
 0001:000270b5       ?set_time@PLOOKUP_CLASS@@QAEEAAVTIME_CLASS@@@Z 004280b5 f   v5subs:plookup.obj
 0001:000270fc       ?dynamic_file_name@@YAPADAAVTIME_CLASS@@AAUPART_NAME_ENTRY@@PBD@Z 004280fc f   v5subs:dynamic_file_name.obj
 0001:000273a7       ?free_shotsave_semaphore@@YAXXZ 004283a7 f   v5subs:semaphor.obj
 0001:000273b1       ?get_shotsave_semaphore@@YAEAAVSTRING_CLASS@@0@Z 004283b1 f   v5subs:semaphor.obj
 0001:0002743d       ?add@WORKER_LIST_CLASS@@QAEEPAD00@Z 0042843d f   v5subs:workclas.obj
 0001:000274c3       ?cleanup@WORKER_LIST_CLASS@@QAEXXZ 004284c3 f   v5subs:workclas.obj
 0001:000274e0       ?find@WORKER_LIST_CLASS@@QAEEPAD@Z 004284e0 f   v5subs:workclas.obj
 0001:00027512       ?first_name@WORKER_LIST_CLASS@@QAEPADXZ 00428512 f   v5subs:workclas.obj
 0001:00027523       ?full_name@WORKER_LIST_CLASS@@QAEPADXZ 00428523 f   v5subs:workclas.obj
 0001:00027568       ?last_name@WORKER_LIST_CLASS@@QAEPADXZ 00428568 f   v5subs:workclas.obj
 0001:00027579       ?load@WORKER_LIST_CLASS@@QAEEXZ 00428579 f   v5subs:workclas.obj
 0001:00027706       ?error_message@@YAXFF@Z    00428706 f   v5subs:error_ms.obj
 0001:00027749       ?reverse@@YAXPAD@Z         00428749 f   v5subs:reverse.obj
 0001:0002776c       ?is_empty@@YAEPBD@Z        0042876c f   v5subs:is_empty.obj
 0001:00027788       ?copy_all_files@@YAEPAD00EPAUHWND__@@H@Z 00428788 f   v5subs:callfile.obj
 0001:0002793d       ?dups_to_vu@@YANFF@Z       0042893d f   v5subs:unitadj.obj
 0001:000279b4       ?day_of_the_week@@YAHHHH@Z 004289b4 f   v5subs:dow.obj
 0001:00027a0f       ??0bad_alloc@std@@QAE@ABV01@@Z 00428a0f f i LIBCMT:new.obj
 0001:00027a2a       ??1bad_alloc@std@@UAE@XZ   00428a2a f i LIBCMT:new.obj
 0001:00027a35       ??2@YAPAXI@Z               00428a35 f   LIBCMT:new.obj
 0001:00027a86       ??_Ebad_alloc@std@@UAEPAXI@Z 00428a86 f i LIBCMT:new.obj
 0001:00027a86       ??_Gbad_alloc@std@@UAEPAXI@Z 00428a86 f i LIBCMT:new.obj
 0001:00027aab       ??3@YAXPAX@Z               00428aab f   LIBCMT:delete.obj
 0001:00027ab0       ___onexitinit              00428ab0 f   LIBCMT:onexit.obj
 0001:00027adf       __onexit                   00428adf f   LIBCMT:onexit.obj
 0001:00027bdb       _atexit                    00428bdb f   LIBCMT:onexit.obj
 0001:00027bf0       @__security_check_cookie@4 00428bf0 f   LIBCMT:secchk.obj
 0001:00027c00       _memset                    00428c00 f   LIBCMT:memset.obj
 0001:00027c90       ??1type_info@@UAE@XZ       00428c90 f   LIBCMT:typinfo.obj
 0001:00027c9e       ??_Gtype_info@@UAEPAXI@Z   00428c9e f i LIBCMT:typinfo.obj
 0001:00027c9e       ??_Etype_info@@UAEPAXI@Z   00428c9e f i LIBCMT:typinfo.obj
 0001:00027cbd       __fpmath                   00428cbd f   LIBCMT:fpinit.obj
 0001:00027cd4       __cfltcvt_init             00428cd4 f   LIBCMT:fpinit.obj
 0001:00027d40       _memcpy                    00428d40 f   LIBCMT:memcpy.obj
 0001:00028384       __beginthread              00429384 f   LIBCMT:thread.obj
 0001:00028464       __endthread                00429464 f   LIBCMT:thread.obj
 0001:000284f0       __chkstk                   004294f0 f   LIBCMT:chkstk.obj
 0001:000284f0       __alloca_probe             004294f0 f   LIBCMT:chkstk.obj
 0001:0002851b       ___raise_securityfailure   0042951b f   LIBCMT:gs_report.obj
 0001:00028558       ___report_gsfailure        00429558 f   LIBCMT:gs_report.obj
 0001:00028653       ___report_rangecheckfailure 00429653 f   LIBCMT:gs_report.obj
 0001:0002865f       ___report_securityfailure  0042965f f   LIBCMT:gs_report.obj
 0001:0002872f       ??_U@YAPAXI@Z              0042972f f   LIBCMT:new2.obj
 0001:00028738       ??_V@YAXPAX@Z              00429738 f   LIBCMT:delete2.obj
 0001:0002873d       _WinMainCRTStartup         0042973d f   LIBCMT:wincrt0.obj
 0001:000288be       ??0_LocaleUpdate@@QAE@PAUlocaleinfo_struct@@@Z 004298be f i LIBCMT:strtod.obj
 0001:00028946       __strtod_l                 00429946 f   LIBCMT:strtod.obj
 0001:00028a5d       _strtod                    00429a5d f   LIBCMT:strtod.obj
 0001:00028c98       _strtol                    00429c98 f   LIBCMT:strtol.obj
 0001:00028cc2       _strtoul                   00429cc2 f   LIBCMT:strtol.obj
[...]
 0003:0000a3c8       ?w@?1??do_new_set_dac_values@@YAXXZ@4PAUHWND__@@A 004493c8     ft2.obj
 0003:0000a3cc       ?i@?1??do_new_set_dac_values@@YAXXZ@4HA 004493cc     ft2.obj
 0003:0000a3d0       ?d@?1??do_new_set_dac_values@@YAXXZ@4NA 004493d0     ft2.obj
 0003:0000a3d8       ?x@?1??do_new_set_dac_values@@YAXXZ@4IA 004493d8     ft2.obj
 0003:0000a3dc       ?last_id@?1??send_test_message@@YAXH@Z@4HA 004493dc     ft2.obj
 0003:0000a3e0       ?id@?1??set_dac_dialog_proc@@YGHPAUHWND__@@IIJ@Z@4HA 004493e0     ft2.obj
 0003:0000a3e4       ?cmd@?1??set_dac_dialog_proc@@YGHPAUHWND__@@IIJ@Z@4HA 004493e4     ft2.obj
 0003:0000a3e8       ?buf@?1??ft2_volts_toascii@@YAPADPAD@Z@4PADA 004493e8     ft2.obj
 0003:0000a3f0       ?buf@?1??ascii_volts_to_ft2_volts@@YAPADPAD@Z@4PADA 004493f0     ft2.obj
 0003:0000a3f8       ?buf@?1??alt_step_text@@YAPADXZ@4PADA 004493f8     ft2.obj
 0003:0000a45c       ?my_machine@?1??check_for_new_board@@YAXXZ@4VSTRING_CLASS@@A 0044945c     ft2.obj
 0003:0000a464       ?$S8@?1??check_for_new_board@@YAXXZ@4IA 00449464     ft2.obj
 0003:0000a468       ?timer_id@?1??valve_test_dialog_proc@@YGHPAUHWND__@@IIJ@Z@4IA 00449468     ft2.obj
 0003:0000a46c       ?s@?1??log_input_bits@@YAXXZ@4VSTRING_CLASS@@A 0044946c     ft2.obj
 0003:0000a474       ?$S9@?1??log_input_bits@@YAXXZ@4IA 00449474     ft2.obj
 0003:0000a478       ?s@?1??log_output_bits@@YAXXZ@4VSTRING_CLASS@@A 00449478     ft2.obj
 0003:0000a480       ?$S10@?1??log_output_bits@@YAXXZ@4IA 00449480     ft2.obj
 0003:0000a484       ?ns@?1??do_new_current_values@@YAXXZ@4VSTRING_CLASS@@A 00449484     ft2.obj
 0003:0000a48c       ?$S11@?1??do_new_current_values@@YAXXZ@4IA 0044948c     ft2.obj
 0003:0000a490       ?os@?1??do_new_current_values@@YAXXZ@4VSTRING_CLASS@@A 00449490     ft2.obj
 0003:0000a498       ?wc@?1??do_new_current_values@@YAXXZ@4VWINDOW_CLASS@@A 00449498     ft2.obj
 0003:0000a4a0       ?w@?1??do_new_current_values@@YAXXZ@4PAUHWND__@@A 004494a0     ft2.obj
 0003:0000a4a4       ?i@?1??do_new_current_values@@YAXXZ@4HA 004494a4     ft2.obj
 0003:0000a4a8       ?chan@?1??do_new_current_values@@YAXXZ@4HA 004494a8     ft2.obj
 0003:0000a4ac       ?x@?1??do_new_current_values@@YAXXZ@4IA 004494ac     ft2.obj
 0003:0000a4b0       ?d@?1??do_new_current_values@@YAXXZ@4NA 004494b0     ft2.obj
 0003:0000a4b8       ?should_be_visible@?1??do_new_current_values@@YAXXZ@4_NA 004494b8     ft2.obj
 0003:0000a4b9       ?show_channels_17_20@?1??do_new_current_values@@YAXXZ@4EA 004494b9     ft2.obj
 0003:0000a4bc       ?channel_mode@?1??do_new_current_values@@YAXXZ@4HA 004494bc     ft2.obj
 0003:0000a4c0       ?cmdchan@?1??do_new_current_values@@YAXXZ@4HA 004494c0     ft2.obj
 0003:0000a4c4       ?lvdtchan@?1??do_new_current_values@@YAXXZ@4HA 004494c4     ft2.obj
 0003:0000a4c8       ?s@?1??do_new_current_values@@YAXXZ@4VSTRING_CLASS@@A 004494c8     ft2.obj
 0003:0000a4d0       ?logs@?1??do_new_current_values@@YAXXZ@4VSTRING_CLASS@@A 004494d0     ft2.obj
 0003:0000a4d8       ?Last_Osw1@?1??do_new_alarm_output_values@@YAXXZ@4IA 004494d8     ft2.obj
 0003:0000a4dc       ?w@?1??current_values_dialog_proc@@YGHPAUHWND__@@IIJ@Z@4PAU2@A 004494dc     ft2.obj
 0003:0000a4e0       ?id@?1??current_values_dialog_proc@@YGHPAUHWND__@@IIJ@Z@4HA 004494e0     ft2.obj
 0003:0000a4e4       ?error_log_tbox_handle@?1??current_values_dialog_proc@@YGHPAUHWND__@@IIJ@Z@4PAU2@A 004494e4     ft2.obj
 0003:0000a4e8       ?s@?1??send_data_server_shot_notification@@YAXPAD0@Z@4VSTRING_CLASS@@A 004494e8     ft2.obj
 0003:0000a4f0       ?$S12@?1??send_data_server_shot_notification@@YAXPAD0@Z@4IA 004494f0     ft2.obj
 0003:0000a4f4       ?id@?1??main_proc@@YGJPAUHWND__@@IIJ@Z@4HA 004494f4     ft2.obj
 0003:0000a4f8       ?cmd@?1??main_proc@@YGJPAUHWND__@@IIJ@Z@4HA 004494f8     ft2.obj
 0003:0000a4fc       _SendEvent                 004494fc     board_monitor.obj
 0003:0000a500       _NewDataEvent              00449500     board_monitor.obj
 0003:0000a504       _Wsa_Is_Started            00449504     board_monitor.obj
 0003:0000a505       _Read_Thread_Is_Running    00449505     board_monitor.obj
 0003:0000a506       _ShuttingDown              00449506     board_monitor.obj
 0003:0000a510       _ReceivedAcks              00449510     board_monitor.obj
 0003:0000a534       _AckList                   00449534     board_monitor.obj
 0003:0000a558       _NewData                   00449558     board_monitor.obj
 0003:0000a57c       _SocketMessageStore        0044957c     board_monitor.obj
 0003:0000a5a0       _AckMessageStore           004495a0     board_monitor.obj
 0003:0000a5c4       _StdDown                   004495c4     board_monitor.obj
 0003:0000a5d0       _MyAddress                 004495d0     board_monitor.obj
 0003:0000a5e0       ?CycleStartIsVisible@?1??update_monitor_status@@YAXPAVFTII_BOARD_ENTRY@@PAD@Z@4EA 004495e0     board_monitor.obj
 0003:0000a5e4       ?empty@?1???ABOARD_EXTENDED_ANALOG_ARRAY@@QAEAAUBOARD_EXTENDED_ANALOG_ENTRY@@H@Z@4U2@A 004495e4     board_monitor.obj
 0003:0000a5f8       ?$S1@?1???ABOARD_EXTENDED_ANALOG_ARRAY@@QAEAAUBOARD_EXTENDED_ANALOG_ENTRY@@H@Z@4IA 004495f8     board_monitor.obj
 0003:0000a600       ?fp@?1??check_alarms@@YAXAAU_SYSTEMTIME@@PAVFTII_BOARD_ENTRY@@PAN@Z@4PAMA 00449600     board_monitor.obj
 0003:0000a6f0       ?opnumber@?1??current_operator@@YAPADAAVSTRING_CLASS@@0@Z@4PADA 004496f0     board_monitor.obj
 0003:0000a6fc       ?InputOnBackgroundBrush@?1??AutoShotDisplayProc@@YGHPAUHWND__@@IIJ@Z@4PAUHBRUSH__@@A 004496fc     board_monitor.obj
 0003:0000a700       ?s@?1??continue_connecting_one_board@@YAXH@Z@4VSTRING_CLASS@@A 00449700     board_monitor.obj
 0003:0000a708       ?$S3@?1??continue_connecting_one_board@@YAXH@Z@4IA 00449708     board_monitor.obj
 0003:0000a70c       ?finished@?1??new_data_thread@@YAXPAX@Z@4_NA 0044970c     board_monitor.obj
 0003:0000a710       ?last_check_time@?1??send_thread@@YAXPAX@Z@4IA 00449710     board_monitor.obj
 0003:0000a714       _EosComPort                00449714     shotsave.obj
 0003:0000a718       _EosComSetup               00449718     shotsave.obj
 0003:0000a71c       _EosHaveAlarmShot          0044971c     shotsave.obj
 0003:0000a720       _EosHaveWarningShot        00449720     shotsave.obj
 0003:0000a724       _EosHaveGoodShot           00449724     shotsave.obj
 0003:0000a728       _EosMachineName            00449728     shotsave.obj
 0003:0000a72c       _EosOutputFile             0044972c     shotsave.obj
 0003:0000a730       _EosOutputFileSetup        00449730     shotsave.obj
 0003:0000a734       _EosFixedWidth             00449734     shotsave.obj
 0003:0000a738       _EosNeedsStxEtx            00449738     shotsave.obj
 0003:0000a739       _EosOnlyIfNoAlarms         00449739     shotsave.obj
 0003:0000a73a       _SaveAllAlarmShots         0044973a     shotsave.obj
 0003:0000a73c       _SerialFile                0044973c     shotsave.obj
 0003:0000a740       _EosPyramidLines           00449740     shotsave.obj
 0003:0000a744       _EosEndFile                00449744     shotsave.obj
 0003:0000a74c       _EosStartFile              0044974c     shotsave.obj
 0003:0000a760       _ShowParam                 00449760     shotsave.obj
 0003:0000a79c       ?current_index@?1??save_all_shots@@YAXXZ@4HA 0044979c     shotsave.obj
 0003:0000a7ac       ?mse@?1??find@@YAPAUMACH_SKIP_ENTRY@@AAVSTRING_CLASS@@@Z@4PAU2@A 004497ac     skip.obj
 0003:0000a7b4       _DriveName                 004497b4     v5subs:exists.obj
 0003:0000a7b8       ?s@?1??ascii_double@@YAPADN@Z@4PADA 004497b8     v5subs:ascfloat.obj
 0003:0000a7e1       _NullChar                  004497e1     v5subs:extract.obj
 0003:0000a7e4       ?s@?1??int32toasc@@YAPADJ@Z@4PADA 004497e4     v5subs:itoasc.obj
 0003:0000a7f8       ?s@?1??ultoascii@@YAPADKK@Z@4PADA 004497f8     v5subs:itoasc.obj
 0003:0000a80c       _NullChar                  0044980c     v5subs:stringcl.obj
 0003:0000a810       _NullChar                  00449810     v5subs:nameclas.obj
 0003:0000a814       _EmptyString               00449814     v5subs:nameclas.obj
 0003:0000a81c       _MyComputer                0044981c     v5subs:nameclas.obj
 0003:0000a828       _SensorArray               00449828     v5subs:asensor.obj
 0003:0000a82c       _NofSensors                0044982c     v5subs:asensor.obj
 0003:0000a830       _EmptySensor               00449830     v5subs:asensor.obj
 0003:0000a87c       _NullChar                  0044987c     v5subs:fileclas.obj
 0003:0000a880       _NullChar                  00449880     v5subs:computer.obj
 0003:0000a884       _First                     00449884     v5subs:computer.obj
 0003:0000a888       _MyComputer                00449888     v5subs:computer.obj
 0003:0000a890       _NoComputer                00449890     v5subs:computer.obj
 0003:0000a898       _NofComputers              00449898     v5subs:computer.obj
 0003:0000a89c       _NullChar                  0044989c     v5subs:iniclass.obj
 0003:0000a89d       ?empty_string@?1??get_string@INI_CLASS@@QAEPADXZ@4PADA 0044989d     v5subs:iniclass.obj
 0003:0000a89e       _EmptyString               0044989e     v5subs:listbox.obj
 0003:0000a8a0       _NullChar                  004498a0     v5subs:machname.obj
 0003:0000a8a4       _EmptyString               004498a4     v5subs:machname.obj
 0003:0000a8ac       _EmptyString               004498ac     v5subs:msgclas.obj
 0003:0000a8b0       _RedBrush                  004498b0     v5subs:optocontrol.obj
 0003:0000a8b4       _YellowBrush               004498b4     v5subs:optocontrol.obj
 0003:0000a8b8       _FontList                  004498b8     v5subs:optocontrol.obj
 0003:0000a8bc       _NullChar                  004498bc     v5subs:param.obj
 0003:0000a8c0       _NullChar                  004498c0     v5subs:setpoint.obj
 0003:0000a8c4       _empty_entry               004498c4     v5subs:setpoint.obj
 0003:0000a8d4       _EmptyStringtableText      004498d4     v5subs:stringtable.obj
 0003:0000a8d8       _FontList                  004498d8     v5subs:stringtable.obj
 0003:0000a8dc       _NullChar                  004498dc     v5subs:stpres.obj
 0003:0000a8e0       _NullChar                  004498e0     v5subs:get_ini.obj
 0003:0000a8e8       _Buf                       004498e8     v5subs:get_ini.obj
 0003:0000a9e8       _NullChar                  004499e8     v5subs:mem.obj
 0003:0000a9ec       _MyMainWindow              004499ec     v5subs:client.obj
 0003:0000a9f0       _EventList                 004499f0     v5subs:client.obj
 0003:0000a9fc       _ServerNameHandle          004499fc     v5subs:client.obj
 0003:0000aa00       _DdeId                     00449a00     v5subs:client.obj
 0003:0000aa04       _ServerHandle              00449a04     v5subs:client.obj
 0003:0000aa08       ?s@?1??one_hot_link@@YAXPAUHCONV__@@FI@Z@4VSTRING_CLASS@@A 00449a08     v5subs:client.obj
 0003:0000aa10       ?$S1@?1??one_hot_link@@YAXPAUHCONV__@@FI@Z@4IA 00449a10     v5subs:client.obj
 0003:0000aa14       ?f@?1??one_hot_link@@YAXPAUHCONV__@@FI@Z@4VFILE_CLASS@@A 00449a14     v5subs:client.obj
 0003:0000aa38       ?e@?1??one_hot_link@@YAXPAUHCONV__@@FI@Z@4PAUEVENT_ENTRY@@A 00449a38     v5subs:client.obj
 0003:0000aa3c       _NofDCurves                00449a3c     v5subs:dcurve.obj
 0003:0000aa40       _DCurve                    00449a40     v5subs:dcurve.obj
 0003:0000aa44       _EmptyString               00449a44     v5subs:execwait.obj
 0003:0000aa48       _ExeDirectory              00449a48     v5subs:gexedir.obj
 0003:0000aa50       _NullChar                  00449a50     v5subs:fix.obj
 0003:0000aa54       ?s@?1??fixed_string@@YAPADNJJ@Z@4PADA 00449a54     v5subs:ftoasc.obj
 0003:0000aa80       ?s@?1??resource_string@@YAPADPAUHINSTANCE__@@I@Z@4PADA 00449a80     v5subs:winsubs.obj
 0003:0000ab80       _NullChar                  00449b80     v5subs:hex.obj
 0003:0000ab81       _NullChar                  00449b81     v5subs:insalph.obj
 0003:0000ab84       ?s@?1??alphadate@@YAPADABU_SYSTEMTIME@@@Z@4PADA 00449b84     v5subs:time.obj
 0003:0000ab90       ?s@?1??alphatime@@YAPADABU_SYSTEMTIME@@@Z@4PADA 00449b90     v5subs:time.obj
 0003:0000aba2       _NullChar                  00449ba2     v5subs:shift.obj
 0003:0000aba4       _EmptyString               00449ba4     v5subs:units.obj
 0003:0000aba8       _UnitsArray                00449ba8     v5subs:units.obj
 0003:0000abac       _NofUnits                  00449bac     v5subs:units.obj
 0003:0000abb0       _OldCursor                 00449bb0     v5subs:hourglas.obj
 0003:0000abb4       _RefCount                  00449bb4     v5subs:hourglas.obj
 0003:0000abb8       _TempMessageWindow         00449bb8     v5subs:temp_message.obj
 0003:0000abbc       _TempMessage               00449bbc     v5subs:temp_message.obj
 0003:0000abc0       _TempMessageLen            00449bc0     v5subs:temp_message.obj
 0003:0000abc4       _TempMessageTimeoutMs      00449bc4     v5subs:temp_message.obj
 0003:0000abc8       _CenterTempMessage         00449bc8     v5subs:temp_message.obj
 0003:0000abcc       ?timer_id@?1??temp_message_proc@@YGJPAUHWND__@@IIJ@Z@4IA 00449bcc     v5subs:temp_message.obj
 0003:0000abd0       _NullChar                  00449bd0     v5subs:textlist.obj
 0003:0000abd4       ?st@?1??system_time@TIME_CLASS@@QAEAAU_SYSTEMTIME@@XZ@4U3@A 00449bd4     v5subs:timeclas.obj
 0003:0000abe4       ?ft@?1??file_time@TIME_CLASS@@QAEAAU_FILETIME@@XZ@4U3@A 00449be4     v5subs:timeclas.obj
 0003:0000abec       ?s@?1??text@TIME_CLASS@@QAEPADXZ@4PADA 00449bec     v5subs:timeclas.obj
 0003:0000ac00       ?s@?1??mmddyyyy@TIME_CLASS@@QAEPADXZ@4PADA 00449c00     v5subs:timeclas.obj
 0003:0000ac0c       ?s@?1??hhmmss@TIME_CLASS@@QAEPADXZ@4PADA 00449c0c     v5subs:timeclas.obj
 0003:0000ac18       _BorderHeight              00449c18     v5subs:menuctrl.obj
 0003:0000ac1c       _BorderWidth               00449c1c     v5subs:menuctrl.obj
 0003:0000ac20       _FontList                  00449c20     v5subs:menuctrl.obj
 0003:0000ac24       ?hex@?1??append_value@FTII_VAR@@QAE_NAAVSTRING_CLASS@@@Z@4PADA 00449c24     v5subs:ftiiclas.obj
 0003:0000ac37       _NullChar                  00449c37     v5subs:ftii_shot_data.obj
 0003:0000ac38       _EmptyString               00449c38     v5subs:ftii_shot_data.obj
 0003:0000ac40       ?empty_double@?1???ADOUBLE_ARRAY_CLASS@@QAEAANJ@Z@4NA 00449c40     v5subs:array.obj
 0003:0000ac48       _EmptyString               00449c48     v5subs:ftanalog.obj
 0003:0000ac4c       _Empty                     00449c4c     v5subs:runlist.obj
 0003:0000ac58       ?es@?1??cat@STDDOWN_CLASS@@QAEPADXZ@4PADA 00449c58     v5subs:stddown.obj
 0003:0000ac59       ?es@?1??subcat@STDDOWN_CLASS@@QAEPADXZ@4PADA 00449c59     v5subs:stddown.obj
 0003:0000ac5c       ?name@?1??category_name@@YAPADPAD@Z@4PADA 00449c5c     v5subs:downsubs.obj
 0003:0000ac6c       ?number@?1??category_name@@YAPADPAD@Z@4PADA 00449c6c     v5subs:downsubs.obj
 0003:0000ac70       ?cat@?1??subcategory_name@@YAPADPAD0@Z@4PADA 00449c70     v5subs:downsubs.obj
 0003:0000ac74       ?subcat@?1??subcategory_name@@YAPADPAD0@Z@4PADA 00449c74     v5subs:downsubs.obj
 0003:0000ac78       ?name@?1??subcategory_name@@YAPADPAD0@Z@4PADA 00449c78     v5subs:downsubs.obj
 0003:0000ac88       _NullChar                  00449c88     v5subs:path.obj
 0003:0000ac90       ?name@?1??dynamic_file_name@@YAPADAAVTIME_CLASS@@AAUPART_NAME_ENTRY@@PBD@Z@4PADA 00449c90     v5subs:dynamic_file_name.obj
 0003:0000ad98       _T                         00449d98     v5subs:semaphor.obj
 0003:0000adc4       ?s@?1??full_name@WORKER_LIST_CLASS@@QAEPADXZ@4PADA 00449dc4     v5subs:workclas.obj
 0003:0000ade4       _Msg                       00449de4     v5subs:error_ms.obj
 0003:0000ae24       _OVERWRITE_EXISTING        00449e24     v5subs:callfile.obj
 0003:0000ae30       _GS_ExceptionRecord        00449e30     LIBCMT:gs_report.obj
 0003:0000ae80       _GS_ContextRecord          00449e80     LIBCMT:gs_report.obj
 0003:0000b14c       _DebuggerWasPresent        0044a14c     LIBCMT:gs_report.obj
 0003:0000b19c       ___type_info_root_node     0044a19c     LIBCMT:typname.obj
 0003:0000b2b0       ?_pgmname@?1??_setargv@@9@9 0044a2b0     LIBCMT:stdargv.obj
 0003:0000b3c0       ?outmsg@?9??_NMSG_WRITE@@9@9 0044a3c0     LIBCMT:crt0msg.obj
 0003:0000ba04       _fSystemSet                0044aa04     LIBCMT:mbctype.obj
 0003:0000ba0c       __pmatherr_set             0044aa0c     LIBCMT:libm_error.obj
 0003:0000ba18       _lclcritsects              0044aa18     LIBCMT:mlock.obj
 0003:0000bb70       _ctrlc_action              0044ab70     LIBCMT:winsig.obj
 0003:0000bb74       _ctrlbreak_action          0044ab74     LIBCMT:winsig.obj
 0003:0000bb78       _abort_action              0044ab78     LIBCMT:winsig.obj
 0003:0000bb7c       _term_action               0044ab7c     LIBCMT:winsig.obj
 0003:0000bb80       _ConsoleCtrlHandler_Installed 0044ab80     LIBCMT:winsig.obj
 0003:0000bb84       _g_pfnRtlGenRandom         0044ab84     LIBCMT:rand_s.obj
 0003:0000bbb8       _heap                      0044abb8     LIBCMT:undname.obj
 0003:0000bbd4       ?pfnMessageBox@?1??__crtMessageBoxW@@9@9 0044abd4     LIBCMT:crtmboxw.obj
 0003:0000bbd8       ?pfnGetActiveWindow@?1??__crtMessageBoxW@@9@9 0044abd8     LIBCMT:crtmboxw.obj
 0003:0000bbdc       ?pfnGetLastActivePopup@?1??__crtMessageBoxW@@9@9 0044abdc     LIBCMT:crtmboxw.obj
 0003:0000bbe0       ?pfnGetProcessWindowStation@?1??__crtMessageBoxW@@9@9 0044abe0     LIBCMT:crtmboxw.obj
 0003:0000bbe4       ?pfnGetUserObjectInformation@?1??__crtMessageBoxW@@9@9 0044abe4     LIBCMT:crtmboxw.obj
 0003:0000bbf0       ___crtCallProc             0044abf0     LIBCMT:winapinls.obj
 0004:00000aa0       $R000000                   0044caa0     ft2.res
 0004:00000ce0       $R000240                   0044cce0     ft2.res
 0004:00000d70       $R0002D0                   0044cd70     ft2.res
 0004:00001048       $R0005A8                   0044d048     ft2.res
 0004:000021d0       $R001730                   0044e1d0     ft2.res
 0004:000025f0       $R001B50                   0044e5f0     ft2.res
 0004:00002828       $R001D88                   0044e828     ft2.res
 0004:00002ec8       $R002428                   0044eec8     ft2.res
 0004:00002fd8       $R002538                   0044efd8     ft2.res
 0004:00003268       $R0027C8                   0044f268     ft2.res
 0004:000037c8       $R002D28                   0044f7c8     ft2.res
 0004:000038c0       $R002E20                   0044f8c0     ft2.res
 0004:00003e30       $R003390                   0044fe30     ft2.res
 0004:00004058       $R0035B8                   00450058     ft2.res
 0004:000044a8       $R003A08                   004504a8     ft2.res
 0004:000045e8       $R003B48                   004505e8     ft2.res
 0004:000048d8       $R003E38                   004508d8     ft2.res
 0004:00004a50       $R003FB0                   00450a50     ft2.res
 0004:00004ae8       $R004048                   00450ae8     ft2.res
 0004:00004b40       $R0040A0                   00450b40     ft2.res
 0004:00004d00       $R004260                   00450d00     ft2.res
 0004:00005120       $R004680                   00451120     ft2.res
 0004:000052e8       $R004848                   004512e8     ft2.res
 0004:000055d0       $R004B30                   004515d0     ft2.res
 0004:000056f8       $R004C58                   004516f8     ft2.res
 0004:00005720       $R004C80                   00451720     ft2.res
 0004:00005780       $R004CE0                   00451780     ft2.res
 0004:00005b60       $R0050C0                   00451b60     ft2.res
 0004:00005d88       $R0052E8                   00451d88     ft2.res
 0004:00006058       $R0055B8                   00452058     ft2.res
 0004:000062e0       $R005840                   004522e0     ft2.res
 0004:000064a0       $R005A00                   004524a0     ft2.res
 0004:00006668       $R005BC8                   00452668     ft2.res
