 ft2

 Timestamp is 68232ce5 (Tue May 13 07:28:37 2025)

 Preferred load address is 00400000

 Start         Length     Name                   Class
 0001:00000000 00000915H .text$di                CODE
 0001:00000920 0003cfd8H .text$mn                CODE
 0001:0003d8f8 0000061cH .text$yd                CODE
 0002:00000000 0000038cH .idata$5                DATA
 0002:0000038c 00000004H .CRT$XCA                DATA
 0002:00000390 000001d4H .CRT$XCU                DATA
 0002:00000564 00000004H .CRT$XCZ                DATA
 0002:00000568 00000004H .CRT$XIA                DATA
 0002:0000056c 00000014H .CRT$XIC                DATA
 0002:00000580 00000004H .CRT$XIY                DATA
 0002:00000584 00000004H .CRT$XIZ                DATA
 0002:00000588 00000004H .CRT$XPA                DATA
 0002:0000058c 00000008H .CRT$XPX                DATA
 0002:00000594 00000004H .CRT$XPXA               DATA
 0002:00000598 00000004H .CRT$XPZ                DATA
 0002:0000059c 00000004H .CRT$XTA                DATA
 0002:000005a0 00000004H .CRT$XTZ                DATA
 0002:000005b0 00009be0H .rdata                  DATA
 0002:0000a190 00000294H .rdata$r                DATA
 0002:0000a430 0000000cH .rdata$sxdata           DATA
 0002:0000a43c 00000004H .rtc$IAA                DATA
 0002:0000a440 00000004H .rtc$IZZ                DATA
 0002:0000a444 00000004H .rtc$TAA                DATA
 0002:0000a448 00000004H .rtc$TZZ                DATA
 0002:0000a450 0000036cH .xdata$x                DATA
 0002:0000a7bc 00000000H .edata                  DATA
 0002:0000a7bc 00000078H .idata$2                DATA
 0002:0000a834 00000014H .idata$3                DATA
 0002:0000a848 0000038cH .idata$4                DATA
 0002:0000abd4 00000e16H .idata$6                DATA
 0003:00000000 00004424H .data                   DATA
 0003:00004424 00000104H .data$r                 DATA
 0003:00004540 0000af40H .bss                    DATA
 0004:00000000 00000a94H .rsrc$01                DATA
 0004:00000aa0 000062c0H .rsrc$02                DATA

  Address         Publics by Value              Rva+Base       Lib:Object

 0000:00000000       ___guard_fids_count        00000000     <absolute>
 0000:00000000       ___guard_flags             00000000     <absolute>
 0000:00000000       __except_list              00000000     <absolute>
 0000:00000000       ___guard_fids_table        00000000     <absolute>
 0000:00000003       ___safe_se_handler_count   00000003     <absolute>
 0000:00000000       ___ImageBase               00400000     <linker-defined>
 0001:00000920       ??0BIT_CONTROL@@QAE@XZ     00401920 f i ft2.obj
 0001:00000941       ??0DOWN_DATA_CLASS@@QAE@ABV0@@Z 00401941 f i ft2.obj
 0001:000009ae       ??0EXTERNAL_PARAMETER_FILE_CLASS@@QAE@XZ 004019ae f   ft2.obj
 0001:000009c8       ??1EXTERNAL_PARAMETER_FILE_CLASS@@QAE@XZ 004019c8 f   ft2.obj
 0001:000009dc       ??1MACHINE_CLASS@@QAE@XZ   004019dc f i ft2.obj
 0001:00000a3b       ??1PARAMETER_CLASS@@QAE@XZ 00401a3b f i ft2.obj
 0001:00000a73       ??1PARAMETER_ENTRY@@QAE@XZ 00401a73 f i ft2.obj
 0001:00000a9e       ??1PART_NAME_ENTRY@@QAE@XZ 00401a9e f i ft2.obj
 0001:00000a9e       ??1WIRE_NAME_ENTRY@@QAE@XZ 00401a9e f i v5subs:wire_class.obj
 0001:00000ab9       ??4EXTERNAL_PARAMETER_FILE_CLASS@@QAEXABV0@@Z 00401ab9 f   ft2.obj
 0001:00000ae2       ??4FTII_VAR@@UAEXABV0@@Z   00401ae2 f i ft2.obj
 0001:00000af5       ??4FTII_VAR@@UAEXH@Z       00401af5 f i ft2.obj
 0001:00000af5       ??4FTII_VAR@@UAEXI@Z       00401af5 f i ft2.obj
 0001:00000aff       ??_EEXTERNAL_PARAMETER_FILE_CLASS@@QAEPAXI@Z 00401aff f i ft2.obj
 0001:00000b54       ??_EFTII_VAR_ARRAY@@UAEPAXI@Z 00401b54 f i ft2.obj
 0001:00000b54       ??_GFTII_VAR_ARRAY@@UAEPAXI@Z 00401b54 f i ft2.obj
 0001:00000ced       ?alt_step_text@@YAPA_WXZ   00401ced f   ft2.obj
 0001:00000e8e       ?ascii_volts_to_ft2_volts@@YAPA_WPA_W@Z 00401e8e f   ft2.obj
 0001:00000f4a       ?begin_checking_for_external_parameter_file@@YAXPA_W@Z 00401f4a f   ft2.obj
 0001:00001053       ?canexit@@YA_NXZ           00402053 f   ft2.obj
 0001:000013d5       ?choose_monitor_machine_dialog_proc@@YGHPAUHWND__@@IIJ@Z 004023d5 f   ft2.obj
 0001:0000143f       ?compare_variables_dialog_proc@@YGHPAUHWND__@@IIJ@Z 0040243f f   ft2.obj
 0001:000015e5       ?control_mods_dialog_proc@@YGHPAUHWND__@@IIJ@Z 004025e5 f   ft2.obj
 0001:000028b3       ?current_lvdt_feedback_index@@YAHH@Z 004038b3 f   ft2.obj
 0001:000028d2       ?current_measured_command_index@@YAIH@Z 004038d2 f   ft2.obj
 0001:000028f1       ?current_values_dialog_proc@@YGHPAUHWND__@@IIJ@Z 004038f1 f   ft2.obj
 0001:00002d0b       ?deactivate_control_dialog_proc@@YGHPAUHWND__@@IIJ@Z 00403d0b f   ft2.obj
 0001:00002d63       ?delete_file@NAME_CLASS@@QAEEXZ 00403d63 f i ft2.obj
 0001:000048df       ?do_new_set_null_ascii_data@@YAXJ@Z 004058df f   ft2.obj
 0001:00004c13       ?edit_control_proc@@YGJPAUHWND__@@IIJ@Z 00405c13 f   ft2.obj
 0001:00004d8a       ?end_upload_flash_dialog@@YAXXZ 00405d8a f   ft2.obj
 0001:00004e5e       ?fatal_error_string@@YAPA_WH@Z 00405e5e f   ft2.obj
 0001:00004e93       ?file_exists@NAME_CLASS@@QAEEXZ 00405e93 f i ft2.obj
 0001:0000545e       ?ft2_control_program_name@@YAPA_WHAAVMACHINE_CLASS@@@Z 0040645e f   ft2.obj
 0001:000054bd       ?ft2_test_dialog_proc@@YGHPAUHWND__@@IIJ@Z 004064bd f   ft2.obj
 0001:00005515       ?ft2_volts_toascii@@YAPA_WPA_W@Z 00406515 f   ft2.obj
 0001:00005b92       ?get_help@@YAXXZ           00406b92 f   ft2.obj
 0001:00005c2d       ?get_hires_sensor_test_config@@YAXPAUHWND__@@@Z 00406c2d f   ft2.obj
 0001:00005dbd       ?get_profile_ii_name@NAME_CLASS@@QAEEAAVSTRING_CLASS@@000@Z 00406dbd f i ft2.obj
 0001:00005e09       ?global_parameter_dialog_proc@@YGHPAUHWND__@@IIJ@Z 00406e09 f   ft2.obj
 0001:00005f0f       ?hires_sensor_test_dialog_proc@@YGHPAUHWND__@@IIJ@Z 00406f0f f   ft2.obj
 0001:00006103       ?init@@YAEH@Z              00407103 f   ft2.obj
 0001:00006eb6       ?kill_log_file@@YAXXZ      00407eb6 f   ft2.obj
 0001:00007613       ?load_one_machine_only@@YAXPAUHWND__@@@Z 00408613 f   ft2.obj
 0001:00007880       ?log_als_file@@YAXAAVSTRING_CLASS@@@Z 00408880 f   ft2.obj
 0001:00007a44       ?main_proc@@YGJPAUHWND__@@IIJ@Z 00408a44 f   ft2.obj
 0001:000082a8       ?need_brush@@YA_NPAUHWND__@@@Z 004092a8 f   ft2.obj
 0001:000083d3       ?new_downtime_callback@@YAXPA_WFPAUHDDEDATA__@@@Z 004093d3 f   ft2.obj
 0001:00008446       ?new_monitor_setup_callback@@YAXPA_WFPAUHDDEDATA__@@@Z 00409446 f   ft2.obj
 0001:000086ed       ?output_list_dialog_proc@@YGHPAUHWND__@@IIJ@Z 004096ed f   ft2.obj
 0001:00008bad       ?password_level_callback@@YAXPA_WFPAUHDDEDATA__@@@Z 00409bad f   ft2.obj
 0001:00008cff       ?plot_min_callback@@YAXPA_WFPAUHDDEDATA__@@@Z 00409cff f   ft2.obj
 0001:00008f78       ?poke_newshot_message@@YAXIJ@Z 00409f78 f   ft2.obj
 0001:00009390       ?push_log_message@@YAXPA_W@Z 0040a390 f   ft2.obj
 0001:00009444       ?put_hires_sensor_test_config@@YAXPAUHWND__@@@Z 0040a444 f   ft2.obj
 0001:00009815       ?release_dc@WINDOW_CLASS@@QAEHPAUHDC__@@@Z 0040a815 f i ft2.obj
 0001:00009905       ?resource_message_box@@YAXII@Z 0040a905 f   ft2.obj
 0001:00009970       ?resource_string@@YA_NAAVSTRING_CLASS@@I@Z 0040a970 f   ft2.obj
 0001:0000b0a4       ?send_lvdt_offset_to_board@@YA_NXZ 0040c0a4 f   ft2.obj
 0001:0000b205       ?send_null_offset_to_board@@YA_NXZ 0040c205 f   ft2.obj
 0001:0000b2c6       ?send_output_bits_to_current_machine@@YAXIE@Z 0040c2c6 f   ft2.obj
 0001:0000b318       ?send_set_dac_command@@YAXH@Z 0040c318 f   ft2.obj
 0001:0000bbd8       ?set_control_y@@YAXHI@Z    0040cbd8 f   ft2.obj
 0001:0000c2f9       ?set_dac_dialog_proc@@YGHPAUHWND__@@IIJ@Z 0040d2f9 f   ft2.obj
 0001:0000c728       ?set_null_dialog_proc@@YGHPAUHWND__@@IIJ@Z 0040d728 f   ft2.obj
 0001:0000cf03       ?shutdown_status_dialog_proc@@YGHPAUHWND__@@IIJ@Z 0040df03 f   ft2.obj
 0001:0000d258       ?start_if_ok_to_deactivate@@YAXAAVWINDOW_CLASS@@@Z 0040e258 f   ft2.obj
 0001:0000d27f       ?status_proc@@YGJPAUHWND__@@IIJ@Z 0040e27f f   ft2.obj
 0001:0000d60d       ?stop_checking_for_external_parameter_file@@YAXPA_W@Z 0040e60d f   ft2.obj
 0001:0000d77e       ?terminal_proc@@YGJPAUHWND__@@IIJ@Z 0040e77e f   ft2.obj
 0001:0000d87e       ?test_alarm_outputs_dialog_proc@@YGHPAUHWND__@@IIJ@Z 0040e87e f   ft2.obj
 0001:0000dba9       ?toggle_save_shot_name_files@@YAXXZ 0040eba9 f   ft2.obj
 0001:0000de1a       ?update_optos@@YAXII@Z     0040ee1a f   ft2.obj
 0001:0000df2c       ?upload_aborted_dialog_proc@@YGHPAUHWND__@@IIJ@Z 0040ef2c f   ft2.obj
 0001:0000e00b       ?upload_flash_dialog_proc@@YGHPAUHWND__@@IIJ@Z 0040f00b f   ft2.obj
 0001:0000e046       ?valve_test_dialog_proc@@YGHPAUHWND__@@IIJ@Z 0040f046 f   ft2.obj
 0001:0000e277       ?warning_error_string@@YAPA_WH@Z 0040f277 f   ft2.obj
 0001:0000e39f       _WinMain@16                0040f39f f   ft2.obj
 0001:0000e58f       ??0DSTAT_CLASS@@QAE@XZ     0040f58f f i board_monitor.obj
 0001:0000e5b0       ??0FTANALOG_CLASS@@QAE@XZ  0040f5b0 f i board_monitor.obj
 0001:0000e5cd       ??0FTII_BOARD_ENTRY@@QAE@XZ 0040f5cd f   board_monitor.obj
 0001:0000e73e       ??1FTANALOG_CLASS@@QAE@XZ  0040f73e f i board_monitor.obj
 0001:0000e759       ??1FTCALC_CLASS@@QAE@XZ    0040f759 f i board_monitor.obj
 0001:0000e79a       ??1FTII_BOARD_ENTRY@@QAE@XZ 0040f79a f   board_monitor.obj
 0001:0000e84f       ??ABOARD_EXTENDED_ANALOG_ARRAY@@QAEAAUBOARD_EXTENDED_ANALOG_ENTRY@@H@Z 0040f84f f   board_monitor.obj
 0001:0000e8a2       ??_EFTII_BOARD_ENTRY@@QAEPAXI@Z 0040f8a2 f i board_monitor.obj
 0001:0000e8fd       ?AutoShotDisplayProc@@YGHPAUHWND__@@IIJ@Z 0040f8fd f   board_monitor.obj
 0001:0000e9c2       ?add_binary_to_shotdata@FTII_BOARD_ENTRY@@QAEXXZ 0040f9c2 f   board_monitor.obj
 0001:0000ea80       ?append_downtime_record@@YAEAAVSTRING_CLASS@@00AAU_SYSTEMTIME@@PA_W2@Z 0040fa80 f   board_monitor.obj
 0001:0000eb5c       ?begin_monitoring@@YA_NXZ  0040fb5c f   board_monitor.obj
 0001:0000eeb3       ?check_external_alarms@@YAXAAVSTRING_CLASS@@PAN@Z 0040feb3 f   board_monitor.obj
 0001:0000f342       ?check_for_down@@YAXXZ     00410342 f   board_monitor.obj
 0001:0000f61c       ?check_for_extended_channel_value@FTII_BOARD_ENTRY@@QAEXPA_W@Z 0041061c f   board_monitor.obj
 0001:0000f8f3       ?check_inputs@FTII_BOARD_ENTRY@@QAEXPA_W@Z 004108f3 f   board_monitor.obj
 0001:0000fc46       ?cleanup@STDDOWN_CLASS@@QAEXXZ 00410c46 f i board_monitor.obj
 0001:0000fc62       ?clear@BOARD_EXTENDED_ANALOG_ARRAY@@QAEXXZ 00410c62 f   board_monitor.obj
 0001:0000fc62       ??1BOARD_EXTENDED_ANALOG_ARRAY@@QAE@XZ 00410c62 f   board_monitor.obj
 0001:0000fc7d       ?clear_all_alarm_bits@FTII_BOARD_ENTRY@@QAEXXZ 00410c7d f   board_monitor.obj
 0001:0000fc94       ?clearwire@FTII_BOARD_ENTRY@@QAEXH@Z 00410c94 f   board_monitor.obj
 0001:00010063       ?convert_io_change_to_ascii@@YAXHPAUSOCKET_MESSAGE@@@Z 00411063 f   board_monitor.obj
 0001:000100c1       ?current_board_index@@YAHXZ 004110c1 f   board_monitor.obj
 0001:000100cd       ?current_board_number@@YAHXZ 004110cd f   board_monitor.obj
 0001:000100e9       ?current_channel_mode@@YAHXZ 004110e9 f   board_monitor.obj
 0001:00010112       ?current_operator@@YAPA_WAAVSTRING_CLASS@@0@Z 00411112 f   board_monitor.obj
 0001:000101a0       ?current_upload_file_name@@YAPA_WXZ 004111a0 f   board_monitor.obj
 0001:000101ca       ?current_version@@YAHXZ    004111ca f   board_monitor.obj
 0001:000101e7       ?current_version_string@@YAPA_WXZ 004111e7 f   board_monitor.obj
 0001:000104a9       ?display_board_info@@YAXXZ 004114a9 f   board_monitor.obj
 0001:00010cc9       ?get_alarm_bits@FTII_BOARD_ENTRY@@QAEXXZ 00411cc9 f   board_monitor.obj
 0001:00010d71       ?get_channel_mode@@YAXHPAD@Z 00411d71 f   board_monitor.obj
 0001:00010e0e       ?get_config_word@FTII_BOARD_ENTRY@@QAEXPA_W@Z 00411e0e f   board_monitor.obj
 0001:00010e39       ?get_parameter_alarm_bits@FTII_BOARD_ENTRY@@QAEIXZ 00411e39 f   board_monitor.obj
 0001:00010eea       ?init@BOARD_EXTENDED_ANALOG_ARRAY@@QAEEH@Z 00411eea f   board_monitor.obj
 0001:00010f7f       ?is_suretrak_controlled@@YAEH@Z 00411f7f f   board_monitor.obj
 0001:00010fa5       ?issue_downtime_event@@YAXAAVSTRING_CLASS@@00AAU_SYSTEMTIME@@PA_W2@Z 00411fa5 f   board_monitor.obj
 0001:00010fe3       ?load_ftii_boards@@YAHXZ   00411fe3 f   board_monitor.obj
 0001:000112db       ?load_the_current_machine_at_this_board@@YAXAAVFTII_BOARD_ENTRY@@@Z 004122db f   board_monitor.obj
 0001:00011be4       ?log_network_error@@YAXH@Z 00412be4 f   board_monitor.obj
 0001:00011e1c       ?new_data_thread@@YAXPAX@Z 00412e1c f   board_monitor.obj
 0001:000122c9       ?position_auto_shot_display@@YAXXZ 004132c9 f   board_monitor.obj
 0001:0001235c       ?post_new_data_message@@YAXAAVSTRING_CLASS@@@Z 0041335c f   board_monitor.obj
 0001:000123b8       ?put_version_string@FTII_BOARD_ENTRY@@QAEXXZ 004133b8 f   board_monitor.obj
 0001:00012444       ?read_thread@@YAXPAX@Z     00413444 f   board_monitor.obj
 0001:00012687       ?save_shot@FTII_BOARD_ENTRY@@QAEXXZ 00413687 f   board_monitor.obj
 0001:00012aa0       ?send_bits@FTII_BOARD_ENTRY@@QAEXI_N@Z 00413aa0 f   board_monitor.obj
 0001:00012b1d       ?send_command@@YAXAAVSTRING_CLASS@@PA_W_N@Z 00413b1d f   board_monitor.obj
 0001:00012d20       ?send_socket_message@FTII_BOARD_ENTRY@@QAE_NPA_W_N@Z 00413d20 f   board_monitor.obj
 0001:00012dfb       ?send_thread@@YAXPAX@Z     00413dfb f   board_monitor.obj
 0001:0001347c       ?set@PART_NAME_ENTRY@@QAEXAAVSTRING_CLASS@@00@Z 0041447c f i board_monitor.obj
 0001:0001347c       ?set_part@ALARM_SUMMARY_CLASS@@QAEXAAVSTRING_CLASS@@00@Z 0041447c f i v5subs:alarmsum.obj
 0001:000134a4       ?set_connect_state@FTII_BOARD_ENTRY@@QAEXI@Z 004144a4 f   board_monitor.obj
 0001:0001352e       ?set_extended_analog_bits@FTII_BOARD_ENTRY@@QAEXXZ 0041452e f   board_monitor.obj
 0001:0001367d       ?setwire@FTII_BOARD_ENTRY@@QAEXH@Z 0041467d f   board_monitor.obj
 0001:0001369f       ?start_chars_are_equal@@YA_NPB_WPBD@Z 0041469f f   board_monitor.obj
 0001:000136e1       ?start_of_binary_data@@YAXHPAUBINARY_HEADER@@@Z 004146e1 f   board_monitor.obj
 0001:000139b9       ?stop_monitoring@@YAXXZ    004149b9 f   board_monitor.obj
 0001:00013b2f       ?update_downtime@@YAXVDOWN_DATA_CLASS@@@Z 00414b2f f   board_monitor.obj
 0001:00013ef5       ?upload_control_file@FTII_BOARD_ENTRY@@QAE_NXZ 00414ef5 f   board_monitor.obj
 0001:000148c7       ?wirebit@@YAIH@Z           004158c7 f   board_monitor.obj
 0001:00014b89       ??0PROFILE_NAME_ENTRY@@QAE@XZ 00415b89 f i shotsave.obj
 0001:00014bad       ??0SHOT_BUFFER_ENTRY@@QAE@XZ 00415bad f i shotsave.obj
 0001:00014bdc       ??1PROFILE_NAME_ENTRY@@QAE@XZ 00415bdc f i shotsave.obj
 0001:00014bff       ??1SHOT_BUFFER_ENTRY@@QAE@XZ 00415bff f i shotsave.obj
 0001:00014c1e       ?add_to_shotsave@@YA_N_N0AAUPART_NAME_ENTRY@@AAVFTII_FILE_DATA@@AAVDOUBLE_ARRAY_CLASS@@@Z 00415c1e f   shotsave.obj
 0001:00014d45       ?create@VDB_CLASS@@QAE_NAAVSTRING_CLASS@@@Z 00415d45 f i shotsave.obj
 0001:00014ebd       ?directory_exists@NAME_CLASS@@QAEEXZ 00415ebd f i shotsave.obj
 0001:00014efa       ?get@WRITE_CSV_SHOT_FILE@@QAEEAAUPROFILE_NAME_ENTRY@@@Z 00415efa f   shotsave.obj
 0001:00015111       ?get_ini_char@@YAPA_WPA_W0@Z 00416111 f   shotsave.obj
 0001:00015164       ?has_any_limits@PARAMETER_ENTRY@@QAEEXZ 00416164 f i shotsave.obj
 0001:00015181       ?init_serial_port@@YAXXZ   00416181 f   shotsave.obj
 0001:00015efb       ?nextshot@@YAEPAUSHOT_BUFFER_ENTRY@@@Z 00416efb f   shotsave.obj
 0001:000162fd       ?put_alpha@DB_TABLE@@QAEEGAAVSTRING_CLASS@@F@Z 004172fd f i shotsave.obj
 0001:0001631f       ?save_all_shots@@YAXXZ     0041731f f   shotsave.obj
 0001:0001635a       ?save_shot@@YAXPAUSHOT_BUFFER_ENTRY@@@Z 0041735a f   shotsave.obj
 0001:00016a1c       ?shotsave_thread@@YAXPAX@Z 00417a1c f   shotsave.obj
 0001:00016b08       ?start_shotsave_thread@@YAXXZ 00417b08 f   shotsave.obj
 0001:00017c58       ?write_ftii_parameters@@YAEPAUSHOT_BUFFER_ENTRY@@AAU_SYSTEMTIME@@G@Z 00418c58 f   shotsave.obj
 0001:00018455       ?write_std_units_csv_file@@YAEAAVSTRING_CLASS@@PAUSHOT_BUFFER_ENTRY@@@Z 00419455 f   shotsave.obj
 0001:00018a89       ?max_parameters_saved@@YAJAAVSTRING_CLASS@@@Z 00419a89 f   skip.obj
 0001:00018a9e       ?max_profiles_saved@@YAJAAVSTRING_CLASS@@@Z 00419a9e f   skip.obj
 0001:00018b30       ?skip_new_shot_notify@@YAGAAVSTRING_CLASS@@U_FILETIME@@@Z 00419b30 f   skip.obj
 0001:00018b7d       ?skip_reset_machine@@YAEAAVSTRING_CLASS@@@Z 00419b7d f   skip.obj
 0001:00018b96       ?skip_shutdown@@YAXXZ      00419b96 f   skip.obj
 0001:00018bca       ?skip_startup@@YAEXZ       00419bca f   skip.obj
 0001:00018bcd       ??0UPLOAD_COPY_CLASS@@QAE@XZ 00419bcd f   upload_copy_class.obj
 0001:00018bf3       ??1UPLOAD_COPY_CLASS@@QAE@XZ 00419bf3 f   upload_copy_class.obj
 0001:00018c10       ?init@UPLOAD_COPY_CLASS@@QAEXXZ 00419c10 f   upload_copy_class.obj
 0001:00018c33       ?isnew@UPLOAD_COPY_CLASS@@QAE_NAAVSTRING_CLASS@@@Z 00419c33 f   upload_copy_class.obj
 0001:00018d03       ?load@UPLOAD_COPY_CLASS@@QAEIVSTRING_CLASS@@00@Z 00419d03 f   upload_copy_class.obj
 0001:00018e28       ?save@UPLOAD_COPY_CLASS@@QAEIVSTRING_CLASS@@00@Z 00419e28 f   upload_copy_class.obj
 0001:00018f62       _DdeGetData@16             00419f62 f   user32:USER32.dll
 0001:00018f68       _bind@12                   00419f68 f   wsock32:WSOCK32.dll
 0001:00018f6e       _closesocket@4             00419f6e f   wsock32:WSOCK32.dll
 0001:00018f74       _htonl@4                   00419f74 f   wsock32:WSOCK32.dll
 0001:00018f7a       _htons@4                   00419f7a f   wsock32:WSOCK32.dll
 0001:00018f80       _inet_addr@4               00419f80 f   wsock32:WSOCK32.dll
 0001:00018f86       _recvfrom@24               00419f86 f   wsock32:WSOCK32.dll
 0001:00018f8c       _sendto@24                 00419f8c f   wsock32:WSOCK32.dll
 0001:00018f92       _socket@12                 00419f92 f   wsock32:WSOCK32.dll
 0001:00018f98       _gethostbyname@4           00419f98 f   wsock32:WSOCK32.dll
 0001:00018f9e       _gethostname@8             00419f9e f   wsock32:WSOCK32.dll
 0001:00018fa4       _WSAStartup@8              00419fa4 f   wsock32:WSOCK32.dll
 0001:00018faa       _WSACleanup@0              00419faa f   wsock32:WSOCK32.dll
 0001:00018fb0       _WSAGetLastError@0         00419fb0 f   wsock32:WSOCK32.dll
 0001:00018fb6       ?directory_exists@@YAEPA_W@Z 00419fb6 f   v5subs:exists.obj
 0001:00018fd9       ?disk_is_in_drive@@YAEPA_W@Z 00419fd9 f   v5subs:exists.obj
 0001:00019011       ?file_exists@@YAEPA_W@Z    0041a011 f   v5subs:exists.obj
 0001:00019023       ?file_size@@YAJPA_W@Z      0041a023 f   v5subs:exists.obj
 0001:000190f9       ?get_drive_name@@YAEPA_W@Z 0041a0f9 f   v5subs:exists.obj
 0001:00019130       ?is_removable@@YAEPA_W@Z   0041a130 f   v5subs:exists.obj
 0001:0001915b       ?ascii_double@@YAPA_WN@Z   0041a15b f   v5subs:ascfloat.obj
 0001:0001917b       ?ascii_float@@YAPA_WM@Z    0041a17b f   v5subs:ascfloat.obj
 0001:00019193       ?asctoint32@@YAJPB_W@Z     0041a193 f   v5subs:extract.obj
 0001:00019193       ?asctoint@@YAHPB_W@Z       0041a193 f   v5subs:extract.obj
 0001:000191b0       ?asctoul@@YAKPB_W@Z        0041a1b0 f   v5subs:extract.obj
 0001:000191cd       ?extdouble@@YANPB_W@Z      0041a1cd f   v5subs:extract.obj
 0001:000191e4       ?extdouble@@YANPB_WF@Z     0041a1e4 f   v5subs:extract.obj
 0001:00019255       ?extfloat@@YAMPB_W@Z       0041a255 f   v5subs:extract.obj
 0001:0001927a       ?extlong@@YAJPB_WFH@Z      0041a27a f   v5subs:extract.obj
 0001:000192e0       ?extshort@@YAFPB_WF@Z      0041a2e0 f   v5subs:extract.obj
 0001:000192e0       ?extlong@@YAJPB_WF@Z       0041a2e0 f   v5subs:extract.obj
 0001:000192f3       ?extul@@YAKPB_WFH@Z        0041a2f3 f   v5subs:extract.obj
 0001:00019359       ?is_real_char@@YAE_W@Z     0041a359 f   v5subs:extract.obj
 0001:00019405       ?int32toasc@@YAPA_WJ@Z     0041a405 f   v5subs:itoasc.obj
 0001:0001941e       ?int32toasc@@YAXPA_WJJ@Z   0041a41e f   v5subs:itoasc.obj
 0001:0001946f       ?int_to_ascii@@YAXPA_WH@Z  0041a46f f   v5subs:itoasc.obj
 0001:000194b7       ?ultoascii@@YAPA_WKK@Z     0041a4b7 f   v5subs:itoasc.obj
 0001:000194d2       ?ultoascii@@YAXPA_WKK@Z    0041a4d2 f   v5subs:itoasc.obj
 0001:0001950b       ??0STRING_CLASS@@QAE@ABV0@@Z 0041a50b f   v5subs:stringcl.obj
 0001:00019527       ??0STRING_CLASS@@QAE@PB_W@Z 0041a527 f   v5subs:stringcl.obj
 0001:00019540       ??0STRING_CLASS@@QAE@XZ    0041a540 f   v5subs:stringcl.obj
 0001:0001954a       ??1STRING_CLASS@@QAE@XZ    0041a54a f   v5subs:stringcl.obj
 0001:0001954f       ??4STRING_CLASS@@QAEXABV0@@Z 0041a54f f   v5subs:stringcl.obj
 0001:0001955e       ??4STRING_CLASS@@QAEXE@Z   0041a55e f   v5subs:stringcl.obj
 0001:00019579       ??4STRING_CLASS@@QAEXH@Z   0041a579 f   v5subs:stringcl.obj
 0001:000195a1       ??4STRING_CLASS@@QAEXI@Z   0041a5a1 f   v5subs:stringcl.obj
 0001:000195c9       ??4STRING_CLASS@@QAEXN@Z   0041a5c9 f   v5subs:stringcl.obj
 0001:000195f8       ??4STRING_CLASS@@QAEXPB_W@Z 0041a5f8 f   v5subs:stringcl.obj
 0001:00019643       ??4STRING_CLASS@@QAEX_W@Z  0041a643 f   v5subs:stringcl.obj
 0001:0001965a       ??8STRING_CLASS@@QAEEABV0@@Z 0041a65a f   v5subs:stringcl.obj
 0001:00019682       ??8STRING_CLASS@@QAEEPB_W@Z 0041a682 f   v5subs:stringcl.obj
 0001:000196a9       ??MSTRING_CLASS@@QAEEABV0@@Z 0041a6a9 f   v5subs:stringcl.obj
 0001:000196d0       ??YSTRING_CLASS@@QAEXABV0@@Z 0041a6d0 f   v5subs:stringcl.obj
 0001:000196df       ??YSTRING_CLASS@@QAEXE@Z   0041a6df f   v5subs:stringcl.obj
 0001:000196fa       ??YSTRING_CLASS@@QAEXH@Z   0041a6fa f   v5subs:stringcl.obj
 0001:00019732       ??YSTRING_CLASS@@QAEXI@Z   0041a732 f   v5subs:stringcl.obj
 0001:0001976a       ??YSTRING_CLASS@@QAEXN@Z   0041a76a f   v5subs:stringcl.obj
 0001:000197a9       ??YSTRING_CLASS@@QAEXPB_W@Z 0041a7a9 f   v5subs:stringcl.obj
 0001:000197ea       ??YSTRING_CLASS@@QAEX_W@Z  0041a7ea f   v5subs:stringcl.obj
 0001:00019821       ?acquire@STRING_CLASS@@QAEEAAV1@@Z 0041a821 f   v5subs:stringcl.obj
 0001:0001984f       ?acquire@STRING_CLASS@@QAEEPA_W@Z 0041a84f f   v5subs:stringcl.obj
 0001:0001987e       ?boolean_value@STRING_CLASS@@QAEEXZ 0041a87e f   v5subs:stringcl.obj
 0001:000198a0       ?cat_path@STRING_CLASS@@QAEXPB_W@Z 0041a8a0 f   v5subs:stringcl.obj
 0001:0001990f       ?cat_w_char@STRING_CLASS@@QAEXPB_W_W@Z 0041a90f f   v5subs:stringcl.obj
 0001:00019968       ?contains@STRING_CLASS@@QAE_NPB_W@Z 0041a968 f   v5subs:stringcl.obj
 0001:00019979       ?contains@STRING_CLASS@@QAE_N_W@Z 0041a979 f   v5subs:stringcl.obj
 0001:0001998a       ?empty@STRING_CLASS@@QAEXXZ 0041a98a f   v5subs:stringcl.obj
 0001:000199a5       ?find@STRING_CLASS@@QAEPA_WPB_W@Z 0041a9a5 f   v5subs:stringcl.obj
 0001:000199c3       ?find@STRING_CLASS@@QAEPA_W_W@Z 0041a9c3 f   v5subs:stringcl.obj
 0001:000199ea       ?findlast@STRING_CLASS@@QAEPA_WPB_W@Z 0041a9ea f   v5subs:stringcl.obj
 0001:00019a08       ?get_ascii@STRING_CLASS@@QAEEPAD@Z 0041aa08 f   v5subs:stringcl.obj
 0001:00019a60       ?get_substring@STRING_CLASS@@QAEEABV1@_W1@Z 0041aa60 f   v5subs:stringcl.obj
 0001:00019ae8       ?get_text@STRING_CLASS@@QAE_NPAUHWND__@@@Z 0041aae8 f   v5subs:stringcl.obj
 0001:00019b3e       ?init@STRING_CLASS@@QAEEJ@Z 0041ab3e f   v5subs:stringcl.obj
 0001:00019b91       ?isempty@STRING_CLASS@@QAEEXZ 0041ab91 f   v5subs:stringcl.obj
 0001:00019baf       ?isnumeric@STRING_CLASS@@QAEEXZ 0041abaf f   v5subs:stringcl.obj
 0001:00019c38       ?last_char@STRING_CLASS@@QAEPA_WXZ 0041ac38 f   v5subs:stringcl.obj
 0001:00019c53       ?len@STRING_CLASS@@QAEJXZ  0041ac53 f   v5subs:stringcl.obj
 0001:00019c66       ?next_field@STRING_CLASS@@QAE_NXZ 0041ac66 f   v5subs:stringcl.obj
 0001:00019c74       ?next_field@STRING_CLASS@@QAE_N_W@Z 0041ac74 f   v5subs:stringcl.obj
 0001:00019dab       ?null@STRING_CLASS@@QAEXXZ 0041adab f   v5subs:stringcl.obj
 0001:00019dd1       ?real_value@STRING_CLASS@@QAENXZ 0041add1 f   v5subs:stringcl.obj
 0001:00019e2e       ?release@STRING_CLASS@@QAEPA_WXZ 0041ae2e f   v5subs:stringcl.obj
 0001:00019e39       ?remove_all_occurances@STRING_CLASS@@QAEH_W@Z 0041ae39 f   v5subs:stringcl.obj
 0001:00019e70       ?remove_leading_chars@STRING_CLASS@@QAE_NH@Z 0041ae70 f   v5subs:stringcl.obj
 0001:00019ea9       ?replace@STRING_CLASS@@QAEEPB_W0@Z 0041aea9 f   v5subs:stringcl.obj
 0001:00019f5f       ?replace@STRING_CLASS@@QAEE_W0@Z 0041af5f f   v5subs:stringcl.obj
 0001:00019f94       ?replace_all@STRING_CLASS@@QAEH_W0@Z 0041af94 f   v5subs:stringcl.obj
 0001:00019fcd       ?rjust@STRING_CLASS@@QAEEJ@Z 0041afcd f   v5subs:stringcl.obj
 0001:00019fe1       ?rjust@STRING_CLASS@@QAEEJ_W@Z 0041afe1 f   v5subs:stringcl.obj
 0001:0001a03a       ?set_text@STRING_CLASS@@QAE_NPAUHWND__@@@Z 0041b03a f   v5subs:stringcl.obj
 0001:0001a05f       ?strip_crlf@STRING_CLASS@@QAEXXZ 0041b05f f   v5subs:stringcl.obj
 0001:0001a0a6       ?uppercase@STRING_CLASS@@QAEXXZ 0041b0a6 f   v5subs:stringcl.obj
 0001:0001a0b6       ?upsize@STRING_CLASS@@QAEEJ@Z 0041b0b6 f   v5subs:stringcl.obj
 0001:0001a11d       ?convert_to_data_dir@NAME_CLASS@@QAEEXZ 0041b11d f   v5subs:nameclas.obj
 0001:0001a162       ?ensure_file_directory_existance@NAME_CLASS@@QAEEXZ 0041b162 f   v5subs:nameclas.obj
 0001:0001a1cb       ?find_extension@NAME_CLASS@@QAEPA_WXZ 0041b1cb f   v5subs:nameclas.obj
 0001:0001a20b       ?get_data_dir_file_name@NAME_CLASS@@QAEEAAVSTRING_CLASS@@PB_W@Z 0041b20b f   v5subs:nameclas.obj
 0001:0001a24e       ?get_data_dir_file_name@NAME_CLASS@@QAEEPB_W@Z 0041b24e f   v5subs:nameclas.obj
 0001:0001a26b       ?get_exe_dir_file_name@NAME_CLASS@@QAEEAAVSTRING_CLASS@@PB_W@Z 0041b26b f   v5subs:nameclas.obj
 0001:0001a2ae       ?get_exe_dir_file_name@NAME_CLASS@@QAEEPB_W@Z 0041b2ae f   v5subs:nameclas.obj
 0001:0001a2e7       ?get_machine_dir_file_name@NAME_CLASS@@QAEEAAVSTRING_CLASS@@0PB_W@Z 0041b2e7 f   v5subs:nameclas.obj
 0001:0001a330       ?get_machine_results_dir_file_name@NAME_CLASS@@QAEEAAVSTRING_CLASS@@0PB_W@Z 0041b330 f   v5subs:nameclas.obj
 0001:0001a36e       ?get_part_dir_file_name@NAME_CLASS@@QAEEAAVSTRING_CLASS@@00PB_W@Z 0041b36e f   v5subs:nameclas.obj
 0001:0001a3ba       ?get_part_results_dir_file_name@NAME_CLASS@@QAEEAAVSTRING_CLASS@@00PB_W@Z 0041b3ba f   v5subs:nameclas.obj
 0001:0001a3fb       ?get_profile_name@NAME_CLASS@@QAEEAAVSTRING_CLASS@@00PB_W1@Z 0041b3fb f   v5subs:nameclas.obj
 0001:0001a4a8       ?get_static_text_parameters_csvname@NAME_CLASS@@QAEEAAVSTRING_CLASS@@00@Z 0041b4a8 f   v5subs:nameclas.obj
 0001:0001a4c1       ?moveto@NAME_CLASS@@QAEEAAVSTRING_CLASS@@@Z 0041b4c1 f   v5subs:nameclas.obj
 0001:0001a4ee       ?remove_ending_filename@NAME_CLASS@@QAEEXZ 0041b4ee f   v5subs:nameclas.obj
 0001:0001a514       ?remove_extension@NAME_CLASS@@QAEEXZ 0041b514 f   v5subs:nameclas.obj
 0001:0001a52d       ?replace_extension@NAME_CLASS@@QAEXPA_W@Z 0041b52d f   v5subs:nameclas.obj
 0001:0001a55d       ??0ANALOG_SENSOR@@QAE@XZ   0041b55d f   v5subs:asensor.obj
 0001:0001a563       ??0ANALOG_SENSOR_ENTRY@@QAE@XZ 0041b563 f   v5subs:asensor.obj
 0001:0001a5b3       ??1ANALOG_SENSOR_ENTRY@@QAE@XZ 0041b5b3 f   v5subs:asensor.obj
 0001:0001a5df       ??AANALOG_SENSOR@@QAEAAUANALOG_SENSOR_ENTRY@@H@Z 0041b5df f   v5subs:asensor.obj
 0001:0001a602       ??_EANALOG_SENSOR_ENTRY@@QAEPAXI@Z 0041b602 f i v5subs:asensor.obj
 0001:0001a657       ?converted_value@ANALOG_SENSOR_ENTRY@@QAENI@Z 0041b657 f   v5subs:asensor.obj
 0001:0001a68b       ?get@ANALOG_SENSOR@@SAEXZ  0041b68b f   v5subs:asensor.obj
 0001:0001a889       ?get@ANALOG_SENSOR_ENTRY@@QAEEPA_W@Z 0041b889 f   v5subs:asensor.obj
 0001:0001a9e6       ?raw_count@ANALOG_SENSOR_ENTRY@@QAENN@Z 0041b9e6 f   v5subs:asensor.obj
 0001:0001aa29       ?shutdown@ANALOG_SENSOR@@SAXXZ 0041ba29 f   v5subs:asensor.obj
 0001:0001aa2e       ?update@ANALOG_SENSOR_ENTRY@@QAEEXZ 0041ba2e f   v5subs:asensor.obj
 0001:0001ab1c       ??0AUTO_BACKUP_CLASS@@QAE@XZ 0041bb1c f   v5subs:autoback.obj
 0001:0001ab2e       ??1AUTO_BACKUP_CLASS@@QAE@XZ 0041bb2e f   v5subs:autoback.obj
 0001:0001ab34       ?backup_machine@AUTO_BACKUP_CLASS@@QAEEAAVSTRING_CLASS@@@Z 0041bb34 f   v5subs:autoback.obj
 0001:0001ac85       ?get_backup_dir@AUTO_BACKUP_CLASS@@QAEEXZ 0041bc85 f   v5subs:autoback.obj
 0001:0001ad23       ??0DB_TABLE@@QAE@XZ        0041bd23 f   v5subs:dbsubs.obj
 0001:0001ad4a       ??1DB_TABLE@@QAE@XZ        0041bd4a f   v5subs:dbsubs.obj
 0001:0001adc7       ?close@DB_TABLE@@QAEXXZ    0041bdc7 f   v5subs:dbsubs.obj
 0001:0001ade8       ?compare_date@@YAFPA_W0@Z  0041bde8 f   v5subs:dbsubs.obj
 0001:0001ae1e       ?compare_int32@@YAFPA_W0J@Z 0041be1e f   v5subs:dbsubs.obj
 0001:0001ae52       ?compare_one_record@DB_TABLE@@AAEEPAFJJ@Z 0041be52 f   v5subs:dbsubs.obj
 0001:0001af3a       ?create@DB_TABLE@@QAEEAAVSTRING_CLASS@@@Z 0041bf3a f i v5subs:dbsubs.obj
 0001:0001af54       ?create@DB_TABLE@@QAEEPA_W@Z 0041bf54 f   v5subs:dbsubs.obj
 0001:0001afb4       ?determine_column_info@DB_TABLE@@QAEHXZ 0041bfb4 f   v5subs:dbsubs.obj
 0001:0001b195       ?ensure_existance@DB_TABLE@@QAEEAAVSTRING_CLASS@@@Z 0041c195 f   v5subs:dbsubs.obj
 0001:0001b1c9       ?field_length@DB_TABLE@@QAEFH@Z 0041c1c9 f   v5subs:dbsubs.obj
 0001:0001b249       ?fill_searchbuf@DB_TABLE@@AAEEF@Z 0041c249 f   v5subs:dbsubs.obj
 0001:0001b2a2       ?get_alpha@DB_TABLE@@QAEEAAVSTRING_CLASS@@GF@Z 0041c2a2 f   v5subs:dbsubs.obj
 0001:0001b305       ?get_alpha@DB_TABLE@@QAEEPA_WGF@Z 0041c305 f   v5subs:dbsubs.obj
 0001:0001b31b       ?get_alpha@DB_TABLE@@QAEEPA_WGFG@Z 0041c31b f   v5subs:dbsubs.obj
 0001:0001b386       ?get_char@DB_TABLE@@QAE_WG@Z 0041c386 f   v5subs:dbsubs.obj
 0001:0001b3a1       ?get_current_record@DB_TABLE@@QAEEE@Z 0041c3a1 f   v5subs:dbsubs.obj
 0001:0001b3e7       ?get_date@DB_TABLE@@QAEEAAU_SYSTEMTIME@@G@Z 0041c3e7 f   v5subs:dbsubs.obj
 0001:0001b403       ?get_double@DB_TABLE@@QAENG@Z 0041c403 f   v5subs:dbsubs.obj
 0001:0001b442       ?get_long@DB_TABLE@@QAEJG@Z 0041c442 f   v5subs:dbsubs.obj
 0001:0001b46e       ?get_next_key_match@DB_TABLE@@QAEEFE@Z 0041c46e f   v5subs:dbsubs.obj
 0001:0001b4db       ?get_next_record@DB_TABLE@@QAEEE@Z 0041c4db f   v5subs:dbsubs.obj
 0001:0001b529       ?get_rec@DB_TABLE@@QAEEXZ  0041c529 f   v5subs:dbsubs.obj
 0001:0001b575       ?get_time@DB_TABLE@@QAEEAAU_SYSTEMTIME@@G@Z 0041c575 f   v5subs:dbsubs.obj
 0001:0001b591       ?goto_first_equal_or_greater_record@DB_TABLE@@QAEEF@Z 0041c591 f   v5subs:dbsubs.obj
 0001:0001b66a       ?goto_first_key_record@DB_TABLE@@AAEEF@Z 0041c66a f   v5subs:dbsubs.obj
 0001:0001b685       ?goto_key_record@DB_TABLE@@AAEEFJJ@Z 0041c685 f   v5subs:dbsubs.obj
 0001:0001b7b1       ?goto_record_number@DB_TABLE@@QAEEJ@Z 0041c7b1 f   v5subs:dbsubs.obj
 0001:0001b846       ?initbuf@DB_TABLE@@AAEEPAPA_WPAFF@Z 0041c846 f   v5subs:dbsubs.obj
 0001:0001b8de       ?is_alpha@DB_TABLE@@QAEEH@Z 0041c8de f   v5subs:dbsubs.obj
 0001:0001b900       ?lock_record@DB_TABLE@@QAEEXZ 0041c900 f   v5subs:dbsubs.obj
 0001:0001b981       ?nof_recs@DB_TABLE@@QAEKXZ 0041c981 f   v5subs:dbsubs.obj
 0001:0001b9ab       ?open@DB_TABLE@@QAEEPA_WFF@Z 0041c9ab f   v5subs:dbsubs.obj
 0001:0001b9c1       ?open@DB_TABLE@@QAEEPA_WFFF@Z 0041c9c1 f   v5subs:dbsubs.obj
 0001:0001bba0       ?open_status@DB_TABLE@@QAEEXZ 0041cba0 f   v5subs:dbsubs.obj
 0001:0001bba8       ?point_to_start_of_field@DB_TABLE@@AAEPA_WG@Z 0041cba8 f   v5subs:dbsubs.obj
 0001:0001bbc7       ?post_error@@YAXPA_W0@Z    0041cbc7 f   v5subs:dbsubs.obj
 0001:0001bbda       ?post_error@@YAXPA_W@Z     0041cbda f   v5subs:dbsubs.obj
 0001:0001bbee       ?put_alpha@DB_TABLE@@QAEEGPB_WF@Z 0041cbee f   v5subs:dbsubs.obj
 0001:0001bc3a       ?put_date@DB_TABLE@@QAEEGABU_SYSTEMTIME@@@Z 0041cc3a f   v5subs:dbsubs.obj
 0001:0001bc6d       ?put_long@DB_TABLE@@QAEEGJF@Z 0041cc6d f   v5subs:dbsubs.obj
 0001:0001bcad       ?put_time@DB_TABLE@@QAEEGAAU_SYSTEMTIME@@@Z 0041ccad f   v5subs:dbsubs.obj
 0001:0001bce0       ?rec_append@DB_TABLE@@QAEEXZ 0041cce0 f   v5subs:dbsubs.obj
 0001:0001bd06       ?rec_delete@DB_TABLE@@QAEEJ@Z 0041cd06 f   v5subs:dbsubs.obj
 0001:0001be4f       ?rec_insert@DB_TABLE@@QAEEXZ 0041ce4f f   v5subs:dbsubs.obj
 0001:0001bf13       ?rec_update@DB_TABLE@@QAEEXZ 0041cf13 f   v5subs:dbsubs.obj
 0001:0001bf34       ?restore_from_searchbuf@DB_TABLE@@AAEXXZ 0041cf34 f   v5subs:dbsubs.obj
 0001:0001bf83       ?unlock_record@DB_TABLE@@QAEEXZ 0041cf83 f   v5subs:dbsubs.obj
 0001:0001bfc8       ?write_record@DB_TABLE@@AAEEXZ 0041cfc8 f   v5subs:dbsubs.obj
 0001:0001c020       ??0DOWN_DATA_CLASS@@QAE@XZ 0041d020 f   v5subs:evclass.obj
 0001:0001c07c       ?set@DOWN_DATA_CLASS@@QAEEPAUHDDEDATA__@@@Z 0041d07c f   v5subs:evclass.obj
 0001:0001c236       ??0EXTERNAL_PARAMETER_SETTINGS_CLASS@@QAE@XZ 0041d236 f   v5subs:external_parameter.obj
 0001:0001c248       ??1EXTERNAL_PARAMETER_SETTINGS_CLASS@@QAE@XZ 0041d248 f   v5subs:external_parameter.obj
 0001:0001c24d       ?clear@EXTERNAL_PARAMETER_SETTINGS_CLASS@@QAEXXZ 0041d24d f   v5subs:external_parameter.obj
 0001:0001c25d       ?get@EXTERNAL_PARAMETER_SETTINGS_CLASS@@QAEEAAVSTRING_CLASS@@00@Z 0041d25d f   v5subs:external_parameter.obj
 0001:0001c39d       ??0FILE_CLASS@@QAE@XZ      0041d39d f   v5subs:fileclas.obj
 0001:0001c3c1       ?close@FILE_CLASS@@QAEXXZ  0041d3c1 f   v5subs:fileclas.obj
 0001:0001c3c1       ??1FILE_CLASS@@QAE@XZ      0041d3c1 f   v5subs:fileclas.obj
 0001:0001c3c6       ?cleanup@FILE_CLASS@@QAEXXZ 0041d3c6 f   v5subs:fileclas.obj
 0001:0001c3f4       ?cleanup_memory@FILE_CLASS@@QAEXXZ 0041d3f4 f   v5subs:fileclas.obj
 0001:0001c420       ?get_creation_time@FILE_CLASS@@QAEEPAU_FILETIME@@@Z 0041d420 f   v5subs:fileclas.obj
 0001:0001c444       ?get_file_size@FILE_CLASS@@QAEEAAK@Z 0041d444 f   v5subs:fileclas.obj
 0001:0001c471       ?make_path@FILE_CLASS@@QAEEPA_W@Z 0041d471 f   v5subs:fileclas.obj
 0001:0001c4bc       ?nof_lines@FILE_CLASS@@QAEHXZ 0041d4bc f   v5subs:fileclas.obj
 0001:0001c592       ?open@FILE_CLASS@@QAEEPA_WK@Z 0041d592 f   v5subs:fileclas.obj
 0001:0001c615       ?open_for_append@FILE_CLASS@@QAEEAAVSTRING_CLASS@@@Z 0041d615 f   v5subs:fileclas.obj
 0001:0001c62f       ?open_for_append@FILE_CLASS@@QAEEPA_W@Z 0041d62f f   v5subs:fileclas.obj
 0001:0001c665       ?open_for_read@FILE_CLASS@@QAEEAAVSTRING_CLASS@@@Z 0041d665 f   v5subs:fileclas.obj
 0001:0001c67f       ?open_for_read@FILE_CLASS@@QAEEPA_W@Z 0041d67f f   v5subs:fileclas.obj
 0001:0001c69b       ?open_for_write@FILE_CLASS@@QAEEAAVSTRING_CLASS@@@Z 0041d69b f   v5subs:fileclas.obj
 0001:0001c6b5       ?open_for_write@FILE_CLASS@@QAEEPA_W@Z 0041d6b5 f   v5subs:fileclas.obj
 0001:0001c6ce       ?read_unicode_file@FILE_CLASS@@QAEEAAVSTRING_CLASS@@@Z 0041d6ce f   v5subs:fileclas.obj
 0001:0001c75b       ?readbinary@FILE_CLASS@@QAEKPAXK@Z 0041d75b f   v5subs:fileclas.obj
 0001:0001c7c1       ?readline@FILE_CLASS@@QAEPA_WXZ 0041d7c1 f   v5subs:fileclas.obj
 0001:0001c8b1       ?setpos@FILE_CLASS@@QAEEJ@Z 0041d8b1 f   v5subs:fileclas.obj
 0001:0001c8f4       ?writebinary@FILE_CLASS@@QAEEPAXK@Z 0041d8f4 f   v5subs:fileclas.obj
 0001:0001c95c       ?writeline@FILE_CLASS@@QAEEAAVSTRING_CLASS@@@Z 0041d95c f   v5subs:fileclas.obj
 0001:0001c976       ?writeline@FILE_CLASS@@QAEEPA_W@Z 0041d976 f   v5subs:fileclas.obj
 0001:0001ca0d       ??0FIFO_CLASS@@QAE@XZ      0041da0d f   v5subs:fifo.obj
 0001:0001ca26       ??1FIFO_CLASS@@QAE@XZ      0041da26 f   v5subs:fifo.obj
 0001:0001ca2e       ?peek@FIFO_CLASS@@QAEPAXXZ 0041da2e f   v5subs:fifo.obj
 0001:0001ca3c       ?pop@FIFO_CLASS@@QAEPAXXZ  0041da3c f   v5subs:fifo.obj
 0001:0001ca84       ?push@FIFO_CLASS@@QAEEPAX@Z 0041da84 f   v5subs:fifo.obj
 0001:0001cae4       ??0FONT_CLASS@@QAE@XZ      0041dae4 f   v5subs:fontclas.obj
 0001:0001cb01       ??0FONT_LIST_ENTRY@@QAE@XZ 0041db01 f   v5subs:fontclas.obj
 0001:0001cb1b       ??1FONT_CLASS@@QAE@XZ      0041db1b f   v5subs:fontclas.obj
 0001:0001cb1b       ??1SHIFT_CLASS@@QAE@XZ     0041db1b f   v5subs:shift.obj
 0001:0001cb1b       ??1SURETRAK_PARAM_CLASS@@QAE@XZ 0041db1b f   v5subs:stparam.obj
 0001:0001cb1b       ??1ANALOG_SENSOR@@QAE@XZ   0041db1b f   v5subs:asensor.obj
 0001:0001cb1b       ??1SOURCE_DATA@@QAE@XZ     0041db1b f   v5subs:ftcalc.obj
 0001:0001cb1b       ??1RECTANGLE_CLASS@@QAE@XZ 0041db1b f   v5subs:rectclas.obj
 0001:0001cb1c       ??1FONT_LIST_CLASS@@QAE@XZ 0041db1c f   v5subs:fontclas.obj
 0001:0001cb45       ??1FONT_LIST_ENTRY@@QAE@XZ 0041db45 f   v5subs:fontclas.obj
 0001:0001cb5d       ??4FONT_CLASS@@QAEXABUtagLOGFONTW@@@Z 0041db5d f   v5subs:fontclas.obj
 0001:0001cbc0       ??4FONT_CLASS@@QAEXABV0@@Z 0041dbc0 f   v5subs:fontclas.obj
 0001:0001cbfc       ??8FONT_CLASS@@QAE_NABUtagLOGFONTW@@@Z 0041dbfc f   v5subs:fontclas.obj
 0001:0001cc81       ??8FONT_CLASS@@QAE_NABV0@@Z 0041dc81 f   v5subs:fontclas.obj
 0001:0001ccbd       ?free_handle@FONT_LIST_CLASS@@QAEXPAUHFONT__@@@Z 0041dcbd f   v5subs:fontclas.obj
 0001:0001cd00       ?get@FONT_CLASS@@QAE_NPA_W@Z 0041dd00 f   v5subs:fontclas.obj
 0001:0001ceb4       ?get_handle@FONT_LIST_CLASS@@QAEPAUHFONT__@@ABVFONT_CLASS@@@Z 0041deb4 f   v5subs:fontclas.obj
 0001:0001cfcb       ??0COMPUTER_CLASS@@QAE@XZ  0041dfcb f   v5subs:computer.obj
 0001:0001cfd6       ?add@COMPUTER_CLASS@@QAEEPA_W@Z 0041dfd6 f   v5subs:computer.obj
 0001:0001d08a       ?empty@COMPUTER_CLASS@@QAEXXZ 0041e08a f   v5subs:computer.obj
 0001:0001d0be       ?find@COMPUTER_CLASS@@QAEEPA_W@Z 0041e0be f   v5subs:computer.obj
 0001:0001d0ee       ?is_present@COMPUTER_CLASS@@QAEEXZ 0041e0ee f   v5subs:computer.obj
 0001:0001d10f       ?is_this_computer@COMPUTER_CLASS@@QAEEXZ 0041e10f f   v5subs:computer.obj
 0001:0001d12c       ?load@COMPUTER_CLASS@@QAEEXZ 0041e12c f   v5subs:computer.obj
 0001:0001d25c       ?name@COMPUTER_CLASS@@QAEAAVSTRING_CLASS@@XZ 0041e25c f   v5subs:computer.obj
 0001:0001d26c       ?next@COMPUTER_CLASS@@QAEEXZ 0041e26c f   v5subs:computer.obj
 0001:0001d28e       ?rewind@COMPUTER_CLASS@@QAEXXZ 0041e28e f   v5subs:computer.obj
 0001:0001d295       ?startup@COMPUTER_CLASS@@QAEEXZ 0041e295 f   v5subs:computer.obj
 0001:0001d2aa       ?whoami@COMPUTER_CLASS@@QAEAAVSTRING_CLASS@@XZ 0041e2aa f   v5subs:computer.obj
 0001:0001d2b0       ??1INI_CLASS@@QAE@XZ       0041e2b0 f   v5subs:iniclass.obj
 0001:0001d369       ?cleanup@INI_CLASS@@QAEXXZ 0041e369 f   v5subs:iniclass.obj
 0001:0001d3a4       ?find@INI_CLASS@@QAEEPB_W0@Z 0041e3a4 f   v5subs:iniclass.obj
 0001:0001d407       ?find@INI_CLASS@@QAEEPB_W@Z 0041e407 f   v5subs:iniclass.obj
 0001:0001d420       ?get_boolean@INI_CLASS@@QAEEPB_W0@Z 0041e420 f   v5subs:iniclass.obj
 0001:0001d420       ?get_bool@INI_CLASS@@QAE_NPB_W0@Z 0041e420 f   v5subs:iniclass.obj
 0001:0001d443       ?get_bool@INI_CLASS@@QAE_NPB_W@Z 0041e443 f   v5subs:iniclass.obj
 0001:0001d443       ?get_boolean@INI_CLASS@@QAEEPB_W@Z 0041e443 f   v5subs:iniclass.obj
 0001:0001d45c       ?get_bool@INI_CLASS@@QAE_NXZ 0041e45c f   v5subs:iniclass.obj
 0001:0001d45c       ?get_boolean@INI_CLASS@@QAEEXZ 0041e45c f   v5subs:iniclass.obj
 0001:0001d47e       ?get_int@INI_CLASS@@QAEHPB_W0@Z 0041e47e f   v5subs:iniclass.obj
 0001:0001d4a1       ?get_int@INI_CLASS@@QAEHPB_W@Z 0041e4a1 f   v5subs:iniclass.obj
 0001:0001d4ba       ?get_int@INI_CLASS@@QAEHXZ 0041e4ba f   v5subs:iniclass.obj
 0001:0001d4cb       ?get_string@INI_CLASS@@QAEPA_WPB_W@Z 0041e4cb f   v5subs:iniclass.obj
 0001:0001d4fa       ?get_string@INI_CLASS@@QAEPA_WXZ 0041e4fa f   v5subs:iniclass.obj
 0001:0001d508       ?get_ul@INI_CLASS@@QAEKPB_W@Z 0041e508 f   v5subs:iniclass.obj
 0001:0001d51f       ?get_ul@INI_CLASS@@QAEKXZ  0041e51f f   v5subs:iniclass.obj
 0001:0001d530       ?put_boolean@INI_CLASS@@QAEEPB_W0E@Z 0041e530 f   v5subs:iniclass.obj
 0001:0001d562       ?put_int@INI_CLASS@@QAEEPB_WH@Z 0041e562 f   v5subs:iniclass.obj
 0001:0001d5a8       ?put_string@INI_CLASS@@QAEEPB_W00@Z 0041e5a8 f   v5subs:iniclass.obj
 0001:0001d5f7       ?put_string@INI_CLASS@@QAEEPB_W0@Z 0041e5f7 f   v5subs:iniclass.obj
 0001:0001d614       ?set_file@INI_CLASS@@QAEEPB_W@Z 0041e614 f   v5subs:iniclass.obj
 0001:0001d656       ?set_section@INI_CLASS@@QAEEPB_W@Z 0041e656 f   v5subs:iniclass.obj
 0001:0001d68a       ??0LIMIT_SWITCH_WIRE_CLASS@@QAE@XZ 0041e68a f   v5subs:limit_switch_class.obj
 0001:0001d6a7       ??1LIMIT_SWITCH_WIRE_CLASS@@QAE@XZ 0041e6a7 f   v5subs:limit_switch_class.obj
 0001:0001d6bf       ?get@LIMIT_SWITCH_WIRE_CLASS@@QAEEAAVSTRING_CLASS@@00@Z 0041e6bf f   v5subs:limit_switch_class.obj
 0001:0001d812       ?mask@LIMIT_SWITCH_WIRE_CLASS@@QAEIH@Z 0041e812 f   v5subs:limit_switch_class.obj
 0001:0001d847       ?wire_number@LIMIT_SWITCH_WIRE_CLASS@@QAEHH@Z 0041e847 f   v5subs:limit_switch_class.obj
 0001:0001d861       ??1LISTBOX_CLASS@@QAE@XZ   0041e861 f   v5subs:listbox.obj
 0001:0001d871       ?add@LISTBOX_CLASS@@QAEHPA_W@Z 0041e871 f   v5subs:listbox.obj
 0001:0001d8b2       ?check_buf_size@LISTBOX_CLASS@@AAEEH@Z 0041e8b2 f   v5subs:listbox.obj
 0001:0001d8ff       ?check_buf_size@LISTBOX_CLASS@@AAEEPA_W@Z 0041e8ff f   v5subs:listbox.obj
 0001:0001d918       ?check_item_size@LISTBOX_CLASS@@AAEEH@Z 0041e918 f   v5subs:listbox.obj
 0001:0001d94f       ?count@LISTBOX_CLASS@@QAEHXZ 0041e94f f   v5subs:listbox.obj
 0001:0001d979       ?empty@LISTBOX_CLASS@@QAEXXZ 0041e979 f   v5subs:listbox.obj
 0001:0001d990       ?init@LISTBOX_CLASS@@QAEEPAUHWND__@@@Z 0041e990 f   v5subs:listbox.obj
 0001:0001d9f1       ?init@LISTBOX_CLASS@@QAEEPAUHWND__@@H@Z 0041e9f1 f   v5subs:listbox.obj
 0001:0001da0e       ?item_text@LISTBOX_CLASS@@QAEPA_WH@Z 0041ea0e f   v5subs:listbox.obj
 0001:0001da56       ?redraw_off@LISTBOX_CLASS@@QAEXXZ 0041ea56 f   v5subs:listbox.obj
 0001:0001da65       ?redraw_on@LISTBOX_CLASS@@QAEXXZ 0041ea65 f   v5subs:listbox.obj
 0001:0001da84       ?selected_index@LISTBOX_CLASS@@QAEHXZ 0041ea84 f   v5subs:listbox.obj
 0001:0001daaf       ?selected_text@LISTBOX_CLASS@@QAEPA_WXZ 0041eaaf f   v5subs:listbox.obj
 0001:0001dacd       ?set_current_index@LISTBOX_CLASS@@QAEEH@Z 0041eacd f   v5subs:listbox.obj
 0001:0001daf4       ?set_top_index@LISTBOX_CLASS@@QAEEH@Z 0041eaf4 f   v5subs:listbox.obj
 0001:0001db1b       ?top_index@LISTBOX_CLASS@@QAEHXZ 0041eb1b f   v5subs:listbox.obj
 0001:0001db3a       ?visible_row_count@LISTBOX_CLASS@@QAEHXZ 0041eb3a f   v5subs:listbox.obj
 0001:0001dba1       ??0MULTIPART_RUNLIST_SETTINGS_CLASS@@QAE@XZ 0041eba1 f   v5subs:multipart_runlist.obj
 0001:0001dbb7       ??0MULTIPART_RUNLIST_WIRES_CLASS@@QAE@XZ 0041ebb7 f   v5subs:multipart_runlist.obj
 0001:0001dbcd       ??1MULTIPART_RUNLIST_SETTINGS_CLASS@@QAE@XZ 0041ebcd f   v5subs:multipart_runlist.obj
 0001:0001dbd5       ??1MULTIPART_RUNLIST_WIRES_CLASS@@QAE@XZ 0041ebd5 f   v5subs:multipart_runlist.obj
 0001:0001dbdd       ?bits_from_wirelist@@YAIAAVSTRING_CLASS@@@Z 0041ebdd f   v5subs:multipart_runlist.obj
 0001:0001dc96       ?countchars@STRING_CLASS@@QAEJ_W@Z 0041ec96 f i v5subs:multipart_runlist.obj
 0001:0001dcb1       ?get@MULTIPART_RUNLIST_SETTINGS_CLASS@@QAE_NAAVSTRING_CLASS@@0@Z 0041ecb1 f   v5subs:multipart_runlist.obj
 0001:0001df95       ?get@MULTIPART_RUNLIST_WIRES_CLASS@@QAE_NAAVSTRING_CLASS@@00@Z 0041ef95 f   v5subs:multipart_runlist.obj
 0001:0001e133       ?get_multipart_runlist_wires_csvname@NAME_CLASS@@QAEEAAVSTRING_CLASS@@0V2@@Z 0041f133 f i v5subs:multipart_runlist.obj
 0001:0001e15c       ?get_wirelist@MULTIPART_RUNLIST_SETTINGS_CLASS@@QAE_NAAVSTRING_CLASS@@H@Z 0041f15c f   v5subs:multipart_runlist.obj
 0001:0001e237       ?init@MULTIPART_RUNLIST_SETTINGS_CLASS@@QAEXXZ 0041f237 f   v5subs:multipart_runlist.obj
 0001:0001e23f       ?part_selection_number@MULTIPART_RUNLIST_SETTINGS_CLASS@@QAEHAAVSTRING_CLASS@@@Z 0041f23f f   v5subs:multipart_runlist.obj
 0001:0001e303       ?part_to_run@MULTIPART_RUNLIST_SETTINGS_CLASS@@QAE_NAAVSTRING_CLASS@@00I@Z 0041f303 f   v5subs:multipart_runlist.obj
 0001:0001e3cd       ??0MACHINE_CLASS@@QAE@XZ   0041f3cd f   v5subs:machine.obj
 0001:0001e434       ?find@MACHINE_CLASS@@QAEEAAVSTRING_CLASS@@0@Z 0041f434 f   v5subs:machine.obj
 0001:0001e68b       ?has_binary_valve@MACHINE_CLASS@@QAEEXZ 0041f68b f   v5subs:machine.obj
 0001:0001e694       ?init@MACHINE_CLASS@@QAEXXZ 0041f694 f   v5subs:machine.obj
 0001:0001e71d       ?init_save_counts@@YAXPAUSAVE_COUNTS@@@Z 0041f71d f   v5subs:machine.obj
 0001:0001e736       ?ls_off_at_eos@MACHINE_CLASS@@QAEEXZ 0041f736 f   v5subs:machine.obj
 0001:0001e73d       ?read_machset_db@MACHINE_CLASS@@QAEEAAVSTRING_CLASS@@@Z 0041f73d f   v5subs:machine.obj
 0001:0001ecd6       ??1GENERIC_LIST_CLASS@@QAE@XZ 0041fcd6 f   v5subs:genlist.obj
 0001:0001ecf8       ?append@GENERIC_LIST_CLASS@@QAEEPAX@Z 0041fcf8 f   v5subs:genlist.obj
 0001:0001ed2e       ?count@GENERIC_LIST_CLASS@@QAEFXZ 0041fd2e f   v5subs:genlist.obj
 0001:0001ed3a       ?find@GENERIC_LIST_CLASS@@QAEEPAX@Z 0041fd3a f   v5subs:genlist.obj
 0001:0001ed72       ?insert@GENERIC_LIST_CLASS@@QAEEPAX@Z 0041fd72 f   v5subs:genlist.obj
 0001:0001edc2       ?next@GENERIC_LIST_CLASS@@QAEPAXXZ 0041fdc2 f   v5subs:genlist.obj
 0001:0001edec       ?remove@GENERIC_LIST_CLASS@@QAEEPAX@Z 0041fdec f   v5subs:genlist.obj
 0001:0001ee0b       ?remove@GENERIC_LIST_CLASS@@QAEEXZ 0041fe0b f   v5subs:genlist.obj
 0001:0001ee3a       ?remove_all@GENERIC_LIST_CLASS@@QAEXXZ 0041fe3a f   v5subs:genlist.obj
 0001:0001ee63       ?rewind@GENERIC_LIST_CLASS@@QAEXXZ 0041fe63 f   v5subs:genlist.obj
 0001:0001ee6c       ??0MACHINE_NAME_LIST_CLASS@@QAE@XZ 0041fe6c f   v5subs:machname.obj
 0001:0001ee6c       ??0TEXT_LIST_CLASS@@QAE@XZ 0041fe6c f   v5subs:textlist.obj
 0001:0001ee7c       ??1MACHINE_NAME_LIST_CLASS@@QAE@XZ 0041fe7c f   v5subs:machname.obj
 0001:0001ee8d       ??_GMACHINE_NAME_LIST_ENTRY@@QAEPAXI@Z 0041fe8d f i v5subs:machname.obj
 0001:0001eeb3       ?add_computer@MACHINE_NAME_LIST_CLASS@@QAEEAAVSTRING_CLASS@@@Z 0041feb3 f   v5subs:machname.obj
 0001:0001f015       ?computer_name@MACHINE_NAME_LIST_CLASS@@QAEAAVSTRING_CLASS@@XZ 00420015 f   v5subs:machname.obj
 0001:0001f021       ?empty@MACHINE_NAME_LIST_CLASS@@QAEXXZ 00420021 f   v5subs:machname.obj
 0001:0001f04d       ?name@MACHINE_NAME_LIST_CLASS@@QAEAAVSTRING_CLASS@@XZ 0042004d f   v5subs:machname.obj
 0001:0001f05d       ??0BLOCK_MESSAGE_CLASS@@QAE@XZ 0042005d f   v5subs:msgclas.obj
 0001:0001f06a       ??1BLOCK_MESSAGE_CLASS@@QAE@XZ 0042006a f   v5subs:msgclas.obj
 0001:0001f07a       ?cleanup@BLOCK_MESSAGE_CLASS@@QAEXXZ 0042007a f   v5subs:msgclas.obj
 0001:0001f0b1       ?load@BLOCK_MESSAGE_CLASS@@QAEEPA_W@Z 004200b1 f   v5subs:msgclas.obj
 0001:0001f1af       ?message@BLOCK_MESSAGE_CLASS@@QAEPA_WJ@Z 004201af f   v5subs:msgclas.obj
 0001:0001f58e       ?register_vtww_opto_control@@YAXXZ 0042058e f   v5subs:optocontrol.obj
 0001:0001f70c       ?shutdown_vtww_opto_control@@YAXXZ 0042070c f   v5subs:optocontrol.obj
 0001:0001f757       ?vtww_opto_proc@@YGJPAUHWND__@@IIJ@Z 00420757 f   v5subs:optocontrol.obj
 0001:0001f86d       ??0MULTISTRING_CLASS@@QAE@XZ 0042086d f   v5subs:multistring.obj
 0001:0001f885       ??1MULTISTRING_CLASS@@QAE@XZ 00420885 f   v5subs:multistring.obj
 0001:0001f895       ??AMULTISTRING_CLASS@@QAEAAV0@H@Z 00420895 f   v5subs:multistring.obj
 0001:0001f8a7       ??_ESTRING_CLASS@@QAEPAXI@Z 004208a7 f i v5subs:multistring.obj
 0001:0001f8f7       ?empty_array@MULTISTRING_CLASS@@QAE_NXZ 004208f7 f   v5subs:multistring.obj
 0001:0001f919       ?find@MULTISTRING_CLASS@@QAEHAAVSTRING_CLASS@@@Z 00420919 f   v5subs:multistring.obj
 0001:0001f949       ?goto_index@MULTISTRING_CLASS@@QAE_NH@Z 00420949 f   v5subs:multistring.obj
 0001:0001f989       ?next@MULTISTRING_CLASS@@QAE_NXZ 00420989 f   v5subs:multistring.obj
 0001:0001f9c7       ?remove@MULTISTRING_CLASS@@QAE_NH@Z 004209c7 f   v5subs:multistring.obj
 0001:0001faba       ?rewind@MULTISTRING_CLASS@@QAE_NXZ 00420aba f   v5subs:multistring.obj
 0001:0001fad8       ?set_array_size@MULTISTRING_CLASS@@QAE_NH@Z 00420ad8 f   v5subs:multistring.obj
 0001:0001fbd2       ?split@MULTISTRING_CLASS@@QAE_N_W@Z 00420bd2 f   v5subs:multistring.obj
 0001:0001fc8c       ??0VDB_CLASS@@QAE@XZ       00420c8c f   v5subs:vdbclass.obj
 0001:0001fd24       ??1VDB_CLASS@@QAE@XZ       00420d24 f   v5subs:vdbclass.obj
 0001:0001fd5d       ?close@VDB_CLASS@@QAEXXZ   00420d5d f   v5subs:vdbclass.obj
 0001:0001fd81       ?create@VDB_CLASS@@QAE_NPA_W@Z 00420d81 f   v5subs:vdbclass.obj
 0001:0001fde0       ?ensure_existance@VDB_CLASS@@QAE_NAAVSTRING_CLASS@@@Z 00420de0 f   v5subs:vdbclass.obj
 0001:0001fe14       ?get_rec@VDB_CLASS@@QAE_NXZ 00420e14 f   v5subs:vdbclass.obj
 0001:0001ff18       ?goto_last_record@VDB_CLASS@@QAE_NXZ 00420f18 f   v5subs:vdbclass.obj
 0001:0001ff66       ?goto_next_record@VDB_CLASS@@QAEHXZ 00420f66 f   v5subs:vdbclass.obj
 0001:00020002       ?goto_prev_record@VDB_CLASS@@QAEHXZ 00421002 f   v5subs:vdbclass.obj
 0001:00020030       ?goto_record_number@VDB_CLASS@@QAE_NH@Z 00421030 f   v5subs:vdbclass.obj
 0001:00020128       ?goto_start_of_record@VDB_CLASS@@QAEHXZ 00421128 f   v5subs:vdbclass.obj
 0001:00020298       ?nof_recs@VDB_CLASS@@QAEHXZ 00421298 f   v5subs:vdbclass.obj
 0001:0002029f       ?open@VDB_CLASS@@QAE_NPA_WH@Z 0042129f f   v5subs:vdbclass.obj
 0001:00020454       ?open_for_read@VDB_CLASS@@QAE_NVSTRING_CLASS@@@Z 00421454 f   v5subs:vdbclass.obj
 0001:0002047d       ?open_for_rw@VDB_CLASS@@QAE_NAAVSTRING_CLASS@@@Z 0042147d f   v5subs:vdbclass.obj
 0001:00020499       ?open_for_shared_rw@VDB_CLASS@@QAE_NAAVSTRING_CLASS@@@Z 00421499 f   v5subs:vdbclass.obj
 0001:000204b5       ?put_bitsetype@VDB_CLASS@@QAE_NHG@Z 004214b5 f   v5subs:vdbclass.obj
 0001:000204f0       ?put_date@VDB_CLASS@@QAE_NHABU_SYSTEMTIME@@@Z 004214f0 f   v5subs:vdbclass.obj
 0001:00020522       ?put_time@VDB_CLASS@@QAE_NHAAU_SYSTEMTIME@@@Z 00421522 f   v5subs:vdbclass.obj
 0001:00020554       ?rec_append@VDB_CLASS@@QAE_NXZ 00421554 f   v5subs:vdbclass.obj
 0001:000205c9       ?rec_delete@VDB_CLASS@@QAE_NH@Z 004215c9 f   v5subs:vdbclass.obj
 0001:000208a5       ?set_nof_cols@VDB_CLASS@@QAE_NH@Z 004218a5 f   v5subs:vdbclass.obj
 0001:000208eb       ?write_record@VDB_CLASS@@QAE_NXZ 004218eb f   v5subs:vdbclass.obj
 0001:00020a03       ??0STATIC_TEXT_PARAMETER_CLASS@@QAE@XZ 00421a03 f   v5subs:static_text_parameter.obj
 0001:00020a20       ??1STATIC_TEXT_PARAMETER_CLASS@@QAE@XZ 00421a20 f   v5subs:static_text_parameter.obj
 0001:00020a33       ?clear@STATIC_TEXT_PARAMETER_CLASS@@QAEXXZ 00421a33 f   v5subs:static_text_parameter.obj
 0001:00020a4e       ?get@STATIC_TEXT_PARAMETER_CLASS@@QAEEH@Z 00421a4e f   v5subs:static_text_parameter.obj
 0001:00020b30       ?init@STATIC_TEXT_PARAMETER_CLASS@@QAEEAAVSTRING_CLASS@@00@Z 00421b30 f   v5subs:static_text_parameter.obj
 0001:00020b35       ?put@STATIC_TEXT_PARAMETER_CLASS@@QAEEH@Z 00421b35 f   v5subs:static_text_parameter.obj
 0001:00020d27       ??0PARAMETER_CLASS@@QAE@XZ 00421d27 f   v5subs:param.obj
 0001:00020d6e       ??0PARAMETER_ENTRY@@QAE@XZ 00421d6e f i v5subs:param.obj
 0001:00020d9c       ?count@PARAMETER_CLASS@@QAEFXZ 00421d9c f   v5subs:param.obj
 0001:00020dbd       ?find@PARAMETER_CLASS@@QAEEAAVSTRING_CLASS@@00@Z 00421dbd f   v5subs:param.obj
 0001:00020e7b       ?has_alarm_limits@PARAMETER_ENTRY@@QAEEXZ 00421e7b f   v5subs:param.obj
 0001:00020e92       ?has_warning_limits@PARAMETER_ENTRY@@QAEEXZ 00421e92 f   v5subs:param.obj
 0001:00020ea9       ?init@PARAMETER_CLASS@@QAEXF@Z 00421ea9 f   v5subs:param.obj
 0001:00020f21       ?is_alarm@PARAMETER_ENTRY@@QAEEM@Z 00421f21 f   v5subs:param.obj
 0001:00020fbe       ?is_warning@PARAMETER_ENTRY@@QAEEM@Z 00421fbe f   v5subs:param.obj
 0001:00020fed       ?read_param_csv@PARAMETER_CLASS@@QAEEAAVSTRING_CLASS@@@Z 00421fed f   v5subs:param.obj
 0001:00021298       ?read_param_db@PARAMETER_CLASS@@QAEEAAVSTRING_CLASS@@@Z 00422298 f   v5subs:param.obj
 0001:0002144a       ?save@PARAMETER_CLASS@@QAEEXZ 0042244a f   v5subs:param.obj
 0001:0002165b       ??0SETPOINT_CLASS@@QAE@XZ  0042265b f   v5subs:setpoint.obj
 0001:00021665       ??1SETPOINT_CLASS@@QAE@XZ  00422665 f   v5subs:setpoint.obj
 0001:0002166a       ??4SETPOINT_CLASS@@QAEXABV0@@Z 0042266a f   v5subs:setpoint.obj
 0001:000216bd       ??4SETPOINT_ENTRY@@QAEXABU0@@Z 004226bd f   v5subs:setpoint.obj
 0001:000216dc       ??ASETPOINT_CLASS@@QAEAAUSETPOINT_ENTRY@@H@Z 004226dc f   v5subs:setpoint.obj
 0001:000216f8       ??_ESETPOINT_ENTRY@@QAEPAXI@Z 004226f8 f i v5subs:setpoint.obj
 0001:00021761       ?cleanup@SETPOINT_CLASS@@QAEXXZ 00422761 f   v5subs:setpoint.obj
 0001:0002177c       ?get@SETPOINT_CLASS@@QAEHAAVSTRING_CLASS@@@Z 0042277c f   v5subs:setpoint.obj
 0001:00021793       ?get_one_value@SETPOINT_CLASS@@QAEEAAVSTRING_CLASS@@0H@Z 00422793 f   v5subs:setpoint.obj
 0001:0002181d       ?getfrom@SETPOINT_CLASS@@QAEHAAVSTRING_CLASS@@@Z 0042281d f   v5subs:setpoint.obj
 0001:00021910       ?put@SETPOINT_CLASS@@QAEEAAVSTRING_CLASS@@@Z 00422910 f   v5subs:setpoint.obj
 0001:000219f7       ?setsize@SETPOINT_CLASS@@QAEEH@Z 004229f7 f   v5subs:setpoint.obj
 0001:00021af4       ??0PART_CLASS@@QAE@XZ      00422af4 f   v5subs:part.obj
 0001:00021b2a       ??1PART_CLASS@@QAE@XZ      00422b2a f   v5subs:part.obj
 0001:00021b58       ?find@PART_CLASS@@QAEEAAVSTRING_CLASS@@00@Z 00422b58 f   v5subs:part.obj
 0001:00021e91       ?init@PART_CLASS@@QAEXXZ   00422e91 f   v5subs:part.obj
 0001:00021fb7       ?plunger_area@PART_CLASS@@QAENXZ 00422fb7 f   v5subs:part.obj
 0001:00022002       ?read_ftchan_db@PART_CLASS@@QAEEAAVSTRING_CLASS@@@Z 00423002 f   v5subs:part.obj
 0001:000220a8       ?read_part_setup@PART_CLASS@@QAEEAAVSTRING_CLASS@@@Z 004230a8 f   v5subs:part.obj
 0001:00022109       ?read_x4_divisor@PART_CLASS@@QAEEXZ 00423109 f   v5subs:part.obj
 0001:00022260       ?update@PART_CLASS@@QAEEXZ 00423260 f   v5subs:part.obj
 0001:00022659       ?velocity_from_x4@PART_CLASS@@QAENN@Z 00423659 f   v5subs:part.obj
 0001:0002266c       ??4TIME_CLASS@@QAEXPB_W@Z  0042366c f   v5subs:timeclas.obj
 0001:000226f6       ??GTIME_CLASS@@QAEJABV0@@Z 004236f6 f   v5subs:timeclas.obj
 0001:00022703       ??ZTIME_CLASS@@QAEXK@Z     00423703 f   v5subs:timeclas.obj
 0001:00022719       ?dd@TIME_CLASS@@QAEPA_WXZ  00423719 f   v5subs:timeclas.obj
 0001:00022728       ?file_time@TIME_CLASS@@QAEAAU_FILETIME@@XZ 00423728 f   v5subs:timeclas.obj
 0001:0002276a       ?get@TIME_CLASS@@QAEEAAU_SYSTEMTIME@@@Z 0042376a f   v5subs:timeclas.obj
 0001:00022865       ?get_local_time@TIME_CLASS@@QAEXXZ 00423865 f   v5subs:timeclas.obj
 0001:0002289c       ?hh@TIME_CLASS@@QAEPA_WXZ  0042389c f   v5subs:timeclas.obj
 0001:000228a8       ?hhmmss@TIME_CLASS@@QAEPA_WXZ 004238a8 f   v5subs:timeclas.obj
 0001:00022915       ?jjj@TIME_CLASS@@QAEPA_WXZ 00423915 f   v5subs:timeclas.obj
 0001:000229ae       ?mi@TIME_CLASS@@QAEPA_WXZ  004239ae f   v5subs:timeclas.obj
 0001:000229bd       ?mm@TIME_CLASS@@QAEPA_WXZ  004239bd f   v5subs:timeclas.obj
 0001:000229c9       ?mmddyyyy@TIME_CLASS@@QAEPA_WXZ 004239c9 f   v5subs:timeclas.obj
 0001:00022a12       ?mmm@TIME_CLASS@@QAEPA_WXZ 00423a12 f   v5subs:timeclas.obj
 0001:00022a47       ?set@TIME_CLASS@@QAEEABU_FILETIME@@@Z 00423a47 f   v5subs:timeclas.obj
 0001:00022a86       ?set@TIME_CLASS@@QAEEABU_SYSTEMTIME@@@Z 00423a86 f   v5subs:timeclas.obj
 0001:00022b27       ?set_time@TIME_CLASS@@QAEXPB_W@Z 00423b27 f   v5subs:timeclas.obj
 0001:00022b7c       ?system_time@TIME_CLASS@@QAEAAU_SYSTEMTIME@@XZ 00423b7c f   v5subs:timeclas.obj
 0001:00022b8c       ?text@TIME_CLASS@@QAEPA_WXZ 00423b8c f   v5subs:timeclas.obj
 0001:00022bf4       ?yy@TIME_CLASS@@QAEPA_WXZ  00423bf4 f   v5subs:timeclas.obj
 0001:00022c03       ?yyyy@TIME_CLASS@@QAEPA_WXZ 00423c03 f   v5subs:timeclas.obj
 0001:00022c0c       ??0PLOOKUP_CLASS@@QAE@XZ   00423c0c f   v5subs:plookup.obj
 0001:00022c0c       ??0SHOT_NAME_RESET_CLASS@@QAE@XZ 00423c0c f   v5subs:shot_name_reset.obj
 0001:00022c0c       ??0SHOT_NAME_CLASS@@QAE@XZ 00423c0c f   v5subs:shot_name.obj
 0001:00022c0c       ??0EXTERNAL_SHOT_NAME_CLASS@@QAE@XZ 00423c0c f   v5subs:shot_name.obj
 0001:00022c20       ?get@PLOOKUP_CLASS@@QAEHXZ 00423c20 f   v5subs:plookup.obj
 0001:00022d57       ?get_last_shot_name@PLOOKUP_CLASS@@QAEEAAVSTRING_CLASS@@000@Z 00423d57 f   v5subs:plookup.obj
 0001:00022d93       ?get_last_shot_number@PLOOKUP_CLASS@@QAEHXZ 00423d93 f   v5subs:plookup.obj
 0001:00022db3       ?get_time@PLOOKUP_CLASS@@QAEEAAVTIME_CLASS@@@Z 00423db3 f   v5subs:plookup.obj
 0001:00022e40       ?init@PLOOKUP_CLASS@@QAEEAAVSTRING_CLASS@@00@Z 00423e40 f   v5subs:plookup.obj
 0001:00022e5c       ?put@PLOOKUP_CLASS@@QAEEXZ 00423e5c f   v5subs:plookup.obj
 0001:00022f7a       ?set_last_shot_name@PLOOKUP_CLASS@@QAEEAAVSTRING_CLASS@@@Z 00423f7a f   v5subs:plookup.obj
 0001:00022f9b       ?set_last_shot_number@PLOOKUP_CLASS@@QAEEH@Z 00423f9b f   v5subs:plookup.obj
 0001:00022fbc       ?set_time@PLOOKUP_CLASS@@QAEEAAVTIME_CLASS@@@Z 00423fbc f   v5subs:plookup.obj
 0001:00023003       ??0RECTANGLE_CLASS@@QAE@XZ 00424003 f   v5subs:rectclas.obj
 0001:00023013       ??4RECTANGLE_CLASS@@QAEXABV0@@Z 00424013 f   v5subs:rectclas.obj
 0001:00023030       ?contains@RECTANGLE_CLASS@@QAEEABUtagPOINT@@@Z 00424030 f   v5subs:rectclas.obj
 0001:00023055       ?draw@RECTANGLE_CLASS@@QAEXPAUHDC__@@@Z 00424055 f   v5subs:rectclas.obj
 0001:0002309a       ?draw@RECTANGLE_CLASS@@QAEXPAUHDC__@@K@Z 0042409a f   v5subs:rectclas.obj
 0001:000230df       ?fill@RECTANGLE_CLASS@@QAEXPAUHDC__@@K@Z 004240df f   v5subs:rectclas.obj
 0001:00023121       ?fill@RECTANGLE_CLASS@@QAEXPAUHDC__@@PAUHBRUSH__@@@Z 00424121 f   v5subs:rectclas.obj
 0001:00023133       ?moveto@RECTANGLE_CLASS@@QAEXJJ@Z 00424133 f   v5subs:rectclas.obj
 0001:00023154       ?offset@RECTANGLE_CLASS@@QAEXJJ@Z 00424154 f   v5subs:rectclas.obj
 0001:0002316a       ?setsize@RECTANGLE_CLASS@@QAEXUtagSIZE@@@Z 0042416a f   v5subs:rectclas.obj
 0001:0002316a       ?setsize@RECTANGLE_CLASS@@QAEXJJ@Z 0042416a f   v5subs:rectclas.obj
 0001:00023180       ??0SURETRAK_PARAM_CLASS@@QAE@XZ 00424180 f   v5subs:stparam.obj
 0001:000231c6       ?find@SURETRAK_PARAM_CLASS@@QAEEAAVSTRING_CLASS@@0@Z 004241c6 f   v5subs:stparam.obj
 0001:000232bc       ??0STRINGTABLE_CLASS@@QAE@XZ 004242bc f   v5subs:stringtable.obj
 0001:000232d4       ??1STRINGTABLE_CLASS@@QAE@XZ 004242d4 f   v5subs:stringtable.obj
 0001:000232fe       ?append@STRINGTABLE_CLASS@@QAE_NAAVSTRING_CLASS@@PA_W@Z 004242fe f   v5subs:stringtable.obj
 0001:00023310       ?find@STRINGTABLE_CLASS@@QAE_NAAVSTRING_CLASS@@PA_W@Z 00424310 f   v5subs:stringtable.obj
 0001:00023322       ?find@STRINGTABLE_CLASS@@QAE_NAAVSTRING_CLASS@@PA_W_N@Z 00424322 f   v5subs:stringtable.obj
 0001:000233d2       ?set_language@STRINGTABLE_CLASS@@QAEXAAVSTRING_CLASS@@@Z 004243d2 f   v5subs:stringtable.obj
 0001:000234b9       ??0PART_NAME_ENTRY@@QAE@XZ 004244b9 f   v5subs:structs.obj
 0001:000234d5       ??4PART_NAME_ENTRY@@QAEXABU0@@Z 004244d5 f   v5subs:structs.obj
 0001:00023500       ??4PROFILE_NAME_ENTRY@@QAEXABUPART_NAME_ENTRY@@@Z 00424500 f   v5subs:structs.obj
 0001:00023517       ?set@PROFILE_NAME_ENTRY@@QAEXABVSTRING_CLASS@@00PB_W@Z 00424517 f   v5subs:structs.obj
 0001:0002354b       ??0PRESSURE_CONTROL_CLASS@@QAE@XZ 0042454b f   v5subs:stpres.obj
 0001:000235b0       ??0PRES_CONTROL_STEP_ENTRY@@QAE@XZ 004245b0 f i v5subs:stpres.obj
 0001:000235cc       ??1PRESSURE_CONTROL_CLASS@@QAE@XZ 004245cc f   v5subs:stpres.obj
 0001:0002362a       ??1PRES_CONTROL_STEP_ENTRY@@QAE@XZ 0042462a f i v5subs:stpres.obj
 0001:00023645       ?find@PRESSURE_CONTROL_CLASS@@QAEEAAVSTRING_CLASS@@00@Z 00424645 f   v5subs:stpres.obj
 0001:000238f0       ?init@PRESSURE_CONTROL_CLASS@@QAEXXZ 004248f0 f   v5subs:stpres.obj
 0001:0002397b       ?boolean_from_ini@@YAEPB_W00@Z 0042497b f   v5subs:get_ini.obj
 0001:0002399d       ?get_ini_string@@YAPA_WPB_W00@Z 0042499d f   v5subs:get_ini.obj
 0001:000239c3       ?get_long_ini_string@@YAPA_WPB_W00@Z 004249c3 f   v5subs:get_ini.obj
 0001:00023a38       ?int32_from_ini@@YAJPB_W00@Z 00424a38 f   v5subs:get_ini.obj
 0001:00023a53       ?catstring@@YAPA_WPA_WPB_W@Z 00424a53 f   v5subs:mem.obj
 0001:00023a74       ?char_to_tchar@@YAXPA_WPADH@Z 00424a74 f   v5subs:mem.obj
 0001:00023ac7       ?charlen@@YAFPB_WF@Z       00424ac7 f   v5subs:mem.obj
 0001:00023aee       ?compare@@YAFPB_W0F@Z      00424aee f   v5subs:mem.obj
 0001:00023b56       ?copy_w_char@@YAPA_WPA_W0_W@Z 00424b56 f   v5subs:mem.obj
 0001:00023b71       ?copychars@@YAXPA_WPB_WF@Z 00424b71 f   v5subs:mem.obj
 0001:00023b97       ?copyfromstr@@YAXPA_WPB_WF@Z 00424b97 f   v5subs:mem.obj
 0001:00023bda       ?copystring@@YAPA_WPA_WPB_W@Z 00424bda f   v5subs:mem.obj
 0001:00023c1d       ?copystring@@YAPA_WPA_WPB_WH@Z 00424c1d f   v5subs:mem.obj
 0001:00023c6b       ?countchars@@YAJ_WPB_W@Z   00424c6b f   v5subs:mem.obj
 0001:00023c89       ?fillchars@@YAXPA_W_WF@Z   00424c89 f   v5subs:mem.obj
 0001:00023cb4       ?find_last_string@@YAPA_WPB_WPA_W@Z 00424cb4 f   v5subs:mem.obj
 0001:00023d5e       ?findchar@@YAPB_W_WPB_W@Z  00424d5e f   v5subs:mem.obj
 0001:00023d5e       ?findchar@@YAPA_W_WPA_W@Z  00424d5e f   v5subs:mem.obj
 0001:00023d79       ?findchar@@YAPA_W_WPA_WF@Z 00424d79 f   v5subs:mem.obj
 0001:00023da4       ?findstring@@YAPA_WPB_WPA_W@Z 00424da4 f   v5subs:mem.obj
 0001:00023e22       ?insert_char@@YAXPA_W_W@Z  00424e22 f   v5subs:mem.obj
 0001:00023e50       ?killtext@@YAXPA_W@Z       00424e50 f   v5subs:mem.obj
 0001:00023e5c       ?maketext@@YAPA_WJ@Z       00424e5c f   v5subs:mem.obj
 0001:00023e85       ?maketext@@YAPA_WPB_W@Z    00424e85 f   v5subs:mem.obj
 0001:00023e93       ?maketext@@YAPA_WPB_WJ@Z   00424e93 f   v5subs:mem.obj
 0001:00023ec6       ?maketext_from_char@@YAPA_WPADH@Z 00424ec6 f   v5subs:mem.obj
 0001:00023f0d       ?move_string_forward@@YAXPA_WH@Z 00424f0d f   v5subs:mem.obj
 0001:00023f43       ?nextstring@@YAPA_WPA_W@Z  00424f43 f   v5subs:mem.obj
 0001:00023f57       ?remove_char@@YAXPA_W@Z    00424f57 f   v5subs:mem.obj
 0001:00023f7d       ?replace_char_with_null@@YAEPA_WPB_W@Z 00424f7d f   v5subs:mem.obj
 0001:00023fc9       ?replace_char_with_null@@YAEPA_W_W@Z 00424fc9 f   v5subs:mem.obj
 0001:00023ff8       ?replace_tab_with_null@@YAEPA_W@Z 00424ff8 f   v5subs:mem.obj
 0001:0002400c       ?start_chars_are_equal@@YA_NPB_W0@Z 0042500c f   v5subs:mem.obj
 0001:00024042       ?strings_are_equal@@YAEPB_W0@Z 00425042 f   v5subs:mem.obj
 0001:00024077       ?strings_are_equal@@YAEPB_W0F@Z 00425077 f   v5subs:mem.obj
 0001:00024093       ?strip@@YAXPA_W@Z          00425093 f   v5subs:mem.obj
 0001:000240c4       ?tchar_to_int@@YAH_W@Z     004250c4 f   v5subs:mem.obj
 0001:000240da       ?trim@@YAXPA_W@Z           004250da f   v5subs:mem.obj
 0001:0002410c       ?ul_to_char@@YADK@Z        0042510c f   v5subs:mem.obj
 0001:00024111       ?unicode_to_char@@YAXPADPA_W@Z 00425111 f   v5subs:mem.obj
 0001:00024135       ?upper_case@@YAXAA_W@Z     00425135 f   v5subs:mem.obj
 0001:00024159       ?upper_case@@YAXPA_W@Z     00425159 f   v5subs:mem.obj
 0001:0002418a       ?utoi@@YAHI@Z              0042518a f   v5subs:mem.obj
 0001:0002418f       ??0EVENT_ENTRY@@QAE@XZ     0042518f f i v5subs:client.obj
 0001:000241a6       ??_GEVENT_ENTRY@@QAEPAXI@Z 004251a6 f i v5subs:client.obj
 0001:000241cc       ?client_dde_shutdown@@YAXXZ 004251cc f   v5subs:client.obj
 0001:00024288       ?client_dde_startup@@YAXPAUHWND__@@@Z 00425288 f   v5subs:client.obj
 0001:000242aa       ?client_dde_startup@@YAXXZ 004252aa f   v5subs:client.obj
 0001:0002433e       ?connect_to_server@@YAPAUHCONV__@@PA_W@Z 0042533e f   v5subs:client.obj
 0001:000243a1       ?connect_to_server@@YAXXZ  004253a1 f   v5subs:client.obj
 0001:00024409       ?dde_callback@@YGPAUHDDEDATA__@@IIPAUHCONV__@@PAUHSZ__@@1PAU1@KK@Z 00425409 f   v5subs:client.obj
 0001:00024507       ?find_conversation@@YAPAUEVENT_ENTRY@@PAUHCONV__@@@Z 00425507 f   v5subs:client.obj
 0001:000245a2       ?get_current_password_level@@YAXXZ 004255a2 f   v5subs:client.obj
 0001:000245e7       ?hot_links@@YAXPAUEVENT_ENTRY@@I@Z 004255e7 f   v5subs:client.obj
 0001:00024620       ?one_hot_link@@YAXPAUHCONV__@@FI@Z 00425620 f   v5subs:client.obj
 0001:00024687       ?poke_data@@YAXPA_W00@Z    00425687 f   v5subs:client.obj
 0001:00024782       ?register_for_event@@YAXPA_WFP6AX0FPAUHDDEDATA__@@@Z@Z 00425782 f   v5subs:client.obj
 0001:00024855       ?unregister_for_event@@YAXPA_WF@Z 00425855 f   v5subs:client.obj
 0001:000248f9       ?dcurve_shutdown@@YAXXZ    004258f9 f   v5subs:dcurve.obj
 0001:000248fe       ?dcurve_startup@@YAEXZ     004258fe f   v5subs:dcurve.obj
 0001:00024903       ?get_dcurve_coefficients@@YAEAAN0H@Z 00425903 f   v5subs:dcurve.obj
 0001:00024a9d       ?execute_and_wait@@YAEPA_W0@Z 00425a9d f   v5subs:execwait.obj
 0001:00024ab3       ?execute_and_wait@@YAEPA_W0K@Z 00425ab3 f   v5subs:execwait.obj
 0001:00024b2e       ?exe_directory@@YAPB_WXZ   00425b2e f   v5subs:gexedir.obj
 0001:00024b54       ?get_exe_directory@@YAEPA_W@Z 00425b54 f   v5subs:gexedir.obj
 0001:00024c3d       ?free_shotsave_semaphore@@YAXXZ 00425c3d f   v5subs:semaphor.obj
 0001:00024c47       ?get_shotsave_semaphore@@YAEAAVSTRING_CLASS@@0@Z 00425c47 f   v5subs:semaphor.obj
 0001:00024cd3       ?fix_dde_name@@YAXPA_W@Z   00425cd3 f   v5subs:fix.obj
 0001:00024d02       ?fixed_string@@YAPA_WNJJ@Z 00425d02 f   v5subs:ftoasc.obj
 0001:00024e46       ?position_string@@YAPA_WN@Z 00425e46 f   v5subs:ftoasc.obj
 0001:00024f73       ?average_character_width@@YAJPAUHDC__@@@Z 00425f73 f   v5subs:winsubs.obj
 0001:00024fa2       ?character_height@@YAJPAUHDC__@@@Z 00425fa2 f   v5subs:winsubs.obj
 0001:00024fd1       ?free_megabytes@@YAJPB_W@Z 00425fd1 f   v5subs:winsubs.obj
 0001:0002501b       ?get_text@@YAEPA_WPAUHWND__@@H@Z 0042601b f   v5subs:winsubs.obj
 0001:00025044       ?is_a_listbox@@YAEPAUHWND__@@@Z 00426044 f   v5subs:winsubs.obj
 0001:000250b2       ?is_checked@@YAEPAUHWND__@@@Z 004260b2 f   v5subs:winsubs.obj
 0001:000250cd       ?is_checked@@YAEPAUHWND__@@H@Z 004260cd f   v5subs:winsubs.obj
 0001:000250e3       ?is_previous_instance@@YAEPA_W0@Z 004260e3 f   v5subs:winsubs.obj
 0001:00025110       ?pixel_width@@YAJPAUHDC__@@PA_W@Z 00426110 f   v5subs:winsubs.obj
 0001:00025136       ?resource_message_box@@YAHPAUHINSTANCE__@@III@Z 00426136 f   v5subs:winsubs.obj
 0001:00025151       ?resource_message_box@@YAHPAUHWND__@@PAUHINSTANCE__@@III@Z 00426151 f   v5subs:winsubs.obj
 0001:000251ea       ?resource_string@@YAPA_WPAUHINSTANCE__@@I@Z 004261ea f   v5subs:winsubs.obj
 0001:00025218       ?set_checkbox@@YAXPAUHWND__@@E@Z 00426218 f   v5subs:winsubs.obj
 0001:00025234       ?set_listbox_tabs_from_title_positions@@YAXPAUHWND__@@IPAHH@Z 00426234 f   v5subs:winsubs.obj
 0001:0002534c       ?set_menu_view_state@@YAXAAEPAUHWND__@@I@Z 0042634c f   v5subs:winsubs.obj
 0001:00025374       ?set_text@@YAEPAUHWND__@@HPB_W@Z 00426374 f   v5subs:winsubs.obj
 0001:0002538f       ?set_text@@YAEPAUHWND__@@PB_W@Z 0042638f f   v5subs:winsubs.obj
 0001:000253b8       ?hextoul@@YAKPB_W@Z        004263b8 f   v5subs:hex.obj
 0001:0002542f       ?is_hex_char@@YAE_W@Z      0042642f f   v5subs:hex.obj
 0001:0002544f       ?ultohex@@YAPA_WK@Z        0042644f f   v5subs:hex.obj
 0001:00025461       ?ultohex@@YAXPA_WK@Z       00426461 f   v5subs:hex.obj
 0001:00025474       ?insalph@@YAXPA_WJJ_WJ@Z   00426474 f   v5subs:insalph.obj
 0001:000254c5       ?alphadate@@YAEPA_WABU_SYSTEMTIME@@@Z 004264c5 f   v5subs:time.obj
 0001:00025526       ?alphadate@@YAPA_WABU_SYSTEMTIME@@@Z 00426526 f   v5subs:time.obj
 0001:0002553c       ?alphatime@@YAEPA_WABU_SYSTEMTIME@@@Z 0042653c f   v5subs:time.obj
 0001:0002559e       ?alphatime@@YAPA_WABU_SYSTEMTIME@@@Z 0042659e f   v5subs:time.obj
 0001:000255b4       ?compare_file_times@@YAHAAU_FILETIME@@0@Z 004265b4 f   v5subs:time.obj
 0001:000255f5       ?dofyr@@YAGABU_SYSTEMTIME@@@Z 004265f5 f   v5subs:time.obj
 0001:00025610       ?dofyr@@YAGGGG@Z           00426610 f   v5subs:time.obj
 0001:00025660       ?exthms@@YAEAAU_SYSTEMTIME@@PB_W@Z 00426660 f   v5subs:time.obj
 0001:000256c4       ?extmdy@@YAEAAU_SYSTEMTIME@@PB_W@Z 004266c4 f   v5subs:time.obj
 0001:00025742       ?init_systemtime_struct@@YAXAAU_SYSTEMTIME@@@Z 00426742 f   v5subs:time.obj
 0001:00025756       ?is_leap_year@@YAEG@Z      00426756 f   v5subs:time.obj
 0001:00025790       ?is_numeric@@YAE_W@Z       00426790 f   v5subs:time.obj
 0001:000257b1       ?sec_since1990@@YAJAAU_SYSTEMTIME@@@Z 004267b1 f   v5subs:time.obj
 0001:00025822       ?seconds_difference@@YAJAAU_FILETIME@@0@Z 00426822 f   v5subs:time.obj
 0001:00025882       ?maxint@@YAXAAHH@Z         00426882 f   v5subs:maximize.obj
 0001:00025891       ?minint@@YAXAAHH@Z         00426891 f   v5subs:maximize.obj
 0001:000258a0       ?rjust@@YAXPA_WF_W@Z       004268a0 f   v5subs:rjust.obj
 0001:000258e7       ?ascii_to_bool@@YA_NPA_W@Z 004268e7 f   v5subs:misc.obj
 0001:00025906       ?mask_from_wire@@YAII@Z    00426906 f   v5subs:misc.obj
 0001:00025915       ?round@@YANNN@Z            00426915 f   v5subs:misc.obj
 0001:00025959       ?unknown@@YAEPA_W@Z        00426959 f   v5subs:misc.obj
 0001:0002596f       ?unknown_string@@YAPA_WXZ  0042696f f   v5subs:misc.obj
 0001:00025975       ?wire_from_mask@@YAII@Z    00426975 f   v5subs:misc.obj
 0001:0002598a       ?double_to_tchar@@YA_NPA_WNH@Z 0042698a f   v5subs:dtotchar.obj
 0001:00025ab9       ?rounded_double_to_tchar@@YA_NPA_WN@Z 00426ab9 f   v5subs:dtotchar.obj
 0001:00025b1b       ??0FONT_LIST_CLASS@@QAE@XZ 00426b1b f   v5subs:fontclas.obj
 0001:00025b1b       ??0SHIFT_CLASS@@QAE@XZ     00426b1b f   v5subs:shift.obj
 0001:00025b6d       ?dow_from_string@@YAFPA_W@Z 00426b6d f   v5subs:shift.obj
 0001:00025bdb       ?get_shift_number_and_date@@YAXPAFPAU_SYSTEMTIME@@ABU1@@Z 00426bdb f   v5subs:shift.obj
 0001:00025c4b       ?minutes_past_sunday@@YAFABU_SYSTEMTIME@@@Z 00426c4b f   v5subs:shift.obj
 0001:00025c66       ?read@SHIFT_CLASS@@QAEEAAVDB_TABLE@@GG@Z 00426c66 f   v5subs:shift.obj
 0001:00025cd3       ?set_start_of_shift@SHIFT_CLASS@@QAEEABU_SYSTEMTIME@@F@Z 00426cd3 f   v5subs:shift.obj
 0001:00025ef5       ?shift_number@@YAFPAFABU_SYSTEMTIME@@@Z 00426ef5 f   v5subs:shift.obj
 0001:00025f4a       ?shifts_shutdown@@YAXXZ    00426f4a f   v5subs:shift.obj
 0001:00025f5b       ?shifts_startup@@YAEXZ     00426f5b f   v5subs:shift.obj
 0001:00026140       ?units_name@@YAPA_WF@Z     00427140 f   v5subs:units.obj
 0001:00026167       ?units_shutdown@@YAXXZ     00427167 f   v5subs:units.obj
 0001:0002617f       ?units_startup@@YAEXZ      0042717f f   v5subs:units.obj
 0001:000262d2       ?hourglass_cursor@@YAXXZ   004272d2 f   v5subs:hourglas.obj
 0001:000262ff       ?restore_cursor@@YAXXZ     004272ff f   v5subs:hourglas.obj
 0001:00026322       ?center_temp_message@@YAXXZ 00427322 f   v5subs:temp_message.obj
 0001:0002632a       ?kill_temp_message@@YAXXZ  0042732a f   v5subs:temp_message.obj
 0001:000264fc       ?register_temp_message@@YAXXZ 004274fc f   v5subs:temp_message.obj
 0001:00026562       ?temp_message@@YAXPA_W@Z   00427562 f   v5subs:temp_message.obj
 0001:00026573       ?temp_message@@YAXPA_WH@Z  00427573 f   v5subs:temp_message.obj
 0001:0002662b       ?temp_message_proc@@YGJPAUHWND__@@IIJ@Z 0042762b f   v5subs:temp_message.obj
 0001:000266f2       ??1TEXT_LIST_CLASS@@QAE@XZ 004276f2 f   v5subs:textlist.obj
 0001:00026703       ?append@TEXT_LIST_CLASS@@QAEEPA_WJ@Z 00427703 f   v5subs:textlist.obj
 0001:0002677a       ?empty@TEXT_LIST_CLASS@@QAEXXZ 0042777a f   v5subs:textlist.obj
 0001:000267a4       ?get_directory_list@TEXT_LIST_CLASS@@QAEXPB_W@Z 004277a4 f   v5subs:textlist.obj
 0001:0002685a       ?next@TEXT_LIST_CLASS@@QAEEXZ 0042785a f   v5subs:textlist.obj
 0001:0002685a       ?next@MACHINE_NAME_LIST_CLASS@@QAEEXZ 0042785a f   v5subs:machname.obj
 0001:0002686e       ?remove@TEXT_LIST_CLASS@@QAEEXZ 0042786e f   v5subs:textlist.obj
 0001:00026891       ??_EWINDOW_CLASS@@UAEPAXI@Z 00427891 f i v5subs:wclass.obj
 0001:000268df       ?destroy@WINDOW_CLASS@@QAEXXZ 004278df f   v5subs:wclass.obj
 0001:000268f7       ?enable@WINDOW_CLASS@@QAEXE@Z 004278f7 f   v5subs:wclass.obj
 0001:000268f7       ?enable@WINDOW_CLASS@@QAEX_N@Z 004278f7 f   v5subs:wclass.obj
 0001:00026913       ?get_move_rect@WINDOW_CLASS@@QAEHAAUtagRECT@@@Z 00427913 f   v5subs:wclass.obj
 0001:000269a7       ?getrect@WINDOW_CLASS@@QAEHAAUtagRECT@@@Z 004279a7 f   v5subs:wclass.obj
 0001:000269c8       ?is_minimized@WINDOW_CLASS@@QAEHXZ 004279c8 f   v5subs:wclass.obj
 0001:000269db       ?is_visible@WINDOW_CLASS@@QAEHXZ 004279db f   v5subs:wclass.obj
 0001:000269ee       ?move@WINDOW_CLASS@@QAEXAAUtagRECT@@@Z 004279ee f   v5subs:wclass.obj
 0001:00026a17       ?post@WINDOW_CLASS@@QAEXI@Z 00427a17 f   v5subs:wclass.obj
 0001:00026a31       ?post@WINDOW_CLASS@@QAEXIIJ@Z 00427a31 f   v5subs:wclass.obj
 0001:00026a4f       ?refresh@WINDOW_CLASS@@QAEXXZ 00427a4f f   v5subs:wclass.obj
 0001:00026a6e       ?send@WINDOW_CLASS@@QAEXI@Z 00427a6e f   v5subs:wclass.obj
 0001:00026a88       ?send@WINDOW_CLASS@@QAEXIIJ@Z 00427a88 f   v5subs:wclass.obj
 0001:00026aa6       ?set_title@WINDOW_CLASS@@QAEXPA_W@Z 00427aa6 f   v5subs:wclass.obj
 0001:00026ac7       ?show@WINDOW_CLASS@@QAEXH@Z 00427ac7 f   v5subs:wclass.obj
 0001:00026add       ?style@WINDOW_CLASS@@QAEJXZ 00427add f   v5subs:wclass.obj
 0001:00026af0       ??0MENU_CONTROL_ENTRY@@QAE@XZ 00427af0 f   v5subs:menuctrl.obj
 0001:00026ba7       ??0MENU_ITEM_ENTRY@@QAE@XZ 00427ba7 f   v5subs:menuctrl.obj
 0001:00026bf7       ??1MENU_CONTROL_ENTRY@@QAE@XZ 00427bf7 f   v5subs:menuctrl.obj
 0001:00026c71       ??1MENU_ITEM_ENTRY@@QAE@XZ 00427c71 f   v5subs:menuctrl.obj
 0001:00026c9b       ??_EMENU_ITEM_ENTRY@@QAEPAXI@Z 00427c9b f i v5subs:menuctrl.obj
 0001:00026cf0       ?create_windows@MENU_CONTROL_ENTRY@@QAEEPA_WPAUHWND__@@@Z 00427cf0 f   v5subs:menuctrl.obj
 0001:00026e01       ?destroy_windows@MENU_CONTROL_ENTRY@@QAEXXZ 00427e01 f   v5subs:menuctrl.obj
 0001:00026e41       ?do_left_button_down@MENU_CONTROL_ENTRY@@QAEXIJ@Z 00427e41 f   v5subs:menuctrl.obj
 0001:00026f62       ?do_left_button_up@MENU_CONTROL_ENTRY@@QAEXIJ@Z 00427f62 f   v5subs:menuctrl.obj
 0001:00027012       ?do_mousemove@MENU_CONTROL_ENTRY@@QAEXPAUHWND__@@IJ@Z 00428012 f   v5subs:menuctrl.obj
 0001:00027330       ?draw@MENU_ITEM_ENTRY@@QAEXPAUHDC__@@@Z 00428330 f   v5subs:menuctrl.obj
 0001:0002741a       ?draw_rect@MENU_ITEM_ENTRY@@QAEXPAUHDC__@@@Z 0042841a f   v5subs:menuctrl.obj
 0001:0002748b       ?draw_submenu_item@MENU_ITEM_ENTRY@@QAEXPAUHDC__@@I@Z 0042848b f   v5subs:menuctrl.obj
 0001:0002754c       ?excel_to_csv@@YAXPA_W@Z   0042854c f   v5subs:menuctrl.obj
 0001:00027587       ?find@MENU_CONTROL_ENTRY@@QAEPAVMENU_ITEM_ENTRY@@I@Z 00428587 f   v5subs:menuctrl.obj
 0001:000275e0       ?get@MENU_ITEM_ENTRY@@QAEEPA_W@Z 004285e0 f   v5subs:menuctrl.obj
 0001:0002773e       ?menu_control_proc@@YGJPAUHWND__@@IIJ@Z 0042873e f   v5subs:menuctrl.obj
 0001:000277ec       ?paint_me@MENU_CONTROL_ENTRY@@QAEXPAUHWND__@@@Z 004287ec f   v5subs:menuctrl.obj
 0001:000278a7       ?paint_submenu@MENU_CONTROL_ENTRY@@QAEXPAUHWND__@@@Z 004288a7 f   v5subs:menuctrl.obj
 0001:00027988       ?read@MENU_CONTROL_ENTRY@@QAEEAAVNAME_CLASS@@H@Z 00428988 f   v5subs:menuctrl.obj
 0001:00028001       ?register_window@MENU_CONTROL_ENTRY@@SAXXZ 00429001 f   v5subs:menuctrl.obj
 0001:000280b4       ?resize@MENU_CONTROL_ENTRY@@QAEEH@Z 004290b4 f   v5subs:menuctrl.obj
 0001:00028148       ?resize@MENU_CONTROL_ENTRY@@QAEEXZ 00429148 f   v5subs:menuctrl.obj
 0001:00028150       ?set_checkmark@MENU_CONTROL_ENTRY@@QAEEIE@Z 00429150 f   v5subs:menuctrl.obj
 0001:00028179       ?show_submenu@MENU_CONTROL_ENTRY@@QAEXXZ 00429179 f   v5subs:menuctrl.obj
 0001:00028237       ?sub_menu_control_proc@@YGJPAUHWND__@@IIJ@Z 00429237 f   v5subs:menuctrl.obj
 0001:00028274       ?set_setup_strings@@YAXPAUHWND__@@PAURESOURCE_TEXT_ENTRY@@HPAIHPA_W@Z 00429274 f   v5subs:statics.obj
 0001:00028379       ?set_statics_font@@YAXAAVWINDOW_CLASS@@@Z 00429379 f   v5subs:statics.obj
 0001:00028396       ?statics_shutdown@@YAXXZ   00429396 f   v5subs:statics.obj
 0001:000283b3       ?statics_startup@@YAXXZ    004293b3 f   v5subs:statics.obj
 0001:000283c8       ??1FTII_VAR_ARRAY@@UAE@XZ  004293c8 f   v5subs:ftiiclas.obj
 0001:000283de       ??4FTII_VAR@@UAEXN@Z       004293de f   v5subs:ftiiclas.obj
 0001:00028434       ??4FTII_VAR@@UAEXPB_W@Z    00429434 f   v5subs:ftiiclas.obj
 0001:000284b8       ??4FTII_VAR_ARRAY@@UAEXABVFTII_VAR@@@Z 004294b8 f   v5subs:ftiiclas.obj
 0001:000284ca       ??4FTII_VAR_ARRAY@@UAEXH@Z 004294ca f   v5subs:ftiiclas.obj
 0001:000284cf       ??4FTII_VAR_ARRAY@@UAEXI@Z 004294cf f   v5subs:ftiiclas.obj
 0001:000284f0       ??4FTII_VAR_ARRAY@@UAEXN@Z 004294f0 f   v5subs:ftiiclas.obj
 0001:0002851c       ??AFTII_VAR_ARRAY@@QAEAAVFTII_VAR@@H@Z 0042951c f   v5subs:ftiiclas.obj
 0001:00028550       ??_EFTII_VAR@@UAEPAXI@Z    00429550 f i v5subs:ftiiclas.obj
 0001:000285a0       ?append_value@FTII_VAR@@QAE_NAAVSTRING_CLASS@@@Z 004295a0 f   v5subs:ftiiclas.obj
 0001:00028674       ?cleanup@FTII_VAR_ARRAY@@QAEXXZ 00429674 f   v5subs:ftiiclas.obj
 0001:000286a7       ?find@FTII_VAR_ARRAY@@QAE_NH@Z 004296a7 f   v5subs:ftiiclas.obj
 0001:000286e8       ?find@FTII_VAR_ARRAY@@QAE_NPA_W@Z 004296e8 f   v5subs:ftiiclas.obj
 0001:00028701       ?get@FTII_VAR@@UAE_NPB_W@Z 00429701 f   v5subs:ftiiclas.obj
 0001:0002873e       ?get@FTII_VAR_ARRAY@@QAE_NAAVSTRING_CLASS@@@Z 0042973e f   v5subs:ftiiclas.obj
 0001:00028833       ?get_from@FTII_VAR_ARRAY@@QAE_NAAVSTRING_CLASS@@@Z 00429833 f   v5subs:ftiiclas.obj
 0001:0002891a       ?makeline@FTII_VAR@@QAE_NAAVSTRING_CLASS@@@Z 0042991a f   v5subs:ftiiclas.obj
 0001:00028966       ?myfindchar@@YAPA_W_WPA_W@Z 00429966 f   v5subs:ftiiclas.obj
 0001:00028966       ?myfindchar@@YAPB_W_WPB_W@Z 00429966 f   v5subs:ftiiclas.obj
 0001:0002898a       ?put@FTII_VAR@@UAE_NAAVSTRING_CLASS@@@Z 0042998a f   v5subs:ftiiclas.obj
 0001:00028a2d       ?put@FTII_VAR_ARRAY@@UAE_NAAVSTRING_CLASS@@@Z 00429a2d f   v5subs:ftiiclas.obj
 0001:00028b0e       ?put_into@FTII_VAR_ARRAY@@QAE_NAAVSTRING_CLASS@@@Z 00429b0e f   v5subs:ftiiclas.obj
 0001:00028cbc       ?realval@FTII_VAR@@QAENXZ  00429cbc f   v5subs:ftiiclas.obj
 0001:00028d31       ?remove@FTII_VAR_ARRAY@@QAE_NH@Z 00429d31 f   v5subs:ftiiclas.obj
 0001:00028da1       ?remove@FTII_VAR_ARRAY@@QAE_NXZ 00429da1 f   v5subs:ftiiclas.obj
 0001:00028db3       ?set@FTII_VAR@@UAE_NHI@Z   00429db3 f   v5subs:ftiiclas.obj
 0001:00028dd1       ?set@FTII_VAR@@UAE_NHN@Z   00429dd1 f   v5subs:ftiiclas.obj
 0001:00028e38       ?set@FTII_VAR_ARRAY@@UAE_NHI@Z 00429e38 f   v5subs:ftiiclas.obj
 0001:00028e6b       ?update@FTII_VAR_ARRAY@@QAE_NAAVFTII_VAR@@@Z 00429e6b f   v5subs:ftiiclas.obj
 0001:00028e7d       ?update@FTII_VAR_ARRAY@@QAE_NHI@Z 00429e7d f   v5subs:ftiiclas.obj
 0001:00028ee1       ?upsize@FTII_VAR_ARRAY@@QAE_NH@Z 00429ee1 f   v5subs:ftiiclas.obj
 0001:00028ff0       ??0FTII_ARRAY_DATA@@QAE@XZ 00429ff0 f   v5subs:ftii_shot_data.obj
 0001:00029033       ??0FTII_FILE_DATA@@QAE@XZ  0042a033 f   v5subs:ftii_shot_data.obj
 0001:000290d4       ??0FTII_NET_DATA@@QAE@XZ   0042a0d4 f   v5subs:ftii_shot_data.obj
 0001:000290f5       ??0FTII_OP_STATUS_DATA@@QAE@XZ 0042a0f5 f   v5subs:ftii_shot_data.obj
 0001:00029146       ??0FTII_PROFILE@@QAE@XZ    0042a146 f   v5subs:ftii_shot_data.obj
 0001:00029192       ??1FTII_FILE_DATA@@QAE@XZ  0042a192 f   v5subs:ftii_shot_data.obj
 0001:00029197       ??1FTII_NET_DATA@@QAE@XZ   0042a197 f   v5subs:ftii_shot_data.obj
 0001:0002919c       ??1FTII_PROFILE@@UAE@XZ    0042a19c f   v5subs:ftii_shot_data.obj
 0001:000291b8       ??4FTII_ARRAY_DATA@@QAEXABVFTII_FILE_DATA@@@Z 0042a1b8 f   v5subs:ftii_shot_data.obj
 0001:0002994e       ??4FTII_FILE_DATA@@QAEXABVFTII_NET_DATA@@@Z 0042a94e f   v5subs:ftii_shot_data.obj
 0001:00029ae3       ??4FTII_OP_STATUS_DATA@@QAEXABU0@@Z 0042aae3 f   v5subs:ftii_shot_data.obj
 0001:00029be2       ??4FTII_PARAMETERS@@QAEXABU0@@Z 0042abe2 f   v5subs:ftii_shot_data.obj
[...]
 0003:0000c1d4       ?w@?1??do_new_current_values@@YAXXZ@4PAUHWND__@@A 004571d4     ft2.obj
 0003:0000c1d8       ?i@?1??do_new_current_values@@YAXXZ@4HA 004571d8     ft2.obj
 0003:0000c1dc       ?chan@?1??do_new_current_values@@YAXXZ@4HA 004571dc     ft2.obj
 0003:0000c1e0       ?x@?1??do_new_current_values@@YAXXZ@4IA 004571e0     ft2.obj
 0003:0000c1e8       ?d@?1??do_new_current_values@@YAXXZ@4NA 004571e8     ft2.obj
 0003:0000c1f0       ?should_be_visible@?1??do_new_current_values@@YAXXZ@4_NA 004571f0     ft2.obj
 0003:0000c1f1       ?show_channels_17_20@?1??do_new_current_values@@YAXXZ@4EA 004571f1     ft2.obj
 0003:0000c1f4       ?channel_mode@?1??do_new_current_values@@YAXXZ@4HA 004571f4     ft2.obj
 0003:0000c1f8       ?cmdchan@?1??do_new_current_values@@YAXXZ@4HA 004571f8     ft2.obj
 0003:0000c1fc       ?lvdtchan@?1??do_new_current_values@@YAXXZ@4HA 004571fc     ft2.obj
 0003:0000c200       ?s@?1??do_new_current_values@@YAXXZ@4VSTRING_CLASS@@A 00457200     ft2.obj
 0003:0000c208       ?logs@?1??do_new_current_values@@YAXXZ@4VSTRING_CLASS@@A 00457208     ft2.obj
 0003:0000c210       ?Last_Osw1@?1??do_new_alarm_output_values@@YAXXZ@4IA 00457210     ft2.obj
 0003:0000c214       ?s@?1??test_alarm_outputs_dialog_proc@@YGHPAUHWND__@@IIJ@Z@4VSTRING_CLASS@@A 00457214     ft2.obj
 0003:0000c21c       ?$S12@?1??test_alarm_outputs_dialog_proc@@YGHPAUHWND__@@IIJ@Z@4IA 0045721c     ft2.obj
 0003:0000c220       ?error_log_tbox_handle@?1??current_values_dialog_proc@@YGHPAUHWND__@@IIJ@Z@4PAU2@A 00457220     ft2.obj
 0003:0000c224       ?id@?1??current_values_dialog_proc@@YGHPAUHWND__@@IIJ@Z@4HA 00457224     ft2.obj
 0003:0000c228       ?s@?1??current_values_dialog_proc@@YGHPAUHWND__@@IIJ@Z@4VSTRING_CLASS@@A 00457228     ft2.obj
 0003:0000c230       ?$S13@?1??current_values_dialog_proc@@YGHPAUHWND__@@IIJ@Z@4IA 00457230     ft2.obj
 0003:0000c234       ?w@?1??current_values_dialog_proc@@YGHPAUHWND__@@IIJ@Z@4PAU2@A 00457234     ft2.obj
 0003:0000c238       ?s@?1??send_data_server_shot_notification@@YAXPA_W0@Z@4VSTRING_CLASS@@A 00457238     ft2.obj
 0003:0000c240       ?$S14@?1??send_data_server_shot_notification@@YAXPA_W0@Z@4IA 00457240     ft2.obj
 0003:0000c244       ?cmd@?1??main_proc@@YGJPAUHWND__@@IIJ@Z@4HA 00457244     ft2.obj
 0003:0000c248       ?id@?1??main_proc@@YGJPAUHWND__@@IIJ@Z@4HA 00457248     ft2.obj
 0003:0000c24c       ?s1@?1??main_proc@@YGJPAUHWND__@@IIJ@Z@4VSTRING_CLASS@@A 0045724c     ft2.obj
 0003:0000c254       ?$S15@?1??main_proc@@YGJPAUHWND__@@IIJ@Z@4IA 00457254     ft2.obj
 0003:0000c258       _SendEvent                 00457258     board_monitor.obj
 0003:0000c25c       _NewDataEvent              0045725c     board_monitor.obj
 0003:0000c260       _Wsa_Is_Started            00457260     board_monitor.obj
 0003:0000c261       _Read_Thread_Is_Running    00457261     board_monitor.obj
 0003:0000c262       _ShuttingDown              00457262     board_monitor.obj
 0003:0000c26c       _ReceivedAcks              0045726c     board_monitor.obj
 0003:0000c290       _AckList                   00457290     board_monitor.obj
 0003:0000c2b4       _NewData                   004572b4     board_monitor.obj
 0003:0000c2d8       _SocketMessageStore        004572d8     board_monitor.obj
 0003:0000c2fc       _AckMessageStore           004572fc     board_monitor.obj
 0003:0000c320       _StdDown                   00457320     board_monitor.obj
 0003:0000c32c       _MyAddress                 0045732c     board_monitor.obj
 0003:0000c33c       ?CycleStartIsVisible@?1??update_monitor_status@@YAXPAVFTII_BOARD_ENTRY@@PA_W@Z@4EA 0045733c     board_monitor.obj
 0003:0000c340       ?empty@?1???ABOARD_EXTENDED_ANALOG_ARRAY@@QAEAAUBOARD_EXTENDED_ANALOG_ENTRY@@H@Z@4U2@A 00457340     board_monitor.obj
 0003:0000c354       ?$S2@?1???ABOARD_EXTENDED_ANALOG_ARRAY@@QAEAAUBOARD_EXTENDED_ANALOG_ENTRY@@H@Z@4IA 00457354     board_monitor.obj
 0003:0000c358       ?opnumber@?1??current_operator@@YAPA_WAAVSTRING_CLASS@@0@Z@4PA_WA 00457358     board_monitor.obj
 0003:0000c36c       ?InputOnBackgroundBrush@?1??AutoShotDisplayProc@@YGHPAUHWND__@@IIJ@Z@4PAUHBRUSH__@@A 0045736c     board_monitor.obj
 0003:0000c370       ?s@?1??continue_connecting_one_board@@YAXH@Z@4VSTRING_CLASS@@A 00457370     board_monitor.obj
 0003:0000c378       ?$S4@?1??continue_connecting_one_board@@YAXH@Z@4IA 00457378     board_monitor.obj
 0003:0000c37c       ?finished@?1??new_data_thread@@YAXPAX@Z@4_NA 0045737c     board_monitor.obj
 0003:0000c380       ?last_check_time@?1??send_thread@@YAXPAX@Z@4IA 00457380     board_monitor.obj
 0003:0000c388       _EosOnlyIfNoAlarms         00457388     shotsave.obj
 0003:0000c389       _SaveAllAlarmShots         00457389     shotsave.obj
 0003:0000c38a       _EosAsciiToSerial          0045738a     shotsave.obj
 0003:0000c38b       _EosNeedsStxEtx            0045738b     shotsave.obj
 0003:0000c38c       _SerialFile                0045738c     shotsave.obj
 0003:0000c390       _EosComPort                00457390     shotsave.obj
 0003:0000c394       _EosComSetup               00457394     shotsave.obj
 0003:0000c398       _EosHaveAlarmShot          00457398     shotsave.obj
 0003:0000c39c       _EosHaveWarningShot        0045739c     shotsave.obj
 0003:0000c3a0       _EosHaveGoodShot           004573a0     shotsave.obj
 0003:0000c3a4       _EosHaveAlarmParameter     004573a4     shotsave.obj
 0003:0000c3a8       _EosHaveWarningParameter   004573a8     shotsave.obj
 0003:0000c3ac       _EosHaveGoodParameter      004573ac     shotsave.obj
 0003:0000c3b0       _EosMachineName            004573b0     shotsave.obj
 0003:0000c3b4       _EosOutputFile             004573b4     shotsave.obj
 0003:0000c3b8       _EosOutputFileSetup        004573b8     shotsave.obj
 0003:0000c3bc       _EosFixedWidth             004573bc     shotsave.obj
 0003:0000c3c0       _EosPyramidLines           004573c0     shotsave.obj
 0003:0000c3c4       _EosEndFile                004573c4     shotsave.obj
 0003:0000c3cc       _EosStartFile              004573cc     shotsave.obj
 0003:0000c3e0       _ShowParam                 004573e0     shotsave.obj
 0003:0000c458       ?AnalogSensor@?1??write_std_units_csv_file@@YAEAAVSTRING_CLASS@@PAUSHOT_BUFFER_ENTRY@@@Z@4VANALOG_SENSOR@@A 00457458     shotsave.obj
 0003:0000c45c       ?$S2@?1??write_std_units_csv_file@@YAEAAVSTRING_CLASS@@PAUSHOT_BUFFER_ENTRY@@@Z@4IA 0045745c     shotsave.obj
 0003:0000c460       ?current_index@?1??save_all_shots@@YAXXZ@4HA 00457460     shotsave.obj
 0003:0000c470       ?mse@?1??find@@YAPAUMACH_SKIP_ENTRY@@AAVSTRING_CLASS@@@Z@4PAU2@A 00457470     skip.obj
 0003:0000c478       _DriveName                 00457478     v5subs:exists.obj
 0003:0000c480       ?s@?1??ascii_double@@YAPA_WN@Z@4PA_WA 00457480     v5subs:ascfloat.obj
 0003:0000c4d4       _NullChar                  004574d4     v5subs:extract.obj
 0003:0000c4d8       ?s@?1??int32toasc@@YAPA_WJ@Z@4PA_WA 004574d8     v5subs:itoasc.obj
 0003:0000c500       ?s@?1??ultoascii@@YAPA_WKK@Z@4PA_WA 00457500     v5subs:itoasc.obj
 0003:0000c52c       _NullChar                  0045752c     v5subs:stringcl.obj
 0003:0000c530       _NullChar                  00457530     v5subs:nameclas.obj
 0003:0000c534       _EmptyString               00457534     v5subs:nameclas.obj
 0003:0000c53c       _MyComputer                0045753c     v5subs:nameclas.obj
 0003:0000c548       _SensorArray               00457548     v5subs:asensor.obj
 0003:0000c54c       _NofSensors                0045754c     v5subs:asensor.obj
 0003:0000c550       _EmptySensor               00457550     v5subs:asensor.obj
 0003:0000c59c       _CNullChar                 0045759c     v5subs:fileclas.obj
 0003:0000c5a0       _NullChar                  004575a0     v5subs:fileclas.obj
 0003:0000c5a4       _NullString                004575a4     v5subs:fileclas.obj
 0003:0000c5a8       _NullChar                  004575a8     v5subs:computer.obj
 0003:0000c5ac       _First                     004575ac     v5subs:computer.obj
 0003:0000c5b0       _MyComputer                004575b0     v5subs:computer.obj
 0003:0000c5b8       _NoComputer                004575b8     v5subs:computer.obj
 0003:0000c5c0       _NofComputers              004575c0     v5subs:computer.obj
 0003:0000c5c4       _NullChar                  004575c4     v5subs:iniclass.obj
 0003:0000c5c8       ?empty_string@?1??get_string@INI_CLASS@@QAEPA_WXZ@4PA_WA 004575c8     v5subs:iniclass.obj
 0003:0000c5cc       _EmptyString               004575cc     v5subs:listbox.obj
 0003:0000c5d0       _NullChar                  004575d0     v5subs:machname.obj
 0003:0000c5d4       _EmptyString               004575d4     v5subs:machname.obj
 0003:0000c5dc       _EmptyString               004575dc     v5subs:msgclas.obj
 0003:0000c5e0       _RedBrush                  004575e0     v5subs:optocontrol.obj
 0003:0000c5e4       _YellowBrush               004575e4     v5subs:optocontrol.obj
 0003:0000c5e8       _FontList                  004575e8     v5subs:optocontrol.obj
 0003:0000c5ec       _NullChar                  004575ec     v5subs:param.obj
 0003:0000c5f0       _NullChar                  004575f0     v5subs:setpoint.obj
 0003:0000c5f4       _empty_entry               004575f4     v5subs:setpoint.obj
 0003:0000c604       ?st@?1??system_time@TIME_CLASS@@QAEAAU_SYSTEMTIME@@XZ@4U3@A 00457604     v5subs:timeclas.obj
 0003:0000c614       ?ft@?1??file_time@TIME_CLASS@@QAEAAU_FILETIME@@XZ@4U3@A 00457614     v5subs:timeclas.obj
 0003:0000c61c       ?s@?1??text@TIME_CLASS@@QAEPA_WXZ@4PA_WA 0045761c     v5subs:timeclas.obj
 0003:0000c644       ?s@?1??jjj@TIME_CLASS@@QAEPA_WXZ@4PA_WA 00457644     v5subs:timeclas.obj
 0003:0000c64c       ?s@?1??mmddyyyy@TIME_CLASS@@QAEPA_WXZ@4PA_WA 0045764c     v5subs:timeclas.obj
 0003:0000c664       ?s@?1??hhmmss@TIME_CLASS@@QAEPA_WXZ@4PA_WA 00457664     v5subs:timeclas.obj
 0003:0000c678       _NullChar                  00457678     v5subs:plookup.obj
 0003:0000c67c       _BaseDir                   0045767c     v5subs:stringtable.obj
 0003:0000c684       _DefaultLanguage           00457684     v5subs:stringtable.obj
 0003:0000c68c       _FontList                  0045768c     v5subs:stringtable.obj
 0003:0000c690       _Resources                 00457690     v5subs:stringtable.obj
 0003:0000c698       _NullChar                  00457698     v5subs:stpres.obj
 0003:0000c6a0       _NullChar                  004576a0     v5subs:get_ini.obj
 0003:0000c6a8       _Buf                       004576a8     v5subs:get_ini.obj
 0003:0000ceac       _NullChar                  00457eac     v5subs:mem.obj
 0003:0000ceb0       _MyMainWindow              00457eb0     v5subs:client.obj
 0003:0000ceb4       _EventList                 00457eb4     v5subs:client.obj
 0003:0000cec0       _ServerNameHandle          00457ec0     v5subs:client.obj
 0003:0000cec4       _DdeId                     00457ec4     v5subs:client.obj
 0003:0000cec8       _ServerHandle              00457ec8     v5subs:client.obj
 0003:0000cecc       ?s@?1??one_hot_link@@YAXPAUHCONV__@@FI@Z@4VSTRING_CLASS@@A 00457ecc     v5subs:client.obj
 0003:0000ced4       ?$S1@?1??one_hot_link@@YAXPAUHCONV__@@FI@Z@4IA 00457ed4     v5subs:client.obj
 0003:0000ced8       _NofDCurves                00457ed8     v5subs:dcurve.obj
 0003:0000cedc       _DCurve                    00457edc     v5subs:dcurve.obj
 0003:0000cee0       _EmptyString               00457ee0     v5subs:execwait.obj
 0003:0000cee4       _ExeDirectory              00457ee4     v5subs:gexedir.obj
 0003:0000ceec       _T                         00457eec     v5subs:semaphor.obj
 0003:0000cf24       _NullChar                  00457f24     v5subs:fix.obj
 0003:0000cf28       ?s@?1??fixed_string@@YAPA_WNJJ@Z@4PA_WA 00457f28     v5subs:ftoasc.obj
 0003:0000cf80       ?s@?1??position_string@@YAPA_WN@Z@4PA_WA 00457f80     v5subs:ftoasc.obj
 0003:0000cfd8       ?s@?1??resource_string@@YAPA_WPAUHINSTANCE__@@I@Z@4PA_WA 00457fd8     v5subs:winsubs.obj
 0003:0000d1d8       _NullChar                  004581d8     v5subs:hex.obj
 0003:0000d1dc       _NullChar                  004581dc     v5subs:insalph.obj
 0003:0000d1e0       ?s@?1??alphadate@@YAPA_WABU_SYSTEMTIME@@@Z@4PA_WA 004581e0     v5subs:time.obj
 0003:0000d1f8       ?s@?1??alphatime@@YAPA_WABU_SYSTEMTIME@@@Z@4PA_WA 004581f8     v5subs:time.obj
 0003:0000d214       _NullChar                  00458214     v5subs:shift.obj
 0003:0000d218       _EmptyString               00458218     v5subs:units.obj
 0003:0000d21c       _UnitsArray                0045821c     v5subs:units.obj
 0003:0000d220       _NofUnits                  00458220     v5subs:units.obj
 0003:0000d224       _OldCursor                 00458224     v5subs:hourglas.obj
 0003:0000d228       _RefCount                  00458228     v5subs:hourglas.obj
 0003:0000d22c       _TempMessageWindow         0045822c     v5subs:temp_message.obj
 0003:0000d230       _TempMessage               00458230     v5subs:temp_message.obj
 0003:0000d234       _TempMessageLen            00458234     v5subs:temp_message.obj
 0003:0000d238       _TempMessageTimeoutMs      00458238     v5subs:temp_message.obj
 0003:0000d23c       _CenterTempMessage         0045823c     v5subs:temp_message.obj
 0003:0000d240       ?timer_id@?1??temp_message_proc@@YGJPAUHWND__@@IIJ@Z@4IA 00458240     v5subs:temp_message.obj
 0003:0000d244       _NullChar                  00458244     v5subs:textlist.obj
 0003:0000d248       _BorderHeight              00458248     v5subs:menuctrl.obj
 0003:0000d24c       _BorderWidth               0045824c     v5subs:menuctrl.obj
 0003:0000d250       _FontList                  00458250     v5subs:menuctrl.obj
 0003:0000d254       ?hex@?1??append_value@FTII_VAR@@QAE_NAAVSTRING_CLASS@@@Z@4PA_WA 00458254     v5subs:ftiiclas.obj
 0003:0000d27c       _NullChar                  0045827c     v5subs:ftii_shot_data.obj
 0003:0000d280       _EmptyString               00458280     v5subs:ftii_shot_data.obj
 0003:0000d288       ?empty_double@?1???ADOUBLE_ARRAY_CLASS@@QAEAANJ@Z@4NA 00458288     v5subs:array.obj
 0003:0000d290       ?empty_int@?1???AINT_ARRAY_CLASS@@QAEAAHH@Z@4HA 00458290     v5subs:array.obj
 0003:0000d294       _EmptyString               00458294     v5subs:ftanalog.obj
 0003:0000d298       _Empty                     00458298     v5subs:runlist.obj
 0003:0000d2a4       _NullChar                  004582a4     v5subs:shot_name.obj
 0003:0000d2a8       ?es@?1??cat@STDDOWN_CLASS@@QAEPA_WXZ@4PA_WA 004582a8     v5subs:stddown.obj
 0003:0000d2ac       ?es@?1??subcat@STDDOWN_CLASS@@QAEPA_WXZ@4PA_WA 004582ac     v5subs:stddown.obj
 0003:0000d2b0       ?name@?1??category_name@@YAPA_WPA_W@Z@4PA_WA 004582b0     v5subs:downsubs.obj
 0003:0000d2d0       ?number@?1??category_name@@YAPA_WPA_W@Z@4PA_WA 004582d0     v5subs:downsubs.obj
 0003:0000d2d8       ?cat@?1??subcategory_name@@YAPA_WPA_W0@Z@4PA_WA 004582d8     v5subs:downsubs.obj
 0003:0000d2e0       ?subcat@?1??subcategory_name@@YAPA_WPA_W0@Z@4PA_WA 004582e0     v5subs:downsubs.obj
 0003:0000d2e8       ?name@?1??subcategory_name@@YAPA_WPA_W0@Z@4PA_WA 004582e8     v5subs:downsubs.obj
 0003:0000d308       _NullChar                  00458308     v5subs:path.obj
 0003:0000d30c       _NullChar                  0045830c     v5subs:shot_name_reset.obj
 0003:0000d310       _MyEmptyString             00458310     v5subs:shot_name_reset.obj
 0003:0000d318       ?name@?1??dynamic_file_name@@YAPA_WAAVTIME_CLASS@@AAUPART_NAME_ENTRY@@PB_W@Z@4PA_WA 00458318     v5subs:dynamic_file_name.obj
 0003:0000d528       ?s@?1??full_name@WORKER_LIST_CLASS@@QAEPA_WXZ@4PA_WA 00458528     v5subs:workclas.obj
 0003:0000d568       _Msg                       00458568     v5subs:error_ms.obj
 0003:0000d5e4       _OVERWRITE_EXISTING        004585e4     v5subs:callfile.obj
 0003:0000d5f0       _GS_ExceptionRecord        004585f0     LIBCMT:gs_report.obj
 0003:0000d640       _GS_ContextRecord          00458640     LIBCMT:gs_report.obj
 0003:0000d90c       _DebuggerWasPresent        0045890c     LIBCMT:gs_report.obj
 0003:0000d954       ___type_info_root_node     00458954     LIBCMT:typname.obj
 0003:0000da70       ?_pgmname@?1??_setargv@@9@9 00458a70     LIBCMT:stdargv.obj
 0003:0000db80       ?outmsg@?9??_NMSG_WRITE@@9@9 00458b80     LIBCMT:crt0msg.obj
 0003:0000e1c4       _fSystemSet                004591c4     LIBCMT:mbctype.obj
 0003:0000e1cc       __pmatherr_set             004591cc     LIBCMT:libm_error.obj
 0003:0000e1d8       _lclcritsects              004591d8     LIBCMT:mlock.obj
 0003:0000e330       _ctrlc_action              00459330     LIBCMT:winsig.obj
 0003:0000e334       _ctrlbreak_action          00459334     LIBCMT:winsig.obj
 0003:0000e338       _abort_action              00459338     LIBCMT:winsig.obj
 0003:0000e33c       _term_action               0045933c     LIBCMT:winsig.obj
 0003:0000e340       _ConsoleCtrlHandler_Installed 00459340     LIBCMT:winsig.obj
 0003:0000e344       _g_pfnRtlGenRandom         00459344     LIBCMT:rand_s.obj
 0003:0000e378       _heap                      00459378     LIBCMT:undname.obj
 0003:0000e394       ?pfnMessageBox@?1??__crtMessageBoxW@@9@9 00459394     LIBCMT:crtmboxw.obj
 0003:0000e398       ?pfnGetActiveWindow@?1??__crtMessageBoxW@@9@9 00459398     LIBCMT:crtmboxw.obj
 0003:0000e39c       ?pfnGetLastActivePopup@?1??__crtMessageBoxW@@9@9 0045939c     LIBCMT:crtmboxw.obj
 0003:0000e3a0       ?pfnGetProcessWindowStation@?1??__crtMessageBoxW@@9@9 004593a0     LIBCMT:crtmboxw.obj
 0003:0000e3a4       ?pfnGetUserObjectInformation@?1??__crtMessageBoxW@@9@9 004593a4     LIBCMT:crtmboxw.obj
 0003:0000e3b0       ___crtCallProc             004593b0     LIBCMT:winapinls.obj
 0004:00000aa0       $R000000                   0045baa0     ft2.res
 0004:00000b48       $R0000A8                   0045bb48     ft2.res
 0004:00000e70       $R0003D0                   0045be70     ft2.res
 0004:00002280       $R0017E0                   0045d280     ft2.res
 0004:00002738       $R001C98                   0045d738     ft2.res
 0004:00002998       $R001EF8                   0045d998     ft2.res
 0004:000030c8       $R002628                   0045e0c8     ft2.res
 0004:000031f0       $R002750                   0045e1f0     ft2.res
 0004:000034d8       $R002A38                   0045e4d8     ft2.res
 0004:00003ad8       $R003038                   0045ead8     ft2.res
 0004:00003bd0       $R003130                   0045ebd0     ft2.res
 0004:000041f0       $R003750                   0045f1f0     ft2.res
 0004:00004418       $R003978                   0045f418     ft2.res
 0004:000048f0       $R003E50                   0045f8f0     ft2.res
 0004:00004a30       $R003F90                   0045fa30     ft2.res
 0004:00004d48       $R0042A8                   0045fd48     ft2.res
 0004:00004ec0       $R004420                   0045fec0     ft2.res
 0004:00004f58       $R0044B8                   0045ff58     ft2.res
 0004:00004fb0       $R004510                   0045ffb0     ft2.res
 0004:00005170       $R0046D0                   00460170     ft2.res
 0004:00005590       $R004AF0                   00460590     ft2.res
 0004:00005758       $R004CB8                   00460758     ft2.res
 0004:00005a40       $R004FA0                   00460a40     ft2.res
 0004:00005b68       $R0050C8                   00460b68     ft2.res
 0004:00005b90       $R0050F0                   00460b90     ft2.res
 0004:00005bf0       $R005150                   00460bf0     ft2.res
 0004:00005f78       $R0054D8                   00460f78     ft2.res
 0004:000061a0       $R005700                   004611a0     ft2.res
 0004:00006470       $R0059D0                   00461470     ft2.res
 0004:000066f8       $R005C58                   004616f8     ft2.res
 0004:000068b8       $R005E18                   004618b8     ft2.res
 0004:00006a80       $R005FE0                   00461a80     ft2.res
 0004:00006be0       $R006140                   00461be0     ft2.res
