 monedit

 Timestamp is 5fa2cb07 (Wed Nov 04 10:38:47 2020)

 Preferred load address is 00400000

 Start         Length     Name                   Class
 0001:00000000 0000013eH .text$di                CODE
 0001:00000140 000172bcH .text$mn                CODE
 0001:000173fc 000000a0H .text$yd                CODE
 0002:00000000 00000268H .idata$5                DATA
 0002:00000268 00000004H .CRT$XCA                DATA
 0002:0000026c 0000003cH .CRT$XCU                DATA
 0002:000002a8 00000004H .CRT$XCZ                DATA
 0002:000002ac 00000004H .CRT$XIA                DATA
 0002:000002b0 00000014H .CRT$XIC                DATA
 0002:000002c4 00000004H .CRT$XIY                DATA
 0002:000002c8 00000004H .CRT$XIZ                DATA
 0002:000002cc 00000004H .CRT$XPA                DATA
 0002:000002d0 00000008H .CRT$XPX                DATA
 0002:000002d8 00000004H .CRT$XPXA               DATA
 0002:000002dc 00000004H .CRT$XPZ                DATA
 0002:000002e0 00000004H .CRT$XTA                DATA
 0002:000002e4 00000004H .CRT$XTZ                DATA
 0002:000002f0 00005638H .rdata                  DATA
 0002:00005928 000001b8H .rdata$r                DATA
 0002:00005ae0 0000000cH .rdata$sxdata           DATA
 0002:00005aec 00000004H .rtc$IAA                DATA
 0002:00005af0 00000004H .rtc$IZZ                DATA
 0002:00005af4 00000004H .rtc$TAA                DATA
 0002:00005af8 00000004H .rtc$TZZ                DATA
 0002:00005b00 00000344H .xdata$x                DATA
 0002:00005e44 00000000H .edata                  DATA
 0002:00005e44 00000050H .idata$2                DATA
 0002:00005e94 00000014H .idata$3                DATA
 0002:00005ea8 00000268H .idata$4                DATA
 0002:00006110 00000a64H .idata$6                DATA
 0003:00000000 000025f4H .data                   DATA
 0003:000025f4 000000a4H .data$r                 DATA
 0003:000026a0 00002b44H .bss                    DATA
 0004:00000000 00000104H .rsrc$01                DATA
 0004:00000110 00000cd0H .rsrc$02                DATA

  Address         Publics by Value              Rva+Base       Lib:Object

 0000:00000000       ___guard_fids_count        00000000     <absolute>
 0000:00000000       ___guard_flags             00000000     <absolute>
 0000:00000000       ___guard_fids_table        00000000     <absolute>
 0000:00000000       __except_list              00000000     <absolute>
 0000:00000003       ___safe_se_handler_count   00000003     <absolute>
 0000:00000000       ___ImageBase               00400000     <linker-defined>
 0001:000003a1       ?main_proc@@YGJPAUHWND__@@IIJ@Z 004013a1 f   monedit.obj
 0001:00000492       ?new_machine_setup_callback@@YAXPA_WFPAUHDDEDATA__@@@Z 00401492 f   monedit.obj
 0001:00000510       ?paint_me@@YAXXZ           00401510 f   monedit.obj
 0001:0000054e       ?plot_min_callback@@YAXPA_WFPAUHDDEDATA__@@@Z 0040154e f   monedit.obj
 0001:0000056b       _WinMain@16                0040156b f   monedit.obj
 0001:0000060a       ??0MONITOR_ENTRY@@QAE@XZ   0040160a f i monitor.obj
 0001:0000062f       ??1MACHINE_CLASS@@QAE@XZ   0040162f f i monitor.obj
 0001:0000068e       ??1MONITOR_ENTRY@@QAE@XZ   0040168e f i monitor.obj
 0001:000006b0       ??4FTII_VAR@@UAEXABV0@@Z   004016b0 f i monitor.obj
 0001:000006c3       ??4FTII_VAR@@UAEXH@Z       004016c3 f i monitor.obj
 0001:000006c3       ??4FTII_VAR@@UAEXI@Z       004016c3 f i monitor.obj
 0001:000006cd       ??4MONITOR_ENTRY@@QAEAAU0@ABU0@@Z 004016cd f i monitor.obj
 0001:00000710       ??_EMONITOR_ENTRY@@QAEPAXI@Z 00401710 f i monitor.obj
 0001:0000076a       ??_GFTII_VAR_ARRAY@@UAEPAXI@Z 0040176a f i monitor.obj
 0001:0000076a       ??_EFTII_VAR_ARRAY@@UAEPAXI@Z 0040176a f i monitor.obj
 0001:00000786       ?MonitorProc@@YGHPAUHWND__@@IIJ@Z 00401786 f   monitor.obj
 0001:00000987       ?add_one_machine@@YAXAAVSTRING_CLASS@@@Z 00401987 f   monitor.obj
 0001:00000e62       ?enable_entries@@YAXHE@Z   00401e62 f   monitor.obj
 0001:00000ea2       ?fill_machines@@YAXXZ      00401ea2 f   monitor.obj
 0001:00001129       ?get_new_part@@YAXXZ       00402129 f   monitor.obj
 0001:000012ae       ?get_save_counts@@YAXHPAUSAVE_COUNTS@@@Z 004022ae f   monitor.obj
 0001:0000154e       ?monitor_proc_cleanup@@YAXXZ 0040254e f   monitor.obj
 0001:0000166b       ?put_vars_in_dlg@@YAXHPAUSAVE_COUNTS@@@Z 0040266b f   monitor.obj
 0001:000018da       ?save_changes@@YAXXZ       004028da f   monitor.obj
 0001:00001da5       ?save_counts_to_line@@YAPA_WPA_WPAUSAVE_COUNTS@@@Z 00402da5 f   monitor.obj
 0001:000021b2       ?set_skip_count_label@@YAXH@Z 004031b2 f   monitor.obj
 0001:000022f9       ?update_machine_listbox@@YAXH@Z 004032f9 f   monitor.obj
 0001:00002397       ?update_skip_value@@YAXH@Z 00403397 f   monitor.obj
 0001:000023f2       _DdeGetData@16             004033f2 f   user32:USER32.dll
 0001:000023f8       ??0STRING_CLASS@@QAE@ABV0@@Z 004033f8 f   v5subs:stringcl.obj
 0001:00002414       ??0STRING_CLASS@@QAE@XZ    00403414 f   v5subs:stringcl.obj
 0001:0000241e       ??1STRING_CLASS@@QAE@XZ    0040341e f   v5subs:stringcl.obj
 0001:00002423       ??4STRING_CLASS@@QAEXABV0@@Z 00403423 f   v5subs:stringcl.obj
 0001:00002432       ??4STRING_CLASS@@QAEXE@Z   00403432 f   v5subs:stringcl.obj
 0001:0000244d       ??4STRING_CLASS@@QAEXH@Z   0040344d f   v5subs:stringcl.obj
 0001:00002475       ??4STRING_CLASS@@QAEXI@Z   00403475 f   v5subs:stringcl.obj
 0001:0000249d       ??4STRING_CLASS@@QAEXN@Z   0040349d f   v5subs:stringcl.obj
 0001:000024cc       ??4STRING_CLASS@@QAEXPB_W@Z 004034cc f   v5subs:stringcl.obj
 0001:00002517       ??8STRING_CLASS@@QAEEABV0@@Z 00403517 f   v5subs:stringcl.obj
 0001:00002526       ??8STRING_CLASS@@QAEEPB_W@Z 00403526 f   v5subs:stringcl.obj
 0001:00002582       ??MSTRING_CLASS@@QAEEABV0@@Z 00403582 f   v5subs:stringcl.obj
 0001:000025a9       ??YSTRING_CLASS@@QAEXABV0@@Z 004035a9 f   v5subs:stringcl.obj
 0001:000025b8       ??YSTRING_CLASS@@QAEXH@Z   004035b8 f   v5subs:stringcl.obj
 0001:000025f0       ??YSTRING_CLASS@@QAEXI@Z   004035f0 f   v5subs:stringcl.obj
 0001:00002628       ??YSTRING_CLASS@@QAEXPB_W@Z 00403628 f   v5subs:stringcl.obj
 0001:00002669       ??YSTRING_CLASS@@QAEX_W@Z  00403669 f   v5subs:stringcl.obj
 0001:000026a0       ?acquire@STRING_CLASS@@QAEEAAV1@@Z 004036a0 f   v5subs:stringcl.obj
 0001:000026ce       ?add_finalchar@STRING_CLASS@@AAEXPA_W0@Z 004036ce f   v5subs:stringcl.obj
 0001:000026fe       ?boolean_value@STRING_CLASS@@QAEEXZ 004036fe f   v5subs:stringcl.obj
 0001:00002720       ?cat_path@STRING_CLASS@@QAEXPB_W@Z 00403720 f   v5subs:stringcl.obj
 0001:0000278f       ?cat_w_char@STRING_CLASS@@QAEXPB_W_W@Z 0040378f f   v5subs:stringcl.obj
 0001:000027e8       ?empty@STRING_CLASS@@QAEXXZ 004037e8 f   v5subs:stringcl.obj
 0001:00002803       ?find@STRING_CLASS@@QAEPA_WPB_W@Z 00403803 f   v5subs:stringcl.obj
 0001:00002821       ?find@STRING_CLASS@@QAEPA_W_W@Z 00403821 f   v5subs:stringcl.obj
 0001:00002848       ?get_text@STRING_CLASS@@QAE_NPAUHWND__@@@Z 00403848 f   v5subs:stringcl.obj
 0001:0000289e       ?init@STRING_CLASS@@QAEEJ@Z 0040389e f   v5subs:stringcl.obj
 0001:000028f1       ?isempty@STRING_CLASS@@QAEEXZ 004038f1 f   v5subs:stringcl.obj
 0001:0000290f       ?isnumeric@STRING_CLASS@@QAEEXZ 0040390f f   v5subs:stringcl.obj
 0001:00002998       ?len@STRING_CLASS@@QAEJXZ  00403998 f   v5subs:stringcl.obj
 0001:000029ab       ?next_field@STRING_CLASS@@QAE_NXZ 004039ab f   v5subs:stringcl.obj
 0001:000029b9       ?next_field@STRING_CLASS@@QAE_N_W@Z 004039b9 f   v5subs:stringcl.obj
 0001:00002afb       ?null@STRING_CLASS@@QAEXXZ 00403afb f   v5subs:stringcl.obj
 0001:00002b21       ?real_value@STRING_CLASS@@QAENXZ 00403b21 f   v5subs:stringcl.obj
 0001:00002b7e       ?remove_all_occurances@STRING_CLASS@@QAEH_W@Z 00403b7e f   v5subs:stringcl.obj
 0001:00002bb5       ?replace@STRING_CLASS@@QAEEPB_W0@Z 00403bb5 f   v5subs:stringcl.obj
 0001:00002c6b       ?replace_all@STRING_CLASS@@QAEH_W0@Z 00403c6b f   v5subs:stringcl.obj
 0001:00002ca4       ?rjust@STRING_CLASS@@QAEEJ_W@Z 00403ca4 f   v5subs:stringcl.obj
 0001:00002cfd       ?set_text@STRING_CLASS@@QAE_NPAUHWND__@@@Z 00403cfd f   v5subs:stringcl.obj
 0001:00002d22       ?upsize@STRING_CLASS@@QAEEJ@Z 00403d22 f   v5subs:stringcl.obj
 0001:00002d89       ?convert_to_data_dir@NAME_CLASS@@QAEEXZ 00403d89 f   v5subs:nameclas.obj
 0001:00002dce       ?copyto@NAME_CLASS@@QAEEAAVSTRING_CLASS@@@Z 00403dce f   v5subs:nameclas.obj
 0001:00002dfd       ?get_data_dir_file_name@NAME_CLASS@@QAEEAAVSTRING_CLASS@@PB_W@Z 00403dfd f   v5subs:nameclas.obj
 0001:00002e40       ?get_data_dir_file_name@NAME_CLASS@@QAEEPB_W@Z 00403e40 f   v5subs:nameclas.obj
 0001:00002e5d       ?get_exe_dir_file_name@NAME_CLASS@@QAEEAAVSTRING_CLASS@@PB_W@Z 00403e5d f   v5subs:nameclas.obj
 0001:00002ea0       ?get_exe_dir_file_name@NAME_CLASS@@QAEEPB_W@Z 00403ea0 f   v5subs:nameclas.obj
 0001:00002ed9       ?get_machine_dir_file_name@NAME_CLASS@@QAEEAAVSTRING_CLASS@@0PB_W@Z 00403ed9 f   v5subs:nameclas.obj
 0001:00002f22       ?get_machine_results_dir_file_name@NAME_CLASS@@QAEEAAVSTRING_CLASS@@0PB_W@Z 00403f22 f   v5subs:nameclas.obj
 0001:00002f60       ?get_part_dir_file_name@NAME_CLASS@@QAEEAAVSTRING_CLASS@@00PB_W@Z 00403f60 f   v5subs:nameclas.obj
 0001:00002fac       ?get_part_results_dir_file_name@NAME_CLASS@@QAEEAAVSTRING_CLASS@@00PB_W@Z 00403fac f   v5subs:nameclas.obj
 0001:00002fed       ?get_profile_name@NAME_CLASS@@QAEEAAVSTRING_CLASS@@00PB_W1@Z 00403fed f   v5subs:nameclas.obj
 0001:0000309a       ?get_stringtable_name@NAME_CLASS@@QAEEPB_W@Z 0040409a f   v5subs:nameclas.obj
 0001:000030eb       ??0FONT_CLASS@@QAE@XZ      004040eb f   v5subs:fontclas.obj
 0001:00003108       ??0FONT_LIST_CLASS@@QAE@XZ 00404108 f   v5subs:fontclas.obj
 0001:0000310e       ??0FONT_LIST_ENTRY@@QAE@XZ 0040410e f   v5subs:fontclas.obj
 0001:00003128       ??1FONT_CLASS@@QAE@XZ      00404128 f   v5subs:fontclas.obj
 0001:00003129       ??1FONT_LIST_CLASS@@QAE@XZ 00404129 f   v5subs:fontclas.obj
 0001:00003152       ??1FONT_LIST_ENTRY@@QAE@XZ 00404152 f   v5subs:fontclas.obj
 0001:0000316a       ??4FONT_CLASS@@QAEXABUtagLOGFONTW@@@Z 0040416a f   v5subs:fontclas.obj
 0001:000031cd       ??4FONT_CLASS@@QAEXABV0@@Z 004041cd f   v5subs:fontclas.obj
 0001:00003209       ??8FONT_CLASS@@QAE_NABUtagLOGFONTW@@@Z 00404209 f   v5subs:fontclas.obj
 0001:0000328e       ??8FONT_CLASS@@QAE_NABV0@@Z 0040428e f   v5subs:fontclas.obj
 0001:000032ca       ?free_handle@FONT_LIST_CLASS@@QAEXPAUHFONT__@@@Z 004042ca f   v5subs:fontclas.obj
 0001:0000330d       ?get@FONT_CLASS@@QAE_NPA_W@Z 0040430d f   v5subs:fontclas.obj
 0001:000034c1       ?get_handle@FONT_LIST_CLASS@@QAEPAUHFONT__@@ABVFONT_CLASS@@@Z 004044c1 f   v5subs:fontclas.obj
 0001:000035d8       ??1INI_CLASS@@QAE@XZ       004045d8 f   v5subs:iniclass.obj
 0001:00003691       ?cleanup@INI_CLASS@@QAEXXZ 00404691 f   v5subs:iniclass.obj
 0001:000036cc       ?find@INI_CLASS@@QAEEPB_W0@Z 004046cc f   v5subs:iniclass.obj
 0001:0000372f       ?find@INI_CLASS@@QAEEPB_W@Z 0040472f f   v5subs:iniclass.obj
 0001:00003748       ?get_bool@INI_CLASS@@QAE_NPB_W0@Z 00404748 f   v5subs:iniclass.obj
 0001:0000376b       ?get_bool@INI_CLASS@@QAE_NPB_W@Z 0040476b f   v5subs:iniclass.obj
 0001:00003784       ?get_bool@INI_CLASS@@QAE_NXZ 00404784 f   v5subs:iniclass.obj
 0001:000037a6       ?get_string@INI_CLASS@@QAEPA_WXZ 004047a6 f   v5subs:iniclass.obj
 0001:000037b4       ?put_string@INI_CLASS@@QAEEPB_W00@Z 004047b4 f   v5subs:iniclass.obj
 0001:00003803       ?put_string@INI_CLASS@@QAEEPB_W0@Z 00404803 f   v5subs:iniclass.obj
 0001:00003820       ?remove_key@INI_CLASS@@QAEXPB_W0@Z 00404820 f   v5subs:iniclass.obj
 0001:00003835       ?remove_key@INI_CLASS@@QAEXPB_W@Z 00404835 f   v5subs:iniclass.obj
 0001:0000384a       ?set_file@INI_CLASS@@QAEEPB_W@Z 0040484a f   v5subs:iniclass.obj
 0001:0000388c       ?set_section@INI_CLASS@@QAEEPB_W@Z 0040488c f   v5subs:iniclass.obj
 0001:000038c0       ??0COMPUTER_CLASS@@QAE@XZ  004048c0 f   v5subs:computer.obj
 0001:000038cb       ?add@COMPUTER_CLASS@@QAEEPA_W@Z 004048cb f   v5subs:computer.obj
 0001:00003977       ?empty@COMPUTER_CLASS@@QAEXXZ 00404977 f   v5subs:computer.obj
 0001:000039ab       ?find@COMPUTER_CLASS@@QAEEPA_W@Z 004049ab f   v5subs:computer.obj
 0001:000039d8       ?is_this_computer@COMPUTER_CLASS@@QAEEXZ 004049d8 f   v5subs:computer.obj
 0001:000039f2       ?load@COMPUTER_CLASS@@QAEEXZ 004049f2 f   v5subs:computer.obj
 0001:00003b1b       ?next@COMPUTER_CLASS@@QAEEXZ 00404b1b f   v5subs:computer.obj
 0001:00003b3e       ?startup@COMPUTER_CLASS@@QAEEXZ 00404b3e f   v5subs:computer.obj
 0001:00003b53       ?whoami@COMPUTER_CLASS@@QAEAAVSTRING_CLASS@@XZ 00404b53 f   v5subs:computer.obj
 0001:00003b59       ?fix_dde_name@@YAXPA_W@Z   00404b59 f   v5subs:fix.obj
 0001:00003b88       ?get_text@@YAEPA_WPAUHWND__@@H@Z 00404b88 f   v5subs:winsubs.obj
 0001:00003bb1       ?is_a_listbox@@YAEPAUHWND__@@@Z 00404bb1 f   v5subs:winsubs.obj
 0001:00003c1f       ?is_checked@@YAEPAUHWND__@@H@Z 00404c1f f   v5subs:winsubs.obj
 0001:00003c35       ?is_previous_instance@@YAEPA_W0@Z 00404c35 f   v5subs:winsubs.obj
 0001:00003c62       ?resource_message_box@@YAHPAUHWND__@@PAUHINSTANCE__@@III@Z 00404c62 f   v5subs:winsubs.obj
 0001:00003cfb       ?resource_message_box@@YAXPAUHINSTANCE__@@II@Z 00404cfb f   v5subs:winsubs.obj
 0001:00003d17       ?resource_string@@YAPA_WPAUHINSTANCE__@@I@Z 00404d17 f   v5subs:winsubs.obj
 0001:00003d45       ?set_checkbox@@YAXPAUHWND__@@E@Z 00404d45 f   v5subs:winsubs.obj
 0001:00003d61       ?set_checkbox@@YAXPAUHWND__@@HE@Z 00404d61 f   v5subs:winsubs.obj
 0001:00003d7c       ?set_listbox_tabs_from_title_positions@@YAXPAUHWND__@@IPAHH@Z 00404d7c f   v5subs:winsubs.obj
 0001:00003e94       ?set_text@@YAEPAUHWND__@@HPB_W@Z 00404e94 f   v5subs:winsubs.obj
 0001:00003eaf       ?set_text@@YAEPAUHWND__@@PB_W@Z 00404eaf f   v5subs:winsubs.obj
 0001:00003ed8       ?shrinkwrap@@YAXPAUHWND__@@0@Z 00404ed8 f   v5subs:winsubs.obj
 0001:00003f6e       ??0STRINGTABLE_CLASS@@QAE@XZ 00404f6e f   v5subs:stringtable.obj
 0001:00003fad       ??1STRINGTABLE_CLASS@@QAE@XZ 00404fad f   v5subs:stringtable.obj
 0001:00003fc6       ??_ESTRINGTABLE_ENTRY@@QAEPAXI@Z 00404fc6 f i v5subs:stringtable.obj
 0001:00004016       ?acquire@STRINGTABLE_ENTRY@@QAEXAAV1@@Z 00405016 f   v5subs:stringtable.obj
 0001:00004037       ?append@STRINGTABLE_CLASS@@QAE_NAAVSTRING_CLASS@@@Z 00405037 f   v5subs:stringtable.obj
 0001:000042bf       ?cleanup@STRINGTABLE_CLASS@@QAEXXZ 004052bf f   v5subs:stringtable.obj
 0001:000042de       ?cleanup@STRINGTABLE_ENTRY@@QAEXXZ 004052de f   v5subs:stringtable.obj
 0001:00004306       ?find@STRINGTABLE_CLASS@@QAEPA_WPA_W@Z 00405306 f   v5subs:stringtable.obj
 0001:0000438d       ?read@STRINGTABLE_CLASS@@QAE_NAAVSTRING_CLASS@@@Z 0040538d f   v5subs:stringtable.obj
 0001:000043e5       ?set_setup_strings@@YAXPAUHWND__@@PAURESOURCE_TEXT_ENTRY@@HPAIHPA_W@Z 004053e5 f   v5subs:statics.obj
 0001:000044b3       ?set_statics_font@@YAXAAVWINDOW_CLASS@@@Z 004054b3 f   v5subs:statics.obj
 0001:000044d0       ?statics_shutdown@@YAXXZ   004054d0 f   v5subs:statics.obj
 0001:000044ed       ?statics_startup@@YAXXZ    004054ed f   v5subs:statics.obj
 0001:00004502       ??0EVENT_ENTRY@@QAE@XZ     00405502 f i v5subs:client.obj
 0001:00004519       ??_GEVENT_ENTRY@@QAEPAXI@Z 00405519 f i v5subs:client.obj
 0001:0000453f       ?client_dde_shutdown@@YAXXZ 0040553f f   v5subs:client.obj
 0001:000045fb       ?client_dde_startup@@YAXPAUHWND__@@@Z 004055fb f   v5subs:client.obj
 0001:0000461d       ?client_dde_startup@@YAXXZ 0040561d f   v5subs:client.obj
 0001:000046b1       ?connect_to_server@@YAPAUHCONV__@@PA_W@Z 004056b1 f   v5subs:client.obj
 0001:00004714       ?connect_to_server@@YAXXZ  00405714 f   v5subs:client.obj
 0001:0000477c       ?dde_callback@@YGPAUHDDEDATA__@@IIPAUHCONV__@@PAUHSZ__@@1PAU1@KK@Z 0040577c f   v5subs:client.obj
 0001:0000487a       ?find_conversation@@YAPAUEVENT_ENTRY@@PAUHCONV__@@@Z 0040587a f   v5subs:client.obj
 0001:00004915       ?hot_links@@YAXPAUEVENT_ENTRY@@I@Z 00405915 f   v5subs:client.obj
 0001:0000494e       ?one_hot_link@@YAXPAUHCONV__@@FI@Z 0040594e f   v5subs:client.obj
 0001:000049b5       ?poke_data@@YAXPA_W00@Z    004059b5 f   v5subs:client.obj
 0001:00004ab0       ?register_for_event@@YAXPA_WFP6AX0FPAUHDDEDATA__@@@Z@Z 00405ab0 f   v5subs:client.obj
 0001:00004b83       ?unregister_for_event@@YAXPA_WF@Z 00405b83 f   v5subs:client.obj
 0001:00004c08       ?int32toasc@@YAPA_WJ@Z     00405c08 f   v5subs:itoasc.obj
 0001:00004c21       ?int32toasc@@YAXPA_WJJ@Z   00405c21 f   v5subs:itoasc.obj
 0001:00004c72       ?ultoascii@@YAXPA_WKK@Z    00405c72 f   v5subs:itoasc.obj
 0001:00004cab       ??0AUTO_BACKUP_CLASS@@QAE@XZ 00405cab f   v5subs:autoback.obj
 0001:00004cbd       ??1AUTO_BACKUP_CLASS@@QAE@XZ 00405cbd f   v5subs:autoback.obj
 0001:00004cc3       ?backup_machine@AUTO_BACKUP_CLASS@@QAEEAAVSTRING_CLASS@@@Z 00405cc3 f   v5subs:autoback.obj
 0001:00004e14       ?backup_part@AUTO_BACKUP_CLASS@@QAEEAAVSTRING_CLASS@@0@Z 00405e14 f   v5subs:autoback.obj
 0001:0000506b       ?get_backup_dir@AUTO_BACKUP_CLASS@@QAEEXZ 0040606b f   v5subs:autoback.obj
 0001:00005109       ??0BIT_CLASS@@QAE@J@Z      00406109 f   v5subs:bitclass.obj
 0001:00005126       ??1BIT_CLASS@@QAE@XZ       00406126 f   v5subs:bitclass.obj
 0001:0000512b       ??ABIT_CLASS@@QAE_NJ@Z     0040612b f   v5subs:bitclass.obj
 0001:00005175       ?cleanup@BIT_CLASS@@AAEXXZ 00406175 f   v5subs:bitclass.obj
 0001:00005191       ?init@BIT_CLASS@@QAE_NJPAI@Z 00406191 f   v5subs:bitclass.obj
 0001:00005221       ?set@BIT_CLASS@@QAEXJ@Z    00406221 f   v5subs:bitclass.obj
 0001:0000525d       ??1GENERIC_LIST_CLASS@@QAE@XZ 0040625d f   v5subs:genlist.obj
 0001:0000527f       ?append@GENERIC_LIST_CLASS@@QAEEPAX@Z 0040627f f   v5subs:genlist.obj
 0001:000052b5       ?count@GENERIC_LIST_CLASS@@QAEFXZ 004062b5 f   v5subs:genlist.obj
 0001:000052c1       ?find@GENERIC_LIST_CLASS@@QAEEPAX@Z 004062c1 f   v5subs:genlist.obj
 0001:000052f9       ?next@GENERIC_LIST_CLASS@@QAEPAXXZ 004062f9 f   v5subs:genlist.obj
 0001:00005323       ?remove@GENERIC_LIST_CLASS@@QAEEPAX@Z 00406323 f   v5subs:genlist.obj
 0001:00005342       ?remove@GENERIC_LIST_CLASS@@QAEEXZ 00406342 f   v5subs:genlist.obj
 0001:00005371       ?remove_all@GENERIC_LIST_CLASS@@QAEXXZ 00406371 f   v5subs:genlist.obj
 0001:0000539a       ?rewind@GENERIC_LIST_CLASS@@QAEXXZ 0040639a f   v5subs:genlist.obj
 0001:000053a3       ??0FILE_CLASS@@QAE@XZ      004063a3 f   v5subs:fileclas.obj
 0001:000053c7       ?cleanup@FILE_CLASS@@QAEXXZ 004063c7 f   v5subs:fileclas.obj
 0001:000053f5       ?cleanup_memory@FILE_CLASS@@QAEXXZ 004063f5 f   v5subs:fileclas.obj
 0001:00005421       ?close@FILE_CLASS@@QAEXXZ  00406421 f   v5subs:fileclas.obj
 0001:00005421       ??1FILE_CLASS@@QAE@XZ      00406421 f   v5subs:fileclas.obj
 0001:00005426       ?make_path@FILE_CLASS@@QAEEPA_W@Z 00406426 f   v5subs:fileclas.obj
 0001:00005471       ?nof_lines@FILE_CLASS@@QAEHXZ 00406471 f   v5subs:fileclas.obj
 0001:00005547       ?open@FILE_CLASS@@QAEEPA_WK@Z 00406547 f   v5subs:fileclas.obj
 0001:000055ca       ?open_for_append@FILE_CLASS@@QAEEPA_W@Z 004065ca f   v5subs:fileclas.obj
 0001:00005600       ?open_for_read@FILE_CLASS@@QAEEAAVSTRING_CLASS@@@Z 00406600 f   v5subs:fileclas.obj
 0001:0000561a       ?open_for_read@FILE_CLASS@@QAEEPA_W@Z 0040661a f   v5subs:fileclas.obj
 0001:00005636       ?open_for_write@FILE_CLASS@@QAEEAAVSTRING_CLASS@@@Z 00406636 f   v5subs:fileclas.obj
 0001:00005650       ?open_for_write@FILE_CLASS@@QAEEPA_W@Z 00406650 f   v5subs:fileclas.obj
 0001:00005669       ?readline@FILE_CLASS@@QAEPA_WXZ 00406669 f   v5subs:fileclas.obj
 0001:00005759       ?setpos@FILE_CLASS@@QAEEJ@Z 00406759 f   v5subs:fileclas.obj
 0001:0000579c       ?writeline@FILE_CLASS@@QAEEPA_W@Z 0040679c f   v5subs:fileclas.obj
 0001:00005833       ??1LISTBOX_CLASS@@QAE@XZ   00406833 f   v5subs:listbox.obj
 0001:00005843       ?add@LISTBOX_CLASS@@QAEHPA_W@Z 00406843 f   v5subs:listbox.obj
 0001:00005884       ?check_buf_size@LISTBOX_CLASS@@AAEEH@Z 00406884 f   v5subs:listbox.obj
 0001:000058d1       ?check_buf_size@LISTBOX_CLASS@@AAEEPA_W@Z 004068d1 f   v5subs:listbox.obj
 0001:000058ea       ?check_item_size@LISTBOX_CLASS@@AAEEH@Z 004068ea f   v5subs:listbox.obj
 0001:00005921       ?current_index@LISTBOX_CLASS@@QAEHXZ 00406921 f   v5subs:listbox.obj
 0001:00005940       ?empty@LISTBOX_CLASS@@QAEXXZ 00406940 f   v5subs:listbox.obj
 0001:00005957       ?init@LISTBOX_CLASS@@QAEEPAUHWND__@@@Z 00406957 f   v5subs:listbox.obj
 0001:000059b8       ?init@LISTBOX_CLASS@@QAEEPAUHWND__@@H@Z 004069b8 f   v5subs:listbox.obj
 0001:000059d5       ?insert@LISTBOX_CLASS@@QAEHHPA_W@Z 004069d5 f   v5subs:listbox.obj
 0001:00005a18       ?is_selected@LISTBOX_CLASS@@QAEEH@Z 00406a18 f   v5subs:listbox.obj
 0001:00005a3d       ?item_text@LISTBOX_CLASS@@QAEPA_WH@Z 00406a3d f   v5subs:listbox.obj
 0001:00005a85       ?redraw_off@LISTBOX_CLASS@@QAEXXZ 00406a85 f   v5subs:listbox.obj
 0001:00005a94       ?redraw_on@LISTBOX_CLASS@@QAEXXZ 00406a94 f   v5subs:listbox.obj
 0001:00005ab3       ?remove@LISTBOX_CLASS@@QAEEH@Z 00406ab3 f   v5subs:listbox.obj
 0001:00005adf       ?replace@LISTBOX_CLASS@@QAEEPA_W@Z 00406adf f   v5subs:listbox.obj
 0001:00005b3b       ?selected_index@LISTBOX_CLASS@@QAEHXZ 00406b3b f   v5subs:listbox.obj
 0001:00005b66       ?selected_text@LISTBOX_CLASS@@QAEPA_WXZ 00406b66 f   v5subs:listbox.obj
 0001:00005b84       ?set_current_index@LISTBOX_CLASS@@QAEEH@Z 00406b84 f   v5subs:listbox.obj
 0001:00005bab       ?setcursel@LISTBOX_CLASS@@QAEEH@Z 00406bab f   v5subs:listbox.obj
 0001:00005bec       ?setcursel@LISTBOX_CLASS@@QAEEPA_W@Z 00406bec f   v5subs:listbox.obj
 0001:00005c33       ??0MULTIPART_RUNLIST_SETTINGS_CLASS@@QAE@XZ 00406c33 f   v5subs:multipart_runlist.obj
 0001:00005c49       ??0MULTIPART_RUNLIST_WIRES_CLASS@@QAE@XZ 00406c49 f   v5subs:multipart_runlist.obj
 0001:00005c5f       ??1MULTIPART_RUNLIST_SETTINGS_CLASS@@QAE@XZ 00406c5f f   v5subs:multipart_runlist.obj
 0001:00005c67       ??1MULTIPART_RUNLIST_WIRES_CLASS@@QAE@XZ 00406c67 f   v5subs:multipart_runlist.obj
 0001:00005c6f       ??4MULTIPART_RUNLIST_SETTINGS_CLASS@@QAEXABV0@@Z 00406c6f f   v5subs:multipart_runlist.obj
 0001:00005c8c       ??4MULTIPART_RUNLIST_WIRES_CLASS@@QAEXABV0@@Z 00406c8c f   v5subs:multipart_runlist.obj
 0001:00005ca9       ?bits_from_wirelist@@YAIAAVSTRING_CLASS@@@Z 00406ca9 f   v5subs:multipart_runlist.obj
 0001:00005d62       ?countchars@STRING_CLASS@@QAEJ_W@Z 00406d62 f i v5subs:multipart_runlist.obj
 0001:00005d7d       ?get@MULTIPART_RUNLIST_SETTINGS_CLASS@@QAE_NAAVSTRING_CLASS@@0@Z 00406d7d f   v5subs:multipart_runlist.obj
 0001:00006061       ?get@MULTIPART_RUNLIST_WIRES_CLASS@@QAE_NAAVSTRING_CLASS@@00@Z 00407061 f   v5subs:multipart_runlist.obj
 0001:000061ff       ?get_multipart_runlist_wires_csvname@NAME_CLASS@@QAEEAAVSTRING_CLASS@@0V2@@Z 004071ff f i v5subs:multipart_runlist.obj
 0001:00006228       ?get_wirelist@MULTIPART_RUNLIST_SETTINGS_CLASS@@QAE_NAAVSTRING_CLASS@@H@Z 00407228 f   v5subs:multipart_runlist.obj
 0001:00006303       ?init@MULTIPART_RUNLIST_SETTINGS_CLASS@@QAEXXZ 00407303 f   v5subs:multipart_runlist.obj
 0001:0000630b       ?part_selection_number@MULTIPART_RUNLIST_SETTINGS_CLASS@@QAEHAAVSTRING_CLASS@@@Z 0040730b f   v5subs:multipart_runlist.obj
 0001:000063cf       ??0MACHINE_CLASS@@QAE@XZ   004073cf f   v5subs:machine.obj
 0001:00006436       ??4MACHINE_CLASS@@QAEXABV0@@Z 00407436 f   v5subs:machine.obj
 0001:0000657d       ?find@MACHINE_CLASS@@QAEEAAVSTRING_CLASS@@0@Z 0040757d f   v5subs:machine.obj
 0001:000067dd       ?init@MACHINE_CLASS@@QAEXXZ 004077dd f   v5subs:machine.obj
 0001:00006866       ?init_save_counts@@YAXPAUSAVE_COUNTS@@@Z 00407866 f   v5subs:machine.obj
 0001:0000687f       ?read_machset_db@MACHINE_CLASS@@QAEEAAVSTRING_CLASS@@@Z 0040787f f   v5subs:machine.obj
 0001:00006e38       ??1MACHINE_NAME_LIST_CLASS@@QAE@XZ 00407e38 f   v5subs:machname.obj
 0001:00006e49       ??_GMACHINE_NAME_LIST_ENTRY@@QAEPAXI@Z 00407e49 f i v5subs:machname.obj
 0001:00006e6f       ?add_computer@MACHINE_NAME_LIST_CLASS@@QAEEAAVSTRING_CLASS@@@Z 00407e6f f   v5subs:machname.obj
 0001:00006fd1       ?empty@MACHINE_NAME_LIST_CLASS@@QAEXXZ 00407fd1 f   v5subs:machname.obj
 0001:00006ffd       ?name@MACHINE_NAME_LIST_CLASS@@QAEAAVSTRING_CLASS@@XZ 00407ffd f   v5subs:machname.obj
 0001:0000700d       ?next@MACHINE_NAME_LIST_CLASS@@QAEEXZ 0040800d f   v5subs:machname.obj
 0001:0000700d       ?next@TEXT_LIST_CLASS@@QAEEXZ 0040800d f   v5subs:textlist.obj
 0001:00007021       ??0SETPOINT_CLASS@@QAE@XZ  00408021 f   v5subs:setpoint.obj
 0001:0000702b       ??1SETPOINT_CLASS@@QAE@XZ  0040802b f   v5subs:setpoint.obj
 0001:00007030       ??4SETPOINT_CLASS@@QAEXABV0@@Z 00408030 f   v5subs:setpoint.obj
 0001:00007083       ??ASETPOINT_CLASS@@QAEAAUSETPOINT_ENTRY@@H@Z 00408083 f   v5subs:setpoint.obj
 0001:0000709f       ??_ESETPOINT_ENTRY@@QAEPAXI@Z 0040809f f i v5subs:setpoint.obj
 0001:00007108       ?cleanup@SETPOINT_CLASS@@QAEXXZ 00408108 f   v5subs:setpoint.obj
 0001:00007123       ?get@SETPOINT_CLASS@@QAEHAAVSTRING_CLASS@@@Z 00408123 f   v5subs:setpoint.obj
 0001:0000713a       ?getfrom@SETPOINT_CLASS@@QAEHAAVSTRING_CLASS@@@Z 0040813a f   v5subs:setpoint.obj
 0001:00007230       ?put@SETPOINT_CLASS@@QAEEAAVSTRING_CLASS@@@Z 00408230 f   v5subs:setpoint.obj
 0001:00007317       ?setsize@SETPOINT_CLASS@@QAEEH@Z 00408317 f   v5subs:setpoint.obj
 0001:00007414       ??0PART_CLASS@@QAE@XZ      00408414 f   v5subs:part.obj
 0001:0000744a       ??1PART_CLASS@@QAE@XZ      0040844a f   v5subs:part.obj
 0001:00007478       ??4PART_CLASS@@QAEXABV0@@Z 00408478 f   v5subs:part.obj
 0001:000076a0       ?find@PART_CLASS@@QAEEAAVSTRING_CLASS@@00@Z 004086a0 f   v5subs:part.obj
 0001:000079de       ?init@PART_CLASS@@QAEXXZ   004089de f   v5subs:part.obj
 0001:00007b04       ?read_ftchan_db@PART_CLASS@@QAEEAAVSTRING_CLASS@@@Z 00408b04 f   v5subs:part.obj
 0001:00007baa       ?read_part_setup@PART_CLASS@@QAEEAAVSTRING_CLASS@@@Z 00408baa f   v5subs:part.obj
 0001:00007c0d       ?read_x4_divisor@PART_CLASS@@QAEEXZ 00408c0d f   v5subs:part.obj
 0001:00007d64       ?update@PART_CLASS@@QAEEXZ 00408d64 f   v5subs:part.obj
 0001:00008198       ?charlen@@YAFPB_WF@Z       00409198 f   v5subs:mem.obj
 0001:000081bf       ?compare@@YAFPB_W0F@Z      004091bf f   v5subs:mem.obj
 0001:00008227       ?copy_w_char@@YAPA_WPA_W0_W@Z 00409227 f   v5subs:mem.obj
 0001:00008242       ?copychars@@YAXPA_WPB_WF@Z 00409242 f   v5subs:mem.obj
 0001:00008268       ?copyfromstr@@YAXPA_WPB_WF@Z 00409268 f   v5subs:mem.obj
 0001:000082ab       ?copystring@@YAPA_WPA_WPB_W@Z 004092ab f   v5subs:mem.obj
 0001:000082ee       ?copystring@@YAPA_WPA_WPB_WH@Z 004092ee f   v5subs:mem.obj
 0001:0000833c       ?countchars@@YAJ_WPB_W@Z   0040933c f   v5subs:mem.obj
 0001:0000835a       ?fillchars@@YAXPA_W_WF@Z   0040935a f   v5subs:mem.obj
 0001:00008385       ?findchar@@YAPB_W_WPB_W@Z  00409385 f   v5subs:mem.obj
 0001:00008385       ?findchar@@YAPA_W_WPA_W@Z  00409385 f   v5subs:mem.obj
 0001:000083a0       ?findchar@@YAPA_W_WPA_WF@Z 004093a0 f   v5subs:mem.obj
 0001:000083cb       ?findstring@@YAPA_WPB_WPA_W@Z 004093cb f   v5subs:mem.obj
 0001:00008449       ?maketext@@YAPA_WJ@Z       00409449 f   v5subs:mem.obj
 0001:00008472       ?maketext@@YAPA_WPB_W@Z    00409472 f   v5subs:mem.obj
 0001:00008480       ?maketext@@YAPA_WPB_WJ@Z   00409480 f   v5subs:mem.obj
 0001:000084b3       ?move_string_forward@@YAXPA_WH@Z 004094b3 f   v5subs:mem.obj
 0001:000084e9       ?nextstring@@YAPA_WPA_W@Z  004094e9 f   v5subs:mem.obj
 0001:000084fd       ?remove_all_occurances@@YAXPA_W_W@Z 004094fd f   v5subs:mem.obj
 0001:00008525       ?remove_char@@YAXPA_W@Z    00409525 f   v5subs:mem.obj
 0001:0000854b       ?replace_char_with_null@@YAEPA_WPB_W@Z 0040954b f   v5subs:mem.obj
 0001:00008597       ?replace_char_with_null@@YAEPA_W_W@Z 00409597 f   v5subs:mem.obj
 0001:000085c6       ?start_chars_are_equal@@YA_NPB_W0@Z 004095c6 f   v5subs:mem.obj
 0001:000085fc       ?strings_are_equal@@YAEPB_W0@Z 004095fc f   v5subs:mem.obj
 0001:00008631       ?strings_are_equal@@YAEPB_W0F@Z 00409631 f   v5subs:mem.obj
 0001:0000864d       ?upper_case@@YAXAA_W@Z     0040964d f   v5subs:mem.obj
 0001:00008671       ?utoi@@YAHI@Z              00409671 f   v5subs:mem.obj
 0001:00008676       ?fill_part_listbox@@YAXPAUHWND__@@HAAVSTRING_CLASS@@1@Z 00409676 f   v5subs:fillpart.obj
 0001:0000872b       ?get_ini_string@@YAPA_WPB_W00@Z 0040972b f   v5subs:get_ini.obj
 0001:00008751       ?get_long_ini_string@@YAPA_WPB_W00@Z 00409751 f   v5subs:get_ini.obj
 0001:000087c6       ?log_file_string@@YAEAAVSTRING_CLASS@@PA_W1000@Z 004097c6 f   v5subs:log_file_string.obj
 0001:000088ed       ?monitor_is_running@@YAEXZ 004098ed f   v5subs:monrun.obj
 0001:00008964       ?post_impact_n_ms@@YAXPAF0PA_W@Z 00409964 f   v5subs:postsec.obj
 0001:000089b7       ?post_impact_seconds@@YAXPA_WFF@Z 004099b7 f   v5subs:postsec.obj
 0001:00008a14       ?ascii_to_bool@@YA_NPA_W@Z 00409a14 f   v5subs:misc.obj
 0001:00008a33       ?round@@YANNN@Z            00409a33 f   v5subs:misc.obj
 0001:00008a77       ?unknown_string@@YAPA_WXZ  00409a77 f   v5subs:misc.obj
 0001:00008a7d       ??0WARMUP_CLASS@@QAE@XZ    00409a7d f   v5subs:warmupcl.obj
 0001:00008a97       ?create_runlist@WARMUP_CLASS@@QAEEAAVSTRING_CLASS@@00@Z 00409a97 f   v5subs:warmupcl.obj
 0001:00008cb9       ?delete_file@NAME_CLASS@@QAEEXZ 00409cb9 f i v5subs:warmupcl.obj
 0001:00008cd3       ?get@WARMUP_CLASS@@QAEEAAVSTRING_CLASS@@00@Z 00409cd3 f   v5subs:warmupcl.obj
 0001:00008db4       ??1FTII_VAR_ARRAY@@UAE@XZ  00409db4 f   v5subs:ftiiclas.obj
 0001:00008dca       ??4FTII_VAR@@UAEXN@Z       00409dca f   v5subs:ftiiclas.obj
 0001:00008e20       ??4FTII_VAR@@UAEXPB_W@Z    00409e20 f   v5subs:ftiiclas.obj
 0001:00008ea4       ??4FTII_VAR_ARRAY@@UAEXABVFTII_VAR@@@Z 00409ea4 f   v5subs:ftiiclas.obj
 0001:00008eb6       ??4FTII_VAR_ARRAY@@UAEXH@Z 00409eb6 f   v5subs:ftiiclas.obj
 0001:00008ebb       ??4FTII_VAR_ARRAY@@UAEXI@Z 00409ebb f   v5subs:ftiiclas.obj
 0001:00008edc       ??4FTII_VAR_ARRAY@@UAEXN@Z 00409edc f   v5subs:ftiiclas.obj
 0001:00008f08       ??AFTII_VAR_ARRAY@@QAEAAVFTII_VAR@@H@Z 00409f08 f   v5subs:ftiiclas.obj
 0001:00008f3c       ??_EFTII_VAR@@UAEPAXI@Z    00409f3c f i v5subs:ftiiclas.obj
 0001:00008f8f       ?append_value@FTII_VAR@@QAE_NAAVSTRING_CLASS@@@Z 00409f8f f   v5subs:ftiiclas.obj
 0001:00009063       ?cleanup@FTII_VAR_ARRAY@@QAEXXZ 0040a063 f   v5subs:ftiiclas.obj
 0001:00009096       ?get@FTII_VAR@@UAE_NPB_W@Z 0040a096 f   v5subs:ftiiclas.obj
 0001:000090d3       ?makeline@FTII_VAR@@QAE_NAAVSTRING_CLASS@@@Z 0040a0d3 f   v5subs:ftiiclas.obj
 0001:0000911f       ?myfindchar@@YAPB_W_WPB_W@Z 0040a11f f   v5subs:ftiiclas.obj
 0001:0000911f       ?myfindchar@@YAPA_W_WPA_W@Z 0040a11f f   v5subs:ftiiclas.obj
 0001:00009143       ?put@FTII_VAR@@UAE_NAAVSTRING_CLASS@@@Z 0040a143 f   v5subs:ftiiclas.obj
 0001:000091e6       ?put@FTII_VAR_ARRAY@@UAE_NAAVSTRING_CLASS@@@Z 0040a1e6 f   v5subs:ftiiclas.obj
 0001:000092c7       ?put_into@FTII_VAR_ARRAY@@QAE_NAAVSTRING_CLASS@@@Z 0040a2c7 f   v5subs:ftiiclas.obj
 0001:00009475       ?set@FTII_VAR@@UAE_NHI@Z   0040a475 f   v5subs:ftiiclas.obj
 0001:00009493       ?set@FTII_VAR@@UAE_NHN@Z   0040a493 f   v5subs:ftiiclas.obj
 0001:000094fa       ?set@FTII_VAR_ARRAY@@UAE_NHI@Z 0040a4fa f   v5subs:ftiiclas.obj
 0001:0000952d       ?upsize@FTII_VAR_ARRAY@@QAE_NH@Z 0040a52d f   v5subs:ftiiclas.obj
 0001:0000963c       ?add@WORKER_LIST_CLASS@@QAEEPA_W00@Z 0040a63c f   v5subs:workclas.obj
 0001:000096c2       ?cleanup@WORKER_LIST_CLASS@@QAEXXZ 0040a6c2 f   v5subs:workclas.obj
 0001:000096df       ?full_name@WORKER_LIST_CLASS@@QAEPA_WPA_W@Z 0040a6df f   v5subs:workclas.obj
 0001:00009741       ?load@WORKER_LIST_CLASS@@QAEEXZ 0040a741 f   v5subs:workclas.obj
 0001:0000980a       ?asctoint32@@YAJPB_W@Z     0040a80a f   v5subs:extract.obj
 0001:00009827       ?asctoul@@YAKPB_W@Z        0040a827 f   v5subs:extract.obj
 0001:00009844       ?extdouble@@YANPB_WF@Z     0040a844 f   v5subs:extract.obj
 0001:000098b5       ?extlong@@YAJPB_WF@Z       0040a8b5 f   v5subs:extract.obj
 0001:000098c8       ?extlong@@YAJPB_WFH@Z      0040a8c8 f   v5subs:extract.obj
 0001:0000992e       ?extul@@YAKPB_WFH@Z        0040a92e f   v5subs:extract.obj
 0001:00009994       ?is_real_char@@YAE_W@Z     0040a994 f   v5subs:extract.obj
 0001:00009a40       ?is_empty@@YAEPB_W@Z       0040aa40 f   v5subs:is_empty.obj
 0001:00009a61       ?double_to_tchar@@YA_NPA_WNH@Z 0040aa61 f   v5subs:dtotchar.obj
 0001:00009b90       ?rounded_double_to_tchar@@YA_NPA_WN@Z 0040ab90 f   v5subs:dtotchar.obj
 0001:00009bf2       ?append_backslash_to_path@@YAXPA_W@Z 0040abf2 f   v5subs:path.obj
 0001:00009c21       ?append_filename_to_path@@YAXPA_WPB_W@Z 0040ac21 f   v5subs:path.obj
 0001:00009c3a       ?catpath@@YAPA_WPA_WPB_W@Z 0040ac3a f   v5subs:path.obj
 0001:00009c95       ?create_directory@@YAEPA_W@Z 0040ac95 f   v5subs:path.obj
 0001:00009de5       ?dir_from_filename@@YAEPA_W@Z 0040ade5 f   v5subs:path.obj
 0001:00009e37       ?remove_backslash_from_path@@YAXPA_W@Z 0040ae37 f   v5subs:path.obj
 0001:00009e67       ?directory_exists@@YAEPA_W@Z 0040ae67 f   v5subs:exists.obj
 0001:00009e8a       ?disk_is_in_drive@@YAEPA_W@Z 0040ae8a f   v5subs:exists.obj
 0001:00009ec2       ?file_exists@@YAEPA_W@Z    0040aec2 f   v5subs:exists.obj
 0001:00009f61       ?get_drive_name@@YAEPA_W@Z 0040af61 f   v5subs:exists.obj
 0001:00009f98       ?is_removable@@YAEPA_W@Z   0040af98 f   v5subs:exists.obj
 0001:00009fc3       ?exe_directory@@YAPB_WXZ   0040afc3 f   v5subs:gexedir.obj
 0001:00009fe9       ?get_exe_directory@@YAEPA_W@Z 0040afe9 f   v5subs:gexedir.obj
 0001:0000a0d2       ??_EWINDOW_CLASS@@UAEPAXI@Z 0040b0d2 f i v5subs:wclass.obj
 0001:0000a120       ?post@WINDOW_CLASS@@QAEXIIJ@Z 0040b120 f   v5subs:wclass.obj
 0001:0000a13e       ?refresh@WINDOW_CLASS@@QAEXXZ 0040b13e f   v5subs:wclass.obj
 0001:0000a15d       ?set_title@WINDOW_CLASS@@QAEXPA_W@Z 0040b15d f   v5subs:wclass.obj
 0001:0000a17e       ?reverse@@YAXPA_W@Z        0040b17e f   v5subs:reverse.obj
 0001:0000a1aa       ??0DB_TABLE@@QAE@XZ        0040b1aa f   v5subs:dbsubs.obj
 0001:0000a1d1       ??1DB_TABLE@@QAE@XZ        0040b1d1 f   v5subs:dbsubs.obj
 0001:0000a24e       ?close@DB_TABLE@@QAEXXZ    0040b24e f   v5subs:dbsubs.obj
 0001:0000a26f       ?compare_date@@YAFPA_W0@Z  0040b26f f   v5subs:dbsubs.obj
 0001:0000a2a5       ?compare_int32@@YAFPA_W0J@Z 0040b2a5 f   v5subs:dbsubs.obj
 0001:0000a2d9       ?compare_one_record@DB_TABLE@@AAEEPAFJJ@Z 0040b2d9 f   v5subs:dbsubs.obj
 0001:0000a3c1       ?create@DB_TABLE@@QAEEAAVSTRING_CLASS@@@Z 0040b3c1 f i v5subs:dbsubs.obj
 0001:0000a3db       ?create@DB_TABLE@@QAEEPA_W@Z 0040b3db f   v5subs:dbsubs.obj
 0001:0000a43b       ?determine_column_info@DB_TABLE@@QAEHXZ 0040b43b f   v5subs:dbsubs.obj
 0001:0000a61c       ?ensure_existance@DB_TABLE@@QAEEAAVSTRING_CLASS@@@Z 0040b61c f   v5subs:dbsubs.obj
 0001:0000a685       ?fill_searchbuf@DB_TABLE@@AAEEF@Z 0040b685 f   v5subs:dbsubs.obj
 0001:0000a6de       ?get_alpha@DB_TABLE@@QAEEPA_WGF@Z 0040b6de f   v5subs:dbsubs.obj
 0001:0000a6f4       ?get_alpha@DB_TABLE@@QAEEPA_WGFG@Z 0040b6f4 f   v5subs:dbsubs.obj
 0001:0000a75f       ?get_double@DB_TABLE@@QAENG@Z 0040b75f f   v5subs:dbsubs.obj
 0001:0000a79e       ?get_long@DB_TABLE@@QAEJG@Z 0040b79e f   v5subs:dbsubs.obj
 0001:0000a7ca       ?get_next_key_match@DB_TABLE@@QAEEFE@Z 0040b7ca f   v5subs:dbsubs.obj
 0001:0000a837       ?get_next_record@DB_TABLE@@QAEEE@Z 0040b837 f   v5subs:dbsubs.obj
 0001:0000a885       ?get_rec@DB_TABLE@@QAEEXZ  0040b885 f   v5subs:dbsubs.obj
 0001:0000a8d1       ?goto_first_key_record@DB_TABLE@@AAEEF@Z 0040b8d1 f   v5subs:dbsubs.obj
 0001:0000a8ec       ?goto_key_record@DB_TABLE@@AAEEFJJ@Z 0040b8ec f   v5subs:dbsubs.obj
 0001:0000aa18       ?goto_record_number@DB_TABLE@@QAEEJ@Z 0040ba18 f   v5subs:dbsubs.obj
 0001:0000aaad       ?initbuf@DB_TABLE@@AAEEPAPA_WPAFF@Z 0040baad f   v5subs:dbsubs.obj
 0001:0000ab45       ?lock_record@DB_TABLE@@QAEEXZ 0040bb45 f   v5subs:dbsubs.obj
 0001:0000abc6       ?nof_recs@DB_TABLE@@QAEKXZ 0040bbc6 f   v5subs:dbsubs.obj
 0001:0000abf0       ?open@DB_TABLE@@QAEEPA_WFF@Z 0040bbf0 f   v5subs:dbsubs.obj
 0001:0000ac06       ?open@DB_TABLE@@QAEEPA_WFFF@Z 0040bc06 f   v5subs:dbsubs.obj
 0001:0000ade5       ?point_to_start_of_field@DB_TABLE@@AAEPA_WG@Z 0040bde5 f   v5subs:dbsubs.obj
 0001:0000ae04       ?post_error@@YAXPA_W0@Z    0040be04 f   v5subs:dbsubs.obj
 0001:0000ae17       ?post_error@@YAXPA_W@Z     0040be17 f   v5subs:dbsubs.obj
 0001:0000ae2b       ?put_alpha@DB_TABLE@@QAEEGPB_WF@Z 0040be2b f   v5subs:dbsubs.obj
 0001:0000ae77       ?put_long@DB_TABLE@@QAEEGJF@Z 0040be77 f   v5subs:dbsubs.obj
 0001:0000aeb7       ?restore_from_searchbuf@DB_TABLE@@AAEXXZ 0040beb7 f   v5subs:dbsubs.obj
 0001:0000af06       ?unlock_record@DB_TABLE@@QAEEXZ 0040bf06 f   v5subs:dbsubs.obj
 0001:0000af4b       ?copy_all_files@@YAEPA_W00EPAUHWND__@@H@Z 0040bf4b f   v5subs:callfile.obj
 0001:0000b102       ??0MULTISTRING_CLASS@@QAE@XZ 0040c102 f   v5subs:multistring.obj
 0001:0000b11a       ??1MULTISTRING_CLASS@@QAE@XZ 0040c11a f   v5subs:multistring.obj
 0001:0000b12a       ??AMULTISTRING_CLASS@@QAEAAV0@H@Z 0040c12a f   v5subs:multistring.obj
 0001:0000b13c       ??_ESTRING_CLASS@@QAEPAXI@Z 0040c13c f i v5subs:multistring.obj
 0001:0000b18c       ?empty_array@MULTISTRING_CLASS@@QAE_NXZ 0040c18c f   v5subs:multistring.obj
 0001:0000b1ae       ?find@MULTISTRING_CLASS@@QAEHAAVSTRING_CLASS@@@Z 0040c1ae f   v5subs:multistring.obj
 0001:0000b1de       ?goto_index@MULTISTRING_CLASS@@QAE_NH@Z 0040c1de f   v5subs:multistring.obj
 0001:0000b21e       ?next@MULTISTRING_CLASS@@QAE_NXZ 0040c21e f   v5subs:multistring.obj
 0001:0000b25c       ?rewind@MULTISTRING_CLASS@@QAE_NXZ 0040c25c f   v5subs:multistring.obj
 0001:0000b27a       ?split@MULTISTRING_CLASS@@QAE_N_W@Z 0040c27a f   v5subs:multistring.obj
 0001:0000b334       ??0MACHINE_NAME_LIST_CLASS@@QAE@XZ 0040c334 f   v5subs:machname.obj
 0001:0000b334       ??0TEXT_LIST_CLASS@@QAE@XZ 0040c334 f   v5subs:textlist.obj
 0001:0000b344       ??1TEXT_LIST_CLASS@@QAE@XZ 0040c344 f   v5subs:textlist.obj
 0001:0000b355       ?append@TEXT_LIST_CLASS@@QAEEPA_WJ@Z 0040c355 f   v5subs:textlist.obj
 0001:0000b3cc       ?empty@TEXT_LIST_CLASS@@QAEXXZ 0040c3cc f   v5subs:textlist.obj
 0001:0000b3f6       ?get_directory_list@TEXT_LIST_CLASS@@QAEXPB_W@Z 0040c3f6 f   v5subs:textlist.obj
 0001:0000b4ac       ?remove@TEXT_LIST_CLASS@@QAEEXZ 0040c4ac f   v5subs:textlist.obj
 0001:0000b4cf       ?get_partlist@@YAEAAVTEXT_LIST_CLASS@@AAVSTRING_CLASS@@1@Z 0040c4cf f   v5subs:partlist.obj
 0001:0000b57e       ??0WIRE_CLASS@@QAE@XZ      0040c57e f   v5subs:wire_class.obj
 0001:0000b5ef       ??0WIRE_NAME_ENTRY@@QAE@XZ 0040c5ef f   v5subs:wire_class.obj
 0001:0000b60f       ??1WIRE_CLASS@@QAE@XZ      0040c60f f   v5subs:wire_class.obj
 0001:0000b62a       ??1WIRE_NAME_ENTRY@@QAE@XZ 0040c62a f   v5subs:wire_class.obj
 0001:0000b645       ?wirebit@WIRE_CLASS@@QAEIH@Z 0040c645 f   v5subs:wire_class.obj
 0001:0000b65a       ?dups_to_vu@@YANFF@Z       0040c65a f   v5subs:unitadj.obj
 0001:0000b6d1       ?get@TIME_CLASS@@QAEEAAU_SYSTEMTIME@@@Z 0040c6d1 f   v5subs:timeclas.obj
 0001:0000b7cc       ?get_local_time@TIME_CLASS@@QAEXXZ 0040c7cc f   v5subs:timeclas.obj
 0001:0000b803       ?hhmmss@TIME_CLASS@@QAEPA_WXZ 0040c803 f   v5subs:timeclas.obj
 0001:0000b8a8       ?mmddyyyy@TIME_CLASS@@QAEPA_WXZ 0040c8a8 f   v5subs:timeclas.obj
 0001:0000b8f1       ?set@TIME_CLASS@@QAEEABU_SYSTEMTIME@@@Z 0040c8f1 f   v5subs:timeclas.obj
 0001:0000b992       ?system_time@TIME_CLASS@@QAEAAU_SYSTEMTIME@@XZ 0040c992 f   v5subs:timeclas.obj
 0001:0000b9a2       ?insalph@@YAXPA_WJJ_WJ@Z   0040c9a2 f   v5subs:insalph.obj
 0001:0000b9f3       ?part_exists@@YAEAAVSTRING_CLASS@@00@Z 0040c9f3 f   v5subs:pexists.obj
 0001:0000ba3c       ?hextoul@@YAKPB_W@Z        0040ca3c f   v5subs:hex.obj
 0001:0000bab3       ?is_hex_char@@YAE_W@Z      0040cab3 f   v5subs:hex.obj
 0001:0000bad3       ?alphadate@@YAEPA_WABU_SYSTEMTIME@@@Z 0040cad3 f   v5subs:time.obj
 0001:0000bb34       ?alphadate@@YAPA_WABU_SYSTEMTIME@@@Z 0040cb34 f   v5subs:time.obj
 0001:0000bb4a       ?alphatime@@YAEPA_WABU_SYSTEMTIME@@@Z 0040cb4a f   v5subs:time.obj
 0001:0000bbac       ?alphatime@@YAPA_WABU_SYSTEMTIME@@@Z 0040cbac f   v5subs:time.obj
 0001:0000bbc2       ?is_numeric@@YAE_W@Z       0040cbc2 f   v5subs:time.obj
 0001:0000bbe3       ?rjust@@YAXPA_WF_W@Z       0040cbe3 f   v5subs:rjust.obj
 0001:0000bc2a       ??1INT_ARRAY_CLASS@@QAE@XZ 0040cc2a f   v5subs:array.obj
 0001:0000bc2f       ??AINT_ARRAY_CLASS@@QAEAAHH@Z 0040cc2f f   v5subs:array.obj
 0001:0000bca6       ?cleanup@INT_ARRAY_CLASS@@QAEXXZ 0040cca6 f   v5subs:array.obj
 0001:0000bcbf       ?day_of_the_week@@YAHHHH@Z 0040ccbf f   v5subs:dow.obj
 0001:0000bd1a       ___onexitinit              0040cd1a f   LIBCMT:onexit.obj
 0001:0000bd49       __onexit                   0040cd49 f   LIBCMT:onexit.obj
 0001:0000be45       _atexit                    0040ce45 f   LIBCMT:onexit.obj
 0001:0000be5a       @__security_check_cookie@4 0040ce5a f   LIBCMT:secchk.obj
 0001:0000be69       ??0bad_alloc@std@@QAE@ABV01@@Z 0040ce69 f i LIBCMT:new.obj
 0001:0000be84       ??1bad_alloc@std@@UAE@XZ   0040ce84 f i LIBCMT:new.obj
 0001:0000be8f       ??2@YAPAXI@Z               0040ce8f f   LIBCMT:new.obj
 0001:0000bee0       ??_Ebad_alloc@std@@UAEPAXI@Z 0040cee0 f i LIBCMT:new.obj
 0001:0000bee0       ??_Gbad_alloc@std@@UAEPAXI@Z 0040cee0 f i LIBCMT:new.obj
 0001:0000bf05       ??3@YAXPAX@Z               0040cf05 f   LIBCMT:delete.obj
 0001:0000bf0a       ??1type_info@@UAE@XZ       0040cf0a f   LIBCMT:typinfo.obj
 0001:0000bf18       ??_Gtype_info@@UAEPAXI@Z   0040cf18 f i LIBCMT:typinfo.obj
 0001:0000bf18       ??_Etype_info@@UAEPAXI@Z   0040cf18 f i LIBCMT:typinfo.obj
 0001:0000bf37       _WinMainCRTStartup         0040cf37 f   LIBCMT:wincrt0.obj
 0001:0000c0c0       _memset                    0040d0c0 f   LIBCMT:memset.obj
 0001:0000c150       __fpmath                   0040d150 f   LIBCMT:fpinit.obj
 0001:0000c167       __cfltcvt_init             0040d167 f   LIBCMT:fpinit.obj
 0001:0000c1c7       ??0_LocaleUpdate@@QAE@PAUlocaleinfo_struct@@@Z 0040d1c7 f i LIBCMT:strtol.obj
 0001:0000c475       _strtol                    0040d475 f   LIBCMT:strtol.obj
 0001:0000c49f       _strtoul                   0040d49f f   LIBCMT:strtol.obj
 0001:0000c4c9       ___raise_securityfailure   0040d4c9 f   LIBCMT:gs_report.obj
 0001:0000c506       ___report_gsfailure        0040d506 f   LIBCMT:gs_report.obj
 0001:0000c601       ___report_rangecheckfailure 0040d601 f   LIBCMT:gs_report.obj
 0001:0000c60d       ___report_securityfailure  0040d60d f   LIBCMT:gs_report.obj
 0001:0000c6e0       __aulldiv                  0040d6e0 f   LIBCMT:ulldiv.obj
 0001:0000c750       _memcpy                    0040d750 f   LIBCMT:memcpy.obj
 0001:0000cda0       __chkstk                   0040dda0 f   LIBCMT:chkstk.obj
 0001:0000cda0       __alloca_probe             0040dda0 f   LIBCMT:chkstk.obj
 0001:0000cdd0       __ftol2_sse                0040ddd0 f   LIBCMT:ftol2.obj
 0001:0000cdd9       __ftol2_pentium4           0040ddd9 f   LIBCMT:ftol2.obj
 0001:0000cdec       __ftol2_sse_excpt          0040ddec f   LIBCMT:ftol2.obj
 0001:0000ce06       __ftol2                    0040de06 f   LIBCMT:ftol2.obj
 0001:0000ce7b       __strtod_l                 0040de7b f   LIBCMT:strtod.obj
 0001:0000cf92       _strtod                    0040df92 f   LIBCMT:strtod.obj
 0001:0000cfb0       _memmove                   0040dfb0 f   LIBCMT:memmove.obj
 0001:0000d600       _floor                     0040e600 f   LIBCMT:floor_pentium4.obj
 0001:0000d640       __floor_pentium4           0040e640 f   LIBCMT:floor_pentium4.obj
 0001:0000d721       ___crtCorExitProcess       0040e721 f   LIBCMT:crt0dat.obj
 0001:0000d755       ___crtExitProcess          0040e755 f   LIBCMT:crt0dat.obj
 0001:0000d76b       __amsg_exit                0040e76b f   LIBCMT:crt0dat.obj
 0001:0000d787       __c_exit                   0040e787 f   LIBCMT:crt0dat.obj
 0001:0000d796       __cexit                    0040e796 f   LIBCMT:crt0dat.obj
 0001:0000d7a5       __cinit                    0040e7a5 f   LIBCMT:crt0dat.obj
 0001:0000d829       __exit                     0040e829 f   LIBCMT:crt0dat.obj
 0001:0000d83d       __init_pointers            0040e83d f   LIBCMT:crt0dat.obj
 0001:0000d8ab       __initterm_e               0040e8ab f   LIBCMT:crt0dat.obj
 0001:0000d8cd       __lockexit                 0040e8cd f   LIBCMT:crt0dat.obj
 0001:0000d8d6       __unlockexit               0040e8d6 f   LIBCMT:crt0dat.obj
 0001:0000da0e       _exit                      0040ea0e f   LIBCMT:crt0dat.obj
 0001:0000da22       __msize                    0040ea22 f   LIBCMT:msize.obj
 0001:0000da53       __calloc_crt               0040ea53 f   LIBCMT:crtheap.obj
 0001:0000da9b       __malloc_crt               0040ea9b f   LIBCMT:crtheap.obj
 0001:0000dae2       __realloc_crt              0040eae2 f   LIBCMT:crtheap.obj
 0001:0000db30       __SEH_prolog4              0040eb30 f   LIBCMT:sehprolg4.obj
 0001:0000db75       __SEH_epilog4              0040eb75 f   LIBCMT:sehprolg4.obj
 0001:0000db90       __except_handler4          0040eb90 f   LIBCMT:chandler4.obj
 0001:0000dd24       _malloc                    0040ed24 f   LIBCMT:malloc.obj
 0001:0000ddb6       ??0exception@std@@QAE@ABQBDH@Z 0040edb6 f   LIBCMT:stdexcpt.obj
 0001:0000ddd1       ??0exception@std@@QAE@ABV01@@Z 0040edd1 f   LIBCMT:stdexcpt.obj
 0001:0000ddf4       ??1exception@std@@UAE@XZ   0040edf4 f   LIBCMT:stdexcpt.obj
 0001:0000ddff       ??4exception@std@@QAEAAV01@ABV01@@Z 0040edff f   LIBCMT:stdexcpt.obj
 0001:0000de32       ??_Gexception@std@@UAEPAXI@Z 0040ee32 f i LIBCMT:stdexcpt.obj
 0001:0000de32       ??_Eexception@std@@UAEPAXI@Z 0040ee32 f i LIBCMT:stdexcpt.obj
 0001:0000de57       ?_Copy_str@exception@std@@AAEXPBD@Z 0040ee57 f   LIBCMT:stdexcpt.obj
 0001:0000de95       ?_Tidy@exception@std@@AAEXXZ 0040ee95 f   LIBCMT:stdexcpt.obj
 0001:0000deb1       ?what@exception@std@@UBEPBDXZ 0040eeb1 f   LIBCMT:stdexcpt.obj
 0001:0000debe       __callnewh                 0040eebe f   LIBCMT:handler.obj
 0001:0000dee4       __initp_heap_handler       0040eee4 f   LIBCMT:handler.obj
 0001:0000def1       __CxxThrowException@8      0040eef1 f   LIBCMT:throw.obj
 0001:0000df54       _free                      0040ef54 f   LIBCMT:free.obj
 0001:0000df90       _strcmp                    0040ef90 f   LIBCMT:strcmp.obj
 0001:0000e01c       ?_Type_info_dtor@type_info@@CAXPAV1@@Z 0040f01c f   LIBCMT:typname.obj
 0001:0000e08d       ?__CxxUnhandledExceptionFilter@@YGJPAU_EXCEPTION_POINTERS@@@Z 0040f08d f   LIBCMT:unhandld.obj
 0001:0000e0ce       ___CxxSetUnhandledExceptionFilter 0040f0ce f   LIBCMT:unhandld.obj
 0001:0000e0dc       __XcptFilter               0040f0dc f   LIBCMT:winxfltr.obj
 0001:0000e237       __freefls@4                0040f237 f   LIBCMT:tidtable.obj
 0001:0000e36c       __getptd                   0040f36c f   LIBCMT:tidtable.obj
 0001:0000e384       __getptd_noexit            0040f384 f   LIBCMT:tidtable.obj
 0001:0000e3f3       __initptd                  0040f3f3 f   LIBCMT:tidtable.obj
 0001:0000e4a6       __mtinit                   0040f4a6 f   LIBCMT:tidtable.obj
 0001:0000e51c       __mtterm                   0040f51c f   LIBCMT:tidtable.obj
 0001:0000e539       __heap_init                0040f539 f   LIBCMT:heapinit.obj
 0001:0000e54e       __ioinit                   0040f54e f   LIBCMT:ioinit.obj
 0001:0000e802       __setargv                  0040f802 f   LIBCMT:stdargv.obj
 0001:0000ea31       __setenvp                  0040fa31 f   LIBCMT:stdenvp.obj
 0001:0000eb12       __FF_MSGBANNER             0040fb12 f   LIBCMT:crt0msg.obj
 0001:0000eb4b       __GET_RTERRMSG             0040fb4b f   LIBCMT:crt0msg.obj
 0001:0000eb6f       __NMSG_WRITE               0040fb6f f   LIBCMT:crt0msg.obj
 0001:0000ed2c       ___set_app_type            0040fd2c f   LIBCMT:errmode.obj
 0001:0000ed39       __set_error_mode           0040fd39 f   LIBCMT:errmode.obj
 0001:0000ed79       ___security_init_cookie    0040fd79 f   LIBCMT:gs_support.obj
 0001:0000ee15       __RTC_Initialize           0040fe15 f   LIBCMT:initsect.obj
 0001:0000ee35       __RTC_Terminate            0040fe35 f   LIBCMT:initsect.obj
 0001:0000ee55       ___crtGetEnvironmentStringsA 0040fe55 f   LIBCMT:a_env.obj
 0001:0000eee2       ___crtFlsAlloc             0040fee2 f   LIBCMT:winapisupp.obj
 0001:0000ef00       ___crtFlsFree              0040ff00 f   LIBCMT:winapisupp.obj
 0001:0000ef1f       ___crtFlsGetValue          0040ff1f f   LIBCMT:winapisupp.obj
 0001:0000ef3e       ___crtFlsSetValue          0040ff3e f   LIBCMT:winapisupp.obj
 0001:0000ef60       ___crtGetShowWindowMode    0040ff60 f   LIBCMT:winapisupp.obj
 0001:0000ef83       ___crtInitializeCriticalSectionEx 0040ff83 f   LIBCMT:winapisupp.obj
 0001:0000efb1       ___crtIsPackagedApp        0040ffb1 f   LIBCMT:winapisupp.obj
 0001:0000eff1       ___crtLoadWinApiPointers   0040fff1 f   LIBCMT:winapisupp.obj
 0001:0000f27c       ___crtSetUnhandledExceptionFilter 0041027c f   LIBCMT:winapisupp.obj
 0001:0000f28a       ___crtSleep                0041028a f   LIBCMT:winapisupp.obj
 0001:0000f298       ___crtTerminateProcess     00410298 f   LIBCMT:winapisupp.obj
 0001:0000f2ad       ___crtUnhandledException   004102ad f   LIBCMT:winapisupp.obj
 0001:0000f2c3       __wincmdln                 004102c3 f   LIBCMT:wincmdln.obj
 0001:0000f322       __VEC_memset               00410322 f   LIBCMT:p4_memset.obj
 0001:0000f3ea       ___isa_available_init      004103ea f   LIBCMT:cpu_disp.obj
 0001:0000f563       __cfltcvt                  00410563 f   LIBCMT:cvt.obj
 0001:0000f584       __cfltcvt_l                00410584 f   LIBCMT:cvt.obj
 0001:0000f60a       __cftoa_l                  0041060a f   LIBCMT:cvt.obj
 0001:0000f966       __cftoe                    00410966 f   LIBCMT:cvt.obj
 0001:0000fad5       __cftoe_l                  00410ad5 f   LIBCMT:cvt.obj
 0001:0000fc8f       __cftof_l                  00410c8f f   LIBCMT:cvt.obj
 0001:0000fd50       __cftog_l                  00410d50 f   LIBCMT:cvt.obj
 0001:0000fe4f       __cropzeros                00410e4f f   LIBCMT:cvt.obj
 0001:0000fe60       __cropzeros_l              00410e60 f   LIBCMT:cvt.obj
 0001:0000fee0       __fassign                  00410ee0 f   LIBCMT:cvt.obj
 0001:0000fef8       __fassign_l                00410ef8 f   LIBCMT:cvt.obj
 0001:0000ff3a       __forcdecpt                00410f3a f   LIBCMT:cvt.obj
 0001:0000ff4b       __forcdecpt_l              00410f4b f   LIBCMT:cvt.obj
 0001:0000ffbf       __positive                 00410fbf f   LIBCMT:cvt.obj
 0001:00010001       __setdefaultprecision      00411001 f   LIBCMT:fp8.obj
 0001:00010028       __initp_misc_cfltcvt_tab   00411028 f   LIBCMT:cmiscdat.obj
 0001:00010047       __call_reportfault         00411047 f   LIBCMT:invarg.obj
 0001:0001016c       __initp_misc_invarg        0041116c f   LIBCMT:invarg.obj
 0001:00010179       __invalid_parameter        00411179 f   LIBCMT:invarg.obj
 0001:000101a4       __invalid_parameter_noinfo 004111a4 f   LIBCMT:invarg.obj
 0001:000101b4       __invoke_watson            004111b4 f   LIBCMT:invarg.obj
 0001:000101df       ___doserrno                004111df f   LIBCMT:dosmap.obj
 0001:000101f2       __dosmaperr                004111f2 f   LIBCMT:dosmap.obj
 0001:00010213       __errno                    00411213 f   LIBCMT:dosmap.obj
 0001:00010226       __get_errno_from_oserr     00411226 f   LIBCMT:dosmap.obj
 0001:00010267       ___addlocaleref            00411267 f   LIBCMT:localref.obj
 0001:000102fc       ___freetlocinfo            004112fc f   LIBCMT:localref.obj
 0001:00010456       ___removelocaleref         00411456 f   LIBCMT:localref.obj
 0001:000104f6       ___updatetlocinfo          004114f6 f   LIBCMT:localref.obj
 0001:00010576       __updatetlocinfoEx_nolock  00411576 f   LIBCMT:localref.obj
 0001:000105c1       ___initmbctable            004115c1 f   LIBCMT:mbctype.obj
 0001:00010878       ___updatetmbcinfo          00411878 f   LIBCMT:mbctype.obj
 0001:0001091e       __setmbcp                  0041191e f   LIBCMT:mbctype.obj
 0001:00010ac6       __setmbcp_nolock           00411ac6 f   LIBCMT:mbctype.obj
 0001:00010cb1       __isctype_l                00411cb1 f   LIBCMT:isctype.obj
 0001:00010d62       __locterm                  00411d62 f   LIBCMT:wsetloca.obj
 0001:00010db4       __crt_debugger_hook        00411db4 f   LIBCMT:dbghook.obj
 0001:00010dbc       __fltin2                   00411dbc f   LIBCMT:cfin.obj
 0001:00010e70       __fptostr                  00411e70 f   LIBCMT:_fptostr.obj
 0001:00010f20       ___dtold                   00411f20 f   LIBCMT:cfout.obj
 0001:00010fe8       __fltout2                  00411fe8 f   LIBCMT:cfout.obj
 0001:00011076       ___libm_error_support      00412076 f   LIBCMT:libm_error.obj
 0001:0001135e       __sse2_mathfcns_init       0041235e f   LIBCMT:mathfcns.obj
 0001:0001136d       __floor_default            0041236d f   LIBCMT:floor.obj
 0001:00011444       __lock                     00412444 f   LIBCMT:mlock.obj
 0001:00011478       __mtdeletelocks            00412478 f   LIBCMT:mlock.obj
 0001:000114cc       __mtinitlocknum            004124cc f   LIBCMT:mlock.obj
 0001:00011575       __mtinitlocks              00412575 f   LIBCMT:mlock.obj
 0001:000115ae       __unlock                   004125ae f   LIBCMT:mlock.obj
 0001:000115d0       __FindPESection            004125d0 f   LIBCMT:pesect.obj
 0001:00011620       __IsNonwritableInCurrentImage 00412620 f   LIBCMT:pesect.obj
 0001:000116e0       __ValidateImageBase        004126e0 f   LIBCMT:pesect.obj
 0001:00011711       ?terminate@@YAXXZ          00412711 f   LIBCMT:hooks.obj
 0001:00011745       __initp_eh_hooks           00412745 f   LIBCMT:hooks.obj
 0001:00011756       __initp_misc_purevirt      00412756 f   LIBCMT:inithelp.obj
 0001:00011763       ___get_sigabrt             00412763 f   LIBCMT:winsig.obj
 0001:00011770       __initp_misc_winsig        00412770 f   LIBCMT:winsig.obj
 0001:0001178c       _raise                     0041278c f   LIBCMT:winsig.obj
 0001:00011981       __initp_misc_rand_s        00412981 f   LIBCMT:rand_s.obj
 0001:0001198e       _realloc                   0041298e f   LIBCMT:realloc.obj
 0001:00011a39       __calloc_impl              00412a39 f   LIBCMT:calloc_impl.obj
 0001:00011ac0       __local_unwind4            00412ac0 f   LIBCMT:exsup4.obj
 0001:00011b96       __seh_longjmp_unwind4@4    00412b96 f   LIBCMT:exsup4.obj
 0001:00011bb2       @_EH4_CallFilterFunc@8     00412bb2 f   LIBCMT:exsup4.obj
 0001:00011bc9       @_EH4_TransferToHandler@8  00412bc9 f   LIBCMT:exsup4.obj
 0001:00011be2       @_EH4_GlobalUnwind2@8      00412be2 f   LIBCMT:exsup4.obj
 0001:00011bfb       @_EH4_LocalUnwind@16       00412bfb f   LIBCMT:exsup4.obj
 0001:00011c12       _strcpy_s                  00412c12 f   LIBCMT:strcpy_s.obj
 0001:00011c70       _strlen                    00412c70 f   LIBCMT:strlen.obj
 0001:00011cfb       ___initstdio               00412cfb f   LIBCMT:_file.obj
 0001:00011d6e       ___endstdio                00412d6e f   LIBCMT:_file.obj
 0001:00011d95       __lock_file                00412d95 f   LIBCMT:_file.obj
 0001:00011dd4       __lock_file2               00412dd4 f   LIBCMT:_file.obj
 0001:00011e04       __unlock_file              00412e04 f   LIBCMT:_file.obj
 0001:00011e3e       __unlock_file2             00412e3e f   LIBCMT:_file.obj
 0001:00011ec5       __ismbblead                00412ec5 f   LIBCMT:ismbbyte.obj
 0001:00011edb       _wcscat_s                  00412edb f   LIBCMT:wcscat_s.obj
 0001:00011f47       _wcscpy_s                  00412f47 f   LIBCMT:wcscpy_s.obj
 0001:00011fa3       _wcslen                    00412fa3 f   LIBCMT:wcslen.obj
 0001:00011fbc       _wcsncpy_s                 00412fbc f   LIBCMT:wcsncpy_s.obj
 0001:0001207a       ___crtMessageBoxW          0041307a f   LIBCMT:crtmboxw.obj
 0001:00012260       __isdigit_l                00413260 f i LIBCMT:_ctype.obj
 0001:000122b2       _isdigit                   004132b2 f i LIBCMT:_ctype.obj
 0001:000122dd       __tolower_l                004132dd f   LIBCMT:tolower.obj
 0001:00012420       _tolower                   00413420 f   LIBCMT:tolower.obj
 0001:00012450       _strrchr                   00413450 f   LIBCMT:strrchr.obj
 0001:00012587       ___crt_atoflt_l            00413587 f   LIBCMT:atodbl.obj
 0001:0001262b       __atodbl_l                 0041362b f   LIBCMT:atodbl.obj
 0001:000126b9       __atoflt_l                 004136b9 f   LIBCMT:atodbl.obj
 0001:000126e0       __alldvrm                  004136e0 f   LIBCMT:lldvrm.obj
 0001:000127c0       __aullshr                  004137c0 f   LIBCMT:ullshr.obj
 0001:000127df       __controlfp_s              004137df f   LIBCMT:contrlfp.obj
 0001:0001283c       __fptrap                   0041383c f   LIBCMT:crt0fp.obj
 0001:00012845       ___free_lconv_mon          00413845 f   LIBCMT:initmon.obj
 0001:00012941       ___free_lconv_num          00413941 f   LIBCMT:initnum.obj
 0001:000129a8       ___free_lc_time            004139a8 f   LIBCMT:inittime.obj
 0001:00012f2c       ___crtLCMapStringA         00413f2c f   LIBCMT:a_map.obj
 0001:00012f72       __freea                    00413f72 f i LIBCMT:a_map.obj
 0001:00013088       ___crtGetStringTypeA       00414088 f   LIBCMT:a_str.obj
 0001:000130c8       __isleadbyte_l             004140c8 f i LIBCMT:_wctype.obj
 0001:00013102       _isleadbyte                00414102 f i LIBCMT:_wctype.obj
 0001:00013113       _GetTableIndexFromLocaleName 00414113 f   LIBCMT:winapinls.obj
 0001:00013161       ___crtDownlevelLocaleNameToLCID 00414161 f   LIBCMT:winapinls.obj
 0001:0001318b       ___crtLCMapStringEx        0041418b f   LIBCMT:winapinls.obj
 0001:000131d7       ___wcsnicmp_ascii          004141d7 f   LIBCMT:winapinls.obj
 0001:00013245       __ld12tod                  00414245 f   LIBCMT:intrncvt.obj
 0001:000137b7       __ld12tof                  004147b7 f   LIBCMT:intrncvt.obj
 0001:00013d29       ___strgtold12_l            00414d29 f   LIBCMT:strgtold.obj
 0001:000144d1       _$I10_OUTPUT               004154d1 f   LIBCMT:x10fout.obj
 0001:00014ea5       __matherr                  00415ea5 f   LIBCMT:matherr.obj
 0001:00014ea8       __frnd                     00415ea8 f   LIBCMT:frnd.obj
 0001:00014ebc       __errcode                  00415ebc f   LIBCMT:fpexcept.obj
 0001:00014eee       __except1                  00415eee f   LIBCMT:fpexcept.obj
 0001:00014fb6       __handle_exc               00415fb6 f   LIBCMT:fpexcept.obj
 0001:00015194       __handle_qnan1             00416194 f   LIBCMT:fpexcept.obj
 0001:000151e4       __raise_exc_ex             004161e4 f   LIBCMT:fpexcept.obj
 0001:000154c9       __set_errno_from_matherr   004164c9 f   LIBCMT:fpexcept.obj
 0001:000154f6       __umatherr                 004164f6 f   LIBCMT:fpexcept.obj
 0001:00015596       __decomp                   00416596 f   LIBCMT:util.obj
 0001:00015668       __set_exp                  00416668 f   LIBCMT:util.obj
 0001:00015697       __sptype                   00416697 f   LIBCMT:util.obj
 0001:000156f2       ___set_fpsr_sse2           004166f2 f   LIBCMT:fpctrl.obj
 0001:00015768       __clrfp                    00416768 f   LIBCMT:fpctrl.obj
 0001:00015779       __ctrlfp                   00416779 f   LIBCMT:fpctrl.obj
 0001:000157a4       __set_statfp               004167a4 f   LIBCMT:fpctrl.obj
 0001:000157fc       __statfp                   004167fc f   LIBCMT:fpctrl.obj
 0001:0001580c       _abort                     0041680c f   LIBCMT:abort.obj
 0001:0001584f       __fileno                   0041684f f   LIBCMT:fileno.obj
 0001:00015873       __isatty                   00416873 f   LIBCMT:isatty.obj
 0001:000158c7       __fflush_nolock            004168c7 f   LIBCMT:fflush.obj
 0001:0001590d       __flush                    0041690d f   LIBCMT:fflush.obj
 0001:00015971       __flushall                 00416971 f   LIBCMT:fflush.obj
 0001:00015a60       __global_unwind2           00416a60 f   LIBCMT:exsup.obj
 0001:00015ac5       __local_unwind2            00416ac5 f   LIBCMT:exsup.obj
 0001:00015b49       __abnormal_termination     00416b49 f   LIBCMT:exsup.obj
 0001:00015b6c       __NLG_Notify1              00416b6c f   LIBCMT:exsup.obj
 0001:00015b75       __NLG_Notify               00416b75 f   LIBCMT:exsup.obj
 0001:00015b8c       __NLG_Dispatch             00416b8c     LIBCMT:exsup.obj
 0001:00015b8c       __NLG_Dispatch2            00416b8c     LIBCMT:exsup.obj
 0001:00015b94       __NLG_Call                 00416b94 f   LIBCMT:exsup.obj
 0001:00015b96       __NLG_Return2              00416b96     LIBCMT:exsup.obj
 0001:00015ba0       __aulldvrm                 00416ba0 f   LIBCMT:ulldvrm.obj
 0001:00015c35       __fcloseall                00416c35 f   LIBCMT:closeall.obj
 0001:00015d7b       __control87                00416d7b f i LIBCMT:ieee87.obj
 0001:00016120       __alloca_probe_16          00417120 f   LIBCMT:alloca16.obj
 0001:00016136       __alloca_probe_8           00417136     LIBCMT:alloca16.obj
 0001:0001614c       ___mtold12                 0041714c f   LIBCMT:mantold.obj
 0001:0001632c       __commit                   0041732c f   LIBCMT:commit.obj
 0001:00016415       __write                    00417415 f   LIBCMT:write.obj
 0001:00016504       __write_nolock             00417504 f   LIBCMT:write.obj
 0001:00016d69       __fclose_nolock            00417d69 f   LIBCMT:fclose.obj
 0001:00016dd5       _fclose                    00417dd5 f   LIBCMT:fclose.obj
 0001:00016e4c       ___lock_fhandle            00417e4c f   LIBCMT:osfinfo.obj
 0001:00016eda       __free_osfhnd              00417eda f   LIBCMT:osfinfo.obj
 0001:00016f60       __get_osfhandle            00417f60 f   LIBCMT:osfinfo.obj
 0001:00016fc7       __unlock_fhandle           00417fc7 f   LIBCMT:osfinfo.obj
 0001:00016fed       __lseeki64_nolock          00417fed f   LIBCMT:lseeki64.obj
 0001:00017060       __mbtowc_l                 00418060 f   LIBCMT:mbtowc.obj
 0001:00017155       _mbtowc                    00418155 f   LIBCMT:mbtowc.obj
 0001:0001716d       __putwch_nolock            0041816d f   LIBCMT:putwch.obj
 0001:000171b0       __allmul                   004181b0 f   LIBCMT:llmul.obj
 0001:000171e4       __close                    004181e4 f   LIBCMT:close.obj
 0001:000172bf       __close_nolock             004182bf f   LIBCMT:close.obj
 0001:00017359       __freebuf                  00418359 f   LIBCMT:_freebuf.obj
 0001:00017389       ___termconout              00418389 f   LIBCMT:initcon.obj
 0001:000173a0       ___initconout              004183a0 f   LIBCMT:initcon.obj
 0001:000173c0       _IsProcessorFeaturePresent@4 004183c0 f   kernel32:KERNEL32.dll
 0001:000173c6       _RtlUnwind@16              004183c6 f   kernel32:KERNEL32.dll
 0001:000173cc       _DdeInitializeW@16         004183cc f   user32:USER32.dll
 0001:000173d2       _DdeUninitialize@4         004183d2 f   user32:USER32.dll
 0001:000173d8       _DdeConnect@16             004183d8 f   user32:USER32.dll
 0001:000173de       _DdeDisconnect@4           004183de f   user32:USER32.dll
 0001:000173e4       _DdeClientTransaction@32   004183e4 f   user32:USER32.dll
 0001:000173ea       _DdeCreateStringHandleW@12 004183ea f   user32:USER32.dll
 0001:000173f0       _DdeFreeStringHandle@8     004183f0 f   user32:USER32.dll
 0001:000173f6       _DdeCmpStringHandles@8     004183f6 f   user32:USER32.dll
 0002:00000000       __imp__GetStockObject@4    00419000     gdi32:GDI32.dll
 0002:00000004       __imp__DeleteObject@4      00419004     gdi32:GDI32.dll
 0002:00000008       __imp__CreateFontIndirectW@4 00419008     gdi32:GDI32.dll
 0002:0000000c       \177GDI32_NULL_THUNK_DATA  0041900c     gdi32:GDI32.dll
 0002:00000010       __imp__WriteConsoleW@20    00419010     kernel32:KERNEL32.dll
 0002:00000014       __imp__SetFilePointerEx@20 00419014     kernel32:KERNEL32.dll
 0002:00000018       __imp__SetStdHandle@8      00419018     kernel32:KERNEL32.dll
 0002:0000001c       __imp__GetConsoleMode@8    0041901c     kernel32:KERNEL32.dll
 0002:00000020       __imp__GetConsoleCP@0      00419020     kernel32:KERNEL32.dll
 0002:00000024       __imp__FlushFileBuffers@4  00419024     kernel32:KERNEL32.dll
 0002:00000028       __imp__GetStringTypeW@16   00419028     kernel32:KERNEL32.dll
 0002:0000002c       __imp__OutputDebugStringW@4 0041902c     kernel32:KERNEL32.dll
 0002:00000030       __imp__RtlUnwind@16        00419030     kernel32:KERNEL32.dll
 0002:00000034       __imp__HeapReAlloc@16      00419034     kernel32:KERNEL32.dll
 0002:00000038       __imp__LoadLibraryExW@12   00419038     kernel32:KERNEL32.dll
 0002:0000003c       __imp__LeaveCriticalSection@4 0041903c     kernel32:KERNEL32.dll
 0002:00000040       __imp__EnterCriticalSection@4 00419040     kernel32:KERNEL32.dll
 0002:00000044       __imp__LCMapStringW@24     00419044     kernel32:KERNEL32.dll
 0002:00000048       __imp__CreateProcessW@40   00419048     kernel32:KERNEL32.dll
 0002:0000004c       __imp__lstrcmpiW@8         0041904c     kernel32:KERNEL32.dll
 0002:00000050       __imp__lstrcpyW@8          00419050     kernel32:KERNEL32.dll
 0002:00000054       __imp__lstrcatW@8          00419054     kernel32:KERNEL32.dll
 0002:00000058       __imp__lstrlenW@4          00419058     kernel32:KERNEL32.dll
 0002:0000005c       __imp__CreateFileW@28      0041905c     kernel32:KERNEL32.dll
 0002:00000060       __imp__CloseHandle@4       00419060     kernel32:KERNEL32.dll
 0002:00000064       __imp__CopyFileW@12        00419064     kernel32:KERNEL32.dll
 0002:00000068       __imp__MoveFileW@8         00419068     kernel32:KERNEL32.dll
 0002:0000006c       __imp__lstrcmpW@8          0041906c     kernel32:KERNEL32.dll
 0002:00000070       __imp__lstrcpynW@12        00419070     kernel32:KERNEL32.dll
 0002:00000074       __imp__GetPrivateProfileStringW@24 00419074     kernel32:KERNEL32.dll
 0002:00000078       __imp__WritePrivateProfileStringW@16 00419078     kernel32:KERNEL32.dll
 0002:0000007c       __imp__GetFileSize@8       0041907c     kernel32:KERNEL32.dll
 0002:00000080       __imp__ReadFile@20         00419080     kernel32:KERNEL32.dll
 0002:00000084       __imp__SetFilePointer@16   00419084     kernel32:KERNEL32.dll
 0002:00000088       __imp__WriteFile@20        00419088     kernel32:KERNEL32.dll
 0002:0000008c       __imp__GetLastError@0      0041908c     kernel32:KERNEL32.dll
 0002:00000090       __imp__Sleep@4             00419090     kernel32:KERNEL32.dll
 0002:00000094       __imp__GetComputerNameW@8  00419094     kernel32:KERNEL32.dll
 0002:00000098       __imp__DeleteFileW@4       00419098     kernel32:KERNEL32.dll
 0002:0000009c       __imp__CreateDirectoryW@8  0041909c     kernel32:KERNEL32.dll
 0002:000000a0       __imp__FindClose@4         004190a0     kernel32:KERNEL32.dll
 0002:000000a4       __imp__FindFirstFileW@8    004190a4     kernel32:KERNEL32.dll
 0002:000000a8       __imp__GetDriveTypeW@4     004190a8     kernel32:KERNEL32.dll
 0002:000000ac       __imp__GetFileAttributesW@4 004190ac     kernel32:KERNEL32.dll
 0002:000000b0       __imp__SetErrorMode@4      004190b0     kernel32:KERNEL32.dll
 0002:000000b4       __imp__GetCommandLineW@0   004190b4     kernel32:KERNEL32.dll
 0002:000000b8       __imp__LocalFree@4         004190b8     kernel32:KERNEL32.dll
 0002:000000bc       __imp__LockFile@20         004190bc     kernel32:KERNEL32.dll
 0002:000000c0       __imp__UnlockFile@20       004190c0     kernel32:KERNEL32.dll
 0002:000000c4       __imp__FindNextFileW@8     004190c4     kernel32:KERNEL32.dll
 0002:000000c8       __imp__GetLocalTime@4      004190c8     kernel32:KERNEL32.dll
 0002:000000cc       __imp__EncodePointer@4     004190cc     kernel32:KERNEL32.dll
 0002:000000d0       __imp__DecodePointer@4     004190d0     kernel32:KERNEL32.dll
 0002:000000d4       __imp__GetCommandLineA@0   004190d4     kernel32:KERNEL32.dll
 0002:000000d8       __imp__IsDebuggerPresent@0 004190d8     kernel32:KERNEL32.dll
 0002:000000dc       __imp__IsProcessorFeaturePresent@4 004190dc     kernel32:KERNEL32.dll
 0002:000000e0       __imp__ExitProcess@4       004190e0     kernel32:KERNEL32.dll
 0002:000000e4       __imp__GetModuleHandleExW@12 004190e4     kernel32:KERNEL32.dll
 0002:000000e8       __imp__GetProcAddress@8    004190e8     kernel32:KERNEL32.dll
 0002:000000ec       __imp__MultiByteToWideChar@24 004190ec     kernel32:KERNEL32.dll
 0002:000000f0       __imp__WideCharToMultiByte@32 004190f0     kernel32:KERNEL32.dll
 0002:000000f4       __imp__HeapSize@12         004190f4     kernel32:KERNEL32.dll
 0002:000000f8       __imp__HeapAlloc@12        004190f8     kernel32:KERNEL32.dll
 0002:000000fc       __imp__RaiseException@16   004190fc     kernel32:KERNEL32.dll
 0002:00000100       __imp__HeapFree@12         00419100     kernel32:KERNEL32.dll
 0002:00000104       __imp__SetLastError@4      00419104     kernel32:KERNEL32.dll
 0002:00000108       __imp__GetCurrentThreadId@0 00419108     kernel32:KERNEL32.dll
 0002:0000010c       __imp__GetProcessHeap@0    0041910c     kernel32:KERNEL32.dll
 0002:00000110       __imp__GetStdHandle@4      00419110     kernel32:KERNEL32.dll
 0002:00000114       __imp__GetFileType@4       00419114     kernel32:KERNEL32.dll
 0002:00000118       __imp__DeleteCriticalSection@4 00419118     kernel32:KERNEL32.dll
 0002:0000011c       __imp__GetStartupInfoW@4   0041911c     kernel32:KERNEL32.dll
 0002:00000120       __imp__GetModuleFileNameA@12 00419120     kernel32:KERNEL32.dll
 0002:00000124       __imp__GetModuleFileNameW@12 00419124     kernel32:KERNEL32.dll
 0002:00000128       __imp__QueryPerformanceCounter@4 00419128     kernel32:KERNEL32.dll
 0002:0000012c       __imp__GetCurrentProcessId@0 0041912c     kernel32:KERNEL32.dll
 0002:00000130       __imp__GetSystemTimeAsFileTime@4 00419130     kernel32:KERNEL32.dll
 0002:00000134       __imp__GetEnvironmentStringsW@0 00419134     kernel32:KERNEL32.dll
 0002:00000138       __imp__FreeEnvironmentStringsW@4 00419138     kernel32:KERNEL32.dll
 0002:0000013c       __imp__UnhandledExceptionFilter@4 0041913c     kernel32:KERNEL32.dll
 0002:00000140       __imp__SetUnhandledExceptionFilter@4 00419140     kernel32:KERNEL32.dll
 0002:00000144       __imp__InitializeCriticalSectionAndSpinCount@8 00419144     kernel32:KERNEL32.dll
 0002:00000148       __imp__GetCurrentProcess@0 00419148     kernel32:KERNEL32.dll
 0002:0000014c       __imp__TerminateProcess@8  0041914c     kernel32:KERNEL32.dll
 0002:00000150       __imp__TlsAlloc@0          00419150     kernel32:KERNEL32.dll
 0002:00000154       __imp__TlsGetValue@4       00419154     kernel32:KERNEL32.dll
 0002:00000158       __imp__TlsSetValue@8       00419158     kernel32:KERNEL32.dll
 0002:0000015c       __imp__TlsFree@4           0041915c     kernel32:KERNEL32.dll
 0002:00000160       __imp__GetModuleHandleW@4  00419160     kernel32:KERNEL32.dll
 0002:00000164       __imp__IsValidCodePage@4   00419164     kernel32:KERNEL32.dll
 0002:00000168       __imp__GetACP@0            00419168     kernel32:KERNEL32.dll
 0002:0000016c       __imp__GetOEMCP@0          0041916c     kernel32:KERNEL32.dll
 0002:00000170       __imp__GetCPInfo@8         00419170     kernel32:KERNEL32.dll
 0002:00000174       \177KERNEL32_NULL_THUNK_DATA 00419174     kernel32:KERNEL32.dll
 0002:00000178       __imp__CommandLineToArgvW@8 00419178     shell32:SHELL32.dll
 0002:0000017c       \177SHELL32_NULL_THUNK_DATA 0041917c     shell32:SHELL32.dll
 0002:00000180       __imp__GetWindowRect@8     00419180     user32:USER32.dll
 0002:00000184       __imp__GetClientRect@8     00419184     user32:USER32.dll
 0002:00000188       __imp__IsWindowEnabled@4   00419188     user32:USER32.dll
 0002:0000018c       __imp__EnableWindow@8      0041918c     user32:USER32.dll
 0002:00000190       __imp__SendDlgItemMessageW@20 00419190     user32:USER32.dll
 0002:00000194       __imp__GetDlgItemInt@16    00419194     user32:USER32.dll
 0002:00000198       __imp__SetDlgItemInt@16    00419198     user32:USER32.dll
 0002:0000019c       __imp__GetDlgItem@8        0041919c     user32:USER32.dll
 0002:000001a0       __imp__MoveWindow@24       004191a0     user32:USER32.dll
 0002:000001a4       __imp__DdeGetData@16       004191a4     user32:USER32.dll
 0002:000001a8       __imp__WinHelpW@16         004191a8     user32:USER32.dll
 0002:000001ac       __imp__IsDialogMessageW@8  004191ac     user32:USER32.dll
 0002:000001b0       __imp__LoadIconW@8         004191b0     user32:USER32.dll
 0002:000001b4       __imp__LoadCursorW@8       004191b4     user32:USER32.dll
 0002:000001b8       __imp__EndPaint@8          004191b8     user32:USER32.dll
 0002:000001bc       __imp__BeginPaint@8        004191bc     user32:USER32.dll
 0002:000001c0       __imp__UpdateWindow@4      004191c0     user32:USER32.dll
 0002:000001c4       __imp__CreateDialogParamW@20 004191c4     user32:USER32.dll
 0002:000001c8       __imp__IsIconic@4          004191c8     user32:USER32.dll
 0002:000001cc       __imp__CloseWindow@4       004191cc     user32:USER32.dll
 0002:000001d0       __imp__ShowWindow@8        004191d0     user32:USER32.dll
 0002:000001d4       __imp__GetWindowTextLengthW@4 004191d4     user32:USER32.dll
 0002:000001d8       __imp__CharToOemW@8        004191d8     user32:USER32.dll
 0002:000001dc       __imp__LoadStringW@16      004191dc     user32:USER32.dll
 0002:000001e0       __imp__IsDlgButtonChecked@8 004191e0     user32:USER32.dll
 0002:000001e4       __imp__SetForegroundWindow@4 004191e4     user32:USER32.dll
 0002:000001e8       __imp__MessageBoxW@16      004191e8     user32:USER32.dll
 0002:000001ec       __imp__FindWindowW@8       004191ec     user32:USER32.dll
 0002:000001f0       __imp__GetClassNameW@12    004191f0     user32:USER32.dll
 0002:000001f4       __imp__GetDesktopWindow@0  004191f4     user32:USER32.dll
 0002:000001f8       __imp__DdeInitializeW@16   004191f8     user32:USER32.dll
 0002:000001fc       __imp__DdeUninitialize@4   004191fc     user32:USER32.dll
 0002:00000200       __imp__DdeConnect@16       00419200     user32:USER32.dll
 0002:00000204       __imp__DdeDisconnect@4     00419204     user32:USER32.dll
 0002:00000208       __imp__DdeClientTransaction@32 00419208     user32:USER32.dll
 0002:0000020c       __imp__DdeCreateStringHandleW@12 0041920c     user32:USER32.dll
 0002:00000210       __imp__DdeFreeStringHandle@8 00419210     user32:USER32.dll
 0002:00000214       __imp__DdeCmpStringHandles@8 00419214     user32:USER32.dll
 0002:00000218       __imp__IsWindowVisible@4   00419218     user32:USER32.dll
 0002:0000021c       __imp__InvalidateRect@12   0041921c     user32:USER32.dll
 0002:00000220       __imp__GetWindowLongW@8    00419220     user32:USER32.dll
 0002:00000224       __imp__CharUpperW@4        00419224     user32:USER32.dll
 0002:00000228       __imp__SetCursor@4         00419228     user32:USER32.dll
 0002:0000022c       __imp__IsCharAlphaW@4      0041922c     user32:USER32.dll
 0002:00000230       __imp__wsprintfW           00419230     user32:USER32.dll
 0002:00000234       __imp__SetDlgItemTextW@12  00419234     user32:USER32.dll
 0002:00000238       __imp__IsCharAlphaNumericW@4 00419238     user32:USER32.dll
 0002:0000023c       __imp__CreateWindowExW@48  0041923c     user32:USER32.dll
 0002:00000240       __imp__RegisterClassW@4    00419240     user32:USER32.dll
 0002:00000244       __imp__PostQuitMessage@4   00419244     user32:USER32.dll
 0002:00000248       __imp__DefWindowProcW@16   00419248     user32:USER32.dll
 0002:0000024c       __imp__PostMessageW@16     0041924c     user32:USER32.dll
 0002:00000250       __imp__SendMessageW@16     00419250     user32:USER32.dll
 0002:00000254       __imp__DispatchMessageW@4  00419254     user32:USER32.dll
 0002:00000258       __imp__TranslateMessage@4  00419258     user32:USER32.dll
 0002:0000025c       __imp__GetMessageW@16      0041925c     user32:USER32.dll
 0002:00000260       __imp__MapDialogRect@8     00419260     user32:USER32.dll
 0002:00000264       \177USER32_NULL_THUNK_DATA 00419264     user32:USER32.dll
 0002:00000268       ___xc_a                    00419268     LIBCMT:crt0init.obj
 0002:000002a8       ___xc_z                    004192a8     LIBCMT:crt0init.obj
 0002:000002ac       ___xi_a                    004192ac     LIBCMT:crt0init.obj
 0002:000002c8       ___xi_z                    004192c8     LIBCMT:crt0init.obj
 0002:000002cc       ___xp_a                    004192cc     LIBCMT:crt0init.obj
 0002:000002dc       ___xp_z                    004192dc     LIBCMT:crt0init.obj
 0002:000002e0       ___xt_a                    004192e0     LIBCMT:crt0init.obj
 0002:000002e4       ___xt_z                    004192e4     LIBCMT:crt0init.obj
 0002:000002f0       ??_C@_1BG@GIMCIKAG@?$AAv?$AA5?$AAh?$AAe?$AAl?$AAp?$AA?4?$AAh?$AAl?$AAp?$AA?$AA@ 004192f0     monedit.obj
 0002:00000308       ??_C@_17OCANGMGN@?$AAC?$AAF?$AAG?$AA?$AA@ 00419308     monedit.obj
 0002:00000310       ??_C@_17LCEJACNC@?$AAA?$AAC?$AAT?$AA?$AA@ 00419310     monedit.obj
 0002:00000318       ??_C@_1BM@ONNHGDPO@?$AAM?$AAO?$AAN?$AAI?$AAT?$AAO?$AAR?$AA_?$AAS?$AAE?$AAT?$AAU?$AAP?$AA?$AA@ 00419318     monedit.obj
 0002:00000334       ??_C@_1BK@MOKBKEHF@?$AAM?$AAO?$AAN?$AAI?$AAT?$AAO?$AAR?$AA_?$AAL?$AAI?$AAS?$AAT?$AA?$AA@ 00419334     monedit.obj
 0002:00000350       ??_C@_1CO@DNCHNEPD@?$AAf?$AAt?$AAi?$AAi?$AA_?$AAp?$AAa?$AAr?$AAt?$AA_?$AAs?$AAe?$AAt?$AAt?$AAi?$AAn?$AAg?$AAs?$AA?4?$AAt?$AAx?$AAt?$AA?$AA@ 00419350     monitor.obj
 0002:00000380       ??_C@_1CE@MLPNJNJM@?$AAm?$AAa?$AAc?$AAh?$AAi?$AAn?$AAe?$AA_?$AAs?$AAe?$AAt?$AAu?$AAp?$AA?4?$AAc?$AAs?$AAv?$AA?$AA@ 00419380     monitor.obj
 0002:000003a4       ??_C@_1CA@BOEJAGDL@?$AAP?$AAA?$AAR?$AAT?$AAD?$AAI?$AAS?$AAP?$AAL?$AAA?$AAY?$AA?4?$AAI?$AAN?$AAI?$AA?$AA@ 004193a4     monitor.obj
 0002:000003c4       ??_C@_1BO@EHLBDBAF@?$AAp?$AAa?$AAr?$AAt?$AA_?$AAs?$AAe?$AAt?$AAu?$AAp?$AA?4?$AAc?$AAs?$AAv?$AA?$AA@ 004193c4     monitor.obj
 0002:000003e8       ??_7FTII_VAR@@6B@          004193e8     monitor.obj
 0002:00000414       ??_7FTII_VAR_ARRAY@@6B@    00419414     monitor.obj
 0002:0000043c       ??_C@_17KNIAGABN@?$AAM?$AAO?$AAN?$AA?$AA@ 0041943c     monitor.obj
 0002:00000444       ??_C@_1BG@HEPPECIE@?$AAm?$AAo?$AAn?$AAa?$AAl?$AAl?$AA?4?$AAe?$AAx?$AAe?$AA?$AA@ 00419444     monitor.obj
 0002:0000045c       ??_C@_1BK@FBLENINC@?$AAS?$AAH?$AAO?$AAT?$AAS?$AA_?$AAS?$AAT?$AAR?$AAI?$AAN?$AAG?$AA?$AA@ 0041945c     monitor.obj
 0002:00000478       ??_C@_1BG@NJGIPDJC@?$AAS?$AAE?$AAC?$AA_?$AAS?$AAT?$AAR?$AAI?$AAN?$AAG?$AA?$AA@ 00419478     monitor.obj
 0002:00000490       ??_C@_1BG@GCODDIBI@?$AAP?$AAA?$AAR?$AAA?$AAM?$AAE?$AAT?$AAE?$AAR?$AAS?$AA?$AA@ 00419490     monitor.obj
 0002:000004a8       ??_C@_1BC@BBPAGAIB@?$AAP?$AAR?$AAO?$AAF?$AAI?$AAL?$AAE?$AAS?$AA?$AA@ 004194a8     monitor.obj
 0002:000004bc       ??_C@_1BE@KDKHEDNI@?$AAA?$AAC?$AAQ?$AA_?$AAC?$AAO?$AAU?$AAN?$AAT?$AA?$AA@ 004194bc     monitor.obj
 0002:000004d0       ??_C@_1BO@DAGNIPBG@?$AAM?$AAA?$AAC?$AAH?$AAI?$AAN?$AAE?$AA_?$AAS?$AAT?$AAR?$AAI?$AAN?$AAG?$AA?$AA@ 004194d0     monitor.obj
 0002:000004f0       ??_C@_1BI@MCJPNFNB@?$AAP?$AAA?$AAR?$AAT?$AA_?$AAS?$AAT?$AAR?$AAI?$AAN?$AAG?$AA?$AA@ 004194f0     monitor.obj
 0002:00000508       ??_C@_1M@INGHPCKK@?$AAA?$AA_?$AAL?$AA_?$AAM?$AA?$AA@ 00419508     monitor.obj
 0002:00000514       ??_C@_1M@CPEJNCHM@?$AAM?$AA_?$AAT?$AA_?$AAR?$AA?$AA@ 00419514     monitor.obj
 0002:00000520       ??_C@_1O@DENKIOCP@?$AAS?$AAA?$AAM?$AAP?$AAL?$AAE?$AA?$AA@ 00419520     monitor.obj
[...]
 0003:000009cc       _RightBracket              004209cc     v5subs:iniclass.obj
 0003:000009d0       _NChar                     004209d0     v5subs:iniclass.obj
 0003:000009d4       _YChar                     004209d4     v5subs:iniclass.obj
 0003:000009d8       _LowerYChar                004209d8     v5subs:iniclass.obj
 0003:000009dc       _UnknownString             004209dc     v5subs:iniclass.obj
 0003:000009ec       _UnknownLen                004209ec     v5subs:iniclass.obj
 0003:000009f0       _Data                      004209f0     v5subs:computer.obj
 0003:000009fc       _Exes                      004209fc     v5subs:computer.obj
 0003:00000a08       _VisiTrakIniFile           00420a08     v5subs:computer.obj
 0003:00000a24       _ConfigSection             00420a24     v5subs:computer.obj
 0003:00000a34       _ThisComputerKey           00420a34     v5subs:computer.obj
 0003:00000a50       _BackSlashChar             00420a50     v5subs:computer.obj
 0003:00000a54       _CommaChar                 00420a54     v5subs:computer.obj
 0003:00000a58       _CommaString               00420a58     v5subs:computer.obj
 0003:00000a5c       _ColonChar                 00420a5c     v5subs:fix.obj
 0003:00000a60       _CrChar                    00420a60     v5subs:fix.obj
 0003:00000a64       _LfChar                    00420a64     v5subs:fix.obj
 0003:00000a68       _SpaceChar                 00420a68     v5subs:fix.obj
 0003:00000a6c       _TabChar                   00420a6c     v5subs:fix.obj
 0003:00000a70       _ZeroChar                  00420a70     v5subs:fix.obj
 0003:00000a74       _DefaultLanguage           00420a74     v5subs:stringtable.obj
 0003:00000a84       ?UnicodeIntroducer@?1??append@STRINGTABLE_CLASS@@QAE_NAAVSTRING_CLASS@@@Z@4_WA 00420a84     v5subs:stringtable.obj
 0003:00000a88       _StaticsFont               00420a88     v5subs:statics.obj
 0003:00000a8c       ?lParam@?1??set_statics_font@@YAXAAVWINDOW_CLASS@@@Z@4JA 00420a8c     v5subs:statics.obj
 0003:00000a90       _ServerName                00420a90     v5subs:client.obj
 0003:00000aa4       _CodePageId                00420aa4     v5subs:client.obj
 0003:00000aa8       _DdeClipFormat             00420aa8     v5subs:client.obj
 0003:00000aac       _AutoBackupDirKey          00420aac     v5subs:autoback.obj
 0003:00000ac8       _BackupSection             00420ac8     v5subs:autoback.obj
 0003:00000ad8       _VisitrakIniFile           00420ad8     v5subs:autoback.obj
 0003:00000af4       _FILE_SIZE_ERROR           00420af4     v5subs:fileclas.obj
 0003:00000af8       _CrLf                      00420af8     v5subs:fileclas.obj
 0003:00000b00       _LfChar                    00420b00     v5subs:fileclas.obj
 0003:00000b04       _CrChar                    00420b04     v5subs:fileclas.obj
 0003:00000b08       _ConfigSection             00420b08     v5subs:multipart_runlist.obj
 0003:00000b18       _EnabledString             00420b18     v5subs:multipart_runlist.obj
 0003:00000b28       _InputWiresString          00420b28     v5subs:multipart_runlist.obj
 0003:00000b40       _PartSelectionNumberString 00420b40     v5subs:multipart_runlist.obj
 0003:00000b6c       _VisiTrakIniFile           00420b6c     v5subs:multipart_runlist.obj
 0003:00000b88       _ZeroString                00420b88     v5subs:multipart_runlist.obj
 0003:00000b8c       ?HaveMultipartRunlistKey@?1??get@MULTIPART_RUNLIST_SETTINGS_CLASS@@QAE_NAAVSTRING_CLASS@@0@Z@4PA_WA 00420b8c     v5subs:multipart_runlist.obj
 0003:00000bb8       ?MultipartBaseWireKey@?1??get@MULTIPART_RUNLIST_SETTINGS_CLASS@@QAE_NAAVSTRING_CLASS@@0@Z@4PA_WA 00420bb8     v5subs:multipart_runlist.obj
 0003:00000bc4       ?MultipartSetupSection@?1??get@MULTIPART_RUNLIST_SETTINGS_CLASS@@QAE_NAAVSTRING_CLASS@@0@Z@4PA_WA 00420bc4     v5subs:multipart_runlist.obj
 0003:00000bd8       _Description               00420bd8     v5subs:machine.obj
 0003:00000c50       _NofDescriptions           00420c50     v5subs:machine.obj
 0003:00000c54       ?DEVENT_TIME_INTRO@?1??get_binary_valve_settings_from_control_all@@YAXAAVMACHINE_CLASS@@@Z@4PA_WA 00420c54     v5subs:machine.obj
 0003:00000c60       ?PULSE_TIME_INTRO@?1??get_binary_valve_settings_from_control_all@@YAXAAVMACHINE_CLASS@@@Z@4PA_WA 00420c60     v5subs:machine.obj
 0003:00000c6c       ?PULSE_WIRE_INTRO@?1??get_binary_valve_settings_from_control_all@@YAXAAVMACHINE_CLASS@@@Z@4PA_WA 00420c6c     v5subs:machine.obj
 0003:00000c78       ?inifile@?1??read_machset_db@MACHINE_CLASS@@QAEEAAVSTRING_CLASS@@@Z@4PA_WA 00420c78     v5subs:machine.obj
 0003:00000cac       _ResultsString             00420cac     v5subs:machname.obj
 0003:00000cbc       _CommaChar                 00420cbc     v5subs:setpoint.obj
 0003:00000cc0       _CommaString               00420cc0     v5subs:setpoint.obj
 0003:00000cc4       _YChar                     00420cc4     v5subs:part.obj
 0003:00000cc8       _BackSlashString           00420cc8     v5subs:part.obj
 0003:00000ccc       _CommaString               00420ccc     v5subs:part.obj
 0003:00000cd0       _SpaceChar                 00420cd0     v5subs:mem.obj
 0003:00000cd4       _NineChar                  00420cd4     v5subs:mem.obj
 0003:00000cd8       _TabChar                   00420cd8     v5subs:mem.obj
 0003:00000cdc       _TildaChar                 00420cdc     v5subs:mem.obj
 0003:00000ce0       _ZeroChar                  00420ce0     v5subs:mem.obj
 0003:00000ce4       _SpaceChar                 00420ce4     v5subs:fillpart.obj
 0003:00000ce8       _TabChar                   00420ce8     v5subs:fillpart.obj
 0003:00000cec       _YChar                     00420cec     v5subs:get_ini.obj
 0003:00000cf0       _NChar                     00420cf0     v5subs:get_ini.obj
 0003:00000cf4       _UnknownString             00420cf4     v5subs:get_ini.obj
 0003:00000d04       _Cchar                     00420d04     v5subs:log_file_string.obj
 0003:00000d08       _Dchar                     00420d08     v5subs:log_file_string.obj
 0003:00000d0c       _Ochar                     00420d0c     v5subs:log_file_string.obj
 0003:00000d10       _Pchar                     00420d10     v5subs:log_file_string.obj
 0003:00000d14       _Mchar                     00420d14     v5subs:log_file_string.obj
 0003:00000d18       _Nchar                     00420d18     v5subs:log_file_string.obj
 0003:00000d1c       _Tchar                     00420d1c     v5subs:log_file_string.obj
 0003:00000d20       ?buf@?1??log_file_string@@YAEAAVSTRING_CLASS@@PA_W1000@Z@4PA_WA 00420d20     v5subs:log_file_string.obj
 0003:00000d24       _MonitorClassName          00420d24     v5subs:monrun.obj
 0003:00000d34       _MonitorWindowTitle        00420d34     v5subs:monrun.obj
 0003:00000d50       _YChar                     00420d50     v5subs:misc.obj
 0003:00000d54       _LowYChar                  00420d54     v5subs:misc.obj
 0003:00000d58       _s                         00420d58     v5subs:misc.obj
 0003:00000d68       _YString                   00420d68     v5subs:misc.obj
 0003:00000d6c       _NString                   00420d6c     v5subs:misc.obj
 0003:00000d70       _ZeroString                00420d70     v5subs:warmupcl.obj
 0003:00000d74       _MultipartSetupSection     00420d74     v5subs:warmupcl.obj
 0003:00000d88       _SureTrakIniFile           00420d88     v5subs:warmupcl.obj
 0003:00000da4       _EnabledKey                00420da4     v5subs:warmupcl.obj
 0003:00000db4       _MultipartBasePartKey      00420db4     v5subs:warmupcl.obj
 0003:00000dc8       _MultipartBaseWireKey      00420dc8     v5subs:warmupcl.obj
 0003:00000dd4       _Description               00420dd4     v5subs:warmupcl.obj
 0003:00000de8       _CHANNEL_MODE_1            00420de8     v5subs:ftiiclas.obj
 0003:00000dec       _CHANNEL_MODE_2            00420dec     v5subs:ftiiclas.obj
 0003:00000df0       _CHANNEL_MODE_3            00420df0     v5subs:ftiiclas.obj
 0003:00000df4       _CHANNEL_MODE_4            00420df4     v5subs:ftiiclas.obj
 0003:00000df8       _CHANNEL_MODE_5            00420df8     v5subs:ftiiclas.obj
 0003:00000dfc       _CHANNEL_MODE_6            00420dfc     v5subs:ftiiclas.obj
 0003:00000e00       _CHANNEL_MODE_7            00420e00     v5subs:ftiiclas.obj
 0003:00000e04       _EqualsString              00420e04     v5subs:ftiiclas.obj
 0003:00000e08       _OrHexString               00420e08     v5subs:ftiiclas.obj
 0003:00000e10       _HString                   00420e10     v5subs:ftiiclas.obj
 0003:00000e14       _VString                   00420e14     v5subs:ftiiclas.obj
 0003:00000e18       _HChar                     00420e18     v5subs:ftiiclas.obj
 0003:00000e1c       _MinusChar                 00420e1c     v5subs:ftiiclas.obj
 0003:00000e20       _PoundChar                 00420e20     v5subs:ftiiclas.obj
 0003:00000e24       _OrChar                    00420e24     v5subs:ftiiclas.obj
 0003:00000e28       _SpaceChar                 00420e28     v5subs:ftiiclas.obj
 0003:00000e2c       _TabChar                   00420e2c     v5subs:ftiiclas.obj
 0003:00000e30       _Bit30                     00420e30     v5subs:ftiiclas.obj
 0003:00000e34       _Bit31                     00420e34     v5subs:ftiiclas.obj
 0003:00000e38       _HighMask                  00420e38     v5subs:ftiiclas.obj
 0003:00000e3c       _LowMask                   00420e3c     v5subs:ftiiclas.obj
 0003:00000e40       _types                     00420e40     v5subs:ftiiclas.obj
 0003:00001040       _UnknownWorker             00421040     v5subs:workclas.obj
 0003:00001050       _MinusChar                 00421050     v5subs:extract.obj
 0003:00001054       _PlusChar                  00421054     v5subs:extract.obj
 0003:00001058       _DotChar                   00421058     v5subs:extract.obj
 0003:0000105c       _SpaceChar                 0042105c     v5subs:extract.obj
 0003:00001060       _ZeroChar                  00421060     v5subs:extract.obj
 0003:00001064       _NineChar                  00421064     v5subs:extract.obj
 0003:00001068       _NullChar                  00421068     v5subs:is_empty.obj
 0003:0000106c       _BackSlashChar             0042106c     v5subs:path.obj
 0003:00001070       _ColonChar                 00421070     v5subs:path.obj
 0003:00001074       _BackSlashString           00421074     v5subs:path.obj
 0003:00001078       _ExeString                 00421078     v5subs:path.obj
 0003:00001084       _ExeStringLength           00421084     v5subs:path.obj
 0003:00001088       _First_Time                00421088     v5subs:gexedir.obj
 0003:0000108c       _DefaultDirectory          0042108c     v5subs:gexedir.obj
 0003:000010f8       _SecurityAttributes        004210f8     v5subs:dbsubs.obj
 0003:00001104       _DotChar                   00421104     v5subs:textlist.obj
 0003:00001108       _StarDotStar               00421108     v5subs:textlist.obj
 0003:00001120       _CommaChar                 00421120     v5subs:wire_class.obj
 0003:00001128       _DefaultWireList           00421128     v5subs:wire_class.obj
 0003:00001328       ?ic@?1??dups_to_vu@@YANFF@Z@4PANA 00421328     v5subs:unitadj.obj
 0003:00001348       ?ft@?1??dups_to_vu@@YANFF@Z@4PANA 00421348     v5subs:unitadj.obj
 0003:00001368       ?mm@?1??dups_to_vu@@YANFF@Z@4PANA 00421368     v5subs:unitadj.obj
 0003:00001388       ?cm@?1??dups_to_vu@@YANFF@Z@4PANA 00421388     v5subs:unitadj.obj
 0003:000013a8       _SecurityAttributes        004213a8     v5subs:vdbclass.obj
 0003:000013b4       _DaysPerMonth              004213b4     v5subs:timeclas.obj
 0003:000013e4       _MonthAbreviation          004213e4     v5subs:timeclas.obj
 0003:00001418       _Radix                     00421418     v5subs:hex.obj
 0003:0000141c       _Days                      0042141c     v5subs:time.obj
 0003:000014a8       ?isPackaged@?1??__crtIsPackagedApp@@9@9 004214a8     LIBCMT:winapisupp.obj
 0003:000014d8       _errtable                  004214d8     LIBCMT:dosmap.obj
 0003:00001640       _ErrnoNoMem                00421640     LIBCMT:dosmap.obj
 0003:00001644       _DoserrorNoMem             00421644     LIBCMT:dosmap.obj
 0003:00001a70       ___rgctypeflag             00421a70     LIBCMT:mbctype.obj
 0003:00001a78       ___rgcode_page_info        00421a78     LIBCMT:mbctype.obj
 0003:00001d9c       __ctype_loc_style          00421d9c     LIBCMT:wsetloca.obj
 0003:00001da8       _newcw                     00421da8     LIBCMT:floor.obj
 0003:00001db0       __locktable                00421db0     LIBCMT:mlock.obj
 0003:000021b4       _DoubleFormat              004221b4     LIBCMT:intrncvt.obj
 0003:000021cc       _FloatFormat               004221cc     LIBCMT:intrncvt.obj
 0003:000021e8       ?_names@?1??_get_fname@@9@9 004221e8     LIBCMT:fpexcept.obj
 0003:000022f8       _over                      004222f8     LIBCMT:fpctrl.obj
 0003:00002304       _under                     00422304     LIBCMT:fpctrl.obj
 0003:00002310       ?__DAZ_ENABLED@?1??__set_fpsr_sse2@@9@9 00422310     LIBCMT:fpctrl.obj
 0003:00002750       _ShotsString               00422750     monitor.obj
 0003:00002754       _SecString                 00422754     monitor.obj
 0003:0000275c       _MachineLineBuf            0042275c     monitor.obj
 0003:0000276c       _NullChar                  0042276c     v5subs:stringcl.obj
 0003:00002770       _NullChar                  00422770     v5subs:nameclas.obj
 0003:00002774       _EmptyString               00422774     v5subs:nameclas.obj
 0003:0000277c       _MyComputer                0042277c     v5subs:nameclas.obj
 0003:00002784       _NullChar                  00422784     v5subs:iniclass.obj
 0003:00002788       ?empty_string@?1??get_string@INI_CLASS@@QAEPA_WXZ@4PA_WA 00422788     v5subs:iniclass.obj
 0003:0000278c       _NullChar                  0042278c     v5subs:computer.obj
 0003:00002790       _First                     00422790     v5subs:computer.obj
 0003:00002794       _MyComputer                00422794     v5subs:computer.obj
 0003:0000279c       _NoComputer                0042279c     v5subs:computer.obj
 0003:000027a4       _NofComputers              004227a4     v5subs:computer.obj
 0003:000027a8       _NullChar                  004227a8     v5subs:fix.obj
 0003:000027b0       ?s@?1??resource_string@@YAPA_WPAUHINSTANCE__@@I@Z@4PA_WA 004227b0     v5subs:winsubs.obj
 0003:000029b0       _EmptyStringtableText      004229b0     v5subs:stringtable.obj
 0003:000029b4       _FontList                  004229b4     v5subs:stringtable.obj
 0003:000029b8       _MyMainWindow              004229b8     v5subs:client.obj
 0003:000029bc       _EventList                 004229bc     v5subs:client.obj
 0003:000029c8       _ServerNameHandle          004229c8     v5subs:client.obj
 0003:000029cc       _DdeId                     004229cc     v5subs:client.obj
 0003:000029d0       _ServerHandle              004229d0     v5subs:client.obj
 0003:000029d4       ?s@?1??one_hot_link@@YAXPAUHCONV__@@FI@Z@4VSTRING_CLASS@@A 004229d4     v5subs:client.obj
 0003:000029dc       ?$S1@?1??one_hot_link@@YAXPAUHCONV__@@FI@Z@4IA 004229dc     v5subs:client.obj
 0003:000029e0       ?s@?1??int32toasc@@YAPA_WJ@Z@4PA_WA 004229e0     v5subs:itoasc.obj
 0003:00002a08       _NullChar                  00422a08     v5subs:fileclas.obj
 0003:00002a0c       _EmptyString               00422a0c     v5subs:listbox.obj
 0003:00002a10       _NullChar                  00422a10     v5subs:machname.obj
 0003:00002a14       _EmptyString               00422a14     v5subs:machname.obj
 0003:00002a1c       _NullChar                  00422a1c     v5subs:setpoint.obj
 0003:00002a20       _empty_entry               00422a20     v5subs:setpoint.obj
 0003:00002a30       _NullChar                  00422a30     v5subs:mem.obj
 0003:00002a34       _NullChar                  00422a34     v5subs:fillpart.obj
 0003:00002a38       _NullChar                  00422a38     v5subs:get_ini.obj
 0003:00002a40       _Buf                       00422a40     v5subs:get_ini.obj
 0003:00003244       _NullChar                  00423244     v5subs:log_file_string.obj
 0003:00003248       _EmptyString               00423248     v5subs:log_file_string.obj
 0003:0000324c       _EmptyString               0042324c     v5subs:warmupcl.obj
 0003:00003250       ?hex@?1??append_value@FTII_VAR@@QAE_NAAVSTRING_CLASS@@@Z@4PA_WA 00423250     v5subs:ftiiclas.obj
 0003:00003278       ?s@?1??full_name@WORKER_LIST_CLASS@@QAEPA_WPA_W@Z@4PA_WA 00423278     v5subs:workclas.obj
 0003:000032b8       _NullChar                  004232b8     v5subs:extract.obj
 0003:000032bc       _NullChar                  004232bc     v5subs:path.obj
 0003:000032c0       _DriveName                 004232c0     v5subs:exists.obj
 0003:000032c8       _ExeDirectory              004232c8     v5subs:gexedir.obj
 0003:000032d0       _OVERWRITE_EXISTING        004232d0     v5subs:callfile.obj
 0003:000032d4       _NullChar                  004232d4     v5subs:textlist.obj
 0003:000032d8       ?st@?1??system_time@TIME_CLASS@@QAEAAU_SYSTEMTIME@@XZ@4U3@A 004232d8     v5subs:timeclas.obj
 0003:000032e8       ?s@?1??mmddyyyy@TIME_CLASS@@QAEPA_WXZ@4PA_WA 004232e8     v5subs:timeclas.obj
 0003:00003300       ?s@?1??hhmmss@TIME_CLASS@@QAEPA_WXZ@4PA_WA 00423300     v5subs:timeclas.obj
 0003:00003314       _NullChar                  00423314     v5subs:insalph.obj
 0003:00003318       _NullChar                  00423318     v5subs:hex.obj
 0003:0000331c       ?s@?1??alphadate@@YAPA_WABU_SYSTEMTIME@@@Z@4PA_WA 0042331c     v5subs:time.obj
 0003:00003334       ?s@?1??alphatime@@YAPA_WABU_SYSTEMTIME@@@Z@4PA_WA 00423334     v5subs:time.obj
 0003:00003348       _EmptyString               00423348     v5subs:execwait.obj
 0003:0000334c       ?empty_int@?1???AINT_ARRAY_CLASS@@QAEAAHH@Z@4HA 0042334c     v5subs:array.obj
 0003:00003360       _GS_ExceptionRecord        00423360     LIBCMT:gs_report.obj
 0003:000033b0       _GS_ContextRecord          004233b0     LIBCMT:gs_report.obj
 0003:0000367c       _DebuggerWasPresent        0042367c     LIBCMT:gs_report.obj
 0003:000036bc       ___type_info_root_node     004236bc     LIBCMT:typname.obj
 0003:000037c8       ?_pgmname@?1??_setargv@@9@9 004237c8     LIBCMT:stdargv.obj
 0003:000038d8       ?outmsg@?8??_NMSG_WRITE@@9@9 004238d8     LIBCMT:crt0msg.obj
 0003:00003f28       _fSystemSet                00423f28     LIBCMT:mbctype.obj
 0003:00003f30       __pmatherr_set             00423f30     LIBCMT:libm_error.obj
 0003:00003f38       _lclcritsects              00423f38     LIBCMT:mlock.obj
 0003:00004090       _ctrlc_action              00424090     LIBCMT:winsig.obj
 0003:00004094       _ctrlbreak_action          00424094     LIBCMT:winsig.obj
 0003:00004098       _abort_action              00424098     LIBCMT:winsig.obj
 0003:0000409c       _term_action               0042409c     LIBCMT:winsig.obj
 0003:000040a0       _ConsoleCtrlHandler_Installed 004240a0     LIBCMT:winsig.obj
 0003:000040a4       _g_pfnRtlGenRandom         004240a4     LIBCMT:rand_s.obj
 0003:000040dc       _heap                      004240dc     LIBCMT:undname.obj
 0003:000040f4       ?pfnMessageBox@?1??__crtMessageBoxW@@9@9 004240f4     LIBCMT:crtmboxw.obj
 0003:000040f8       ?pfnGetActiveWindow@?1??__crtMessageBoxW@@9@9 004240f8     LIBCMT:crtmboxw.obj
 0003:000040fc       ?pfnGetLastActivePopup@?1??__crtMessageBoxW@@9@9 004240fc     LIBCMT:crtmboxw.obj
 0003:00004100       ?pfnGetProcessWindowStation@?1??__crtMessageBoxW@@9@9 00424100     LIBCMT:crtmboxw.obj
 0003:00004104       ?pfnGetUserObjectInformation@?1??__crtMessageBoxW@@9@9 00424104     LIBCMT:crtmboxw.obj
 0003:00004114       ___crtCallProc             00424114     LIBCMT:winapinls.obj
 0004:00000110       $R000000                   00426110     monedit.res
 0004:00000ae0       $R0009D0                   00426ae0     monedit.res
 0004:00000dc8       $R000CB8                   00426dc8     monedit.res
