 editpart

 Timestamp is 68232ce2 (Tue May 13 07:28:34 2025)

 Preferred load address is 00400000

 Start         Length     Name                   Class
 0001:00000000 0000091aH .text$di                CODE
 0001:00000920 000380acH .text$mn                CODE
 0001:000389cc 0000032cH .text$yd                CODE
 0002:00000000 00000390H .idata$5                DATA
 0002:00000390 00000004H .CRT$XCA                DATA
 0002:00000394 000000e0H .CRT$XCU                DATA
 0002:00000474 00000004H .CRT$XCZ                DATA
 0002:00000478 00000004H .CRT$XIA                DATA
 0002:0000047c 00000014H .CRT$XIC                DATA
 0002:00000490 00000004H .CRT$XIY                DATA
 0002:00000494 00000004H .CRT$XIZ                DATA
 0002:00000498 00000004H .CRT$XPA                DATA
 0002:0000049c 00000008H .CRT$XPX                DATA
 0002:000004a4 00000004H .CRT$XPXA               DATA
 0002:000004a8 00000004H .CRT$XPZ                DATA
 0002:000004ac 00000004H .CRT$XTA                DATA
 0002:000004b0 00000004H .CRT$XTZ                DATA
 0002:000004c0 0000a950H .rdata                  DATA
 0002:0000ae10 00000294H .rdata$r                DATA
 0002:0000b0b0 0000000cH .rdata$sxdata           DATA
 0002:0000b0bc 00000004H .rtc$IAA                DATA
 0002:0000b0c0 00000004H .rtc$IZZ                DATA
 0002:0000b0c4 00000004H .rtc$TAA                DATA
 0002:0000b0c8 00000004H .rtc$TZZ                DATA
 0002:0000b0d0 0000034cH .xdata$x                DATA
 0002:0000b41c 00000000H .edata                  DATA
 0002:0000b41c 00000078H .idata$2                DATA
 0002:0000b494 00000014H .idata$3                DATA
 0002:0000b4a8 00000390H .idata$4                DATA
 0002:0000b838 00000ee2H .idata$6                DATA
 0003:00000000 000045d4H .data                   DATA
 0003:000045d4 00000108H .data$r                 DATA
 0003:000046e0 0000b6e4H .bss                    DATA
 0004:00000000 00001074H .rsrc$01                DATA
 0004:00001080 0000b7b8H .rsrc$02                DATA

  Address         Publics by Value              Rva+Base       Lib:Object

 0000:00000000       ___guard_fids_table        00000000     <absolute>
 0000:00000000       __except_list              00000000     <absolute>
 0000:00000000       ___guard_flags             00000000     <absolute>
 0000:00000000       ___guard_fids_count        00000000     <absolute>
 0000:00000003       ___safe_se_handler_count   00000003     <absolute>
 0000:00000000       ___ImageBase               00400000     <linker-defined>
 0001:00000920       ??0FTANALOG_CLASS@@QAE@XZ  00401920 f i editpart.obj
 0001:0000093d       ??0RESTRICTED_PART_ENTRY@@QAE@XZ 0040193d f   editpart.obj
 0001:00000967       ??1FTANALOG_CLASS@@QAE@XZ  00401967 f i editpart.obj
 0001:00000982       ??1FTCALC_CLASS@@QAE@XZ    00401982 f i editpart.obj
 0001:000009c3       ??1MACHINE_CLASS@@QAE@XZ   004019c3 f i editpart.obj
 0001:00000a22       ??1MARKS_CLASS@@QAE@XZ     00401a22 f i editpart.obj
 0001:00000a59       ??1PART_NAME_ENTRY@@QAE@XZ 00401a59 f   editpart.obj
 0001:00000a59       ??1MULTIPART_LB_ENTRY@@QAE@XZ 00401a59 f   editpart.obj
 0001:00000a59       ??1WIRE_NAME_ENTRY@@QAE@XZ 00401a59 f   v5subs:wire_class.obj
 0001:00000a74       ??1PARAMETER_CLASS@@QAE@XZ 00401a74 f i editpart.obj
 0001:00000aac       ??1PARAMETER_ENTRY@@QAE@XZ 00401aac f i editpart.obj
 0001:00000ad7       ??1RESTRICTED_PART_ENTRY@@QAE@XZ 00401ad7 f   editpart.obj
 0001:00000aeb       ??4FTII_VAR@@UAEXABV0@@Z   00401aeb f i editpart.obj
 0001:00000afe       ??4FTII_VAR@@UAEXI@Z       00401afe f i editpart.obj
 0001:00000afe       ??4FTII_VAR@@UAEXH@Z       00401afe f i editpart.obj
 0001:00000b08       ??AMULTIPART_LB_CLASS@@QAEAAVMULTIPART_LB_ENTRY@@H@Z 00401b08 f   editpart.obj
 0001:00000b4f       ??_EMULTIPART_LB_ENTRY@@QAEPAXI@Z 00401b4f f i editpart.obj
 0001:00000ba4       ??_GFTII_VAR_ARRAY@@UAEPAXI@Z 00401ba4 f i editpart.obj
 0001:00000ba4       ??_EFTII_VAR_ARRAY@@UAEPAXI@Z 00401ba4 f i editpart.obj
 0001:00000bc0       ?MainDialogProc@@YGHPAUHWND__@@IIJ@Z 00401bc0 f   editpart.obj
 0001:00001055       ?add_marks_dialog_proc@@YGHPAUHWND__@@IIJ@Z 00402055 f   editpart.obj
 0001:00001146       ?add_one_parameter@@YAEF@Z 00402146 f   editpart.obj
 0001:00001416       ?add_part_dialog_proc@@YGHPAUHWND__@@IIJ@Z 00402416 f   editpart.obj
 0001:000019da       ?advanced_setup_proc@@YGHPAUHWND__@@IIJ@Z 004029da f   editpart.obj
 0001:00001c7a       ?basic_setup_proc@@YGHPAUHWND__@@IIJ@Z 00402c7a f   editpart.obj
 0001:0000276f       ?check_for_previous_instance@@YAEAAVSTRING_CLASS@@@Z 0040376f f   editpart.obj
 0001:00002813       ?check_low_impact_values@@YAEXZ 00403813 f   editpart.obj
 0001:00002c74       ?cleanup@MULTIPART_LB_CLASS@@QAEXXZ 00403c74 f   editpart.obj
 0001:00002c8d       ?cleanup@RESTRICTED_PART_ENTRY@@QAEXXZ 00403c8d f   editpart.obj
 0001:0000326b       ?copy_multiple_dialog_proc@@YGHPAUHWND__@@IIJ@Z 0040426b f   editpart.obj
 0001:000032ec       ?copy_to_dialog_proc@@YGHPAUHWND__@@IIJ@Z 004042ec f   editpart.obj
 0001:0000374a       ?copyto_machine@@YAXPAUMACHINE_ENTRY@@IF@Z 0040474a f   editpart.obj
 0001:0000396a       ?create@DB_TABLE@@QAEEAAVSTRING_CLASS@@@Z 0040496a f i editpart.obj
 0001:00003a71       ?current_param_listbox_index@@YAHXZ 00404a71 f   editpart.obj
 0001:00003c84       ?delete_file@NAME_CLASS@@QAEEXZ 00404c84 f i editpart.obj
 0001:000041c5       ?ebox_float@@YAMPAUHWND__@@H@Z 004051c5 f   editpart.obj
 0001:00004b66       ?enumerate_child_windows_proc@@YGHPAUHWND__@@J@Z 00405b66 f   editpart.obj
 0001:00004c94       ?extended_channels_proc@@YGHPAUHWND__@@IIJ@Z 00405c94 f   editpart.obj
 0001:00004d14       ?fastrak_channels_proc@@YGHPAUHWND__@@IIJ@Z 00405d14 f   editpart.obj
 0001:00004df3       ?file_exists@NAME_CLASS@@QAEEXZ 00405df3 f i editpart.obj
 0001:00005556       ?fill_part_listbox@@YAFPAUHWND__@@HPAUMACHINE_ENTRY@@@Z 00406556 f   editpart.obj
 0001:00005853       ?get@RESTRICTED_PART_ENTRY@@QAEEXZ 00406853 f   editpart.obj
 0001:00005ebd       ?get_default_printer_dc@@YAPAUHDC__@@XZ 00406ebd f   editpart.obj
 0001:0000687d       ?gethelp@@YAXIK@Z          0040787d f   editpart.obj
 0001:000068da       ?has_any_limits@PARAMETER_ENTRY@@QAEEXZ 004078da f i editpart.obj
 0001:00006984       ?init@@YAXH@Z              00407984 f   editpart.obj
 0001:00006feb       ?init@MULTIPART_LB_CLASS@@QAE_NH@Z 00407feb f   editpart.obj
 0001:0000724b       ?is_a_step@@YAEPAUHWND__@@H@Z 0040824b f   editpart.obj
 0001:00007434       ?lb_line@MULTIPART_LB_ENTRY@@QAE_NAAVSTRING_CLASS@@@Z 00408434 f   editpart.obj
 0001:00007799       ?main_proc@@YGJPAUHWND__@@IIJ@Z 00408799 f   editpart.obj
 0001:0000791d       ?mark_name@@YAPA_WAAUMARKLIST_ENTRY@@@Z 0040891d f   editpart.obj
 0001:00007932       ?mark_name@@YAPA_W_WF@Z    00408932 f   editpart.obj
 0001:00007ac8       ?missing_file_dialog_proc@@YGHPAUHWND__@@IIJ@Z 00408ac8 f   editpart.obj
 0001:00007da0       ?multipart_runlist_setup_dialog_proc@@YGHPAUHWND__@@IIJ@Z 00408da0 f   editpart.obj
 0001:00008028       ?new_machine_setup_callback@@YAXPA_WFPAUHDDEDATA__@@@Z 00409028 f   editpart.obj
 0001:0000803e       ?new_parameter_dialog_proc@@YGHPAUHWND__@@IIJ@Z 0040903e f   editpart.obj
 0001:000080e0       ?no_last_step_end_pos_dialog_proc@@YGHPAUHWND__@@IIJ@Z 004090e0 f   editpart.obj
 0001:0000811d       ?no_last_step_low_impact_dialog_proc@@YGHPAUHWND__@@IIJ@Z 0040911d f   editpart.obj
 0001:000081ce       ?parameter_limits_proc@@YGHPAUHWND__@@IIJ@Z 004091ce f   editpart.obj
 0001:000084af       ?password_level_callback@@YAXPA_WFPAUHDDEDATA__@@@Z 004094af f   editpart.obj
 0001:00008546       ?percent_to_volts@@YANAAVSTRING_CLASS@@@Z 00409546 f   editpart.obj
 0001:000085c0       ?plot_min_callback@@YAXPA_WFPAUHDDEDATA__@@@Z 004095c0 f   editpart.obj
 0001:00008d31       ?pressure_control_profile_proc@@YGHPAUHWND__@@IIJ@Z 00409d31 f   editpart.obj
 0001:00008eab       ?pressure_to_volts_16bit@@YAIAAVSTRING_CLASS@@@Z 00409eab f   editpart.obj
 0001:00008ee7       ?pressure_to_volts_16bit@@YAIAAVSTRING_CLASS@@N@Z 00409ee7 f   editpart.obj
 0001:0000900f       ?print_fastrak_channels@@YAXPAUHDC__@@HHHAAUtagRECT@@@Z 0040a00f f   editpart.obj
 0001:000093c1       ?print_parameters@@YAXPAUHDC__@@HHHAAUtagRECT@@@Z 0040a3c1 f   editpart.obj
 0001:0000a942       ?print_suretrak_steps@@YAXPAUHDC__@@HHHAAUtagRECT@@@Z 0040b942 f   editpart.obj
 0001:0000ad2e       ?profile_marks_proc@@YGHPAUHWND__@@IIJ@Z 0040bd2e f   editpart.obj
 0001:0000af23       ?read@MULTIPART_LB_CLASS@@QAE_NXZ 0040bf23 f   editpart.obj
 0001:0000b6d0       ?refresh_current_parameter_limits@@YAXXZ 0040c6d0 f   editpart.obj
 0001:0000bbfc       ?refresh_st_params@@YAXPAUHWND__@@@Z 0040cbfc f   editpart.obj
 0001:0000c52f       ?resource_string@@YA_NAAVSTRING_CLASS@@I@Z 0040d52f f   editpart.obj
 0001:0000c756       ?return_from_parameter_edit@@YAXXZ 0040d756 f   editpart.obj
 0001:0000c770       ?save_all_parts_dialog_proc@@YGHPAUHWND__@@IIJ@Z 0040d770 f   editpart.obj
 0001:0000d839       ?save_velocity_changes@@YAXXZ 0040e839 f   editpart.obj
 0001:0000dd7f       ?set_statics_font@@YAXAAVWINDOW_CLASS@@@Z 0040ed7f f   editpart.obj
 0001:0000dd9c       ?set_statics_font@@YAXPAUHWND__@@I@Z 0040ed9c f   editpart.obj
 0001:0000ddc9       ?set_vacuum_limit_switch_number@SURETRAK_SETUP_CLASS@@QAEXH@Z 0040edc9 f i editpart.obj
 0001:0000de30       ?setup_sheet_proc@@YGHPAUHWND__@@IIJ@Z 0040ee30 f   editpart.obj
 0001:0000de35       ?shot_events_dialog_proc@@YGHPAUHWND__@@IIJ@Z 0040ee35 f   editpart.obj
 0001:0000e529       ?show_percent_error@@YAXXZ 0040f529 f   editpart.obj
 0001:0000ecbb       ?static_text_parameter_dialog_proc@@YGHPAUHWND__@@IIJ@Z 0040fcbb f   editpart.obj
 0001:0000eeea       ?sub_proc@@YGJPAUHWND__@@IIJ@Z 0040feea f   editpart.obj
 0001:0000ef45       ?suretrak_plot_proc@@YGJPAUHWND__@@IIJ@Z 0040ff45 f   editpart.obj
 0001:0000f084       ?suretrak_profile_proc@@YGHPAUHWND__@@IIJ@Z 00410084 f   editpart.obj
 0001:0000f462       ?text_out@@YAXPAUHDC__@@JJPA_W@Z 00410462 f   editpart.obj
 0001:0000f483       ?toggle_focus@@YAXXZ       00410483 f   editpart.obj
 0001:00010574       ?update_statics@@YAXPAUHWND__@@PAURESOURCE_TEXT_ENTRY@@H@Z 00411574 f   editpart.obj
 0001:00010a3f       ?user_defined_proc@@YGHPAUHWND__@@IIJ@Z 00411a3f f   editpart.obj
 0001:00010b09       ?vacuum_limit_switch_index@SURETRAK_SETUP_CLASS@@QAEHXZ 00411b09 f i editpart.obj
 0001:00010b2b       ?vacuum_limit_switch_number@SURETRAK_SETUP_CLASS@@QAEHXZ 00411b2b f i editpart.obj
 0001:00010b4b       ?write@MULTIPART_LB_CLASS@@QAE_NXZ 00411b4b f   editpart.obj
 0001:00010c4d       ?zero_break_gain_changed_dialog_proc@@YGHPAUHWND__@@IIJ@Z 00411c4d f   editpart.obj
 0001:00010c8a       _WinMain@16                00411c8a f   editpart.obj
 0001:00010e3a       ??0MACHINE_ENTRY@@QAE@XZ   00411e3a f i partdata.obj
 0001:00010e56       ??1MACHINE_ENTRY@@QAE@XZ   00411e56 f i partdata.obj
 0001:00010eb1       ?cleanup_machines_and_parts@@YAXXZ 00411eb1 f   partdata.obj
 0001:00010eb6       ?find_machine_entry@@YAPAUMACHINE_ENTRY@@AAVSTRING_CLASS@@@Z 00411eb6 f   partdata.obj
 0001:00010ee7       ?find_part_entry@@YAEPAUMACHINE_ENTRY@@AAVSTRING_CLASS@@@Z 00411ee7 f   partdata.obj
 0001:00010f1c       ?machine_count@@YAHAAVSTRING_CLASS@@@Z 00411f1c f   partdata.obj
 0001:00010f4f       ?machine_is_local@@YAEAAVSTRING_CLASS@@@Z 00411f4f f   partdata.obj
 0001:00010f8c       ?read_machines_and_parts@@YAEXZ 00411f8c f   partdata.obj
 0001:000111c1       ?reload_partlist@@YAEAAVSTRING_CLASS@@@Z 004121c1 f   partdata.obj
 0001:000111f2       ??_EVARTYPE_ENTRY@@QAEPAXI@Z 004121f2 f i edparam.obj
 0001:0001124b       ?ParamDialogProc@@YGHPAUHWND__@@IIJ@Z 0041224b f   edparam.obj
 0001:00011397       ?cleanup@VARTYPE_CLASS@@QAEXXZ 00412397 f   edparam.obj
 0001:000113cf       ?clear_parameter_settings@@YAXXZ 004123cf f   edparam.obj
 0001:00011418       ?create_param_dialogs@@YAXXZ 00412418 f   edparam.obj
 0001:00011858       ?ft_analog_proc@@YGHPAUHWND__@@IIJ@Z 00412858 f   edparam.obj
 0001:00011abb       ?ft_calc_proc@@YGHPAUHWND__@@IIJ@Z 00412abb f   edparam.obj
 0001:00011b6c       ?ft_digital_proc@@YGHPAUHWND__@@IIJ@Z 00412b6c f   edparam.obj
 0001:00011bba       ?ft_extended_analog_proc@@YGHPAUHWND__@@IIJ@Z 00412bba f   edparam.obj
 0001:00011cde       ?ft_external_parameter_proc@@YGHPAUHWND__@@IIJ@Z 00412cde f   edparam.obj
 0001:00011d61       ?ft_onoff_proc@@YGHPAUHWND__@@IIJ@Z 00412d61 f   edparam.obj
 0001:00011db3       ?ft_peak_fs_velocity_proc@@YGHPAUHWND__@@IIJ@Z 00412db3 f   edparam.obj
 0001:00011e68       ?ft_static_text_parameter_proc@@YGHPAUHWND__@@IIJ@Z 00412e68 f   edparam.obj
 0001:00011f37       ?ft_target_proc@@YGHPAUHWND__@@IIJ@Z 00412f37 f   edparam.obj
 0001:00011ffe       ?get@VARTYPE_CLASS@@QAEHXZ 00412ffe f   edparam.obj
 0001:0001244d       ?get_new_ft_digital_settings@@YAXPAUHWND__@@@Z 0041344d f   edparam.obj
 0001:00012558       ?get_new_ft_onoff_settings@@YAXXZ 00413558 f   edparam.obj
 0001:000129c2       ?internal_param_proc@@YGHPAUHWND__@@IIJ@Z 004139c2 f   edparam.obj
 0001:00012b24       ?load_new_parameter@@YAXH@Z 00413b24 f   edparam.obj
 0001:00012d40       ?name@VARTYPE_CLASS@@QAEAAVSTRING_CLASS@@G@Z 00413d40 f   edparam.obj
 0001:00012daf       ?name@VARTYPE_CLASS@@QAEAAVSTRING_CLASS@@XZ 00413daf f   edparam.obj
 0001:00012df3       ?next@VARTYPE_CLASS@@QAE_NXZ 00413df3 f   edparam.obj
 0001:00013696       ?show_time_position_desciption@@YAXPAUHWND__@@@Z 00414696 f   edparam.obj
 0001:000137b3       ?type@VARTYPE_CLASS@@QAEGAAVSTRING_CLASS@@@Z 004147b3 f   edparam.obj
 0001:000138d7       ?draw_vertical_string@@YAJPAUHDC__@@PA_WJJ@Z 004148d7 f   drawstr.obj
 0001:00013971       ??0DENSITY_CLASS@@QAE@XZ   00414971 f   calc.obj
 0001:00013a7c       ?calculator_dialog_proc@@YGHPAUHWND__@@IIJ@Z 00414a7c f   calc.obj
 0001:00013e74       ?density_dialog_proc@@YGHPAUHWND__@@IIJ@Z 00414e74 f   calc.obj
 0001:0001474c       ?fill_editboxes@DENSITY_CLASS@@QAEEXZ 0041574c f   calc.obj
 0001:000149a1       ?lbline@DENSITY_CLASS@@QAEPA_WXZ 004159a1 f   calc.obj
 0001:000149e3       ?put_record@DENSITY_CLASS@@QAEEAAVDB_TABLE@@H@Z 004159e3 f   calc.obj
 0001:00014a56       ?read@DENSITY_CLASS@@QAEEAAVDB_TABLE@@@Z 00415a56 f   calc.obj
 0001:00014abd       ?read@DENSITY_CLASS@@QAEEPA_W@Z 00415abd f   calc.obj
 0001:00014b15       ?read_editboxes@DENSITY_CLASS@@QAEEXZ 00415b15 f   calc.obj
 0001:00014bf3       ?save_calc_changes@@YAXXZ  00415bf3 f   calc.obj
 0001:00014e5a       ?save_densities@@YAEXZ     00415e5a f   calc.obj
 0001:00014f81       ?set@INT32_ARRAY_CLASS@@UAEXJ@Z 00415f81 f i calc.obj
 0001:00015cdc       _DdeGetData@16             00416cdc f   user32:USER32.dll
 0001:00015ce2       _OpenPrinterW@12           00416ce2 f   winspool:WINSPOOL.DRV
 0001:00015ce8       _DocumentPropertiesW@24    00416ce8 f   winspool:WINSPOOL.DRV
 0001:00015cee       _ClosePrinter@4            00416cee f   winspool:WINSPOOL.DRV
 0001:00015cf4       ?empty_directory@@YAEPA_W0@Z 00416cf4 f   v5subs:killdir.obj
 0001:00015de2       ?kill_directory@@YAEPA_W@Z 00416de2 f   v5subs:killdir.obj
 0001:00015e47       ?directory_exists@@YAEPA_W@Z 00416e47 f   v5subs:exists.obj
 0001:00015e6a       ?disk_is_in_drive@@YAEPA_W@Z 00416e6a f   v5subs:exists.obj
 0001:00015ea2       ?file_exists@@YAEPA_W@Z    00416ea2 f   v5subs:exists.obj
 0001:00015f41       ?get_drive_name@@YAEPA_W@Z 00416f41 f   v5subs:exists.obj
 0001:00015f78       ?is_removable@@YAEPA_W@Z   00416f78 f   v5subs:exists.obj
 0001:00015fa3       ?ascii_double@@YAPA_WN@Z   00416fa3 f   v5subs:ascfloat.obj
 0001:00015fc3       ?ascii_float@@YAPA_WM@Z    00416fc3 f   v5subs:ascfloat.obj
 0001:00015fdb       ?asctoint32@@YAJPB_W@Z     00416fdb f   v5subs:extract.obj
 0001:00015ff8       ?asctoul@@YAKPB_W@Z        00416ff8 f   v5subs:extract.obj
 0001:00016015       ?extdouble@@YANPB_W@Z      00417015 f   v5subs:extract.obj
 0001:0001602c       ?extdouble@@YANPB_WF@Z     0041702c f   v5subs:extract.obj
 0001:0001609d       ?extfloat@@YAMPB_W@Z       0041709d f   v5subs:extract.obj
 0001:000160c2       ?extfloat@@YAMPB_WF@Z      004170c2 f   v5subs:extract.obj
 0001:000160dd       ?extlong@@YAJPB_WF@Z       004170dd f   v5subs:extract.obj
 0001:000160f0       ?extlong@@YAJPB_WFH@Z      004170f0 f   v5subs:extract.obj
 0001:00016156       ?extul@@YAKPB_WFH@Z        00417156 f   v5subs:extract.obj
 0001:000161bc       ?is_real_char@@YAE_W@Z     004171bc f   v5subs:extract.obj
 0001:00016268       ?int32toasc@@YAPA_WJ@Z     00417268 f   v5subs:itoasc.obj
 0001:00016281       ?int32toasc@@YAXPA_WJJ@Z   00417281 f   v5subs:itoasc.obj
 0001:000162d2       ?ultoascii@@YAPA_WKK@Z     004172d2 f   v5subs:itoasc.obj
 0001:000162ed       ?ultoascii@@YAXPA_WKK@Z    004172ed f   v5subs:itoasc.obj
 0001:00016326       ??0STRING_CLASS@@QAE@ABV0@@Z 00417326 f   v5subs:stringcl.obj
 0001:00016342       ??0STRING_CLASS@@QAE@PB_W@Z 00417342 f   v5subs:stringcl.obj
 0001:0001635b       ??0STRING_CLASS@@QAE@XZ    0041735b f   v5subs:stringcl.obj
 0001:00016365       ??1STRING_CLASS@@QAE@XZ    00417365 f   v5subs:stringcl.obj
 0001:0001636a       ??4STRING_CLASS@@QAEXABV0@@Z 0041736a f   v5subs:stringcl.obj
 0001:00016379       ??4STRING_CLASS@@QAEXE@Z   00417379 f   v5subs:stringcl.obj
 0001:00016394       ??4STRING_CLASS@@QAEXH@Z   00417394 f   v5subs:stringcl.obj
 0001:000163bc       ??4STRING_CLASS@@QAEXI@Z   004173bc f   v5subs:stringcl.obj
 0001:000163e4       ??4STRING_CLASS@@QAEXN@Z   004173e4 f   v5subs:stringcl.obj
 0001:00016413       ??4STRING_CLASS@@QAEXPB_W@Z 00417413 f   v5subs:stringcl.obj
 0001:0001645e       ??4STRING_CLASS@@QAEX_W@Z  0041745e f   v5subs:stringcl.obj
 0001:00016475       ??8STRING_CLASS@@QAEEABV0@@Z 00417475 f   v5subs:stringcl.obj
 0001:0001649d       ??8STRING_CLASS@@QAEEPB_W@Z 0041749d f   v5subs:stringcl.obj
 0001:000164c4       ??MSTRING_CLASS@@QAEEABV0@@Z 004174c4 f   v5subs:stringcl.obj
 0001:000164eb       ??YSTRING_CLASS@@QAEXABV0@@Z 004174eb f   v5subs:stringcl.obj
 0001:000164fa       ??YSTRING_CLASS@@QAEXE@Z   004174fa f   v5subs:stringcl.obj
 0001:00016515       ??YSTRING_CLASS@@QAEXH@Z   00417515 f   v5subs:stringcl.obj
 0001:0001654d       ??YSTRING_CLASS@@QAEXI@Z   0041754d f   v5subs:stringcl.obj
 0001:00016585       ??YSTRING_CLASS@@QAEXPB_W@Z 00417585 f   v5subs:stringcl.obj
 0001:000165c6       ??YSTRING_CLASS@@QAEX_W@Z  004175c6 f   v5subs:stringcl.obj
 0001:000165fd       ?acquire@STRING_CLASS@@QAEEAAV1@@Z 004175fd f   v5subs:stringcl.obj
 0001:0001662b       ?boolean_value@STRING_CLASS@@QAEEXZ 0041762b f   v5subs:stringcl.obj
 0001:0001664d       ?cat_path@STRING_CLASS@@QAEXPB_W@Z 0041764d f   v5subs:stringcl.obj
 0001:000166bc       ?cat_w_char@STRING_CLASS@@QAEXPB_W_W@Z 004176bc f   v5subs:stringcl.obj
 0001:00016715       ?contains@STRING_CLASS@@QAE_NPB_W@Z 00417715 f   v5subs:stringcl.obj
 0001:00016726       ?contains@STRING_CLASS@@QAE_N_W@Z 00417726 f   v5subs:stringcl.obj
 0001:00016737       ?empty@STRING_CLASS@@QAEXXZ 00417737 f   v5subs:stringcl.obj
 0001:00016752       ?find@STRING_CLASS@@QAEPA_WPB_W@Z 00417752 f   v5subs:stringcl.obj
 0001:00016770       ?find@STRING_CLASS@@QAEPA_W_W@Z 00417770 f   v5subs:stringcl.obj
 0001:00016797       ?get_ascii@STRING_CLASS@@QAEEPAD@Z 00417797 f   v5subs:stringcl.obj
 0001:000167ef       ?get_substring@STRING_CLASS@@QAEEABV1@_W1@Z 004177ef f   v5subs:stringcl.obj
 0001:00016877       ?get_text@STRING_CLASS@@QAE_NPAUHWND__@@@Z 00417877 f   v5subs:stringcl.obj
 0001:000168cd       ?init@STRING_CLASS@@QAEEJ@Z 004178cd f   v5subs:stringcl.obj
 0001:00016920       ?isempty@STRING_CLASS@@QAEEXZ 00417920 f   v5subs:stringcl.obj
 0001:0001693e       ?isnumeric@STRING_CLASS@@QAEEXZ 0041793e f   v5subs:stringcl.obj
 0001:000169c7       ?last_char@STRING_CLASS@@QAEPA_WXZ 004179c7 f   v5subs:stringcl.obj
 0001:000169e2       ?len@STRING_CLASS@@QAEJXZ  004179e2 f   v5subs:stringcl.obj
 0001:000169f5       ?next_field@STRING_CLASS@@QAE_NXZ 004179f5 f   v5subs:stringcl.obj
 0001:00016a03       ?next_field@STRING_CLASS@@QAE_N_W@Z 00417a03 f   v5subs:stringcl.obj
 0001:00016b3a       ?null@STRING_CLASS@@QAEXXZ 00417b3a f   v5subs:stringcl.obj
 0001:00016b60       ?real_value@STRING_CLASS@@QAENXZ 00417b60 f   v5subs:stringcl.obj
 0001:00016bbd       ?remove_all_occurances@STRING_CLASS@@QAEH_W@Z 00417bbd f   v5subs:stringcl.obj
 0001:00016bf4       ?remove_leading_chars@STRING_CLASS@@QAE_NH@Z 00417bf4 f   v5subs:stringcl.obj
 0001:00016c2d       ?replace@STRING_CLASS@@QAEEPB_W0@Z 00417c2d f   v5subs:stringcl.obj
 0001:00016ce3       ?replace@STRING_CLASS@@QAEE_W0@Z 00417ce3 f   v5subs:stringcl.obj
 0001:00016d18       ?replace_all@STRING_CLASS@@QAEH_W0@Z 00417d18 f   v5subs:stringcl.obj
 0001:00016d51       ?rjust@STRING_CLASS@@QAEEJ@Z 00417d51 f   v5subs:stringcl.obj
 0001:00016d65       ?rjust@STRING_CLASS@@QAEEJ_W@Z 00417d65 f   v5subs:stringcl.obj
 0001:00016dbe       ?set_text@STRING_CLASS@@QAE_NPAUHWND__@@@Z 00417dbe f   v5subs:stringcl.obj
 0001:00016de3       ?uppercase@STRING_CLASS@@QAEXXZ 00417de3 f   v5subs:stringcl.obj
 0001:00016df3       ?upsize@STRING_CLASS@@QAEEJ@Z 00417df3 f   v5subs:stringcl.obj
 0001:00016e5a       ?convert_to_data_dir@NAME_CLASS@@QAEEXZ 00417e5a f   v5subs:nameclas.obj
 0001:00016e9f       ?copyto@NAME_CLASS@@QAEEAAVSTRING_CLASS@@@Z 00417e9f f   v5subs:nameclas.obj
 0001:00016ece       ?directory_exists@NAME_CLASS@@QAEEXZ 00417ece f i v5subs:nameclas.obj
 0001:00016ee3       ?find_extension@NAME_CLASS@@QAEPA_WXZ 00417ee3 f   v5subs:nameclas.obj
 0001:00016f23       ?get_data_dir_file_name@NAME_CLASS@@QAEEAAVSTRING_CLASS@@PB_W@Z 00417f23 f   v5subs:nameclas.obj
 0001:00016f66       ?get_data_dir_file_name@NAME_CLASS@@QAEEPB_W@Z 00417f66 f   v5subs:nameclas.obj
 0001:00016f83       ?get_exe_dir_file_name@NAME_CLASS@@QAEEAAVSTRING_CLASS@@PB_W@Z 00417f83 f   v5subs:nameclas.obj
 0001:00016fc6       ?get_exe_dir_file_name@NAME_CLASS@@QAEEPB_W@Z 00417fc6 f   v5subs:nameclas.obj
 0001:00016fff       ?get_machine_dir_file_name@NAME_CLASS@@QAEEAAVSTRING_CLASS@@0PB_W@Z 00417fff f   v5subs:nameclas.obj
 0001:00017048       ?get_part_dir_file_name@NAME_CLASS@@QAEEAAVSTRING_CLASS@@00PB_W@Z 00418048 f   v5subs:nameclas.obj
 0001:00017094       ?get_part_results_dir_file_name@NAME_CLASS@@QAEEAAVSTRING_CLASS@@00PB_W@Z 00418094 f   v5subs:nameclas.obj
 0001:000170d5       ?get_profile_name@NAME_CLASS@@QAEEAAVSTRING_CLASS@@00PB_W1@Z 004180d5 f   v5subs:nameclas.obj
 0001:00017182       ?get_static_text_parameters_csvname@NAME_CLASS@@QAEEAAVSTRING_CLASS@@00@Z 00418182 f   v5subs:nameclas.obj
 0001:0001719b       ?moveto@NAME_CLASS@@QAEEAAVSTRING_CLASS@@@Z 0041819b f   v5subs:nameclas.obj
 0001:000171c8       ?remove_extension@NAME_CLASS@@QAEEXZ 004181c8 f   v5subs:nameclas.obj
 0001:000171e1       ?replace_extension@NAME_CLASS@@QAEXPA_W@Z 004181e1 f   v5subs:nameclas.obj
 0001:00017211       ??0AUTO_BACKUP_CLASS@@QAE@XZ 00418211 f   v5subs:autoback.obj
 0001:00017223       ??1AUTO_BACKUP_CLASS@@QAE@XZ 00418223 f   v5subs:autoback.obj
 0001:00017229       ?backup_data_dir@AUTO_BACKUP_CLASS@@QAEEXZ 00418229 f   v5subs:autoback.obj
 0001:000172cb       ?backup_part@AUTO_BACKUP_CLASS@@QAEEAAVSTRING_CLASS@@0@Z 004182cb f   v5subs:autoback.obj
 0001:00017522       ?get_backup_dir@AUTO_BACKUP_CLASS@@QAEEXZ 00418522 f   v5subs:autoback.obj
 0001:000175c0       ??1DOUBLE_ARRAY_CLASS@@QAE@XZ 004185c0 f   v5subs:array.obj
 0001:000175cb       ??1INT32_ARRAY_CLASS@@QAE@XZ 004185cb f   v5subs:array.obj
 0001:000175d6       ??1INT_ARRAY_CLASS@@QAE@XZ 004185d6 f   v5subs:array.obj
 0001:000175db       ??ADOUBLE_ARRAY_CLASS@@QAEAANJ@Z 004185db f   v5subs:array.obj
 0001:000175fa       ??AINT32_ARRAY_CLASS@@QAEAAJJ@Z 004185fa f   v5subs:array.obj
 0001:00017619       ??AINT_ARRAY_CLASS@@QAEAAHH@Z 00418619 f   v5subs:array.obj
 0001:00017690       ?cleanup@DOUBLE_ARRAY_CLASS@@QAEXXZ 00418690 f   v5subs:array.obj
 0001:000176ac       ?cleanup@INT32_ARRAY_CLASS@@QAEXXZ 004186ac f   v5subs:array.obj
 0001:000176d1       ?cleanup@INT_ARRAY_CLASS@@QAEXXZ 004186d1 f   v5subs:array.obj
 0001:000176ea       ?contains@INT_ARRAY_CLASS@@QAE_NH@Z 004186ea f   v5subs:array.obj
 0001:00017711       ?init@DOUBLE_ARRAY_CLASS@@UAEEJ@Z 00418711 f   v5subs:array.obj
 0001:00017765       ?init@DOUBLE_ARRAY_CLASS@@UAEEJPAN@Z 00418765 f   v5subs:array.obj
 0001:00017789       ?init@INT32_ARRAY_CLASS@@UAEEJ@Z 00418789 f   v5subs:array.obj
 0001:000177ee       ?left_shift@INT32_ARRAY_CLASS@@UAEXJ@Z 004187ee f   v5subs:array.obj
 0001:0001783e       ??0ANALOG_SENSOR@@QAE@XZ   0041883e f   v5subs:asensor.obj
 0001:00017844       ??0ANALOG_SENSOR_ENTRY@@QAE@XZ 00418844 f   v5subs:asensor.obj
 0001:00017894       ??1ANALOG_SENSOR_ENTRY@@QAE@XZ 00418894 f   v5subs:asensor.obj
 0001:000178c0       ??AANALOG_SENSOR@@QAEAAUANALOG_SENSOR_ENTRY@@H@Z 004188c0 f   v5subs:asensor.obj
 0001:000178e3       ??_EANALOG_SENSOR_ENTRY@@QAEPAXI@Z 004188e3 f i v5subs:asensor.obj
 0001:00017938       ?count@ANALOG_SENSOR@@QAEHXZ 00418938 f   v5subs:asensor.obj
 0001:0001793e       ?desc@ANALOG_SENSOR@@QAEPA_WXZ 0041893e f   v5subs:asensor.obj
 0001:00017962       ?exists@ANALOG_SENSOR@@QAEEH@Z 00418962 f   v5subs:asensor.obj
 0001:0001797b       ?find@ANALOG_SENSOR@@QAEEH@Z 0041897b f   v5subs:asensor.obj
 0001:0001799c       ?get@ANALOG_SENSOR@@SAEXZ  0041899c f   v5subs:asensor.obj
 0001:00017b9a       ?get@ANALOG_SENSOR_ENTRY@@QAEEPA_W@Z 00418b9a f   v5subs:asensor.obj
 0001:00017cd3       ?index@ANALOG_SENSOR@@QAEHPA_W@Z 00418cd3 f   v5subs:asensor.obj
 0001:00017d35       ?shutdown@ANALOG_SENSOR@@SAXXZ 00418d35 f   v5subs:asensor.obj
 0001:00017d3a       ?units_index@ANALOG_SENSOR@@QAEHXZ 00418d3a f   v5subs:asensor.obj
 0001:00017d51       ?update@ANALOG_SENSOR_ENTRY@@QAEEXZ 00418d51 f   v5subs:asensor.obj
 0001:00017e3f       ?vartype@ANALOG_SENSOR@@QAEIXZ 00418e3f f   v5subs:asensor.obj
 0001:00017e56       ??1CHAXIS_LABEL_CLASS@@QAE@XZ 00418e56 f   v5subs:chaxis.obj
 0001:00017e5b       ??ACHAXIS_LABEL_CLASS@@QAEPA_WH@Z 00418e5b f   v5subs:chaxis.obj
 0001:00017e79       ?cleanup@CHAXIS_LABEL_CLASS@@QAEXXZ 00418e79 f   v5subs:chaxis.obj
 0001:00017eb8       ?get@CHAXIS_LABEL_CLASS@@QAEEAAVSTRING_CLASS@@00@Z 00418eb8 f   v5subs:chaxis.obj
 0001:00017f89       ?init@CHAXIS_LABEL_CLASS@@QAEEH@Z 00418f89 f   v5subs:chaxis.obj
 0001:00017fd7       ?put@CHAXIS_LABEL_CLASS@@QAEEAAVSTRING_CLASS@@00@Z 00418fd7 f   v5subs:chaxis.obj
 0001:0001806b       ?set@CHAXIS_LABEL_CLASS@@QAEEHPA_W@Z 0041906b f   v5subs:chaxis.obj
 0001:000180a7       ??0COLORS_CLASS@@QAE@XZ    004190a7 f   v5subs:color.obj
 0001:000180bc       ??1COLORS_CLASS@@QAE@XZ    004190bc f   v5subs:color.obj
 0001:000180c1       ?clear@@YAXXZ              004190c1 f   v5subs:color.obj
 0001:000180e1       ?count@COLORS_CLASS@@QAEFXZ 004190e1 f   v5subs:color.obj
 0001:000180e8       ?index@COLORS_CLASS@@QAEFPA_W@Z 004190e8 f   v5subs:color.obj
 0001:0001812c       ?name@COLORS_CLASS@@QAEPA_WF@Z 0041912c f   v5subs:color.obj
 0001:00018153       ?reload@COLORS_CLASS@@QAEEXZ 00419153 f   v5subs:color.obj
 0001:000182af       ??0DB_TABLE@@QAE@XZ        004192af f   v5subs:dbsubs.obj
 0001:000182d6       ??1DB_TABLE@@QAE@XZ        004192d6 f   v5subs:dbsubs.obj
 0001:00018353       ?close@DB_TABLE@@QAEXXZ    00419353 f   v5subs:dbsubs.obj
 0001:00018374       ?compare_date@@YAFPA_W0@Z  00419374 f   v5subs:dbsubs.obj
 0001:000183aa       ?compare_int32@@YAFPA_W0J@Z 004193aa f   v5subs:dbsubs.obj
 0001:000183de       ?compare_one_record@DB_TABLE@@AAEEPAFJJ@Z 004193de f   v5subs:dbsubs.obj
 0001:000184c6       ?create@DB_TABLE@@QAEEPA_W@Z 004194c6 f   v5subs:dbsubs.obj
 0001:00018526       ?determine_column_info@DB_TABLE@@QAEHXZ 00419526 f   v5subs:dbsubs.obj
 0001:00018707       ?empty@DB_TABLE@@QAEEXZ    00419707 f   v5subs:dbsubs.obj
 0001:0001872e       ?ensure_existance@DB_TABLE@@QAEEAAVSTRING_CLASS@@@Z 0041972e f   v5subs:dbsubs.obj
 0001:00018797       ?fill_searchbuf@DB_TABLE@@AAEEF@Z 00419797 f   v5subs:dbsubs.obj
 0001:000187f0       ?get_alpha@DB_TABLE@@QAEEAAVSTRING_CLASS@@GF@Z 004197f0 f   v5subs:dbsubs.obj
 0001:00018853       ?get_alpha@DB_TABLE@@QAEEPA_WGF@Z 00419853 f   v5subs:dbsubs.obj
 0001:00018869       ?get_alpha@DB_TABLE@@QAEEPA_WGFG@Z 00419869 f   v5subs:dbsubs.obj
 0001:000188d4       ?get_bitsetype@DB_TABLE@@QAEGG@Z 004198d4 f   v5subs:dbsubs.obj
 0001:000188d4       ?get_long@DB_TABLE@@QAEJG@Z 004198d4 f   v5subs:dbsubs.obj
 0001:00018900       ?get_boolean@DB_TABLE@@QAEEG@Z 00419900 f   v5subs:dbsubs.obj
 0001:00018930       ?get_char@DB_TABLE@@QAE_WG@Z 00419930 f   v5subs:dbsubs.obj
 0001:0001894b       ?get_double@DB_TABLE@@QAENG@Z 0041994b f   v5subs:dbsubs.obj
 0001:0001898a       ?get_next_key_match@DB_TABLE@@QAEEFE@Z 0041998a f   v5subs:dbsubs.obj
 0001:000189f7       ?get_next_record@DB_TABLE@@QAEEE@Z 004199f7 f   v5subs:dbsubs.obj
 0001:00018a45       ?get_rec@DB_TABLE@@QAEEXZ  00419a45 f   v5subs:dbsubs.obj
 0001:00018a91       ?goto_first_key_record@DB_TABLE@@AAEEF@Z 00419a91 f   v5subs:dbsubs.obj
 0001:00018aac       ?goto_key_record@DB_TABLE@@AAEEFJJ@Z 00419aac f   v5subs:dbsubs.obj
 0001:00018bd8       ?goto_record_number@DB_TABLE@@QAEEJ@Z 00419bd8 f   v5subs:dbsubs.obj
 0001:00018c6d       ?initbuf@DB_TABLE@@AAEEPAPA_WPAFF@Z 00419c6d f   v5subs:dbsubs.obj
 0001:00018d05       ?lock_record@DB_TABLE@@QAEEXZ 00419d05 f   v5subs:dbsubs.obj
 0001:00018d86       ?nof_recs@DB_TABLE@@QAEKXZ 00419d86 f   v5subs:dbsubs.obj
 0001:00018db0       ?open@DB_TABLE@@QAEEPA_WFF@Z 00419db0 f   v5subs:dbsubs.obj
 0001:00018dc6       ?open@DB_TABLE@@QAEEPA_WFFF@Z 00419dc6 f   v5subs:dbsubs.obj
 0001:00018fa5       ?point_to_start_of_field@DB_TABLE@@AAEPA_WG@Z 00419fa5 f   v5subs:dbsubs.obj
 0001:00018fc4       ?post_error@@YAXPA_W0@Z    00419fc4 f   v5subs:dbsubs.obj
 0001:00018fd7       ?post_error@@YAXPA_W@Z     00419fd7 f   v5subs:dbsubs.obj
 0001:00018feb       ?put_alpha@DB_TABLE@@QAEEGPB_WF@Z 00419feb f   v5subs:dbsubs.obj
 0001:00019037       ?put_boolean@DB_TABLE@@QAEEGE@Z 0041a037 f   v5subs:dbsubs.obj
 0001:00019063       ?put_double@DB_TABLE@@QAEEGNF@Z 0041a063 f   v5subs:dbsubs.obj
 0001:000190aa       ?put_long@DB_TABLE@@QAEEGJF@Z 0041a0aa f   v5subs:dbsubs.obj
 0001:000190ea       ?rec_append@DB_TABLE@@QAEEXZ 0041a0ea f   v5subs:dbsubs.obj
 0001:00019110       ?restore_from_searchbuf@DB_TABLE@@AAEXXZ 0041a110 f   v5subs:dbsubs.obj
 0001:0001915f       ?unlock_record@DB_TABLE@@QAEEXZ 0041a15f f   v5subs:dbsubs.obj
 0001:000191a4       ?write_record@DB_TABLE@@AAEEXZ 0041a1a4 f   v5subs:dbsubs.obj
 0001:000191fc       ??0EXTERNAL_PARAMETER_SETTINGS_CLASS@@QAE@XZ 0041a1fc f   v5subs:external_parameter.obj
 0001:0001920e       ??1EXTERNAL_PARAMETER_SETTINGS_CLASS@@QAE@XZ 0041a20e f   v5subs:external_parameter.obj
 0001:00019213       ?clear@EXTERNAL_PARAMETER_SETTINGS_CLASS@@QAEXXZ 0041a213 f   v5subs:external_parameter.obj
 0001:00019223       ?get@EXTERNAL_PARAMETER_SETTINGS_CLASS@@QAEEAAVSTRING_CLASS@@00@Z 0041a223 f   v5subs:external_parameter.obj
 0001:00019363       ?put@EXTERNAL_PARAMETER_SETTINGS_CLASS@@QAEEAAVSTRING_CLASS@@00@Z 0041a363 f   v5subs:external_parameter.obj
 0001:00019515       ??0FONT_CLASS@@QAE@XZ      0041a515 f   v5subs:fontclas.obj
 0001:00019532       ??0FONT_LIST_CLASS@@QAE@XZ 0041a532 f   v5subs:fontclas.obj
 0001:00019538       ??0FONT_LIST_ENTRY@@QAE@XZ 0041a538 f   v5subs:fontclas.obj
 0001:00019552       ??1FONT_LIST_CLASS@@QAE@XZ 0041a552 f   v5subs:fontclas.obj
 0001:0001957b       ??1FONT_LIST_ENTRY@@QAE@XZ 0041a57b f   v5subs:fontclas.obj
 0001:00019593       ??4FONT_CLASS@@QAEXABUtagLOGFONTW@@@Z 0041a593 f   v5subs:fontclas.obj
 0001:000195f6       ??4FONT_CLASS@@QAEXABV0@@Z 0041a5f6 f   v5subs:fontclas.obj
 0001:00019632       ??8FONT_CLASS@@QAE_NABUtagLOGFONTW@@@Z 0041a632 f   v5subs:fontclas.obj
 0001:000196b7       ??8FONT_CLASS@@QAE_NABV0@@Z 0041a6b7 f   v5subs:fontclas.obj
 0001:000196f3       ?free_handle@FONT_LIST_CLASS@@QAEXPAUHFONT__@@@Z 0041a6f3 f   v5subs:fontclas.obj
 0001:00019736       ?get@FONT_CLASS@@QAE_NPA_W@Z 0041a736 f   v5subs:fontclas.obj
 0001:000198ea       ?get_handle@FONT_LIST_CLASS@@QAEPAUHFONT__@@ABVFONT_CLASS@@@Z 0041a8ea f   v5subs:fontclas.obj
 0001:00019a01       ??1GENERIC_LIST_CLASS@@QAE@XZ 0041aa01 f   v5subs:genlist.obj
 0001:00019a23       ?append@GENERIC_LIST_CLASS@@QAEEPAX@Z 0041aa23 f   v5subs:genlist.obj
 0001:00019a59       ?count@GENERIC_LIST_CLASS@@QAEFXZ 0041aa59 f   v5subs:genlist.obj
 0001:00019a65       ?find@GENERIC_LIST_CLASS@@QAEEPAX@Z 0041aa65 f   v5subs:genlist.obj
 0001:00019a9d       ?next@GENERIC_LIST_CLASS@@QAEPAXXZ 0041aa9d f   v5subs:genlist.obj
 0001:00019ac7       ?remove@GENERIC_LIST_CLASS@@QAEEPAX@Z 0041aac7 f   v5subs:genlist.obj
 0001:00019ae6       ?remove@GENERIC_LIST_CLASS@@QAEEXZ 0041aae6 f   v5subs:genlist.obj
 0001:00019b15       ?remove_all@GENERIC_LIST_CLASS@@QAEXXZ 0041ab15 f   v5subs:genlist.obj
 0001:00019b3e       ?rewind@GENERIC_LIST_CLASS@@QAEXXZ 0041ab3e f   v5subs:genlist.obj
 0001:00019b47       ??1INI_CLASS@@QAE@XZ       0041ab47 f   v5subs:iniclass.obj
 0001:00019c00       ?cleanup@INI_CLASS@@QAEXXZ 0041ac00 f   v5subs:iniclass.obj
 0001:00019c3b       ?find@INI_CLASS@@QAEEPB_W0@Z 0041ac3b f   v5subs:iniclass.obj
 0001:00019c9e       ?find@INI_CLASS@@QAEEPB_W@Z 0041ac9e f   v5subs:iniclass.obj
 0001:00019cb7       ?get_bool@INI_CLASS@@QAE_NPB_W@Z 0041acb7 f   v5subs:iniclass.obj
 0001:00019cd0       ?get_boolean@INI_CLASS@@QAEEXZ 0041acd0 f   v5subs:iniclass.obj
 0001:00019cd0       ?get_bool@INI_CLASS@@QAE_NXZ 0041acd0 f   v5subs:iniclass.obj
 0001:00019cf2       ?get_bool@INI_CLASS@@QAE_NPB_W0@Z 0041acf2 f   v5subs:iniclass.obj
 0001:00019cf2       ?get_boolean@INI_CLASS@@QAEEPB_W0@Z 0041acf2 f   v5subs:iniclass.obj
 0001:00019d15       ?get_double@INI_CLASS@@QAENPB_W@Z 0041ad15 f   v5subs:iniclass.obj
 0001:00019d34       ?get_double@INI_CLASS@@QAENXZ 0041ad34 f   v5subs:iniclass.obj
 0001:00019d59       ?get_int@INI_CLASS@@QAEHXZ 0041ad59 f   v5subs:iniclass.obj
 0001:00019d6a       ?get_string@INI_CLASS@@QAEPA_WXZ 0041ad6a f   v5subs:iniclass.obj
 0001:00019d78       ?put_int@INI_CLASS@@QAEEPB_WH@Z 0041ad78 f   v5subs:iniclass.obj
 0001:00019dbe       ?put_string@INI_CLASS@@QAEEPB_W00@Z 0041adbe f   v5subs:iniclass.obj
 0001:00019e0d       ?put_string@INI_CLASS@@QAEEPB_W0@Z 0041ae0d f   v5subs:iniclass.obj
 0001:00019e2a       ?set_file@INI_CLASS@@QAEEPB_W@Z 0041ae2a f   v5subs:iniclass.obj
 0001:00019e6c       ?set_section@INI_CLASS@@QAEEPB_W@Z 0041ae6c f   v5subs:iniclass.obj
 0001:00019ea0       ??1LISTBOX_CLASS@@QAE@XZ   0041aea0 f   v5subs:listbox.obj
 0001:00019eb0       ?add@LISTBOX_CLASS@@QAEHPA_W@Z 0041aeb0 f   v5subs:listbox.obj
 0001:00019ef1       ?check_buf_size@LISTBOX_CLASS@@AAEEH@Z 0041aef1 f   v5subs:listbox.obj
 0001:00019f3e       ?check_buf_size@LISTBOX_CLASS@@AAEEPA_W@Z 0041af3e f   v5subs:listbox.obj
 0001:00019f57       ?check_item_size@LISTBOX_CLASS@@AAEEH@Z 0041af57 f   v5subs:listbox.obj
 0001:00019f8e       ?convert_tab_array_to_dialog_units@LISTBOX_CLASS@@AAE_NPAHH@Z 0041af8e f   v5subs:listbox.obj
 0001:0001a00a       ?count@LISTBOX_CLASS@@QAEHXZ 0041b00a f   v5subs:listbox.obj
 0001:0001a034       ?current_index@LISTBOX_CLASS@@QAEHXZ 0041b034 f   v5subs:listbox.obj
 0001:0001a053       ?empty@LISTBOX_CLASS@@QAEXXZ 0041b053 f   v5subs:listbox.obj
 0001:0001a06a       ?get_select_list@LISTBOX_CLASS@@QAEHPAPAH@Z 0041b06a f   v5subs:listbox.obj
 0001:0001a0d2       ?init@LISTBOX_CLASS@@QAEEPAUHWND__@@@Z 0041b0d2 f   v5subs:listbox.obj
 0001:0001a133       ?init@LISTBOX_CLASS@@QAEEPAUHWND__@@H@Z 0041b133 f   v5subs:listbox.obj
 0001:0001a150       ?insert@LISTBOX_CLASS@@QAEHHPA_W@Z 0041b150 f   v5subs:listbox.obj
 0001:0001a193       ?is_selected@LISTBOX_CLASS@@QAEEH@Z 0041b193 f   v5subs:listbox.obj
 0001:0001a1b8       ?item_text@LISTBOX_CLASS@@QAEPA_WH@Z 0041b1b8 f   v5subs:listbox.obj
 0001:0001a200       ?redraw_off@LISTBOX_CLASS@@QAEXXZ 0041b200 f   v5subs:listbox.obj
 0001:0001a20f       ?redraw_on@LISTBOX_CLASS@@QAEXXZ 0041b20f f   v5subs:listbox.obj
 0001:0001a22e       ?remove@LISTBOX_CLASS@@QAEEH@Z 0041b22e f   v5subs:listbox.obj
 0001:0001a25a       ?replace@LISTBOX_CLASS@@QAEEPA_W@Z 0041b25a f   v5subs:listbox.obj
 0001:0001a2b6       ?select_count@LISTBOX_CLASS@@QAEHXZ 0041b2b6 f   v5subs:listbox.obj
 0001:0001a2e0       ?selected_index@LISTBOX_CLASS@@QAEHXZ 0041b2e0 f   v5subs:listbox.obj
 0001:0001a30b       ?selected_text@LISTBOX_CLASS@@QAEPA_WXZ 0041b30b f   v5subs:listbox.obj
 0001:0001a329       ?set_current_index@LISTBOX_CLASS@@QAEEH@Z 0041b329 f   v5subs:listbox.obj
 0001:0001a350       ?set_pixel_tabs@LISTBOX_CLASS@@QAE_NPAHH@Z 0041b350 f   v5subs:listbox.obj
 0001:0001a38c       ?set_tabs@LISTBOX_CLASS@@QAE_NHH@Z 0041b38c f   v5subs:listbox.obj
 0001:0001a469       ?setcursel@LISTBOX_CLASS@@QAEEH@Z 0041b469 f   v5subs:listbox.obj
 0001:0001a4aa       ?setcursel@LISTBOX_CLASS@@QAEEPA_W@Z 0041b4aa f   v5subs:listbox.obj
 0001:0001a4f1       ??0MULTIPART_LB_ENTRY@@QAE@XZ 0041b4f1 f   editpart.obj
 0001:0001a4f1       ??0PART_NAME_ENTRY@@QAE@XZ 0041b4f1 f   v5subs:structs.obj
 0001:0001a50d       ??0COMPUTER_CLASS@@QAE@XZ  0041b50d f   v5subs:computer.obj
 0001:0001a518       ?add@COMPUTER_CLASS@@QAEEPA_W@Z 0041b518 f   v5subs:computer.obj
 0001:0001a5cc       ?empty@COMPUTER_CLASS@@QAEXXZ 0041b5cc f   v5subs:computer.obj
 0001:0001a600       ?find@COMPUTER_CLASS@@QAEEPA_W@Z 0041b600 f   v5subs:computer.obj
 0001:0001a630       ?is_present@COMPUTER_CLASS@@QAEEXZ 0041b630 f   v5subs:computer.obj
 0001:0001a651       ?load@COMPUTER_CLASS@@QAEEXZ 0041b651 f   v5subs:computer.obj
 0001:0001a781       ?name@COMPUTER_CLASS@@QAEAAVSTRING_CLASS@@XZ 0041b781 f   v5subs:computer.obj
 0001:0001a791       ?next@COMPUTER_CLASS@@QAEEXZ 0041b791 f   v5subs:computer.obj
 0001:0001a7b3       ?rewind@COMPUTER_CLASS@@QAEXXZ 0041b7b3 f   v5subs:computer.obj
 0001:0001a7ba       ?startup@COMPUTER_CLASS@@QAEEXZ 0041b7ba f   v5subs:computer.obj
 0001:0001a7cf       ?whoami@COMPUTER_CLASS@@QAEAAVSTRING_CLASS@@XZ 0041b7cf f   v5subs:computer.obj
 0001:0001a7d5       ??0LIMIT_SWITCH_CLASS@@QAE@XZ 0041b7d5 f   v5subs:limit_switch_class.obj
 0001:0001a7f1       ??0LIMIT_SWITCH_WIRE_CLASS@@QAE@XZ 0041b7f1 f   v5subs:limit_switch_class.obj
 0001:0001a7f1       ??0LIMIT_SWITCH_POS_CLASS@@QAE@XZ 0041b7f1 f   v5subs:limit_switch_class.obj
 0001:0001a7f1       ??0LIMIT_SWITCH_DESC_CLASS@@QAE@XZ 0041b7f1 f   v5subs:limit_switch_class.obj
 0001:0001a80e       ??1LIMIT_SWITCH_CLASS@@QAE@XZ 0041b80e f   v5subs:limit_switch_class.obj
 0001:0001a829       ??1LIMIT_SWITCH_DESC_CLASS@@QAE@XZ 0041b829 f   v5subs:limit_switch_class.obj
 0001:0001a829       ??1LIMIT_SWITCH_WIRE_CLASS@@QAE@XZ 0041b829 f   v5subs:limit_switch_class.obj
 0001:0001a829       ??1LIMIT_SWITCH_POS_CLASS@@QAE@XZ 0041b829 f   v5subs:limit_switch_class.obj
 0001:0001a841       ??ALIMIT_SWITCH_DESC_CLASS@@QAEAAVSTRING_CLASS@@H@Z 0041b841 f   v5subs:limit_switch_class.obj
 0001:0001a880       ??ALIMIT_SWITCH_POS_CLASS@@QAEAAVSTRING_CLASS@@H@Z 0041b880 f   v5subs:limit_switch_class.obj
 0001:0001a8bf       ??ALIMIT_SWITCH_WIRE_CLASS@@QAEAAVSTRING_CLASS@@H@Z 0041b8bf f   v5subs:limit_switch_class.obj
 0001:0001a8fe       ?empty@LIMIT_SWITCH_CLASS@@QAEXXZ 0041b8fe f   v5subs:limit_switch_class.obj
 0001:0001a917       ?empty@LIMIT_SWITCH_DESC_CLASS@@QAEXXZ 0041b917 f   v5subs:limit_switch_class.obj
 0001:0001a917       ?empty@LIMIT_SWITCH_POS_CLASS@@QAEXXZ 0041b917 f   v5subs:limit_switch_class.obj
 0001:0001a92e       ?empty@LIMIT_SWITCH_WIRE_CLASS@@QAEXXZ 0041b92e f   v5subs:limit_switch_class.obj
 0001:0001a947       ?get@LIMIT_SWITCH_CLASS@@QAEEAAVSTRING_CLASS@@00@Z 0041b947 f   v5subs:limit_switch_class.obj
 0001:0001a9a3       ?get@LIMIT_SWITCH_DESC_CLASS@@QAEEAAVSTRING_CLASS@@00@Z 0041b9a3 f   v5subs:limit_switch_class.obj
 0001:0001aa41       ?get@LIMIT_SWITCH_POS_CLASS@@QAEEAAVSTRING_CLASS@@00@Z 0041ba41 f   v5subs:limit_switch_class.obj
 0001:0001aaa3       ?get@LIMIT_SWITCH_POS_CLASS@@QAEEAAVSTRING_CLASS@@@Z 0041baa3 f   v5subs:limit_switch_class.obj
 0001:0001aaff       ?get@LIMIT_SWITCH_WIRE_CLASS@@QAEEAAVSTRING_CLASS@@00@Z 0041baff f   v5subs:limit_switch_class.obj
 0001:0001ac52       ?mask@LIMIT_SWITCH_WIRE_CLASS@@QAEIH@Z 0041bc52 f   v5subs:limit_switch_class.obj
 0001:0001ac87       ?put@LIMIT_SWITCH_CLASS@@QAEEAAVSTRING_CLASS@@00@Z 0041bc87 f   v5subs:limit_switch_class.obj
 0001:0001acdc       ?put@LIMIT_SWITCH_DESC_CLASS@@QAEEAAVSTRING_CLASS@@00@Z 0041bcdc f   v5subs:limit_switch_class.obj
 0001:0001ad58       ?put@LIMIT_SWITCH_POS_CLASS@@QAEEAAVSTRING_CLASS@@00@Z 0041bd58 f   v5subs:limit_switch_class.obj
 0001:0001ad9e       ?put@LIMIT_SWITCH_POS_CLASS@@QAEEAAVSTRING_CLASS@@@Z 0041bd9e f   v5subs:limit_switch_class.obj
 0001:0001adf3       ?put@LIMIT_SWITCH_WIRE_CLASS@@QAEEAAVSTRING_CLASS@@00@Z 0041bdf3 f   v5subs:limit_switch_class.obj
 0001:0001ae6f       ?real_pos@LIMIT_SWITCH_POS_CLASS@@QAENH@Z 0041be6f f   v5subs:limit_switch_class.obj
 0001:0001ae87       ?wire_number@LIMIT_SWITCH_WIRE_CLASS@@QAEHH@Z 0041be87 f   v5subs:limit_switch_class.obj
 0001:0001aea1       ??0MULTIPART_RUNLIST_SETTINGS_CLASS@@QAE@XZ 0041bea1 f   v5subs:multipart_runlist.obj
 0001:0001aeb7       ??0MULTIPART_RUNLIST_WIRES_CLASS@@QAE@XZ 0041beb7 f   v5subs:multipart_runlist.obj
 0001:0001aecd       ??1MULTIPART_RUNLIST_SETTINGS_CLASS@@QAE@XZ 0041becd f   v5subs:multipart_runlist.obj
 0001:0001aed5       ??1MULTIPART_RUNLIST_WIRES_CLASS@@QAE@XZ 0041bed5 f   v5subs:multipart_runlist.obj
 0001:0001aedd       ??4MULTIPART_RUNLIST_WIRES_CLASS@@QAEXABV0@@Z 0041bedd f   v5subs:multipart_runlist.obj
 0001:0001aefa       ?bits_from_wirelist@@YAIAAVSTRING_CLASS@@@Z 0041befa f   v5subs:multipart_runlist.obj
 0001:0001afb3       ?cleanup@MULTIPART_RUNLIST_WIRES_CLASS@@QAEXXZ 0041bfb3 f   v5subs:multipart_runlist.obj
 0001:0001afc2       ?countchars@STRING_CLASS@@QAEJ_W@Z 0041bfc2 f i v5subs:multipart_runlist.obj
 0001:0001afdd       ?get@MULTIPART_RUNLIST_SETTINGS_CLASS@@QAE_NAAVSTRING_CLASS@@0@Z 0041bfdd f   v5subs:multipart_runlist.obj
 0001:0001b2c1       ?get@MULTIPART_RUNLIST_WIRES_CLASS@@QAE_NAAVSTRING_CLASS@@00@Z 0041c2c1 f   v5subs:multipart_runlist.obj
 0001:0001b45f       ?get_multipart_runlist_wires_csvname@NAME_CLASS@@QAEEAAVSTRING_CLASS@@0V2@@Z 0041c45f f i v5subs:multipart_runlist.obj
 0001:0001b488       ?get_wirelist@MULTIPART_RUNLIST_SETTINGS_CLASS@@QAE_NAAVSTRING_CLASS@@H@Z 0041c488 f   v5subs:multipart_runlist.obj
 0001:0001b563       ?init@MULTIPART_RUNLIST_SETTINGS_CLASS@@QAEXXZ 0041c563 f   v5subs:multipart_runlist.obj
 0001:0001b56b       ?max_part_selection_number@MULTIPART_RUNLIST_SETTINGS_CLASS@@QAEHXZ 0041c56b f   v5subs:multipart_runlist.obj
 0001:0001b583       ?part_selection_number@MULTIPART_RUNLIST_SETTINGS_CLASS@@QAEHAAVSTRING_CLASS@@@Z 0041c583 f   v5subs:multipart_runlist.obj
 0001:0001b647       ?put@MULTIPART_RUNLIST_WIRES_CLASS@@QAE_NAAVSTRING_CLASS@@00@Z 0041c647 f   v5subs:multipart_runlist.obj
 0001:0001b6e0       ??0MACHINE_CLASS@@QAE@XZ   0041c6e0 f   v5subs:machine.obj
 0001:0001b747       ?find@MACHINE_CLASS@@QAEEAAVSTRING_CLASS@@0@Z 0041c747 f   v5subs:machine.obj
 0001:0001b99e       ?has_binary_valve@MACHINE_CLASS@@QAEEXZ 0041c99e f   v5subs:machine.obj
 0001:0001b9a7       ?init@MACHINE_CLASS@@QAEXXZ 0041c9a7 f   v5subs:machine.obj
 0001:0001ba30       ?init_save_counts@@YAXPAUSAVE_COUNTS@@@Z 0041ca30 f   v5subs:machine.obj
 0001:0001ba49       ?read_machset_db@MACHINE_CLASS@@QAEEAAVSTRING_CLASS@@@Z 0041ca49 f   v5subs:machine.obj
 0001:0001bfe2       ??0MULTISTRING_CLASS@@QAE@XZ 0041cfe2 f   v5subs:multistring.obj
 0001:0001bffa       ??1MULTISTRING_CLASS@@QAE@XZ 0041cffa f   v5subs:multistring.obj
 0001:0001c00a       ??AMULTISTRING_CLASS@@QAEAAV0@H@Z 0041d00a f   v5subs:multistring.obj
 0001:0001c01c       ??_ESTRING_CLASS@@QAEPAXI@Z 0041d01c f i v5subs:multistring.obj
 0001:0001c06c       ?append@MULTISTRING_CLASS@@QAE_NABVSTRING_CLASS@@@Z 0041d06c f   v5subs:multistring.obj
 0001:0001c09a       ?empty_array@MULTISTRING_CLASS@@QAE_NXZ 0041d09a f   v5subs:multistring.obj
 0001:0001c0bc       ?find@MULTISTRING_CLASS@@QAEHAAVSTRING_CLASS@@@Z 0041d0bc f   v5subs:multistring.obj
 0001:0001c0ec       ?goto_index@MULTISTRING_CLASS@@QAE_NH@Z 0041d0ec f   v5subs:multistring.obj
 0001:0001c12c       ?next@MULTISTRING_CLASS@@QAE_NXZ 0041d12c f   v5subs:multistring.obj
 0001:0001c16a       ?rewind@MULTISTRING_CLASS@@QAE_NXZ 0041d16a f   v5subs:multistring.obj
 0001:0001c188       ?set_array_size@MULTISTRING_CLASS@@QAE_NH@Z 0041d188 f   v5subs:multistring.obj
 0001:0001c282       ?split@MULTISTRING_CLASS@@QAE_N_W@Z 0041d282 f   v5subs:multistring.obj
 0001:0001c33c       ??0STATIC_TEXT_PARAMETER_CLASS@@QAE@XZ 0041d33c f   v5subs:static_text_parameter.obj
 0001:0001c359       ??1STATIC_TEXT_PARAMETER_CLASS@@QAE@XZ 0041d359 f   v5subs:static_text_parameter.obj
 0001:0001c36c       ??4STATIC_TEXT_PARAMETER_CLASS@@QAEXABV0@@Z 0041d36c f   v5subs:static_text_parameter.obj
 0001:0001c39d       ?clear@STATIC_TEXT_PARAMETER_CLASS@@QAEXXZ 0041d39d f   v5subs:static_text_parameter.obj
 0001:0001c3b8       ?get@STATIC_TEXT_PARAMETER_CLASS@@QAEEH@Z 0041d3b8 f   v5subs:static_text_parameter.obj
 0001:0001c49a       ?init@STATIC_TEXT_PARAMETER_CLASS@@QAEEAAVSTRING_CLASS@@00@Z 0041d49a f   v5subs:static_text_parameter.obj
 0001:0001c49f       ?put@STATIC_TEXT_PARAMETER_CLASS@@QAEEH@Z 0041d49f f   v5subs:static_text_parameter.obj
 0001:0001c691       ??0PARAMETER_CLASS@@QAE@XZ 0041d691 f   v5subs:param.obj
 0001:0001c6d8       ??0PARAMETER_ENTRY@@QAE@XZ 0041d6d8 f i v5subs:param.obj
 0001:0001c706       ??4PARAMETER_ENTRY@@QAEXABU0@@Z 0041d706 f   v5subs:param.obj
 0001:0001c788       ?count@PARAMETER_CLASS@@QAEFXZ 0041d788 f   v5subs:param.obj
 0001:0001c7a9       ?find@PARAMETER_CLASS@@QAEEAAVSTRING_CLASS@@00@Z 0041d7a9 f   v5subs:param.obj
 0001:0001c867       ?has_alarm_limits@PARAMETER_ENTRY@@QAEEXZ 0041d867 f   v5subs:param.obj
 0001:0001c87e       ?has_warning_limits@PARAMETER_ENTRY@@QAEEXZ 0041d87e f   v5subs:param.obj
 0001:0001c895       ?init@PARAMETER_CLASS@@QAEXF@Z 0041d895 f   v5subs:param.obj
 0001:0001c90d       ?read_param_csv@PARAMETER_CLASS@@QAEEAAVSTRING_CLASS@@@Z 0041d90d f   v5subs:param.obj
 0001:0001cbb8       ?read_param_db@PARAMETER_CLASS@@QAEEAAVSTRING_CLASS@@@Z 0041dbb8 f   v5subs:param.obj
 0001:0001cd6a       ?remove@PARAMETER_CLASS@@QAEEF@Z 0041dd6a f   v5subs:param.obj
 0001:0001cdb9       ?save@PARAMETER_CLASS@@QAEEXZ 0041ddb9 f   v5subs:param.obj
 0001:0001cfca       ??0PARAM_INDEX_CLASS@@QAE@XZ 0041dfca f   v5subs:param_index_class.obj
 0001:0001cfd8       ?index@PARAM_INDEX_CLASS@@QAEHH@Z 0041dfd8 f   v5subs:param_index_class.obj
 0001:0001cfee       ?load@PARAM_INDEX_CLASS@@QAE_NAAVSTRING_CLASS@@00@Z 0041dfee f   v5subs:param_index_class.obj
 0001:0001d0de       ?move@PARAM_INDEX_CLASS@@QAE_NHH@Z 0041e0de f   v5subs:param_index_class.obj
 0001:0001d138       ?parameter_number@PARAM_INDEX_CLASS@@QAEHH@Z 0041e138 f   v5subs:param_index_class.obj
 0001:0001d14b       ?remove@PARAM_INDEX_CLASS@@QAE_NH@Z 0041e14b f   v5subs:param_index_class.obj
 0001:0001d1a8       ?save@PARAM_INDEX_CLASS@@QAE_NAAVSTRING_CLASS@@00@Z 0041e1a8 f   v5subs:param_index_class.obj
 0001:0001d261       ??0SETPOINT_CLASS@@QAE@XZ  0041e261 f   v5subs:setpoint.obj
 0001:0001d26b       ??1SETPOINT_CLASS@@QAE@XZ  0041e26b f   v5subs:setpoint.obj
 0001:0001d270       ??4SETPOINT_CLASS@@QAEXABV0@@Z 0041e270 f   v5subs:setpoint.obj
 0001:0001d2c3       ??4SETPOINT_ENTRY@@QAEXABU0@@Z 0041e2c3 f   v5subs:setpoint.obj
 0001:0001d2e2       ??ASETPOINT_CLASS@@QAEAAUSETPOINT_ENTRY@@H@Z 0041e2e2 f   v5subs:setpoint.obj
 0001:0001d2fe       ??_ESETPOINT_ENTRY@@QAEPAXI@Z 0041e2fe f i v5subs:setpoint.obj
 0001:0001d367       ?cleanup@SETPOINT_CLASS@@QAEXXZ 0041e367 f   v5subs:setpoint.obj
 0001:0001d382       ?empty@SETPOINT_CLASS@@QAEXXZ 0041e382 f   v5subs:setpoint.obj
 0001:0001d3b2       ?get@SETPOINT_CLASS@@QAEHAAVSTRING_CLASS@@@Z 0041e3b2 f   v5subs:setpoint.obj
 0001:0001d3c9       ?getfrom@SETPOINT_CLASS@@QAEHAAVSTRING_CLASS@@@Z 0041e3c9 f   v5subs:setpoint.obj
 0001:0001d4bc       ?put@SETPOINT_CLASS@@QAEEAAVSTRING_CLASS@@@Z 0041e4bc f   v5subs:setpoint.obj
 0001:0001d5a3       ?setsize@SETPOINT_CLASS@@QAEEH@Z 0041e5a3 f   v5subs:setpoint.obj
 0001:0001d6a0       ??0PART_CLASS@@QAE@XZ      0041e6a0 f   v5subs:part.obj
 0001:0001d6d6       ??1PART_CLASS@@QAE@XZ      0041e6d6 f   v5subs:part.obj
 0001:0001d704       ??4PART_CLASS@@QAEXABV0@@Z 0041e704 f   v5subs:part.obj
 0001:0001d932       ?find@PART_CLASS@@QAEEAAVSTRING_CLASS@@00@Z 0041e932 f   v5subs:part.obj
 0001:0001dc6b       ?init@PART_CLASS@@QAEXXZ   0041ec6b f   v5subs:part.obj
 0001:0001dd91       ?read_ftchan_db@PART_CLASS@@QAEEAAVSTRING_CLASS@@@Z 0041ed91 f   v5subs:part.obj
 0001:0001de37       ?read_part_setup@PART_CLASS@@QAEEAAVSTRING_CLASS@@@Z 0041ee37 f   v5subs:part.obj
 0001:0001de98       ?read_x4_divisor@PART_CLASS@@QAEEXZ 0041ee98 f   v5subs:part.obj
 0001:0001dfef       ?refresh_time_sample@PART_CLASS@@QAEEXZ 0041efef f   v5subs:part.obj
 0001:0001e0ee       ?save@PART_CLASS@@QAEEXZ   0041f0ee f   v5subs:part.obj
 0001:0001e507       ?set_alarm_timeout@PART_CLASS@@QAEXJ@Z 0041f507 f   v5subs:part.obj
 0001:0001e544       ?set_biscuit_time_delay@PART_CLASS@@QAEXJ@Z 0041f544 f   v5subs:part.obj
 0001:0001e563       ?set_csfs_min_position@PART_CLASS@@QAEXN@Z 0041f563 f   v5subs:part.obj
 0001:0001e58c       ?set_csfs_min_velocity@PART_CLASS@@QAEXN@Z 0041f58c f   v5subs:part.obj
 0001:0001e5b5       ?set_csfs_rise_velocity@PART_CLASS@@QAEXN@Z 0041f5b5 f   v5subs:part.obj
 0001:0001e5de       ?set_distance_units@PART_CLASS@@QAEXF@Z 0041f5de f   v5subs:part.obj
 0001:0001e61e       ?set_eos_velocity@PART_CLASS@@QAEXN@Z 0041f61e f   v5subs:part.obj
 0001:0001e647       ?set_head_pressure_channel@PART_CLASS@@QAEXF@Z 0041f647 f   v5subs:part.obj
 0001:0001e669       ?set_min_stroke_length@PART_CLASS@@QAEXN@Z 0041f669 f   v5subs:part.obj
 0001:0001e692       ?set_plunger_diameter@PART_CLASS@@QAEXN@Z 0041f692 f   v5subs:part.obj
 0001:0001e6be       ?set_pressure_units@PART_CLASS@@QAEXF@Z 0041f6be f   v5subs:part.obj
 0001:0001e6e3       ?set_rod_pressure_channel@PART_CLASS@@QAEXF@Z 0041f6e3 f   v5subs:part.obj
 0001:0001e708       ?set_runner_fill_distance@PART_CLASS@@QAEXN@Z 0041f708 f   v5subs:part.obj
 0001:0001e734       ?set_sleeve_fill_distance@PART_CLASS@@QAEXN@Z 0041f734 f   v5subs:part.obj
 0001:0001e760       ?set_total_stroke_length@PART_CLASS@@QAEXN@Z 0041f760 f   v5subs:part.obj
 0001:0001e78c       ?set_user_avg_velocity_end@PART_CLASS@@QAEXHN@Z 0041f78c f   v5subs:part.obj
 0001:0001e7bf       ?set_user_avg_velocity_start@PART_CLASS@@QAEXHN@Z 0041f7bf f   v5subs:part.obj
 0001:0001e7f2       ?set_user_velocity_position@PART_CLASS@@QAEXHN@Z 0041f7f2 f   v5subs:part.obj
 0001:0001e825       ?set_velocity_units@PART_CLASS@@QAEXF@Z 0041f825 f   v5subs:part.obj
 0001:0001e868       ?set_zero_speed_output_enable@PART_CLASS@@QAEXE@Z 0041f868 f   v5subs:part.obj
 0001:0001e88a       ?set_zero_speed_output_wire@PART_CLASS@@QAEXF@Z 0041f88a f   v5subs:part.obj
 0001:0001e8af       ?update@PART_CLASS@@QAEEXZ 0041f8af f   v5subs:part.obj
 0001:0001eca8       ??0MARKS_CLASS@@QAE@XZ     0041fca8 f   v5subs:marks.obj
 0001:0001ece3       ??4MARKLIST_ENTRY@@QAEAAU0@ABU0@@Z 0041fce3 f i v5subs:marks.obj
 0001:0001ed35       ?add@MARKS_CLASS@@QAEX_WF@Z 0041fd35 f   v5subs:marks.obj
 0001:0001eda4       ?index@MARKS_CLASS@@QAEF_WF@Z 0041fda4 f   v5subs:marks.obj
 0001:0001ede6       ?load@MARKS_CLASS@@QAEEAAVSTRING_CLASS@@00@Z 0041fde6 f   v5subs:marks.obj
 0001:0001f0fe       ?new_index@MARKS_CLASS@@AAEF_WF@Z 004200fe f   v5subs:marks.obj
 0001:0001f257       ?remove@MARKS_CLASS@@QAEXF@Z 00420257 f   v5subs:marks.obj
 0001:0001f29e       ?save@MARKS_CLASS@@QAEEXZ  0042029e f   v5subs:marks.obj
 0001:0001f442       ?set_defaults@MARKS_CLASS@@AAEXF@Z 00420442 f   v5subs:marks.obj
 0001:0001f50a       ??0FILE_CLASS@@QAE@XZ      0042050a f   v5subs:fileclas.obj
 0001:0001f52e       ?cleanup@FILE_CLASS@@QAEXXZ 0042052e f   v5subs:fileclas.obj
 0001:0001f55c       ?cleanup_memory@FILE_CLASS@@QAEXXZ 0042055c f   v5subs:fileclas.obj
 0001:0001f588       ??1FILE_CLASS@@QAE@XZ      00420588 f   v5subs:fileclas.obj
 0001:0001f588       ?close@FILE_CLASS@@QAEXXZ  00420588 f   v5subs:fileclas.obj
 0001:0001f58d       ?get_file_size@FILE_CLASS@@QAEEAAK@Z 0042058d f   v5subs:fileclas.obj
 0001:0001f5ba       ?make_path@FILE_CLASS@@QAEEPA_W@Z 004205ba f   v5subs:fileclas.obj
 0001:0001f605       ?nof_lines@FILE_CLASS@@QAEHXZ 00420605 f   v5subs:fileclas.obj
 0001:0001f6db       ?open@FILE_CLASS@@QAEEPA_WK@Z 004206db f   v5subs:fileclas.obj
 0001:0001f75e       ?open_for_append@FILE_CLASS@@QAEEPA_W@Z 0042075e f   v5subs:fileclas.obj
 0001:0001f794       ?open_for_read@FILE_CLASS@@QAEEAAVSTRING_CLASS@@@Z 00420794 f   v5subs:fileclas.obj
 0001:0001f7ae       ?open_for_read@FILE_CLASS@@QAEEPA_W@Z 004207ae f   v5subs:fileclas.obj
 0001:0001f7ca       ?open_for_write@FILE_CLASS@@QAEEAAVSTRING_CLASS@@@Z 004207ca f   v5subs:fileclas.obj
 0001:0001f7e4       ?open_for_write@FILE_CLASS@@QAEEPA_W@Z 004207e4 f   v5subs:fileclas.obj
 0001:0001f7fd       ?read_unicode_file@FILE_CLASS@@QAEEAAVSTRING_CLASS@@@Z 004207fd f   v5subs:fileclas.obj
 0001:0001f88a       ?readbinary@FILE_CLASS@@QAEKPAXK@Z 0042088a f   v5subs:fileclas.obj
 0001:0001f8f0       ?readline@FILE_CLASS@@QAEPA_WXZ 004208f0 f   v5subs:fileclas.obj
 0001:0001f9e0       ?setpos@FILE_CLASS@@QAEEJ@Z 004209e0 f   v5subs:fileclas.obj
 0001:0001fa23       ?writeline@FILE_CLASS@@QAEEAAVSTRING_CLASS@@@Z 00420a23 f   v5subs:fileclas.obj
 0001:0001fa3d       ?writeline@FILE_CLASS@@QAEEPA_W@Z 00420a3d f   v5subs:fileclas.obj
 0001:0001fad4       ??0FTANALOG_ENTRY@@QAE@XZ  00420ad4 f   v5subs:ftanalog.obj
 0001:0001fb0e       ??1FTANALOG_ENTRY@@QAE@XZ  00420b0e f   v5subs:ftanalog.obj
 0001:0001fb32       ??4FTANALOG_ENTRY@@QAEAAU0@ABU0@@Z 00420b32 f i v5subs:ftanalog.obj
 0001:0001fc84       ?init@FTANALOG_CLASS@@QAEXF@Z 00420c84 f   v5subs:ftanalog.obj
 0001:0001fce6       ?load@FTANALOG_CLASS@@QAEEAAVSTRING_CLASS@@00@Z 00420ce6 f   v5subs:ftanalog.obj
 0001:000200ea       ?remove@FTANALOG_CLASS@@QAEEF@Z 004210ea f   v5subs:ftanalog.obj
 0001:00020130       ?save@FTANALOG_CLASS@@QAEEAAVSTRING_CLASS@@00@Z 00421130 f   v5subs:ftanalog.obj
 0001:00020331       ??0FTCALC_CLASS@@QAE@XZ    00421331 f   v5subs:ftcalc.obj
 0001:00020378       ?cleanup@FTCALC_CLASS@@QAEXXZ 00421378 f   v5subs:ftcalc.obj
 0001:0002038f       ?load@FTCALC_CLASS@@QAEEAAVSTRING_CLASS@@00@Z 0042138f f   v5subs:ftcalc.obj
 0001:000204ab       ?remove@FTCALC_CLASS@@QAEEH@Z 004214ab f   v5subs:ftcalc.obj
 0001:00020540       ?save@FTCALC_CLASS@@QAEEAAVSTRING_CLASS@@00@Z 00421540 f   v5subs:ftcalc.obj
 0001:000205f1       ??0SURETRAK_PARAM_CLASS@@QAE@XZ 004215f1 f   v5subs:stparam.obj
 0001:00020637       ?find@SURETRAK_PARAM_CLASS@@QAEEAAVSTRING_CLASS@@0@Z 00421637 f   v5subs:stparam.obj
 0001:0002072d       ??0PRESSURE_CONTROL_CLASS@@QAE@XZ 0042172d f   v5subs:stpres.obj
 0001:00020792       ??0PRES_CONTROL_STEP_ENTRY@@QAE@XZ 00421792 f i v5subs:stpres.obj
 0001:000207ae       ??1PRESSURE_CONTROL_CLASS@@QAE@XZ 004217ae f   v5subs:stpres.obj
 0001:0002080c       ??1PRES_CONTROL_STEP_ENTRY@@QAE@XZ 0042180c f i v5subs:stpres.obj
 0001:00020827       ?find@PRESSURE_CONTROL_CLASS@@QAEEAAVSTRING_CLASS@@00@Z 00421827 f   v5subs:stpres.obj
 0001:00020ad2       ?init@PRESSURE_CONTROL_CLASS@@QAEXXZ 00421ad2 f   v5subs:stpres.obj
 0001:00020b5d       ?save@PRESSURE_CONTROL_CLASS@@QAEEAAVSTRING_CLASS@@00@Z 00421b5d f   v5subs:stpres.obj
 0001:00020e0f       ??0STRINGTABLE_CLASS@@QAE@XZ 00421e0f f   v5subs:stringtable.obj
 0001:00020e27       ??1STRINGTABLE_CLASS@@QAE@XZ 00421e27 f   v5subs:stringtable.obj
 0001:00020e51       ?append@STRINGTABLE_CLASS@@QAE_NAAVSTRING_CLASS@@PA_W@Z 00421e51 f   v5subs:stringtable.obj
 0001:00020e63       ?find@STRINGTABLE_CLASS@@QAEPA_WPA_W@Z 00421e63 f   v5subs:stringtable.obj
 0001:00020eb7       ?find@STRINGTABLE_CLASS@@QAE_NAAVSTRING_CLASS@@0@Z 00421eb7 f   v5subs:stringtable.obj
 0001:00020ed7       ?find@STRINGTABLE_CLASS@@QAE_NAAVSTRING_CLASS@@PA_W@Z 00421ed7 f   v5subs:stringtable.obj
 0001:00020ee9       ?find@STRINGTABLE_CLASS@@QAE_NAAVSTRING_CLASS@@PA_W_N@Z 00421ee9 f   v5subs:stringtable.obj
 0001:00020f99       ?set_language@STRINGTABLE_CLASS@@QAEXAAVSTRING_CLASS@@@Z 00421f99 f   v5subs:stringtable.obj
 0001:00021080       ??0SURETRAK_SETUP_CLASS@@QAE@XZ 00422080 f   v5subs:stsetup.obj
 0001:000210a6       ??1SURETRAK_SETUP_CLASS@@QAE@XZ 004220a6 f   v5subs:stsetup.obj
 0001:000210b1       ?accel_value@SURETRAK_SETUP_CLASS@@QAENXZ 004220b1 f   v5subs:stsetup.obj
 0001:000210c2       ?append@SURETRAK_SETUP_CLASS@@QAEEXZ 004220c2 f   v5subs:stsetup.obj
 0001:000210db       ?clear_steps@SURETRAK_SETUP_CLASS@@QAEXXZ 004220db f   v5subs:stsetup.obj
 0001:00021109       ?empty@SURETRAK_SETUP_CLASS@@QAEXXZ 00422109 f   v5subs:stsetup.obj
 0001:00021190       ?end_pos_value@SURETRAK_SETUP_CLASS@@QAENXZ 00422190 f   v5subs:stsetup.obj
 0001:000211a1       ?find@SURETRAK_SETUP_CLASS@@QAEEAAVSTRING_CLASS@@00@Z 004221a1 f   v5subs:stsetup.obj
 0001:000213f0       ?gain_break_gain@SURETRAK_SETUP_CLASS@@QAEAAVSTRING_CLASS@@H@Z 004223f0 f   v5subs:stsetup.obj
 0001:00021412       ?gain_break_gain_value@SURETRAK_SETUP_CLASS@@QAENH@Z 00422412 f   v5subs:stsetup.obj
 0001:00021438       ?gain_break_velocity@SURETRAK_SETUP_CLASS@@QAEAAVSTRING_CLASS@@H@Z 00422438 f   v5subs:stsetup.obj
 0001:00021452       ?gain_break_velocity_value@SURETRAK_SETUP_CLASS@@QAENH@Z 00422452 f   v5subs:stsetup.obj
 0001:00021476       ?gotostep@SURETRAK_SETUP_CLASS@@QAEEH@Z 00422476 f   v5subs:stsetup.obj
 0001:000214c4       ?low_impact_value@SURETRAK_SETUP_CLASS@@QAENXZ 004224c4 f   v5subs:stsetup.obj
 0001:000214d5       ?next@SURETRAK_SETUP_CLASS@@QAEEXZ 004224d5 f   v5subs:stsetup.obj
 0001:000214fc       ?save@SURETRAK_SETUP_CLASS@@QAEEAAVSTRING_CLASS@@00@Z 004224fc f   v5subs:stsetup.obj
 0001:0002168f       ?set_accel@SURETRAK_SETUP_CLASS@@QAEXPA_W@Z 0042268f f   v5subs:stsetup.obj
 0001:000216bc       ?set_gain_break_gain@SURETRAK_SETUP_CLASS@@QAEXHAAVSTRING_CLASS@@@Z 004226bc f   v5subs:stsetup.obj
 0001:000216e2       ?set_gain_break_velocity@SURETRAK_SETUP_CLASS@@QAEXHAAVSTRING_CLASS@@@Z 004226e2 f   v5subs:stsetup.obj
 0001:00021706       ?set_vel@SURETRAK_SETUP_CLASS@@QAEXPA_W@Z 00422706 f   v5subs:stsetup.obj
 0001:00021733       ?vel_value@SURETRAK_SETUP_CLASS@@QAENXZ 00422733 f   v5subs:stsetup.obj
 0001:00021744       ??ZTIME_CLASS@@QAEXK@Z     00422744 f   v5subs:timeclas.obj
 0001:0002175a       ?dd@TIME_CLASS@@QAEPA_WXZ  0042275a f   v5subs:timeclas.obj
 0001:00021769       ?get@TIME_CLASS@@QAEEAAU_SYSTEMTIME@@@Z 00422769 f   v5subs:timeclas.obj
 0001:00021864       ?get_local_time@TIME_CLASS@@QAEXXZ 00422864 f   v5subs:timeclas.obj
 0001:0002189b       ?hh@TIME_CLASS@@QAEPA_WXZ  0042289b f   v5subs:timeclas.obj
 0001:000218a7       ?hhmmss@TIME_CLASS@@QAEPA_WXZ 004228a7 f   v5subs:timeclas.obj
 0001:00021914       ?jjj@TIME_CLASS@@QAEPA_WXZ 00422914 f   v5subs:timeclas.obj
 0001:000219ad       ?mm@TIME_CLASS@@QAEPA_WXZ  004229ad f   v5subs:timeclas.obj
 0001:000219b9       ?mmddyyyy@TIME_CLASS@@QAEPA_WXZ 004229b9 f   v5subs:timeclas.obj
 0001:00021a02       ?set@TIME_CLASS@@QAEEABU_SYSTEMTIME@@@Z 00422a02 f   v5subs:timeclas.obj
 0001:00021aa3       ?system_time@TIME_CLASS@@QAEAAU_SYSTEMTIME@@XZ 00422aa3 f   v5subs:timeclas.obj
 0001:00021ab3       ?yy@TIME_CLASS@@QAEPA_WXZ  00422ab3 f   v5subs:timeclas.obj
 0001:00021ac2       ?exists@PLOOKUP_CLASS@@QAEEXZ 00422ac2 f   v5subs:plookup.obj
 0001:00021aca       ?get@PLOOKUP_CLASS@@QAEHXZ 00422aca f   v5subs:plookup.obj
 0001:00021c01       ?get_last_shot_number@PLOOKUP_CLASS@@QAEHAAVSTRING_CLASS@@00@Z 00422c01 f   v5subs:plookup.obj
 0001:00021c40       ?init@PLOOKUP_CLASS@@QAEEAAVSTRING_CLASS@@00@Z 00422c40 f   v5subs:plookup.obj
 0001:00021c5c       ?put@PLOOKUP_CLASS@@QAEEXZ 00422c5c f   v5subs:plookup.obj
 0001:00021d7a       ??0PLOT_CLASS@@QAE@XZ      00422d7a f   v5subs:plotclas.obj
 0001:00021dda       ??1PLOT_CLASS@@QAE@XZ      00422dda f   v5subs:plotclas.obj
 0001:00021e09       ?add_axis@PLOT_CLASS@@QAEEJJMMK@Z 00422e09 f   v5subs:plotclas.obj
 0001:00021eca       ?add_curve@PLOT_CLASS@@QAEEJJJPAUFLOAT_POINT@@@Z 00422eca f   v5subs:plotclas.obj
 0001:00021f96       ?add_label@PLOT_CLASS@@QAEEJPA_WK@Z 00422f96 f   v5subs:plotclas.obj
 0001:0002200f       ?cleanup@PLOT_CLASS@@QAEXXZ 0042300f f   v5subs:plotclas.obj
 0001:00022026       ?draw_axes@PLOT_CLASS@@QAEXXZ 00423026 f   v5subs:plotclas.obj
 0001:0002210c       ?draw_curves@PLOT_CLASS@@QAEXXZ 0042310c f   v5subs:plotclas.obj
 0001:000222b3       ?draw_x_tics@PLOT_CLASS@@AAEXXZ 004232b3 f   v5subs:plotclas.obj
 0001:00022425       ?draw_y_tics@PLOT_CLASS@@AAEXXZ 00423425 f   v5subs:plotclas.obj
 0001:0002259a       ?empty_axes@PLOT_CLASS@@QAEXXZ 0042359a f   v5subs:plotclas.obj
 0001:000225c1       ?empty_curves@PLOT_CLASS@@QAEXXZ 004235c1 f   v5subs:plotclas.obj
 0001:000225fb       ?empty_labels@PLOT_CLASS@@QAEXXZ 004235fb f   v5subs:plotclas.obj
 0001:0002263a       ?findaxis@PLOT_CLASS@@QAEPAUAXIS_ENTRY@@J@Z 0042363a f   v5subs:plotclas.obj
 0001:0002266b       ?get_pixel_equation@PLOT_CLASS@@QAEEAAM0J@Z 0042366b f   v5subs:plotclas.obj
 0001:000226c9       ?paint@PLOT_CLASS@@QAEXPAUHDC__@@@Z 004236c9 f   v5subs:plotclas.obj
 0001:00022718       ?set_decimal_places@PLOT_CLASS@@QAEXJJ@Z 00423718 f   v5subs:plotclas.obj
 0001:0002272f       ?set_tic_count@PLOT_CLASS@@QAEXJJ@Z 0042372f f   v5subs:plotclas.obj
 0001:00022746       ?show_labels@PLOT_CLASS@@QAEXXZ 00423746 f   v5subs:plotclas.obj
 0001:000227ed       ?size@PLOT_CLASS@@QAEXPAUHWND__@@@Z 004237ed f   v5subs:plotclas.obj
 0001:0002283b       ?size@PLOT_CLASS@@QAEXPAUHWND__@@UtagRECT@@@Z 0042383b f   v5subs:plotclas.obj
 0001:00022ab4       ?widest_char@PLOT_CLASS@@AAEJPA_W@Z 00423ab4 f   v5subs:plotclas.obj
 0001:00022af3       ??0RECTANGLE_CLASS@@QAE@JJJJ@Z 00423af3 f   v5subs:rectclas.obj
 0001:00022b13       ??0RECTANGLE_CLASS@@QAE@XZ 00423b13 f   v5subs:rectclas.obj
 0001:00022b23       ??4RECTANGLE_CLASS@@QAEXABV0@@Z 00423b23 f   v5subs:rectclas.obj
 0001:00022b40       ?contains@RECTANGLE_CLASS@@QAEEABUtagPOINT@@@Z 00423b40 f   v5subs:rectclas.obj
 0001:00022b65       ?fill@RECTANGLE_CLASS@@QAEXPAUHDC__@@K@Z 00423b65 f   v5subs:rectclas.obj
 0001:00022ba7       ?offset@RECTANGLE_CLASS@@QAEXJJ@Z 00423ba7 f   v5subs:rectclas.obj
 0001:00022bbd       ?setsize@RECTANGLE_CLASS@@QAEXUtagSIZE@@@Z 00423bbd f   v5subs:rectclas.obj
 0001:00022bd3       ?adjust_for_units@@YAMFMF@Z 00423bd3 f   v5subs:unitadj.obj
 0001:00022bfb       ?adjust_for_units@@YANFNF@Z 00423bfb f   v5subs:unitadj.obj
 0001:00023137       ?dups_to_vu@@YANFF@Z       00424137 f   v5subs:unitadj.obj
 0001:000231ae       ?boolean_from_ini@@YAEPB_W00@Z 004241ae f   v5subs:get_ini.obj
 0001:000231d0       ?get_ini_string@@YAPA_WPB_W00@Z 004241d0 f   v5subs:get_ini.obj
 0001:000231f6       ?get_long_ini_string@@YAPA_WPB_W00@Z 004241f6 f   v5subs:get_ini.obj
 0001:0002326b       ?put_ini_string@@YAXPB_W000@Z 0042426b f   v5subs:get_ini.obj
 0001:000232de       ??_ECHOOSE_WIRE_CLASS@@UAEPAXI@Z 004242de f i v5subs:choose_wire.obj
 0001:000232de       ??_GCHOOSE_WIRE_CLASS@@UAEPAXI@Z 004242de f i v5subs:choose_wire.obj
 0001:0002354f       ?check_wire@@YAEPAUHWND__@@@Z 0042454f f   v5subs:choose_wire.obj
 0001:000235fa       ?choose_wire@@YAEPAUHWND__@@0HHPAVMACHINE_CLASS@@PAVPART_CLASS@@PAVPARAMETER_CLASS@@PAVLIMIT_SWITCH_CLASS@@@Z 004245fa f   v5subs:choose_wire.obj
 0001:00023936       ?choose_wire_dialog_proc@@YGHPAUHWND__@@IIJ@Z 00424936 f   v5subs:choose_wire.obj
 0001:00023a9e       ?choose_wire_proc@@YGJPAUHWND__@@IIJ@Z 00424a9e f   v5subs:choose_wire.obj
 0001:00023c54       ?create_all_purpose_palette@@YAXPAUHWND__@@@Z 00424c54 f   v5subs:choose_wire.obj
 0001:00023ea8       ?ft_output_wire_dialog_proc@@YGHPAUHWND__@@IIJ@Z 00424ea8 f   v5subs:choose_wire.obj
 0001:00024626       ?register_choose_wire_control@@YAXXZ 00425626 f   v5subs:choose_wire.obj
 0001:00024a2a       ?wire_number@CHOOSE_WIRE_CLASS@@QAEHXZ 00425a2a f   v5subs:choose_wire.obj
 0001:00024a3f       ?char_to_tchar@@YAXPA_WPADH@Z 00425a3f f   v5subs:mem.obj
 0001:00024a92       ?charlen@@YAFPB_WF@Z       00425a92 f   v5subs:mem.obj
 0001:00024ab9       ?compare@@YAFPB_W0F@Z      00425ab9 f   v5subs:mem.obj
 0001:00024b21       ?copy_w_char@@YAPA_WPA_W0_W@Z 00425b21 f   v5subs:mem.obj
 0001:00024b3c       ?copychars@@YAXPA_WPB_WF@Z 00425b3c f   v5subs:mem.obj
 0001:00024b62       ?copyfromstr@@YAXPA_WPB_WF@Z 00425b62 f   v5subs:mem.obj
 0001:00024ba5       ?copystring@@YAPA_WPA_WPB_W@Z 00425ba5 f   v5subs:mem.obj
 0001:00024be8       ?copystring@@YAPA_WPA_WPB_WH@Z 00425be8 f   v5subs:mem.obj
 0001:00024c36       ?countchars@@YAJ_WPB_W@Z   00425c36 f   v5subs:mem.obj
 0001:00024c54       ?fillchars@@YAXPA_W_WF@Z   00425c54 f   v5subs:mem.obj
 0001:00024c7f       ?findchar@@YAPB_W_WPB_W@Z  00425c7f f   v5subs:mem.obj
 0001:00024c7f       ?findchar@@YAPA_W_WPA_W@Z  00425c7f f   v5subs:mem.obj
 0001:00024c9a       ?findchar@@YAPA_W_WPA_WF@Z 00425c9a f   v5subs:mem.obj
 0001:00024cc5       ?findstring@@YAPA_WPB_WPA_W@Z 00425cc5 f   v5subs:mem.obj
 0001:00024d43       ?maketext@@YAPA_WJ@Z       00425d43 f   v5subs:mem.obj
 0001:00024d6c       ?maketext@@YAPA_WPB_W@Z    00425d6c f   v5subs:mem.obj
 0001:00024d7a       ?maketext@@YAPA_WPB_WJ@Z   00425d7a f   v5subs:mem.obj
 0001:00024dad       ?move_string_forward@@YAXPA_WH@Z 00425dad f   v5subs:mem.obj
 0001:00024de3       ?nextstring@@YAPA_WPA_W@Z  00425de3 f   v5subs:mem.obj
 0001:00024df7       ?remove_char@@YAXPA_W@Z    00425df7 f   v5subs:mem.obj
 0001:00024e1d       ?replace_char_with_null@@YAEPA_WPB_W@Z 00425e1d f   v5subs:mem.obj
 0001:00024e69       ?replace_char_with_null@@YAEPA_W_W@Z 00425e69 f   v5subs:mem.obj
 0001:00024e98       ?replace_tab_with_null@@YAEPA_W@Z 00425e98 f   v5subs:mem.obj
 0001:00024eac       ?start_chars_are_equal@@YA_NPB_W0@Z 00425eac f   v5subs:mem.obj
 0001:00024ee2       ?strings_are_equal@@YAEPB_W0@Z 00425ee2 f   v5subs:mem.obj
 0001:00024f17       ?strings_are_equal@@YAEPB_W0F@Z 00425f17 f   v5subs:mem.obj
 0001:00024f33       ?strip@@YAXPA_W@Z          00425f33 f   v5subs:mem.obj
 0001:00024f64       ?trim@@YAXPA_W@Z           00425f64 f   v5subs:mem.obj
 0001:00024f96       ?upper_case@@YAXAA_W@Z     00425f96 f   v5subs:mem.obj
 0001:00024fba       ?upper_case@@YAXPA_W@Z     00425fba f   v5subs:mem.obj
 0001:00024feb       ?utoi@@YAHI@Z              00425feb f   v5subs:mem.obj
 0001:00024ff0       ?current_part_name@@YAEAAVSTRING_CLASS@@00@Z 00425ff0 f   v5subs:current.obj
 0001:0002507a       ?set_current_part_name@@YAEAAVSTRING_CLASS@@00@Z 0042607a f   v5subs:current.obj
 0001:00025107       ??0EVENT_ENTRY@@QAE@XZ     00426107 f i v5subs:client.obj
 0001:0002511e       ??_GEVENT_ENTRY@@QAEPAXI@Z 0042611e f i v5subs:client.obj
 0001:00025144       ?client_dde_shutdown@@YAXXZ 00426144 f   v5subs:client.obj
 0001:00025200       ?client_dde_startup@@YAXPAUHWND__@@@Z 00426200 f   v5subs:client.obj
 0001:00025222       ?client_dde_startup@@YAXXZ 00426222 f   v5subs:client.obj
 0001:000252b6       ?connect_to_server@@YAPAUHCONV__@@PA_W@Z 004262b6 f   v5subs:client.obj
 0001:00025319       ?connect_to_server@@YAXXZ  00426319 f   v5subs:client.obj
 0001:00025381       ?dde_callback@@YGPAUHDDEDATA__@@IIPAUHCONV__@@PAUHSZ__@@1PAU1@KK@Z 00426381 f   v5subs:client.obj
 0001:0002547f       ?find_conversation@@YAPAUEVENT_ENTRY@@PAUHCONV__@@@Z 0042647f f   v5subs:client.obj
 0001:0002551a       ?get_current_password_level@@YAXXZ 0042651a f   v5subs:client.obj
 0001:0002555f       ?hot_links@@YAXPAUEVENT_ENTRY@@I@Z 0042655f f   v5subs:client.obj
 0001:00025598       ?one_hot_link@@YAXPAUHCONV__@@FI@Z 00426598 f   v5subs:client.obj
 0001:000255ff       ?poke_data@@YAXPA_W00@Z    004265ff f   v5subs:client.obj
 0001:000256fa       ?register_for_event@@YAXPA_WFP6AX0FPAUHDDEDATA__@@@Z@Z 004266fa f   v5subs:client.obj
 0001:000257cd       ?unregister_for_event@@YAXPA_WF@Z 004267cd f   v5subs:client.obj
 0001:00025852       ?append_backslash_to_path@@YAXPA_W@Z 00426852 f   v5subs:path.obj
 0001:00025881       ?append_filename_to_path@@YAXPA_WPB_W@Z 00426881 f   v5subs:path.obj
 0001:0002589a       ?catpath@@YAPA_WPA_WPB_W@Z 0042689a f   v5subs:path.obj
 0001:000258f5       ?create_directory@@YAEPA_W@Z 004268f5 f   v5subs:path.obj
 0001:00025a45       ?dir_from_command_line@@YAEPA_W@Z 00426a45 f   v5subs:path.obj
 0001:00025a6f       ?dir_from_filename@@YAEPA_W@Z 00426a6f f   v5subs:path.obj
 0001:00025ac1       ?execute@@YAEPA_W@Z        00426ac1 f   v5subs:path.obj
 0001:00025aed       ?remove_backslash_from_path@@YAXPA_W@Z 00426aed f   v5subs:path.obj
 0001:00025b1d       ?get_startup_part@@YAEAAVSTRING_CLASS@@0@Z 00426b1d f   v5subs:startpar.obj
 0001:00025be8       ?fix_dde_name@@YAXPA_W@Z   00426be8 f   v5subs:fix.obj
 0001:00025c17       ?highest_password_level@@YAFXZ 00426c17 f   v5subs:pw.obj
 0001:00025cc7       ?log_file_string@@YAEAAVSTRING_CLASS@@PA_W1000@Z 00426cc7 f   v5subs:log_file_string.obj
 0001:00025dee       ?part_exists@@YAEAAVSTRING_CLASS@@00@Z 00426dee f   v5subs:pexists.obj
 0001:00025e37       ?maxfloat@@YAXAAMM@Z       00426e37 f   v5subs:maximize.obj
 0001:00025e4b       ?is_empty@@YAEPB_W@Z       00426e4b f   v5subs:is_empty.obj
 0001:00025e6c       ?is_float_zero@@YAEM@Z     00426e6c f   v5subs:zero.obj
 0001:00025e9c       ?is_zero@@YA_NN@Z          00426e9c f   v5subs:zero.obj
 0001:00025ec0       ?not_float_zero@@YAEM@Z    00426ec0 f   v5subs:zero.obj
 0001:00025ef0       ?not_zero@@YA_NN@Z         00426ef0 f   v5subs:zero.obj
 0001:00025f13       ?ascii_to_bool@@YA_NPA_W@Z 00426f13 f   v5subs:misc.obj
 0001:00025f32       ?boolean_to_ascii@@YAPA_WE@Z 00426f32 f   v5subs:misc.obj
 0001:00025f45       ?mask_from_wire@@YAII@Z    00426f45 f   v5subs:misc.obj
 0001:00025f54       ?round@@YANNN@Z            00426f54 f   v5subs:misc.obj
 0001:00025f98       ?unknown@@YAEPA_W@Z        00426f98 f   v5subs:misc.obj
 0001:00025fae       ?unknown_string@@YAPA_WXZ  00426fae f   v5subs:misc.obj
 0001:00025fb4       ?wire_from_mask@@YAII@Z    00426fb4 f   v5subs:misc.obj
 0001:00025fc9       ??0SHOT_NAME_CLASS@@QAE@XZ 00426fc9 f   v5subs:shot_name.obj
 0001:00025fc9       ??0SHOT_NAME_RESET_CLASS@@QAE@XZ 00426fc9 f   v5subs:shot_name_reset.obj
 0001:00025fc9       ??0PLOOKUP_CLASS@@QAE@XZ   00426fc9 f   v5subs:plookup.obj
 0001:00025fc9       ??0EXTERNAL_SHOT_NAME_CLASS@@QAE@XZ 00426fc9 f   v5subs:shot_name.obj
 0001:00025fdd       ??1SHOT_NAME_RESET_CLASS@@QAE@XZ 00426fdd f   v5subs:shot_name_reset.obj
 0001:00025fdd       ??1SHOT_NAME_CLASS@@QAE@XZ 00426fdd f   v5subs:shot_name.obj
 0001:00025fdd       ??1EXTERNAL_SHOT_NAME_CLASS@@QAE@XZ 00426fdd f   v5subs:shot_name.obj
 0001:00025fdd       ??1PLOOKUP_CLASS@@QAE@XZ   00426fdd f   v5subs:plookup.obj
 0001:00026042       ?get@EXTERNAL_SHOT_NAME_CLASS@@QAEHAAVSTRING_CLASS@@00@Z 00427042 f   v5subs:shot_name.obj
 0001:00026071       ?get@EXTERNAL_SHOT_NAME_CLASS@@QAEHXZ 00427071 f   v5subs:shot_name.obj
 0001:000262a4       ?get@SHOT_NAME_CLASS@@QAEHXZ 004272a4 f   v5subs:shot_name.obj
 0001:000262c1       ?get_shot_name_template@SHOT_NAME_CLASS@@QAEEAAVSTRING_CLASS@@@Z 004272c1 f   v5subs:shot_name.obj
 0001:000262e1       ?init@EXTERNAL_SHOT_NAME_CLASS@@QAEEAAVSTRING_CLASS@@00@Z 004272e1 f   v5subs:shot_name.obj
 0001:000262fd       ?init@SHOT_NAME_CLASS@@QAEEAAVSTRING_CLASS@@00@Z 004272fd f   v5subs:shot_name.obj
 0001:00026319       ?is_enabled@EXTERNAL_SHOT_NAME_CLASS@@QAEEXZ 00427319 f   v5subs:shot_name.obj
 0001:00026330       ?put@EXTERNAL_SHOT_NAME_CLASS@@QAEEXZ 00427330 f   v5subs:shot_name.obj
 0001:0002634b       ?put@SHOT_NAME_CLASS@@QAEEXZ 0042734b f   v5subs:shot_name.obj
 0001:00026366       ?set_defaults@EXTERNAL_SHOT_NAME_CLASS@@QAEXXZ 00427366 f   v5subs:shot_name.obj
 0001:00026412       ?set_defaults@SHOT_NAME_CLASS@@QAEXXZ 00427412 f   v5subs:shot_name.obj
 0001:000264be       ?set_enable@EXTERNAL_SHOT_NAME_CLASS@@QAEEE@Z 004274be f   v5subs:shot_name.obj
 0001:000264df       ?set_shot_name_length@SHOT_NAME_CLASS@@QAEEAAVSTRING_CLASS@@@Z 004274df f   v5subs:shot_name.obj
 0001:00026500       ?set_shot_name_template@SHOT_NAME_CLASS@@QAEEAAVSTRING_CLASS@@@Z 00427500 f   v5subs:shot_name.obj
 0001:00026521       ?shot_name@@YAEAAVSTRING_CLASS@@AAUPART_NAME_ENTRY@@H@Z 00427521 f   v5subs:shot_name.obj
 0001:0002654a       ?shot_name@@YAEAAVSTRING_CLASS@@AAUPART_NAME_ENTRY@@HAAVTIME_CLASS@@@Z 0042754a f   v5subs:shot_name.obj
 0001:00026b05       ?shot_name_length@SHOT_NAME_CLASS@@QAEHXZ 00427b05 f   v5subs:shot_name.obj
 0001:00026b2b       ??0UNITS_CLASS@@QAE@XZ     00427b2b f   v5subs:units.obj
 0001:00026b35       ??1PARAM_INDEX_CLASS@@QAE@XZ 00427b35 f   v5subs:param_index_class.obj
 0001:00026b35       ??1ANALOG_SENSOR@@QAE@XZ   00427b35 f   v5subs:asensor.obj
 0001:00026b35       ??1SURETRAK_PARAM_CLASS@@QAE@XZ 00427b35 f   v5subs:stparam.obj
 0001:00026b35       ??1RECTANGLE_CLASS@@QAE@XZ 00427b35 f   v5subs:rectclas.obj
 0001:00026b35       ??1FONT_CLASS@@QAE@XZ      00427b35 f   v5subs:fontclas.obj
 0001:00026b35       ??1UNITS_CLASS@@QAE@XZ     00427b35 f   v5subs:units.obj
 0001:00026b35       ??1SOURCE_DATA@@QAE@XZ     00427b35 f   v5subs:ftcalc.obj
 0001:00026b36       ?count@UNITS_CLASS@@QAEHXZ 00427b36 f   v5subs:units.obj
 0001:00026b3e       ?id@UNITS_CLASS@@QAEFXZ    00427b3e f   v5subs:units.obj
 0001:00026b58       ?name@UNITS_CLASS@@QAEPA_WXZ 00427b58 f   v5subs:units.obj
 0001:00026b76       ?next@UNITS_CLASS@@QAE_NXZ 00427b76 f   v5subs:units.obj
 0001:00026ba6       ?type@UNITS_CLASS@@QAEGXZ  00427ba6 f   v5subs:units.obj
 0001:00026bc1       ?units_id@@YAFPA_W@Z       00427bc1 f   v5subs:units.obj
 0001:00026c50       ?units_name@@YAPA_WF@Z     00427c50 f   v5subs:units.obj
 0001:00026c77       ?units_shutdown@@YAXXZ     00427c77 f   v5subs:units.obj
 0001:00026c8f       ?units_startup@@YAEXZ      00427c8f f   v5subs:units.obj
 0001:00026eeb       ?copypart@@YAEAAVSTRING_CLASS@@00000I@Z 00427eeb f   v5subs:copypart.obj
 0001:000285e3       ?average_character_width@@YAJPAUHDC__@@@Z 004295e3 f   v5subs:winsubs.obj
 0001:00028612       ?character_height@@YAJPAUHDC__@@@Z 00429612 f   v5subs:winsubs.obj
 0001:00028641       ?create_font@@YAPAUHFONT__@@PAUHDC__@@JJPA_W@Z 00429641 f   v5subs:winsubs.obj
 0001:000286d7       ?eb_select_all@@YAXPAUHWND__@@@Z 004296d7 f   v5subs:winsubs.obj
 0001:000286eb       ?get_double_from_ebox@@YANPAUHWND__@@@Z 004296eb f   v5subs:winsubs.obj
 0001:00028742       ?get_double_from_ebox@@YANPAUHWND__@@H@Z 00429742 f   v5subs:winsubs.obj
 0001:00028758       ?get_int_from_ebox@@YAHPAUHWND__@@@Z 00429758 f   v5subs:winsubs.obj
 0001:0002879e       ?get_int_from_ebox@@YAHPAUHWND__@@H@Z 0042979e f   v5subs:winsubs.obj
 0001:000287b4       ?get_text@@YAEPA_WPAUHWND__@@H@Z 004297b4 f   v5subs:winsubs.obj
 0001:000287dd       ?get_text@@YAEPA_WPAUHWND__@@HH@Z 004297dd f   v5subs:winsubs.obj
 0001:000287fd       ?is_a_listbox@@YAEPAUHWND__@@@Z 004297fd f   v5subs:winsubs.obj
 0001:0002886b       ?is_checked@@YAEPAUHWND__@@@Z 0042986b f   v5subs:winsubs.obj
 0001:00028886       ?is_checked@@YAEPAUHWND__@@H@Z 00429886 f   v5subs:winsubs.obj
 0001:0002889c       ?limit_text@@YAXPAUHWND__@@H@Z 0042989c f   v5subs:winsubs.obj
 0001:000288b2       ?limit_text@@YAXPAUHWND__@@HH@Z 004298b2 f   v5subs:winsubs.obj
 0001:000288cd       ?pixel_width@@YAJPAUHDC__@@PA_W@Z 004298cd f   v5subs:winsubs.obj
 0001:000288f3       ?pixel_width@@YAJPAUHDC__@@PA_WJ@Z 004298f3 f   v5subs:winsubs.obj
 0001:00028912       ?resource_string@@YAPA_WPAUHINSTANCE__@@I@Z 00429912 f   v5subs:winsubs.obj
 0001:00028940       ?set_checkbox@@YAXPAUHWND__@@E@Z 00429940 f   v5subs:winsubs.obj
 0001:0002895c       ?set_checkbox@@YAXPAUHWND__@@HE@Z 0042995c f   v5subs:winsubs.obj
 0001:00028977       ?set_current_lb_item@@YAEPAUHWND__@@HPA_W@Z 00429977 f   v5subs:winsubs.obj
 0001:00028992       ?set_current_lb_item@@YAEPAUHWND__@@PA_W@Z 00429992 f   v5subs:winsubs.obj
 0001:000289c4       ?set_int_in_ebox@@YAXPAUHWND__@@H@Z 004299c4 f   v5subs:winsubs.obj
 0001:000289f3       ?set_int_in_ebox@@YAXPAUHWND__@@HH@Z 004299f3 f   v5subs:winsubs.obj
 0001:00028a0e       ?set_listbox_tabs_from_title_positions@@YAXPAUHWND__@@IPAHH@Z 00429a0e f   v5subs:winsubs.obj
 0001:00028b26       ?set_text@@YAEPAUHWND__@@HPB_W@Z 00429b26 f   v5subs:winsubs.obj
 0001:00028b41       ?set_text@@YAEPAUHWND__@@PB_W@Z 00429b41 f   v5subs:winsubs.obj
 0001:00028b6a       ?show_window@@YAXPAUHWND__@@E@Z 00429b6a f   v5subs:winsubs.obj
 0001:00028b82       ?show_window@@YAXPAUHWND__@@HE@Z 00429b82 f   v5subs:winsubs.obj
 0001:00028ba5       ?shrinkwrap@@YAXPAUHWND__@@0@Z 00429ba5 f   v5subs:winsubs.obj
 0001:00028c3b       ?hourglass_cursor@@YAXXZ   00429c3b f   v5subs:hourglas.obj
 0001:00028c68       ?restore_cursor@@YAXXZ     00429c68 f   v5subs:hourglas.obj
 0001:00028e4c       ?register_temp_message@@YAXXZ 00429e4c f   v5subs:temp_message.obj
 0001:00028eb2       ?temp_message@@YAXPA_W@Z   00429eb2 f   v5subs:temp_message.obj
 0001:00028ec3       ?temp_message@@YAXPA_WH@Z  00429ec3 f   v5subs:temp_message.obj
 0001:00028f7b       ?temp_message_proc@@YGJPAUHWND__@@IIJ@Z 00429f7b f   v5subs:temp_message.obj
 0001:00029042       ?get@SHOT_NAME_RESET_CLASS@@QAEHXZ 0042a042 f   v5subs:shot_name_reset.obj
 0001:0002905f       ?init@SHOT_NAME_RESET_CLASS@@QAEEAAVSTRING_CLASS@@00@Z 0042a05f f   v5subs:shot_name_reset.obj
 0001:0002907b       ?is_enabled@SHOT_NAME_RESET_CLASS@@QAEEXZ 0042a07b f   v5subs:shot_name_reset.obj
 0001:00029092       ?purge_on_reset@SHOT_NAME_RESET_CLASS@@QAEEXZ 0042a092 f   v5subs:shot_name_reset.obj
 0001:000290a9       ?put@SHOT_NAME_RESET_CLASS@@QAEEXZ 0042a0a9 f   v5subs:shot_name_reset.obj
 0001:000290c4       ?reset_time@SHOT_NAME_RESET_CLASS@@QAEAAVSTRING_CLASS@@XZ 0042a0c4 f   v5subs:shot_name_reset.obj
 0001:000290d8       ?set_defaults@SHOT_NAME_RESET_CLASS@@QAEXXZ 0042a0d8 f   v5subs:shot_name_reset.obj
 0001:00029184       ?set_enable@SHOT_NAME_RESET_CLASS@@QAEXE@Z 0042a184 f   v5subs:shot_name_reset.obj
 0001:000291aa       ?set_purge_on_reset@SHOT_NAME_RESET_CLASS@@QAEXE@Z 0042a1aa f   v5subs:shot_name_reset.obj
 0001:000291d0       ?set_time@SHOT_NAME_RESET_CLASS@@QAEXAAVSTRING_CLASS@@@Z 0042a1d0 f   v5subs:shot_name_reset.obj
 0001:000291f6       ?check@TEXT_LEN_CLASS@@QAEXPA_W@Z 0042a1f6 f   v5subs:textlen.obj
 0001:00029239       ??0TEXT_LIST_CLASS@@QAE@XZ 0042a239 f   v5subs:textlist.obj
 0001:00029239       ??0MACHINE_NAME_LIST_CLASS@@QAE@XZ 0042a239 f   v5subs:machname.obj
 0001:00029249       ??1TEXT_LIST_CLASS@@QAE@XZ 0042a249 f   v5subs:textlist.obj
 0001:0002925a       ??4TEXT_LIST_CLASS@@QAEXAAV0@@Z 0042a25a f   v5subs:textlist.obj
 0001:000292a5       ?append@TEXT_LIST_CLASS@@QAEEPA_WJ@Z 0042a2a5 f   v5subs:textlist.obj
 0001:0002931c       ?empty@TEXT_LIST_CLASS@@QAEXXZ 0042a31c f   v5subs:textlist.obj
 0001:00029346       ?get_directory_list@TEXT_LIST_CLASS@@QAEXPB_W@Z 0042a346 f   v5subs:textlist.obj
 0001:000293fc       ?remove@TEXT_LIST_CLASS@@QAEEXZ 0042a3fc f   v5subs:textlist.obj
 0001:0002941f       ??0WARMUP_CLASS@@QAE@XZ    0042a41f f   v5subs:warmupcl.obj
 0001:00029439       ?create_runlist@WARMUP_CLASS@@QAEEAAVSTRING_CLASS@@00@Z 0042a439 f   v5subs:warmupcl.obj
 0001:0002965b       ?get@WARMUP_CLASS@@QAEEAAVSTRING_CLASS@@00@Z 0042a65b f   v5subs:warmupcl.obj
 0001:00029737       ?put@WARMUP_CLASS@@QAEEAAVSTRING_CLASS@@00@Z 0042a737 f   v5subs:warmupcl.obj
[...]
 0003:0000ca90       ?lb@?1??multipart_runlist_setup_dialog_proc@@YGHPAUHWND__@@IIJ@Z@4VLISTBOX_CLASS@@A 00453a90     editpart.obj
 0003:0000caa4       ?$S3@?1??multipart_runlist_setup_dialog_proc@@YGHPAUHWND__@@IIJ@Z@4IA 00453aa4     editpart.obj
 0003:0000caa8       ?s@?1??check_break_gain_values@@YA_NXZ@4VSTRING_CLASS@@A 00453aa8     editpart.obj
 0003:0000cab0       ?$S5@?1??check_break_gain_values@@YA_NXZ@4IA 00453ab0     editpart.obj
 0003:0000cab4       ?mlb@?1??save_all_parts_dialog_proc@@YGHPAUHWND__@@IIJ@Z@4VLISTBOX_CLASS@@A 00453ab4     editpart.obj
 0003:0000cac8       ?$S6@?1??save_all_parts_dialog_proc@@YGHPAUHWND__@@IIJ@Z@4IA 00453ac8     editpart.obj
 0003:0000cacc       ?nof_machines@?1??save_all_parts_dialog_proc@@YGHPAUHWND__@@IIJ@Z@4HA 00453acc     editpart.obj
 0003:0000cad0       ?plb@?1??save_all_parts_dialog_proc@@YGHPAUHWND__@@IIJ@Z@4VLISTBOX_CLASS@@A 00453ad0     editpart.obj
 0003:0000cae4       ?nof_parts@?1??save_all_parts_dialog_proc@@YGHPAUHWND__@@IIJ@Z@4HA 00453ae4     editpart.obj
 0003:0000cae8       ?mi@?1??save_all_parts_dialog_proc@@YGHPAUHWND__@@IIJ@Z@4HA 00453ae8     editpart.obj
 0003:0000caec       ?pi@?1??save_all_parts_dialog_proc@@YGHPAUHWND__@@IIJ@Z@4HA 00453aec     editpart.obj
 0003:0000caf0       ?s@?1??save_all_parts_dialog_proc@@YGHPAUHWND__@@IIJ@Z@4VSTRING_CLASS@@A 00453af0     editpart.obj
 0003:0000caf8       ?ori@?1??save_all_parts_dialog_proc@@YGHPAUHWND__@@IIJ@Z@4UPART_NAME_ENTRY@@A 00453af8     editpart.obj
 0003:0000cb20       _LoadingStaticText         00453b20     edparam.obj
 0003:0000cb24       _CurrentParameterIndex     00453b24     edparam.obj
 0003:0000cb80       _WindowInfo                00453b80     edparam.obj
 0003:0000cbd0       ?noname@?1??name@VARTYPE_CLASS@@QAEAAVSTRING_CLASS@@XZ@4V3@A 00453bd0     edparam.obj
 0003:0000cbd8       ?$S1@?1??name@VARTYPE_CLASS@@QAEAAVSTRING_CLASS@@XZ@4IA 00453bd8     edparam.obj
 0003:0000cbdc       ?noname@?1??name@VARTYPE_CLASS@@QAEAAVSTRING_CLASS@@G@Z@4V3@A 00453bdc     edparam.obj
 0003:0000cbe4       ?$S2@?1??name@VARTYPE_CLASS@@QAEAAVSTRING_CLASS@@G@Z@4IA 00453be4     edparam.obj
 0003:0000cbe8       ?end_point_ebox@?1??ft_analog_proc@@YGHPAUHWND__@@IIJ@Z@4VWINDOW_CLASS@@A 00453be8     edparam.obj
 0003:0000cbf0       ?$S3@?1??ft_analog_proc@@YGHPAUHWND__@@IIJ@Z@4IA 00453bf0     edparam.obj
 0003:0000cbf4       ?end_point_tbox@?1??ft_analog_proc@@YGHPAUHWND__@@IIJ@Z@4VWINDOW_CLASS@@A 00453bf4     edparam.obj
 0003:0000cbfc       ?start_point_tbox@?1??ft_analog_proc@@YGHPAUHWND__@@IIJ@Z@4VWINDOW_CLASS@@A 00453bfc     edparam.obj
 0003:0000cc04       _CalcWindow                00453c04     calc.obj
 0003:0000cc08       _DensityDialogWindow       00453c08     calc.obj
 0003:0000cc0c       _ProgramIsUpdating         00453c0c     calc.obj
 0003:0000cc0d       _DensityIsUpdating         00453c0d     calc.obj
 0003:0000cc0e       _SyncPlungerDiameter       00453c0e     calc.obj
 0003:0000cc10       _CurrentDensityIndex       00453c10     calc.obj
 0003:0000cc14       _CurrentDistanceUnit       00453c14     calc.obj
 0003:0000cc18       _CurrentAreaUnit           00453c18     calc.obj
 0003:0000cc1c       _CurrentVolumeUnit         00453c1c     calc.obj
 0003:0000cc20       _CurrentVelocityUnit       00453c20     calc.obj
 0003:0000cc24       _CurrentWeightUnit         00453c24     calc.obj
 0003:0000cc28       ?tabs@?1??set_tab_stops@@YAXXZ@4PAHA 00453c28     calc.obj
 0003:0000cc30       _DriveName                 00453c30     v5subs:exists.obj
 0003:0000cc38       ?s@?1??ascii_double@@YAPA_WN@Z@4PA_WA 00453c38     v5subs:ascfloat.obj
 0003:0000cc8c       _NullChar                  00453c8c     v5subs:extract.obj
 0003:0000cc90       ?s@?1??int32toasc@@YAPA_WJ@Z@4PA_WA 00453c90     v5subs:itoasc.obj
 0003:0000ccb8       ?s@?1??ultoascii@@YAPA_WKK@Z@4PA_WA 00453cb8     v5subs:itoasc.obj
 0003:0000cce4       _NullChar                  00453ce4     v5subs:stringcl.obj
 0003:0000cce8       _NullChar                  00453ce8     v5subs:nameclas.obj
 0003:0000ccec       _EmptyString               00453cec     v5subs:nameclas.obj
 0003:0000ccf4       _MyComputer                00453cf4     v5subs:nameclas.obj
 0003:0000cd00       ?empty_double@?1???ADOUBLE_ARRAY_CLASS@@QAEAANJ@Z@4NA 00453d00     v5subs:array.obj
 0003:0000cd08       ?empty_int@?1???AINT32_ARRAY_CLASS@@QAEAAJJ@Z@4JA 00453d08     v5subs:array.obj
 0003:0000cd0c       ?empty_int@?1???AINT_ARRAY_CLASS@@QAEAAHH@Z@4HA 00453d0c     v5subs:array.obj
 0003:0000cd10       _SensorArray               00453d10     v5subs:asensor.obj
 0003:0000cd14       _NofSensors                00453d14     v5subs:asensor.obj
 0003:0000cd18       _EmptySensor               00453d18     v5subs:asensor.obj
 0003:0000cd64       _emptystring               00453d64     v5subs:chaxis.obj
 0003:0000cd68       _NofColors                 00453d68     v5subs:color.obj
 0003:0000cd6c       _ColorArray                00453d6c     v5subs:color.obj
 0003:0000cd70       _NullChar                  00453d70     v5subs:iniclass.obj
 0003:0000cd74       ?empty_string@?1??get_string@INI_CLASS@@QAEPA_WXZ@4PA_WA 00453d74     v5subs:iniclass.obj
 0003:0000cd78       _EmptyString               00453d78     v5subs:listbox.obj
 0003:0000cd7c       _NullChar                  00453d7c     v5subs:computer.obj
 0003:0000cd80       _First                     00453d80     v5subs:computer.obj
 0003:0000cd84       _MyComputer                00453d84     v5subs:computer.obj
 0003:0000cd8c       _NoComputer                00453d8c     v5subs:computer.obj
 0003:0000cd94       _NofComputers              00453d94     v5subs:computer.obj
 0003:0000cd98       ?myemptystring@?1???ALIMIT_SWITCH_DESC_CLASS@@QAEAAVSTRING_CLASS@@H@Z@4V2@A 00453d98     v5subs:limit_switch_class.obj
 0003:0000cda0       ?$S1@?1???ALIMIT_SWITCH_DESC_CLASS@@QAEAAVSTRING_CLASS@@H@Z@4IA 00453da0     v5subs:limit_switch_class.obj
 0003:0000cda4       ?myemptystring@?1???ALIMIT_SWITCH_POS_CLASS@@QAEAAVSTRING_CLASS@@H@Z@4V2@A 00453da4     v5subs:limit_switch_class.obj
 0003:0000cdac       ?$S2@?1???ALIMIT_SWITCH_POS_CLASS@@QAEAAVSTRING_CLASS@@H@Z@4IA 00453dac     v5subs:limit_switch_class.obj
 0003:0000cdb0       ?myemptystring@?1???ALIMIT_SWITCH_WIRE_CLASS@@QAEAAVSTRING_CLASS@@H@Z@4V2@A 00453db0     v5subs:limit_switch_class.obj
 0003:0000cdb8       ?$S3@?1???ALIMIT_SWITCH_WIRE_CLASS@@QAEAAVSTRING_CLASS@@H@Z@4IA 00453db8     v5subs:limit_switch_class.obj
 0003:0000cdbc       _NullChar                  00453dbc     v5subs:param.obj
 0003:0000cdc0       _NullChar                  00453dc0     v5subs:setpoint.obj
 0003:0000cdc4       _empty_entry               00453dc4     v5subs:setpoint.obj
 0003:0000cdd4       _CNullChar                 00453dd4     v5subs:fileclas.obj
 0003:0000cdd8       _NullChar                  00453dd8     v5subs:fileclas.obj
 0003:0000cddc       _NullString                00453ddc     v5subs:fileclas.obj
 0003:0000cde0       _EmptyString               00453de0     v5subs:ftanalog.obj
 0003:0000cde4       _NullChar                  00453de4     v5subs:stpres.obj
 0003:0000cde8       _BaseDir                   00453de8     v5subs:stringtable.obj
 0003:0000cdf0       _DefaultLanguage           00453df0     v5subs:stringtable.obj
 0003:0000cdf8       _FontList                  00453df8     v5subs:stringtable.obj
 0003:0000cdfc       _Resources                 00453dfc     v5subs:stringtable.obj
 0003:0000ce04       ?s@?1??find@STRINGTABLE_CLASS@@QAEPA_WPA_W@Z@4VSTRING_CLASS@@A 00453e04     v5subs:stringtable.obj
 0003:0000ce0c       ?$S1@?1??find@STRINGTABLE_CLASS@@QAEPA_WPA_W@Z@4IA 00453e0c     v5subs:stringtable.obj
 0003:0000ce10       _EmptyString               00453e10     v5subs:stsetup.obj
 0003:0000ce14       _ZeroPointZero             00453e14     v5subs:stsetup.obj
 0003:0000ce1c       _DefaultBreakVelocity      00453e1c     v5subs:stsetup.obj
 0003:0000ce24       _DefaultBreakGain          00453e24     v5subs:stsetup.obj
 0003:0000ce2c       ?s@?1??float_value@@YANPA_W@Z@4PA_WA 00453e2c     v5subs:stsetup.obj
 0003:0000ce40       ?st@?1??system_time@TIME_CLASS@@QAEAAU_SYSTEMTIME@@XZ@4U3@A 00453e40     v5subs:timeclas.obj
 0003:0000ce50       ?s@?1??jjj@TIME_CLASS@@QAEPA_WXZ@4PA_WA 00453e50     v5subs:timeclas.obj
 0003:0000ce58       ?s@?1??mmddyyyy@TIME_CLASS@@QAEPA_WXZ@4PA_WA 00453e58     v5subs:timeclas.obj
 0003:0000ce70       ?s@?1??hhmmss@TIME_CLASS@@QAEPA_WXZ@4PA_WA 00453e70     v5subs:timeclas.obj
 0003:0000ce84       _NullChar                  00453e84     v5subs:plookup.obj
 0003:0000ce88       _BackgroundColor           00453e88     v5subs:plotclas.obj
 0003:0000ce8c       _SymbolHeight              00453e8c     v5subs:plotclas.obj
 0003:0000ce90       _SymbolWidth               00453e90     v5subs:plotclas.obj
 0003:0000ce98       _NullChar                  00453e98     v5subs:get_ini.obj
 0003:0000cea0       _Buf                       00453ea0     v5subs:get_ini.obj
 0003:0000d6a8       _Bitmap                    004546a8     v5subs:choose_wire.obj
 0003:0000d6ac       _LedBitmap                 004546ac     v5subs:choose_wire.obj
 0003:0000d6c0       _ChosenWire                004546c0     v5subs:choose_wire.obj
 0003:0000d6c4       _CurrentGoodShotWire       004546c4     v5subs:choose_wire.obj
 0003:0000d6c8       _CurrentOutputModule       004546c8     v5subs:choose_wire.obj
 0003:0000d6cc       _CurrentOutputType         004546cc     v5subs:choose_wire.obj
 0003:0000d6d0       _CurrentOutputIndex        004546d0     v5subs:choose_wire.obj
 0003:0000d6d4       _NofWires                  004546d4     v5subs:choose_wire.obj
 0003:0000d6d8       _LedRect                   004546d8     v5subs:choose_wire.obj
 0003:0000d6dc       _WireRect                  004546dc     v5subs:choose_wire.obj
 0003:0000d6e4       _NeedManualDialog          004546e4     v5subs:choose_wire.obj
 0003:0000d6e8       _ControlLedRect            004546e8     v5subs:choose_wire.obj
 0003:0000d7e8       _ControlWireRect           004547e8     v5subs:choose_wire.obj
 0003:0000d9e8       _MonitorLedRect            004549e8     v5subs:choose_wire.obj
 0003:0000da68       _MonitorWireRect           00454a68     v5subs:choose_wire.obj
 0003:0000dae8       _CenterX                   00454ae8     v5subs:choose_wire.obj
 0003:0000daec       _CenterY                   00454aec     v5subs:choose_wire.obj
 0003:0000daf0       _NullChar                  00454af0     v5subs:mem.obj
 0003:0000daf4       _MyMainWindow              00454af4     v5subs:client.obj
 0003:0000daf8       _EventList                 00454af8     v5subs:client.obj
 0003:0000db04       _ServerNameHandle          00454b04     v5subs:client.obj
 0003:0000db08       _DdeId                     00454b08     v5subs:client.obj
 0003:0000db0c       _ServerHandle              00454b0c     v5subs:client.obj
 0003:0000db10       ?s@?1??one_hot_link@@YAXPAUHCONV__@@FI@Z@4VSTRING_CLASS@@A 00454b10     v5subs:client.obj
 0003:0000db18       ?$S1@?1??one_hot_link@@YAXPAUHCONV__@@FI@Z@4IA 00454b18     v5subs:client.obj
 0003:0000db1c       _NullChar                  00454b1c     v5subs:path.obj
 0003:0000db20       _NullChar                  00454b20     v5subs:startpar.obj
 0003:0000db24       _NullChar                  00454b24     v5subs:fix.obj
 0003:0000db28       _NullChar                  00454b28     v5subs:log_file_string.obj
 0003:0000db2c       _EmptyString               00454b2c     v5subs:log_file_string.obj
 0003:0000db30       _NullChar                  00454b30     v5subs:shot_name.obj
 0003:0000db34       _EmptyString               00454b34     v5subs:units.obj
 0003:0000db38       _UnitsArray                00454b38     v5subs:units.obj
 0003:0000db3c       _NofUnits                  00454b3c     v5subs:units.obj
 0003:0000db40       ?TSL_INDEX@?1??copypart@@YAEAAVSTRING_CLASS@@00000I@Z@4HA 00454b40     v5subs:copypart.obj
 0003:0000db48       ?s@?1??resource_string@@YAPA_WPAUHINSTANCE__@@I@Z@4PA_WA 00454b48     v5subs:winsubs.obj
 0003:0000dd48       _OldCursor                 00454d48     v5subs:hourglas.obj
 0003:0000dd4c       _RefCount                  00454d4c     v5subs:hourglas.obj
 0003:0000dd50       _TempMessageWindow         00454d50     v5subs:temp_message.obj
 0003:0000dd54       _TempMessage               00454d54     v5subs:temp_message.obj
 0003:0000dd58       _TempMessageLen            00454d58     v5subs:temp_message.obj
 0003:0000dd5c       _TempMessageTimeoutMs      00454d5c     v5subs:temp_message.obj
 0003:0000dd60       _CenterTempMessage         00454d60     v5subs:temp_message.obj
 0003:0000dd64       ?timer_id@?1??temp_message_proc@@YGJPAUHWND__@@IIJ@Z@4IA 00454d64     v5subs:temp_message.obj
 0003:0000dd68       _NullChar                  00454d68     v5subs:shot_name_reset.obj
 0003:0000dd6c       _MyEmptyString             00454d6c     v5subs:shot_name_reset.obj
 0003:0000dd74       _NullChar                  00454d74     v5subs:textlist.obj
 0003:0000dd78       _EmptyString               00454d78     v5subs:warmupcl.obj
 0003:0000dd80       ?s@?1??full_name@WORKER_LIST_CLASS@@QAEPA_WPA_W@Z@4PA_WA 00454d80     v5subs:workclas.obj
 0003:0000ddc0       ?hex@?1??append_value@FTII_VAR@@QAE_NAAVSTRING_CLASS@@@Z@4PA_WA 00454dc0     v5subs:ftiiclas.obj
 0003:0000dde8       _NullChar                  00454de8     v5subs:machname.obj
 0003:0000ddec       _EmptyString               00454dec     v5subs:machname.obj
 0003:0000ddf4       ?s@?1??alphadate@@YAPA_WABU_SYSTEMTIME@@@Z@4PA_WA 00454df4     v5subs:time.obj
 0003:0000de0c       ?s@?1??alphatime@@YAPA_WABU_SYSTEMTIME@@@Z@4PA_WA 00454e0c     v5subs:time.obj
 0003:0000de20       _OVERWRITE_EXISTING        00454e20     v5subs:callfile.obj
 0003:0000de28       _Msg                       00454e28     v5subs:error_ms.obj
 0003:0000dea4       _NullChar                  00454ea4     v5subs:insalph.obj
 0003:0000dea8       _ExeDirectory              00454ea8     v5subs:gexedir.obj
 0003:0000deb4       _NullChar                  00454eb4     v5subs:strarray.obj
 0003:0000deb8       ?s@?1??fixed_string@@YAPA_WNJJ@Z@4PA_WA 00454eb8     v5subs:ftoasc.obj
 0003:0000df14       _EmptyString               00454f14     v5subs:execwait.obj
 0003:0000df20       _NullChar                  00454f20     v5subs:shift.obj
 0003:0000df24       _NullChar                  00454f24     v5subs:hex.obj
 0003:0000df28       _GS_ExceptionRecord        00454f28     LIBCMT:gs_report.obj
 0003:0000df78       _GS_ContextRecord          00454f78     LIBCMT:gs_report.obj
 0003:0000e244       _DebuggerWasPresent        00455244     LIBCMT:gs_report.obj
 0003:0000e290       __pmatherr_set             00455290     LIBCMT:libm_error.obj
 0003:0000e29c       ___type_info_root_node     0045529c     LIBCMT:typname.obj
 0003:0000e3a8       ?_pgmname@?1??_setargv@@9@9 004553a8     LIBCMT:stdargv.obj
 0003:0000e4b8       ?outmsg@?9??_NMSG_WRITE@@9@9 004554b8     LIBCMT:crt0msg.obj
 0003:0000eb00       _fSystemSet                00455b00     LIBCMT:mbctype.obj
 0003:0000eb10       _lclcritsects              00455b10     LIBCMT:mlock.obj
 0003:0000ec68       _ctrlc_action              00455c68     LIBCMT:winsig.obj
 0003:0000ec6c       _ctrlbreak_action          00455c6c     LIBCMT:winsig.obj
 0003:0000ec70       _abort_action              00455c70     LIBCMT:winsig.obj
 0003:0000ec74       _term_action               00455c74     LIBCMT:winsig.obj
 0003:0000ec78       _ConsoleCtrlHandler_Installed 00455c78     LIBCMT:winsig.obj
 0003:0000ec7c       _g_pfnRtlGenRandom         00455c7c     LIBCMT:rand_s.obj
 0003:0000ecb0       _heap                      00455cb0     LIBCMT:undname.obj
 0003:0000eccc       ?pfnMessageBox@?1??__crtMessageBoxW@@9@9 00455ccc     LIBCMT:crtmboxw.obj
 0003:0000ecd0       ?pfnGetActiveWindow@?1??__crtMessageBoxW@@9@9 00455cd0     LIBCMT:crtmboxw.obj
 0003:0000ecd4       ?pfnGetLastActivePopup@?1??__crtMessageBoxW@@9@9 00455cd4     LIBCMT:crtmboxw.obj
 0003:0000ecd8       ?pfnGetProcessWindowStation@?1??__crtMessageBoxW@@9@9 00455cd8     LIBCMT:crtmboxw.obj
 0003:0000ecdc       ?pfnGetUserObjectInformation@?1??__crtMessageBoxW@@9@9 00455cdc     LIBCMT:crtmboxw.obj
 0003:0000ece8       ___crtCallProc             00455ce8     LIBCMT:winapinls.obj
 0004:00001080       $R000000                   00458080     editpart.res
 0004:000011f8       $R000178                   004581f8     editpart.res
 0004:00001610       $R000590                   00458610     editpart.res
 0004:00001dc0       $R000D40                   00458dc0     editpart.res
 0004:000029a8       $R001928                   004599a8     editpart.res
 0004:00002df0       $R001D70                   00459df0     editpart.res
 0004:00003378       $R0022F8                   0045a378     editpart.res
 0004:00003638       $R0025B8                   0045a638     editpart.res
 0004:00003e80       $R002E00                   0045ae80     editpart.res
 0004:00004218       $R003198                   0045b218     editpart.res
 0004:000049d0       $R003950                   0045b9d0     editpart.res
 0004:00005b10       $R004A90                   0045cb10     editpart.res
 0004:00006628       $R0055A8                   0045d628     editpart.res
 0004:000069f0       $R005970                   0045d9f0     editpart.res
 0004:00006da8       $R005D28                   0045dda8     editpart.res
 0004:00006ec0       $R005E40                   0045dec0     editpart.res
 0004:00007550       $R0064D0                   0045e550     editpart.res
 0004:00007ba8       $R006B28                   0045eba8     editpart.res
 0004:00008058       $R006FD8                   0045f058     editpart.res
 0004:000081e8       $R007168                   0045f1e8     editpart.res
 0004:00008330       $R0072B0                   0045f330     editpart.res
 0004:000083d0       $R007350                   0045f3d0     editpart.res
 0004:00008630       $R0075B0                   0045f630     editpart.res
 0004:00008818       $R007798                   0045f818     editpart.res
 0004:000088e0       $R007860                   0045f8e0     editpart.res
 0004:00008a38       $R0079B8                   0045fa38     editpart.res
 0004:00008b40       $R007AC0                   0045fb40     editpart.res
 0004:00008be0       $R007B60                   0045fbe0     editpart.res
 0004:00008ca0       $R007C20                   0045fca0     editpart.res
 0004:00008de0       $R007D60                   0045fde0     editpart.res
 0004:00008f00       $R007E80                   0045ff00     editpart.res
 0004:000091b8       $R008138                   004601b8     editpart.res
 0004:000094b0       $R008430                   004604b0     editpart.res
 0004:0000aae8       $R009A68                   00461ae8     editpart.res
 0004:0000ae50       $R009DD0                   00461e50     editpart.res
 0004:0000aea8       $R009E28                   00461ea8     editpart.res
 0004:0000af78       $R009EF8                   00461f78     editpart.res
 0004:0000b0e0       $R00A060                   004620e0     editpart.res
 0004:0000b298       $R00A218                   00462298     editpart.res
 0004:0000b4e0       $R00A460                   004624e0     editpart.res
 0004:0000b830       $R00A7B0                   00462830     editpart.res
 0004:0000b9d8       $R00A958                   004629d8     editpart.res
 0004:0000bb98       $R00AB18                   00462b98     editpart.res
 0004:0000c000       $R00AF80                   00463000     editpart.res
 0004:0000c010       $R00AF90                   00463010     editpart.res
 0004:0000c2f8       $R00B278                   004632f8     editpart.res
 0004:0000c310       $R00B290                   00463310     editpart.res
 0004:0000c5e8       $R00B568                   004635e8     editpart.res
 0004:0000c6b8       $R00B638                   004636b8     editpart.res
