 profile

 Timestamp is 607721e8 (Wed Apr 14 13:10:00 2021)

 Preferred load address is 00400000

 Start         Length     Name                   Class
 0001:00000000 00000730H .text$di                CODE
 0001:00000730 00060394H .text$mn                CODE
 0001:00060ac4 000003d9H .text$yd                CODE
 0002:00000000 00000448H .idata$5                DATA
 0002:00000448 00000004H .CRT$XCA                DATA
 0002:0000044c 00000160H .CRT$XCU                DATA
 0002:000005ac 00000004H .CRT$XCZ                DATA
 0002:000005b0 00000004H .CRT$XIA                DATA
 0002:000005b4 00000014H .CRT$XIC                DATA
 0002:000005c8 00000004H .CRT$XIY                DATA
 0002:000005cc 00000004H .CRT$XIZ                DATA
 0002:000005d0 00000004H .CRT$XPA                DATA
 0002:000005d4 00000008H .CRT$XPX                DATA
 0002:000005dc 00000004H .CRT$XPXA               DATA
 0002:000005e0 00000004H .CRT$XPZ                DATA
 0002:000005e4 00000004H .CRT$XTA                DATA
 0002:000005e8 00000004H .CRT$XTZ                DATA
 0002:000005f0 00008d60H .rdata                  DATA
 0002:00009350 00000974H .rdata$r                DATA
 0002:00009cd0 0000000cH .rdata$sxdata           DATA
 0002:00009cdc 00000004H .rtc$IAA                DATA
 0002:00009ce0 00000004H .rtc$IZZ                DATA
 0002:00009ce4 00000004H .rtc$TAA                DATA
 0002:00009ce8 00000004H .rtc$TZZ                DATA
 0002:00009cf0 0000034cH .xdata$x                DATA
 0002:0000a03c 00000000H .edata                  DATA
 0002:0000a03c 0000008cH .idata$2                DATA
 0002:0000a0c8 00000014H .idata$3                DATA
 0002:0000a0dc 00000448H .idata$4                DATA
 0002:0000a524 0000119cH .idata$6                DATA
 0003:00000000 000045e4H .data                   DATA
 0003:000045e4 00000390H .data$r                 DATA
 0003:00004980 00093e24H .bss                    DATA
 0004:00000000 000011e4H .rsrc$01                DATA
 0004:000011f0 0000c168H .rsrc$02                DATA

  Address         Publics by Value              Rva+Base       Lib:Object

 0000:00000000       ___guard_fids_count        00000000     <absolute>
 0000:00000000       ___guard_fids_table        00000000     <absolute>
 0000:00000000       __except_list              00000000     <absolute>
 0000:00000000       ___guard_flags             00000000     <absolute>
 0000:00000003       ___safe_se_handler_count   00000003     <absolute>
 0000:00000000       ___ImageBase               00400000     <linker-defined>
 0001:00000730       ??0FTANALOG_CLASS@@QAE@XZ  00401730 f i profile.obj
 0001:0000074d       ??0PROFILE_NAME_ENTRY@@QAE@XZ 0040174d f i profile.obj
 0001:00000771       ??1FTANALOG_CLASS@@QAE@XZ  00401771 f i profile.obj
 0001:0000078c       ??1FTCALC_CLASS@@QAE@XZ    0040178c f i profile.obj
 0001:000007cd       ??1MACHINE_CLASS@@QAE@XZ   004017cd f i profile.obj
 0001:0000082c       ??1MARKS_CLASS@@QAE@XZ     0040182c f i profile.obj
 0001:00000863       ??1PARAMETER_CLASS@@QAE@XZ 00401863 f i profile.obj
 0001:00000898       ??1PARAMETER_ENTRY@@QAE@XZ 00401898 f i profile.obj
 0001:000008c2       ??1PROFILE_NAME_ENTRY@@QAE@XZ 004018c2 f i profile.obj
 0001:000008e5       ??4FTII_VAR@@UAEXABV0@@Z   004018e5 f i profile.obj
 0001:000008f8       ??4FTII_VAR@@UAEXH@Z       004018f8 f i profile.obj
 0001:000008f8       ??4FTII_VAR@@UAEXI@Z       004018f8 f i profile.obj
 0001:00000902       ??_GFTII_VAR_ARRAY@@UAEPAXI@Z 00401902 f i profile.obj
 0001:00000902       ??_EFTII_VAR_ARRAY@@UAEPAXI@Z 00401902 f i profile.obj
 0001:0000091e       ?IsWindowsVersionOrGreater@@YA_NGGG@Z 0040191e f i profile.obj
 0001:000009e2       ?ZoomBoxProc@@YGHPAUHWND__@@IIJ@Z 004019e2 f   profile.obj
 0001:000009e2       ?SmallZoomBoxProc@@YGHPAUHWND__@@IIJ@Z 004019e2 f   profile.obj
 0001:00000a00       ?about_dialog_proc@@YGHPAUHWND__@@IIJ@Z 00401a00 f   profile.obj
 0001:00000a5f       ?add_to_backup_list@@YAXXZ 00401a5f f   profile.obj
 0001:00000ca3       ?adjust_all_y_axis_limits@@YAXXZ 00401ca3 f   profile.obj
 0001:00000ea3       ?alarm_log_setup_proc@@YGHPAUHWND__@@IIJ@Z 00401ea3 f   profile.obj
 0001:00000eec       ?alarm_summary_proc@@YGHPAUHWND__@@IIJ@Z 00401eec f   profile.obj
 0001:0000194c       ?choose_corner_parameters@@YAXXZ 0040294c f   profile.obj
 0001:00001972       ?choose_downtime_machine_dialog_proc@@YGHPAUHWND__@@IIJ@Z 00402972 f   profile.obj
 0001:00001a87       ?choose_language_dialog_proc@@YGHPAUHWND__@@IIJ@Z 00402a87 f   profile.obj
 0001:00001b5f       ?close_dialog@@YAXPAUHWND__@@@Z 00402b5f f   profile.obj
 0001:00001ebf       ?corner_param_dialog_proc@@YGHPAUHWND__@@IIJ@Z 00402ebf f   profile.obj
 0001:00001fbe       ?countchars@STRING_CLASS@@QAEJD@Z 00402fbe f i profile.obj
 0001:00002535       ?create_menu_help_box@@YAXXZ 00403535 f   profile.obj
 0001:000026d1       ?csv_shot_file_dialog_proc@@YGHPAUHWND__@@IIJ@Z 004036d1 f   profile.obj
 0001:000028fe       ?date_and_shift_string@@YAPADAAVTIME_CLASS@@J@Z 004038fe f   profile.obj
 0001:0000299f       ?day_param_eb_sub_proc@@YGJPAUHWND__@@IIJ@Z 0040399f f   profile.obj
 0001:00002a89       ?delete_file@NAME_CLASS@@QAEEXZ 00403a89 f i profile.obj
 0001:00002ad9       ?do_language_selection@@YAXPAUHWND__@@@Z 00403ad9 f   profile.obj
 0001:00003278       ?do_view_parameters_menu@@YAXXZ 00404278 f   profile.obj
 0001:0000332d       ?do_zoom_arrow_keys@@YAEH@Z 0040432d f   profile.obj
 0001:000035aa       ?down_data_callback@@YAXPADFPAUHDDEDATA__@@@Z 004045aa f   profile.obj
 0001:0000370e       ?downtime_entry_dialog_proc@@YGHPAUHWND__@@IIJ@Z 0040470e f   profile.obj
 0001:0000384c       ?downtime_entry_sub_proc@@YGJPAUHWND__@@IIJ@Z 0040484c f   profile.obj
 0001:000038c2       ?draw_axis@@YAXHFAAUtagRECT@@IGFF@Z 004048c2 f   profile.obj
 0001:00003b60       ?draw_grid@@YAXH@Z         00404b60 f   profile.obj
 0001:00003cc4       ?draw_mark@@YAXMHPAUMARKLIST_ENTRY@@@Z 00404cc4 f   profile.obj
 0001:0000401b       ?draw_vertical_tics@@YAXAAUtagRECT@@HPAUHPEN__@@1@Z 0040501b f   profile.obj
 0001:00004292       ?enable_prev_next_buttons@@YAXPAUHWND__@@@Z 00405292 f   profile.obj
 0001:00004485       ?file_exists@NAME_CLASS@@QAEEXZ 00405485 f i profile.obj
 0001:00004784       ?fill_languages@@YAXPAUHWND__@@@Z 00405784 f   profile.obj
 0001:000049f3       ?fill_version@@YAXPAUHWND__@@@Z 004059f3 f   profile.obj
 0001:00004a53       ?find_index@@YAHMHH@Z      00405a53 f   profile.obj
 0001:00004ae0       ?fix_decimals@@YAXPADF@Z   00405ae0 f   profile.obj
 0001:00004f0b       ?get_alarm_period_type@@YAXAAE0@Z 00405f0b f   profile.obj
 0001:00004f46       ?get_current_shot@@YAEXZ   00405f46 f   profile.obj
 0001:00004f88       ?get_default_printer_dc@@YAPAUHDC__@@XZ 00405f88 f   profile.obj
 0001:000050df       ?get_ft2_help@@YAXXZ       004060df f   profile.obj
 0001:00005245       ?get_printer_dc@@YAPAUHDC__@@XZ 00406245 f   profile.obj
 0001:00005345       ?get_profile_ii_name@NAME_CLASS@@QAEEAAVSTRING_CLASS@@000@Z 00406345 f i profile.obj
 0001:00005370       ?gethelp@@YAXIK@Z          00406370 f   profile.obj
 0001:00005386       ?gethelp@@YAXPADIK@Z       00406386 f   profile.obj
 0001:000055cd       ?high_index@@YAHMH@Z       004065cd f   profile.obj
 0001:00005627       ?init@@YAXH@Z              00406627 f   profile.obj
 0001:00005f1a       ?is_current_shot@@YAEPAUPROFILE_NAME_ENTRY@@@Z 00406f1a f   profile.obj
 0001:00005f5a       ?load_from_network_dialog_proc@@YGHPAUHWND__@@IIJ@Z 00406f5a f   profile.obj
 0001:00006753       ?load_realtime_machine_list@@YAXXZ 00407753 f   profile.obj
 0001:0000695a       ?machine_list_dialog_proc@@YGHPAUHWND__@@IIJ@Z 0040795a f   profile.obj
 0001:000069ec       ?main_plot_proc@@YGJPAUHWND__@@IIJ@Z 004079ec f   profile.obj
 0001:00006f64       ?main_proc@@YGJPAUHWND__@@IIJ@Z 00407f64 f   profile.obj
 0001:00007e22       ?monitor_setup_callback@@YAXPADFPAUHDDEDATA__@@@Z 00408e22 f   profile.obj
 0001:00007ec7       ?my_desktop_client_rect@@YAAAUtagRECT@@XZ 00408ec7 f   profile.obj
 0001:00007f20       ?my_enum_windows_proc@@YGHPAUHWND__@@J@Z 00408f20 f   profile.obj
 0001:00007f80       ?new_machine_setup_callback@@YAXPADFPAUHDDEDATA__@@@Z 00408f80 f   profile.obj
 0001:00007fee       ?new_machine_state_callback@@YAXPADFPAUHDDEDATA__@@@Z 00408fee f   profile.obj
 0001:00008065       ?new_part_setup_callback@@YAXPADFPAUHDDEDATA__@@@Z 00409065 f   profile.obj
 0001:0000815b       ?new_shot_callback@@YAXPADFPAUHDDEDATA__@@@Z 0040915b f   profile.obj
 0001:000084da       ?operator_signon_proc@@YGHPAUHWND__@@IIJ@Z 004094da f   profile.obj
 0001:000085d8       ?overlaying@@YA_NXZ        004095d8 f   profile.obj
 0001:00008adb       ?paint_plot_background@@YAXPAUHWND__@@PAUHDC__@@@Z 00409adb f   profile.obj
 0001:00008c4e       ?password_level_callback@@YAXPADFPAUHDDEDATA__@@@Z 00409c4e f   profile.obj
 0001:00008ee0       ?position_downtime_entry_dialog@@YAXXZ 00409ee0 f   profile.obj
 0001:00009049       ?position_main_plot_window@@YAXXZ 0040a049 f   profile.obj
 0001:000090eb       ?position_xdcr_window@@YAXXZ 0040a0eb f   profile.obj
 0001:00009894       ?print_me@@YAXXZ           0040a894 f   profile.obj
 0001:00009e81       ?redisplay_last_shot@@YAEXZ 0040ae81 f   profile.obj
 0001:0000a0d8       ?resource_string@@YAPADI@Z 0040b0d8 f   profile.obj
 0001:0000a11d       ?restore_focus_to_hmi@@YAXXZ 0040b11d f   profile.obj
 0001:0000a668       ?save_class_name@@YAXPAUHWND__@@@Z 0040b668 f   profile.obj
 0001:0000a6ce       ?save_last_shot_name@@YAXXZ 0040b6ce f   profile.obj
 0001:0000b029       ?set_cat_and_subcat_tabs@@YAXXZ 0040c029 f   profile.obj
 0001:0000b39b       ?set_current_directory@@YAXXZ 0040c39b f   profile.obj
 0001:0000b8b0       ?set_full_screen@@YAXXZ    0040c8b0 f   profile.obj
 0001:0000b939       ?set_info_box_type@@YAXH@Z 0040c939 f   profile.obj
 0001:0000bd38       ?set_plot_curves@@YAXXZ    0040cd38 f   profile.obj
 0001:0000bf31       ?set_realtime_menu_string@@YAXXZ 0040cf31 f   profile.obj
 0001:0000c12c       ?set_tsl_dialog_proc@@YGHPAUHWND__@@IIJ@Z 0040d12c f   profile.obj
 0001:0000c46d       ?set_zoom_box_labels@@YAXPAUHWND__@@@Z 0040d46d f   profile.obj
 0001:0000c8ec       ?show_all_windows@@YAXXZ   0040d8ec f   profile.obj
 0001:0000ca67       ?show_curve@@YAXFFFFFK@Z   0040da67 f   profile.obj
 0001:0000cd19       ?show_downtime_entry_time@@YAXXZ 0040dd19 f   profile.obj
 0001:0000ce5b       ?show_fixed_axis_message@@YAXXZ 0040de5b f   profile.obj
 0001:0000cfb6       ?show_left_axes@@YAXXZ     0040dfb6 f   profile.obj
 0001:0000d392       ?show_menu_help_text@@YAXI@Z 0040e392 f   profile.obj
 0001:0000d3e7       ?show_offline_info@@YAXXZ  0040e3e7 f   profile.obj
 0001:0000db56       ?show_right_axes@@YAXXZ    0040eb56 f   profile.obj
 0001:0000de59       ?show_shot_info@@YAXXZ     0040ee59 f   profile.obj
 0001:0000e207       ?show_x_axes@@YAXXZ        0040f207 f   profile.obj
 0001:0000e4cf       ?show_zoom_info@@YAXXZ     0040f4cf f   profile.obj
 0001:0000e601       ?show_zoom_value@@YAXHGHHF@Z 0040f601 f   profile.obj
 0001:0000ec54       ?start_alarm_summary_dialog@@YAXXZ 0040fc54 f   profile.obj
 0001:0000ed75       ?text_out@@YAXJJI@Z        0040fd75 f   profile.obj
 0001:0000eda5       ?text_out@@YAXJJPAD@Z      0040fda5 f   profile.obj
 0001:0000ee64       ?toggle_big_param_display_type@@YAXXZ 0040fe64 f   profile.obj
 0001:0000ef16       ?toggle_menu_view_state@@YAXAAEI@Z 0040ff16 f   profile.obj
 0001:0000ef35       ?toggle_pos_time_display_type@@YAXXZ 0040ff35 f   profile.obj
 0001:0000ef7e       ?toggle_realtime@@YAXXZ    0040ff7e f   profile.obj
 0001:0000f41f       ?update_screen_type@@YAXF@Z 0041041f f   profile.obj
 0001:0000f5f9       ?viewing_reference@@YA_NXZ 004105f9 f   profile.obj
 0001:0000f61e       ?write_std_units_csv_file@@YAEAAVSTRING_CLASS@@0@Z 0041061e f   profile.obj
 0001:0000fa1e       ?x_value@@YAEAAMAAHH@Z     00410a1e f   profile.obj
 0001:0000fd5a       _WinMain@16                00410d5a f   profile.obj
 0001:0000feaa       ?copy_int32_w_char@@YAPADPADAAVDB_TABLE@@G@Z 00410eaa f   alarmexp.obj
 0001:000100e5       ?export_alarms_dialog_proc@@YGHPAUHWND__@@IIJ@Z 004110e5 f   alarmexp.obj
 0001:000105df       ??0BITMAP_CLASS@@QAE@XZ    004115df f   bitmapcl.obj
 0001:000105f2       ??1BITMAP_CLASS@@QAE@XZ    004115f2 f   bitmapcl.obj
 0001:000105f7       ?cleanup@BITMAP_CLASS@@QAEXXZ 004115f7 f   bitmapcl.obj
 0001:0001060c       ?get@BITMAP_CLASS@@QAEEPAUHDC__@@JJ@Z 0041160c f   bitmapcl.obj
 0001:00010672       ?init@BITMAP_CLASS@@QAEEPAUHDC__@@JJ@Z 00411672 f   bitmapcl.obj
 0001:000106ac       ?restore@BITMAP_CLASS@@QAEEPAUHDC__@@@Z 004116ac f   bitmapcl.obj
 0001:00010704       ??0STATUSBOX_ENTRY@@QAE@XZ 00411704 f   box.obj
 0001:0001073a       ??1STATUSBOX_ENTRY@@QAE@XZ 0041173a f   box.obj
 0001:0001074e       ??_ESTATUSBOX_ENTRY@@QAEPAXI@Z 0041174e f i box.obj
 0001:000107a3       ?alarm_rect@STATUSBOX_ENTRY@@QAEPAUtagRECT@@XZ 004117a3 f   box.obj
 0001:000107e9       ?begin_box_display@@YAEXZ  004117e9 f   box.obj
 0001:00010b24       ?bounds@STATUSBOX_ENTRY@@QAEPAUtagRECT@@XZ 00411b24 f   box.obj
 0001:00010d09       ?box_display_shutdown@@YAXXZ 00411d09 f   box.obj
 0001:00010d26       ?box_display_startup@@YAEXZ 00411d26 f   box.obj
 0001:00010d35       ?box_screen_down_data_change@@YAXAAVSTRING_CLASS@@PAD1@Z 00411d35 f   box.obj
 0001:00010e2d       ?box_screen_left_button_up@@YAXAAUtagPOINT@@@Z 00411e2d f   box.obj
 0001:00010f3e       ?box_screen_new_machine_status@@YAXAAVSTRING_CLASS@@G@Z 00411f3e f   box.obj
 0001:00010f7d       ?box_screen_new_monitor_setup@@YAXAAVSTRING_CLASS@@@Z 00411f7d f   box.obj
 0001:00010fc2       ?box_screen_new_shot@@YAXAAVSTRING_CLASS@@@Z 00411fc2 f   box.obj
 0001:0001109f       ?choose_box_font@@YAEXZ    0041209f f   box.obj
 0001:0001117e       ?date_rect@STATUSBOX_ENTRY@@QAEPAUtagRECT@@XZ 0041217e f   box.obj
 0001:000111c2       ?delete_tooltips@@YAXXZ    004121c2 f   box.obj
 0001:00011272       ?down_rect@STATUSBOX_ENTRY@@QAEPAUtagRECT@@XZ 00412272 f   box.obj
 0001:000112b7       ?empty_status_boxes@@YAXXZ 004122b7 f   box.obj
 0001:000112dc       ?end_box_display@@YAXXZ    004122dc f   box.obj
 0001:000112f6       ?find_status_box@@YAPAVSTATUSBOX_ENTRY@@AAVSTRING_CLASS@@@Z 004122f6 f   box.obj
 0001:00011312       ?get@BOXSET_CLASS@@QAEHXZ  00412312 f   box.obj
 0001:0001134b       ?get_alarm_info@STATUSBOX_ENTRY@@QAEXXZ 0041234b f   box.obj
 0001:0001140a       ?get_downtime_status@STATUSBOX_ENTRY@@QAEXXZ 0041240a f   box.obj
 0001:000114a2       ?get_part_info@STATUSBOX_ENTRY@@QAEEXZ 004124a2 f   box.obj
 0001:000115c5       ?get_shot_info@STATUSBOX_ENTRY@@QAEXXZ 004125c5 f   box.obj
 0001:000116b5       ?machine_rect@STATUSBOX_ENTRY@@QAEPAUtagRECT@@XZ 004126b5 f   box.obj
 0001:000116f9       ?make_status_boxes@@YAEXZ  004126f9 f   box.obj
 0001:0001177c       ?paint_box_display@@YAXAAUtagPAINTSTRUCT@@@Z 0041277c f   box.obj
 0001:00011844       ?part_rect@STATUSBOX_ENTRY@@QAEPAUtagRECT@@XZ 00412844 f   box.obj
 0001:00011888       ?put@BOXSET_CLASS@@QAEEXZ  00412888 f   box.obj
 0001:00011921       ?read_alarm_info@STATUSBOX_ENTRY@@QAEXXZ 00412921 f   box.obj
 0001:00011b8a       ?refresh@STATUSBOX_ENTRY@@QAEXXZ 00412b8a f   box.obj
 0001:00011e6b       ?shot_rect@STATUSBOX_ENTRY@@QAEPAUtagRECT@@XZ 00412e6b f   box.obj
 0001:00011eaf       ?show_border@STATUSBOX_ENTRY@@QAEXPAUHDC__@@@Z 00412eaf f   box.obj
 0001:00011f5f       ?show_text@STATUSBOX_ENTRY@@QAEXPAUHDC__@@@Z 00412f5f f   box.obj
 0001:0001220d       ?status_box_index@@YAJAAVSTRING_CLASS@@@Z 0041320d f   box.obj
 0001:00012254       ?tiptext@@YAPADJPAD0@Z     00413254 f   box.obj
 0001:000122d6       ?chospart_proc@@YGHPAUHWND__@@IIJ@Z 004132d6 f   chospart.obj
 0001:00012706       ?chosshot_proc@@YGHPAUHWND__@@IIJ@Z 00413706 f   chosshot.obj
 0001:0001291b       ?copy_selections_to_extern@@YAXXZ 0041391b f   chosshot.obj
 0001:000131fa       ?set_listbox_style@@YAXXZ  004141fa f   chosshot.obj
 0001:0001323a       ?choose_one_color@@YAKI@Z  0041423a f   colordef.obj
 0001:000132d6       ?color_definition_dialog_proc@@YGHPAUHWND__@@IIJ@Z 004142d6 f   colordef.obj
 0001:00013461       ?get_color@@YAKI@Z         00414461 f   colordef.obj
 0001:000135cc       ?restore_original_colors@@YAXXZ 004145cc f   colordef.obj
 0001:00013634       ?save_original_colors@@YAXXZ 00414634 f   colordef.obj
 0001:00013760       ?set_one_color@@YAXIK@Z    00414760 f   colordef.obj
 0001:000138e4       ?restore_colors@@YAXXZ     004148e4 f   colors.obj
 0001:000139e2       ?save_colors@@YAXXZ        004149e2 f   colors.obj
 0001:00013a93       ?read_corner_parameters@@YAXPAHAAH@Z 00414a93 f   corner.obj
 0001:00013b95       ?save_corner_parameters@@YAXPAHH@Z 00414b95 f   corner.obj
 0001:00013c96       ??0MACHINE_NAME_LIST_CLASS@@QAE@XZ 00414c96 f   v5subs:machname.obj
 0001:00013c96       ??0CONTROL_LIMIT_CLASS@@QAE@XZ 00414c96 f   ctrlimit.obj
 0001:00013c96       ??0TEXT_LIST_CLASS@@QAE@XZ 00414c96 f   v5subs:textlist.obj
 0001:00013ca6       ??1CONTROL_LIMIT_CLASS@@QAE@XZ 00414ca6 f   ctrlimit.obj
 0001:00013cb7       ?add@CONTROL_LIMIT_CLASS@@QAEEJMM@Z 00414cb7 f   ctrlimit.obj
 0001:00013d59       ?empty@CONTROL_LIMIT_CLASS@@QAEXXZ 00414d59 f   ctrlimit.obj
 0001:00013d8c       ?find@CONTROL_LIMIT_CLASS@@QAEEJ@Z 00414d8c f   ctrlimit.obj
 0001:00013dc3       ?read@CONTROL_LIMIT_CLASS@@QAEEAAVSTRING_CLASS@@00@Z 00414dc3 f   ctrlimit.obj
 0001:00013e13       ?read@CONTROL_LIMIT_CLASS@@QAEEPAD@Z 00414e13 f   ctrlimit.obj
 0001:00013ebf       ?read@CONTROL_LIMIT_ENTRY@@QAEEAAVDB_TABLE@@@Z 00414ebf f   ctrlimit.obj
 0001:00013ef1       ?write@CONTROL_LIMIT_CLASS@@QAEEAAVSTRING_CLASS@@00@Z 00414ef1 f   ctrlimit.obj
 0001:00013f41       ?write@CONTROL_LIMIT_CLASS@@QAEEPAD@Z 00414f41 f   ctrlimit.obj
 0001:00013fcd       ?write@CONTROL_LIMIT_ENTRY@@QAEEAAVDB_TABLE@@@Z 00414fcd f   ctrlimit.obj
 0001:00014015       ??0DOWNBAR_CONFIG_CLASS@@QAE@XZ 00415015 f   dbarcfg.obj
 0001:0001405c       ?downtime_report_setup_proc@@YGHPAUHWND__@@IIJ@Z 0041505c f   dbarcfg.obj
 0001:000146d0       ?get_from_screen@DOWNBAR_SCREEN_CONFIG_CLASS@@QAEXPAUHWND__@@@Z 004156d0 f   dbarcfg.obj
 0001:0001479e       ?get_new_start_time@@YAXPAUHWND__@@H@Z 0041579e f   dbarcfg.obj
 0001:00014b2a       ?listbox_line@@YAPADAAVDB_TABLE@@@Z 00415b2a f   dbarcfg.obj
 0001:00014d89       ?put_to_screen@DOWNBAR_SCREEN_CONFIG_CLASS@@QAEXPAUHWND__@@@Z 00415d89 f   dbarcfg.obj
 0001:00014e67       ?read@DOWNBAR_CONFIG_CLASS@@QAEXXZ 00415e67 f   dbarcfg.obj
 0001:00014ee9       ?resource_message_box@@YAXII@Z 00415ee9 f   dbarcfg.obj
 0001:000150a0       ?write@DOWNBAR_CONFIG_CLASS@@QAEXXZ 004160a0 f   dbarcfg.obj
 0001:00015237       ?directory_exists@NAME_CLASS@@QAEEXZ 00416237 f i dconfig.obj
 0001:0001524c       ?display_configuration_dialog_proc@@YGHPAUHWND__@@IIJ@Z 0041624c f   dconfig.obj
 0001:00015389       ?get_curve_types_from_screen@@YAXAAGH@Z 00416389 f   dconfig.obj
 0001:000153f2       ?get_from_screen@FIXED_SCREEN_CLASS@@QAEXXZ 004163f2 f   dconfig.obj
 0001:000155f5       ?init_global_curve_types@@YAXXZ 004165f5 f   dconfig.obj
 0001:00015a0a       ?load_the_other_config@@YAXXZ 00416a0a f   dconfig.obj
 0001:00015a5a       ?put_to_screen@FIXED_SCREEN_CLASS@@QAEXXZ 00416a5a f   dconfig.obj
 0001:0001623d       ?set_fixed_axes@FIXED_SCREEN_CLASS@@QAEXXZ 0041723d f   dconfig.obj
 0001:000162a8       ?set_one_fixed_axis@FIXED_SCREEN_CLASS@@QAEXJJ@Z 004172a8 f   dconfig.obj
 0001:00016307       ?toggle_pressure_display_type@@YAXXZ 00417307 f   dconfig.obj
 0001:000163c0       ??0CAT_BASE_CLASS@@QAE@XZ  004173c0 f   downbar.obj
 0001:000163d3       ??0DOWNTIME_BASE_CLASS@@QAE@PAD0@Z 004173d3 f   downbar.obj
 0001:000163f9       ??0DOWNTIME_BASE_CLASS@@QAE@XZ 004173f9 f   downbar.obj
 0001:000163f9       ??0DSTAT_CLASS@@QAE@XZ     004173f9 f   profile.obj
 0001:0001641a       ??0DOWNTIME_SUM_ENTRY@@QAE@XZ 0041741a f   downbar.obj
 0001:0001642a       ??4DOWNTIME_BASE_CLASS@@QAEXABV0@@Z 0041742a f   downbar.obj
 0001:00016453       ??4DOWNTIME_RECORD_CLASS@@QAEXABV0@@Z 00417453 f   downbar.obj
 0001:0001646c       ??8CAT_BASE_CLASS@@QAEEPBD@Z 0041746c f   downbar.obj
 0001:00016480       ??8DOWNTIME_BASE_CLASS@@QAEEABV0@@Z 00417480 f   downbar.obj
 0001:000164b1       ??8DOWNTIME_SUM_CLASS@@QAEEABVDOWNTIME_BASE_CLASS@@@Z 004174b1 f   downbar.obj
 0001:000164de       ??9DOWNTIME_BASE_CLASS@@QAEEABV0@@Z 004174de f   downbar.obj
 0001:0001650f       ??9DOWNTIME_SUM_CLASS@@QAEEABVDOWNTIME_BASE_CLASS@@@Z 0041750f f   downbar.obj
 0001:0001653c       ?add@CAT_SUM_CLASS@@QAEPAVCAT_SUM_ENTRY@@PAD@Z 0041753c f   downbar.obj
 0001:00016598       ?begin_downbar_display@@YAEXZ 00417598 f   downbar.obj
 0001:00016610       ?category@DOWNTIME_SUM_CLASS@@QAEPADXZ 00417610 f   downbar.obj
 0001:00016623       ?cleanup@CAT_SUM_CLASS@@QAEXXZ 00417623 f   downbar.obj
 0001:0001664b       ?cleanup@DOWNTIME_SUM_CLASS@@QAEXXZ 0041764b f   downbar.obj
 0001:00016667       ?do_downbar_button@@YAXH@Z 00417667 f   downbar.obj
 0001:00016697       ?do_new_dtr_config@@YAXXZ  00417697 f   downbar.obj
 0001:000166b2       ?down_seconds@DOWNTIME_SUM_CLASS@@QAEJXZ 004176b2 f   downbar.obj
 0001:0001670c       ?downbar_left_button_up@@YAXAAUtagPOINT@@@Z 0041770c f   downbar.obj
 0001:000167aa       ?empty@DOWNTIME_SUM_CLASS@@QAEEXZ 004177aa f   downbar.obj
 0001:000167d2       ?end_downbar_display@@YAXXZ 004177d2 f   downbar.obj
 0001:00016801       ?fill_times@@YAEXZ         00417801 f   downbar.obj
 0001:00016b5a       ?find@CAT_SUM_CLASS@@QAEPAVCAT_SUM_ENTRY@@PAD@Z 00417b5a f   downbar.obj
 0001:00016b80       ?get@DOWNTIME_RECORD_CLASS@@QAEEAAVDB_TABLE@@@Z 00417b80 f   downbar.obj
 0001:00016bf6       ?max_title_pixels@@YAHH@Z  00417bf6 f   downbar.obj
 0001:00016c98       ?next@CAT_SUM_CLASS@@QAEEXZ 00417c98 f   downbar.obj
 0001:00016cae       ?next@DOWNTIME_SUM_CLASS@@QAEEPAD@Z 00417cae f   downbar.obj
 0001:00016d45       ?paint_downbar_display@@YAXXZ 00417d45 f   downbar.obj
 0001:00017470       ?read@DOWNTIME_SUM_CLASS@@QAEEXZ 00418470 f   downbar.obj
 0001:00017636       ?seconds@CAT_SUM_CLASS@@QAEAAJPAD@Z 00418636 f   downbar.obj
 0001:00017663       ?seconds@DOWNTIME_SUM_CLASS@@QAEAAJPAD0@Z 00418663 f   downbar.obj
 0001:000176c2       ?seconds@DOWNTIME_SUM_CLASS@@QAEJXZ 004186c2 f   downbar.obj
 0001:000176d4       ?set_category_titles@@YAXXZ 004186d4 f   downbar.obj
 0001:0001772b       ?set_subcategory_titles@@YAXXZ 0041872b f   downbar.obj
 0001:00017792       ?show_title_and_hours@@YAXHPAD0HE@Z 00418792 f   downbar.obj
 0001:0001789b       ?show_title_and_hours@@YAXHPADHE@Z 0041889b f   downbar.obj
 0001:0001797f       ?sort@CAT_SUM_CLASS@@QAEXXZ 0041897f f   downbar.obj
 0001:000179da       ?title@CAT_SUM_CLASS@@QAEPADXZ 004189da f   downbar.obj
 0001:000179ee       ?title@DOWNTIME_SUM_CLASS@@QAEPADXZ 004189ee f   downbar.obj
 0001:00017a22       ?total_seconds@DOWNTIME_SUM_CLASS@@QAEJXZ 00418a22 f   downbar.obj
 0001:00017a59       ??0EDITOP_GRID_CLASS@@QAE@XZ 00418a59 f   editop.obj
 0001:00017a7b       ??1EDITOP_GRID_CLASS@@UAE@XZ 00418a7b f   editop.obj
 0001:00017aa3       ??_GEDITOP_GRID_CLASS@@UAEPAXI@Z 00418aa3 f i editop.obj
 0001:00017aa3       ??_EEDITOP_GRID_CLASS@@UAEPAXI@Z 00418aa3 f i editop.obj
 0001:00017abf       ?OnEditFinish@EDITOP_GRID_CLASS@@UAEHHJPAUHWND__@@PBDH@Z 00418abf f   editop.obj
 0001:00017b5d       ?OnKeyDown@EDITOP_GRID_CLASS@@UAEXPAIH@Z 00418b5d f   editop.obj
 0001:00017b79       ?OnLClicked@EDITOP_GRID_CLASS@@UAEXHJHPAUtagRECT@@PAUtagPOINT@@H@Z 00418b79 f   editop.obj
 0001:00017b79       ?OnLClicked@GRID_CLASS@@UAEXHJHPAUtagRECT@@PAUtagPOINT@@H@Z 00418b79 f   gridclas.obj
 0001:00017b79       ?OnLClicked@PW_GRID_CLASS@@UAEXHJHPAUtagRECT@@PAUtagPOINT@@H@Z 00418b79 f   password.obj
 0001:00017b88       ?OnSH_LClicked@EDITOP_GRID_CLASS@@UAEXHJHPAUtagRECT@@PAUtagPOINT@@H@Z 00418b88 f   editop.obj
 0001:00017bfe       ?OnSetup@EDITOP_GRID_CLASS@@UAEXXZ 00418bfe f   editop.obj
 0001:00017c76       ?createfont@EDITOP_GRID_CLASS@@QAEXXZ 00418c76 f   editop.obj
 0001:00017cf1       ?delete_highlighted_rows@EDITOP_GRID_CLASS@@QAEXXZ 00418cf1 f   editop.obj
 0001:00017d96       ?edit_operators_dialog_proc@@YGHPAUHWND__@@IIJ@Z 00418d96 f   editop.obj
 0001:00017e3f       ?input_error_dialog_proc@@YGHPAUHWND__@@IIJ@Z 00418e3f f   editop.obj
 0001:00017e92       ?insert_row@EDITOP_GRID_CLASS@@QAEXXZ 00418e92 f   editop.obj
 0001:00017efd       ?is_row_selected@EDITOP_GRID_CLASS@@QAEEH@Z 00418efd f   editop.obj
 0001:000181b9       ?refresh_row_labels@EDITOP_GRID_CLASS@@QAEXXZ 004191b9 f   editop.obj
 0001:00018223       ?save_changes@@YAEXZ       00419223 f   editop.obj
 0001:00018545       ?select_row@EDITOP_GRID_CLASS@@QAEXJ@Z 00419545 f   editop.obj
 0001:000186ef       ??4EDIT_SHIFT_CLASS@@QAEXAAV0@@Z 004196ef f   editshif.obj
 0001:000188ad       ?day_name_from_index@@YAPADJ@Z 004198ad f   editshif.obj
 0001:00018afa       ?edit_shifts_dialog_proc@@YGHPAUHWND__@@IIJ@Z 00419afa f   editshif.obj
 0001:00018c40       ?fill_editboxes@EDIT_SHIFT_CLASS@@QAEXXZ 00419c40 f   editshif.obj
 0001:00018d87       ?index_from_day_name@@YAJPAD@Z 00419d87 f   editshif.obj
 0001:00018dae       ?lbline@EDIT_SHIFT_CLASS@@QAEPADXZ 00419dae f   editshif.obj
 0001:00018e26       ?read@EDIT_SHIFT_CLASS@@QAEEAAVDB_TABLE@@@Z 00419e26 f   editshif.obj
 0001:00018eaf       ?read@EDIT_SHIFT_CLASS@@QAEEPAD@Z 00419eaf f   editshif.obj
 0001:00018f68       ?read_editboxes@EDIT_SHIFT_CLASS@@QAEEXZ 00419f68 f   editshif.obj
 0001:0001908f       ?saveall@EDIT_SHIFT_CLASS@@QAEEXZ 0041a08f f   editshif.obj
 0001:00019b67       ?export_shots_proc@@YGHPAUHWND__@@IIJ@Z 0041ab67 f   export.obj
 0001:0001a289       ?empty@FIXED_AXIS_CLASS@@QAEXXZ 0041b289 f   fixaxis.obj
 0001:0001a2a6       ?init@FIXED_AXIS_CLASS@@QAEEJ@Z 0041b2a6 f   fixaxis.obj
 0001:0001a2bd       ?read@FIXED_AXIS_CLASS@@QAEEPAD@Z 0041b2bd f   fixaxis.obj
 0001:0001a37b       ?read@FIXED_AXIS_ENTRY@@QAEEAAVDB_TABLE@@@Z 0041b37b f   fixaxis.obj
 0001:0001a3ad       ?setsize@FIXED_AXIS_CLASS@@QAEEJ@Z 0041b3ad f   fixaxis.obj
 0001:0001a465       ?write@FIXED_AXIS_CLASS@@QAEEPAD@Z 0041b465 f   fixaxis.obj
 0001:0001a4f2       ?write@FIXED_AXIS_ENTRY@@QAEEAAVDB_TABLE@@@Z 0041b4f2 f   fixaxis.obj
 0001:0001a53a       ??0GRID_CLASS@@QAE@XZ      0041b53a f   gridclas.obj
 0001:0001a55c       ??1GRID_CLASS@@UAE@XZ      0041b55c f   gridclas.obj
 0001:0001a584       ??_GGRID_CLASS@@UAEPAXI@Z  0041b584 f i gridclas.obj
 0001:0001a584       ??_EGRID_CLASS@@UAEPAXI@Z  0041b584 f i gridclas.obj
 0001:0001a5a0       ?OnCharDown@EDITOP_GRID_CLASS@@UAEXPAIH@Z 0041b5a0 f   editop.obj
 0001:0001a5a0       ?OnCharDown@GRID_CLASS@@UAEXPAIH@Z 0041b5a0 f   gridclas.obj
 0001:0001a5b5       ?OnEditFinish@GRID_CLASS@@UAEHHJPAUHWND__@@PBDH@Z 0041b5b5 f   gridclas.obj
 0001:0001a5eb       ?OnEditStart@GRID_CLASS@@UAEHHJPAPAUHWND__@@@Z 0041b5eb f   gridclas.obj
 0001:0001a603       ?OnSH_LClicked@GRID_CLASS@@UAEXHJHPAUtagRECT@@PAUtagPOINT@@H@Z 0041b603 f   gridclas.obj
 0001:0001a625       ?OnSetup@GRID_CLASS@@UAEXXZ 0041b625 f   gridclas.obj
 0001:0001a694       ?createfont@GRID_CLASS@@QAEXXZ 0041b694 f   gridclas.obj
 0001:0001a70f       ?get_alarm_state@@YAHXZ    0041b70f f   isalarm.obj
 0001:0001a8cc       ?is_alarm@@YAEFM@Z         0041b8cc f   isalarm.obj
 0001:0001a99f       ?is_warning@@YAEFM@Z       0041b99f f   isalarm.obj
 0001:0001a9bc       ?save_as_master_trace@@YAXXZ 0041b9bc f   master.obj
 0001:0001ab3d       ??0SINGLE_PLOT_CLASS@@QAE@XZ 0041bb3d f   mplot.obj
 0001:0001ab89       ??1SINGLE_PLOT_CLASS@@QAE@XZ 0041bb89 f   mplot.obj
 0001:0001abc0       ??AMULTI_PLOT_CLASS@@QAEAAVSINGLE_PLOT_CLASS@@J@Z 0041bbc0 f   mplot.obj
 0001:0001abdc       ??_ESINGLE_PLOT_CLASS@@QAEPAXI@Z 0041bbdc f i mplot.obj
 0001:0001ac31       ?add@DATA_ARRAY_CLASS@@QAEEM@Z 0041bc31 f   mplot.obj
 0001:0001ac68       ?add@DATA_POINT_ENTRY@@QAEXM@Z 0041bc68 f   mplot.obj
 0001:0001acbb       ?average@DATA_ARRAY_CLASS@@QAEMXZ 0041bcbb f i mplot.obj
 0001:0001acd0       ?avg@DATA_POINT_ENTRY@@QAEMXZ 0041bcd0 f   mplot.obj
 0001:0001acf9       ?cleanup@DATA_ARRAY_CLASS@@QAEXXZ 0041bcf9 f   mplot.obj
 0001:0001ad1e       ?cleanup@MULTI_PLOT_CLASS@@QAEXXZ 0041bd1e f   mplot.obj
 0001:0001ad5d       ?get_text_size@@YAXAAJ0PAUHDC__@@PBD@Z 0041bd5d f   mplot.obj
 0001:0001ad90       ?info_box_x_position@SINGLE_PLOT_CLASS@@AAEJJ@Z 0041bd90 f   mplot.obj
 0001:0001adb6       ?init@DATA_ARRAY_CLASS@@UAEEJ@Z 0041bdb6 f   mplot.obj
 0001:0001ae2c       ?init@MULTI_PLOT_CLASS@@QAEEJ@Z 0041be2c f   mplot.obj
 0001:0001aea0       ?init@SINGLE_PLOT_CLASS@@UAEEJ@Z 0041bea0 f   mplot.obj
 0001:0001af6a       ?left_shift@DATA_ARRAY_CLASS@@QAEJAAVDATA_POINT_ENTRY@@@Z 0041bf6a f   mplot.obj
 0001:0001afe0       ?left_shift@DATA_ARRAY_CLASS@@QAEJM@Z 0041bfe0 f   mplot.obj
 0001:0001b15a       ?next@SHOT_ARRAY_CLASS@@QAEEXZ 0041c15a f   xaxis.obj
 0001:0001b15a       ?next@DATA_ARRAY_CLASS@@QAEEXZ 0041c15a f   mplot.obj
 0001:0001b179       ?paint@SINGLE_PLOT_CLASS@@QAEXPAUHDC__@@@Z 0041c179 f   mplot.obj
 0001:0001b931       ?restore_info_box@SINGLE_PLOT_CLASS@@QAEEPAUHDC__@@@Z 0041c931 f   mplot.obj
 0001:0001ba44       ?set_target@SINGLE_PLOT_CLASS@@QAEXAAVSTRING_CLASS@@@Z 0041ca44 f   mplot.obj
 0001:0001ba4c       ?show_info_box@SINGLE_PLOT_CLASS@@QAEEPAUHDC__@@JJE@Z 0041ca4c f   mplot.obj
 0001:0001bb9f       ?show_units@SINGLE_PLOT_CLASS@@AAEXPAUHDC__@@@Z 0041cb9f f   mplot.obj
 0001:0001bd2f       ?begin_printing@@YAXXZ     0041cd2f f   mulprint.obj
 0001:0001bf92       ?fill_machines@@YAXPAUHWND__@@I@Z 0041cf92 f   mulprint.obj
 0001:0001c285       ?get_current_part@@YAEAAUPART_NAME_ENTRY@@@Z 0041d285 f   mulprint.obj
 0001:0001c339       ?print_multiple_shots_proc@@YGHPAUHWND__@@IIJ@Z 0041d339 f   mulprint.obj
 0001:0001c45f       ?print_next_shot@@YAXXZ    0041d45f f   mulprint.obj
 0001:0001c6b9       ?write_counts_file@@YAEAAVSTRING_CLASS@@0@Z 0041d6b9 f   olmsted.obj
 0001:0001c717       ?write_olmsted_file@@YAEAAVSTRING_CLASS@@0@Z 0041d717 f   olmsted.obj
 0001:0001c7a7       ??_EMULTISTRING_CLASS@@QAEPAXI@Z 0041d7a7 f i paramhis.obj
 0001:0001c7fc       ??_ESTRING_CLASS@@QAEPAXI@Z 0041d7fc f i paramhis.obj
 0001:0001c84c       ?ParamHistoryProc@@YGHPAUHWND__@@IIJ@Z 0041d84c f   paramhis.obj
 0001:0001d0b6       ?new_history_choice@@YAXXZ 0041e0b6 f   paramhis.obj
 0001:0001d1fa       ?position_param_history_window@@YAXXZ 0041e1fa f   paramhis.obj
 0001:0001d34d       ?read_parameters_from_parmlist@@YAJH@Z 0041e34d f   paramhis.obj
 0001:0001d749       ?load_parameter_list_titles@@YAXXZ 0041e749 f   paramwin.obj
 0001:0001dde0       ?parameter_window_proc@@YGHPAUHWND__@@IIJ@Z 0041ede0 f   paramwin.obj
 0001:0001de98       ?position_parameter_window@@YAXXZ 0041ee98 f   paramwin.obj
 0001:0001dfc5       ??0PW_GRID_CLASS@@QAE@XZ   0041efc5 f   password.obj
 0001:0001dfde       ??1PW_GRID_CLASS@@UAE@XZ   0041efde f   password.obj
 0001:0001dffa       ??APASSWORD_CLASS@@QAEAAUPASSWORD_ENTRY@@J@Z 0041effa f   password.obj
 0001:0001e04d       ??_GPW_GRID_CLASS@@UAEPAXI@Z 0041f04d f i password.obj
 0001:0001e04d       ??_EPW_GRID_CLASS@@UAEPAXI@Z 0041f04d f i password.obj
 0001:0001e069       ?OnCharDown@PW_GRID_CLASS@@UAEXPAIH@Z 0041f069 f   password.obj
 0001:0001e0c8       ?OnEditContinue@PW_GRID_CLASS@@UAEHHJPAHPAJ@Z 0041f0c8 f   password.obj
 0001:0001e0de       ?OnEditFinish@PW_GRID_CLASS@@UAEHHJPAUHWND__@@PBDH@Z 0041f0de f   password.obj
 0001:0001e173       ?OnKeyDown@PW_GRID_CLASS@@UAEXPAIH@Z 0041f173 f   password.obj
 0001:0001e192       ?OnSetup@PW_GRID_CLASS@@UAEXXZ 0041f192 f   password.obj
 0001:0001e3f9       ?check_for_password_logging@@YA_NXZ 0041f3f9 f   password.obj
 0001:0001e48e       ?cleanup@PASSWORD_CLASS@@QAEXXZ 0041f48e f   password.obj
 0001:0001e4ab       ?co_options_dialog_proc@@YGHPAUHWND__@@IIJ@Z 0041f4ab f   password.obj
 0001:0001e7b4       ?create@DB_TABLE@@QAEEAAVSTRING_CLASS@@@Z 0041f7b4 f i password.obj
 0001:0001e7ce       ?createfont@PW_GRID_CLASS@@AAEXXZ 0041f7ce f   password.obj
 0001:0001e89d       ?default_level@PASSWORD_CLASS@@QAEJXZ 0041f89d f   password.obj
 0001:0001e8c0       ?default_password_level@@YAHXZ 0041f8c0 f   password.obj
 0001:0001e8ef       ?delete_row@PW_GRID_CLASS@@QAEXXZ 0041f8ef f   password.obj
 0001:0001e92b       ?edit_passwords_proc@@YGHPAUHWND__@@IIJ@Z 0041f92b f   password.obj
 0001:0001ea7e       ?encrypt_password@@YAXPAD@Z 0041fa7e f   password.obj
 0001:0001eac5       ?enter_password_proc@@YGHPAUHWND__@@IIJ@Z 0041fac5 f   password.obj
 0001:0001f6f6       ?fill_grid@PW_GRID_CLASS@@QAEXXZ 004206f6 f   password.obj
 0001:0001f7d6       ?find@PASSWORD_CLASS@@QAEJPAD@Z 004207d6 f   password.obj
 0001:0001f85c       ?highest_level@PASSWORD_CLASS@@QAEJXZ 0042085c f   password.obj
 0001:0001f87e       ?ini_name@@YAPADPBD@Z      0042087e f   password.obj
 0001:0001f8ab       ?insert_row@PW_GRID_CLASS@@QAEXXZ 004208ab f   password.obj
 0001:0001f939       ?load@PASSWORD_CLASS@@QAE_NXZ 00420939 f   password.obj
 0001:0001fcb5       ?save@PASSWORD_CLASS@@QAE_NXZ 00420cb5 f   password.obj
 0001:00020b44       ?set_default_password_level@@YAX_N@Z 00421b44 f   password.obj
 0001:00020dbd       ?set_row_colors@PW_GRID_CLASS@@QAEXXZ 00421dbd f   password.obj
 0001:00020e0b       ?set_row_numbers@PW_GRID_CLASS@@QAEXXZ 00421e0b f   password.obj
 0001:00020e74       ?setsize@PASSWORD_CLASS@@QAE_NJ@Z 00421e74 f   password.obj
 0001:00020fbc       ??0MACHINE_CLASS@@QAE@ABV0@@Z 00421fbc f i plot.obj
 0001:000210db       ??0MULTIPART_RUNLIST_SETTINGS_CLASS@@QAE@ABV0@@Z 004220db f i plot.obj
 0001:00021153       ?fill_differential_curve@@YAEVMACHINE_CLASS@@AAVPART_CLASS@@@Z 00422153 f   plot.obj
 0001:000213c1       ?load_profile@@YAXPAD@Z    004223c1 f   plot.obj
 0001:00021417       ?load_profile@@YAXPAUPROFILE_NAME_ENTRY@@@Z 00422417 f   plot.obj
 0001:0002145c       ?load_profile@@YAXXZ       0042245c f   plot.obj
 0001:000214b4       ?load_reference_trace@@YAEXZ 004224b4 f   plot.obj
 0001:0002206f       ?load@REALTIME_MACHINE_LIST_CLASS@@QAEEXZ 0042306f f   rtmlist.obj
 0001:0002219f       ?realtime_machine_list_proc@@YGHPAUHWND__@@IIJ@Z 0042319f f   rtmlist.obj
 0001:000222ff       ?save@REALTIME_MACHINE_LIST_CLASS@@QAEEXZ 004232ff f   rtmlist.obj
 0001:0002252f       ?sub_proc@@YGJPAUHWND__@@IIJ@Z 0042352f f   rtmlist.obj
 0001:00022687       ?toggle_profile_save_flags@@YAXXZ 00423687 f   savepro.obj
 0001:00022799       ??0STATUS_SCREEN_ROW_ENTRY@@QAE@XZ 00423799 f   status.obj
 0001:00022817       ??1STATUS_SCREEN_ROW_ENTRY@@QAE@XZ 00423817 f i status.obj
 0001:00022858       ??_ESTATUS_SCREEN_COLUMN_ENTRY@@QAEPAXI@Z 00423858 f i status.obj
 0001:000228af       ??_ESTATUS_SCREEN_ROW_ENTRY@@QAEPAXI@Z 004238af f i status.obj
 0001:0002290a       ?add_down_seconds@STATUS_SCREEN_ROW_ENTRY@@QAEXAAVDOWNTIME_RECORD_CLASS@@0@Z 0042390a f   status.obj
 0001:0002298e       ?begin_status_display@@YAEXZ 0042398e f   status.obj
 0001:000229a9       ?choose_status_screen_font@@YAXXZ 004239a9 f   status.obj
 0001:0002306d       ?end_status_display@@YAXXZ 0042406d f   status.obj
 0001:0002313f       ?get@STATUS_SCREEN_COLUMN_ENTRY@@QAEEPBD@Z 0042413f f   status.obj
 0001:000231dc       ?get_alarm_summary_info@STATUS_SCREEN_ROW_ENTRY@@QAEXXZ 004241dc f   status.obj
 0001:0002324d       ?get_downtime_status@STATUS_SCREEN_ROW_ENTRY@@QAEXXZ 0042424d f   status.obj
 0001:000232fe       ?get_shot_info@STATUS_SCREEN_ROW_ENTRY@@QAEXXZ 004242fe f   status.obj
 0001:000233e4       ?paint_status_display@@YAXAAUtagPAINTSTRUCT@@@Z 004243e4 f   status.obj
 0001:00023479       ?put@STATUS_SCREEN_COLUMN_ENTRY@@QAEPADXZ 00424479 f   status.obj
 0001:000234f4       ?read_alarm_info@STATUS_SCREEN_ROW_ENTRY@@QAEXXZ 004244f4 f   status.obj
 0001:000236a3       ?read_downtimes@STATUS_SCREEN_ROW_ENTRY@@QAEXXZ 004246a3 f   status.obj
 0001:00023963       ?read_parameters@STATUS_SCREEN_ROW_ENTRY@@QAEXXZ 00424963 f   status.obj
 0001:000239d5       ?save_status_config@@YAXXZ 004249d5 f   status.obj
 0001:00023c61       ?show_one_row@@YAXPAUHDC__@@H@Z 00424c61 f   status.obj
 0001:000243d8       ?status_screen_down_data_change@@YAXAAVSTRING_CLASS@@PAD1@Z 004253d8 f   status.obj
 0001:000244b7       ?status_screen_left_button_up@@YAXAAUtagPOINT@@@Z 004254b7 f   status.obj
 0001:00024749       ?status_screen_new_machine_status@@YAXAAVSTRING_CLASS@@G@Z 00425749 f   status.obj
 0001:000247f1       ?status_screen_new_shot@@YAXAAVSTRING_CLASS@@@Z 004257f1 f   status.obj
 0001:0002488d       ?status_screen_timer_update@@YAXXZ 0042588d f   status.obj
 0001:00024a2c       ??0FIXED_PARAM_CLASS@@QAE@XZ 00425a2c f   tcconfig.obj
 0001:00024a42       ??0TREND_CONFIG_CLASS@@QAE@XZ 00425a42 f   tcconfig.obj
 0001:00024a9c       ??1TREND_CONFIG_CLASS@@QAE@XZ 00425a9c f   tcconfig.obj
 0001:00024ab0       ??4TREND_CONFIG_CLASS@@QAEXABV0@@Z 00425ab0 f   tcconfig.obj
 0001:00024b3e       ??8TREND_CONFIG_CLASS@@QAEEABV0@@Z 00425b3e f   tcconfig.obj
 0001:00024bd1       ??9TREND_CONFIG_CLASS@@QAEEABV0@@Z 00425bd1 f   tcconfig.obj
 0001:00024fad       ?get_from_line@FIXED_PARAM_CLASS@@QAEXPAD@Z 00425fad f   tcconfig.obj
 0001:00025070       ?get_from_screen@TREND_SCREEN_CONFIG_CLASS@@QAEXPAUHWND__@@@Z 00426070 f   tcconfig.obj
 0001:00025185       ?lbline@FIXED_PARAM_CLASS@@QAEPADPAD@Z 00426185 f   tcconfig.obj
 0001:000251ef       ?n_visible@TREND_CONFIG_CLASS@@QAEJXZ 004261ef f   tcconfig.obj
 0001:00025202       ?put_to_screen@TREND_SCREEN_CONFIG_CLASS@@QAEXPAUHWND__@@@Z 00426202 f   tcconfig.obj
 0001:000252d1       ?read@FIXED_PARAM_CLASS@@QAEXPAD@Z 004262d1 f   tcconfig.obj
 0001:0002540f       ?read@TREND_CONFIG_CLASS@@QAEXXZ 0042640f f   tcconfig.obj
 0001:000258d8       ?set@INT32_ARRAY_CLASS@@UAEXJ@Z 004268d8 f i tcconfig.obj
 0001:00025a8d       ?tc_visible_dialog_proc@@YGHPAUHWND__@@IIJ@Z 00426a8d f   tcconfig.obj
 0001:00025ae3       ?trend_config_dialog_proc@@YGHPAUHWND__@@IIJ@Z 00426ae3 f   tcconfig.obj
 0001:00025c55       ?write@FIXED_PARAM_CLASS@@QAEXPAD@Z 00426c55 f   tcconfig.obj
 0001:00025d0e       ?write@TREND_CONFIG_CLASS@@QAEXXZ 00426d0e f   tcconfig.obj
 0001:00025f14       ?write_from_line@FIXED_PARAM_CLASS@@QAEXPAD@Z 00426f14 f   tcconfig.obj
 0001:00025f7d       ??0STAT_ENTRY@@QAE@XZ      00426f7d f   trend.obj
 0001:00025fa4       ?add@STAT_ENTRY@@QAEXM@Z   00426fa4 f   trend.obj
 0001:0002605c       ?avg@STAT_ENTRY@@QAEMXZ    0042705c f   trend.obj
 0001:00026099       ?begin_trend_display@@YAEXZ 00427099 f   trend.obj
 0001:000260f1       ?celltext@@YAPADJJ@Z       004270f1 f   trend.obj
 0001:00026290       ?do_new_control_limits@@YAXXZ 00427290 f   trend.obj
 0001:0002629a       ?do_new_tc_config@@YAXI@Z  0042729a f   trend.obj
 0001:0002660d       ?end_trend_display@@YAXXZ  0042760d f   trend.obj
 0001:000266cd       ?get_nof_points_from_shot_range@@YAJAAJ@Z 004276cd f   trend.obj
 0001:00027563       ?mouse_to_trend@@YAXJJ@Z   00428563 f   trend.obj
 0001:00027624       ?paint_trend_display@@YAXABUtagRECT@@@Z 00428624 f   trend.obj
 0001:00027a02       ?percent_out@STAT_ENTRY@@QAEMXZ 00428a02 f   trend.obj
 0001:00027a43       ?print_statistical_summary@@YAXABUtagRECT@@@Z 00428a43 f   trend.obj
 0001:000280a7       ?reload_tc_data@@YAXXZ     004290a7 f   trend.obj
 0001:000280d9       ?save_control_limits@@YAXXZ 004290d9 f   trend.obj
 0001:00028395       ?show_one_parameter@@YAXJ@Z 00429395 f   trend.obj
 0001:00028432       ?stdev@STAT_ENTRY@@QAEMXZ  00429432 f   trend.obj
 0001:000284e4       ?trend_allshots@@YAXXZ     004294e4 f   trend.obj
 0001:000286d8       ?trend_escape@@YAXXZ       004296d8 f   trend.obj
 0001:000286f9       ?trend_left_button_up@@YAXAAUtagPOINT@@@Z 004296f9 f   trend.obj
 0001:00028809       ?trend_realtime@@YAXXZ     00429809 f   trend.obj
 0001:0002884b       ?trend_screen_new_shot@@YAXXZ 0042984b f   trend.obj
 0001:00028a84       ?trend_screen_reset@@YAXXZ 00429a84 f   trend.obj
 0001:00028a9d       ?z@STAT_ENTRY@@QAEMM@Z     00429a9d f   trend.obj
 0001:00028d41       ?fill_view_parameters_listbox@@YAXXZ 00429d41 f   viewpara.obj
 0001:00028e14       ?position_view_parameters_window@@YAXXZ 00429e14 f   viewpara.obj
 0001:00028f97       ?view_parameters_dialog_proc@@YGHPAUHWND__@@IIJ@Z 00429f97 f   viewpara.obj
 0001:00029023       ??0VIRTUAL_LISTBOX_CLASS@@QAE@XZ 0042a023 f   vlbclass.obj
 0001:00029054       ?do_keypress@VIRTUAL_LISTBOX_CLASS@@QAEHHH@Z 0042a054 f   vlbclass.obj
 0001:00029124       ?do_select@VIRTUAL_LISTBOX_CLASS@@QAEXXZ 0042a124 f   vlbclass.obj
 0001:00029143       ?do_vscroll@VIRTUAL_LISTBOX_CLASS@@QAEXI@Z 0042a143 f   vlbclass.obj
 0001:000291a9       ?fill_listbox@VIRTUAL_LISTBOX_CLASS@@QAEXXZ 0042a1a9 f   vlbclass.obj
 0001:00029238       ?goto_end@VIRTUAL_LISTBOX_CLASS@@QAEXXZ 0042a238 f   vlbclass.obj
 0001:00029258       ?scroll_down_one_line@VIRTUAL_LISTBOX_CLASS@@QAEXXZ 0042a258 f   vlbclass.obj
 0001:00029282       ?scroll_down_one_page@VIRTUAL_LISTBOX_CLASS@@QAEXXZ 0042a282 f   vlbclass.obj
 0001:000292c1       ?scroll_up_one_line@VIRTUAL_LISTBOX_CLASS@@QAEXXZ 0042a2c1 f   vlbclass.obj
 0001:000292de       ?scroll_up_one_page@VIRTUAL_LISTBOX_CLASS@@QAEXXZ 0042a2de f   vlbclass.obj
 0001:00029319       ?set_scrollbar@VIRTUAL_LISTBOX_CLASS@@QAEXXZ 0042a319 f   vlbclass.obj
 0001:00029372       ?set_scrollbar_pos@VIRTUAL_LISTBOX_CLASS@@QAEXXZ 0042a372 f   vlbclass.obj
 0001:000293bb       ?shutdown@VIRTUAL_LISTBOX_CLASS@@QAEXXZ 0042a3bb f   vlbclass.obj
 0001:000293d4       ?startup@VIRTUAL_LISTBOX_CLASS@@QAEEPADFPAUHWND__@@IIP6APADAAVDB_TABLE@@@Z@Z 0042a3d4 f   vlbclass.obj
 0001:00029463       ??0X_AXIS_CLASS@@QAE@XZ    0042a463 f   xaxis.obj
 0001:000294eb       ??1X_AXIS_CLASS@@QAE@XZ    0042a4eb f   xaxis.obj
 0001:00029522       ??ASHOT_ARRAY_CLASS@@QAEAAVSHOT_DATA_ENTRY@@J@Z 0042a522 f   xaxis.obj
 0001:00029577       ??_ESHOT_DATA_ENTRY@@QAEPAXI@Z 0042a577 f i xaxis.obj
 0001:000295cc       ?cleanup@SHOT_ARRAY_CLASS@@QAEXXZ 0042a5cc f   xaxis.obj
 0001:000295f0       ?draw_line@X_AXIS_CLASS@@AAEXHHHH@Z 0042a5f0 f   xaxis.obj
 0001:0002961b       ?info_box_x_position@X_AXIS_CLASS@@AAEJJ@Z 0042a61b f   xaxis.obj
 0001:00029641       ?init@SHOT_ARRAY_CLASS@@UAEEJ@Z 0042a641 f   xaxis.obj
 0001:000296c5       ?init@X_AXIS_CLASS@@UAEEJ@Z 0042a6c5 f   xaxis.obj
 0001:000296ca       ?left_shift@SHOT_ARRAY_CLASS@@QAEJAAVSHOT_DATA_ENTRY@@@Z 0042a6ca f   xaxis.obj
 0001:00029768       ?left_shift@SHOT_ARRAY_CLASS@@QAEJAAVSTRING_CLASS@@AAU_SYSTEMTIME@@@Z 0042a768 f   xaxis.obj
 0001:000297b1       ?left_shift@X_AXIS_CLASS@@QAEXAAVSTRING_CLASS@@AAU_SYSTEMTIME@@@Z 0042a7b1 f   xaxis.obj
 0001:00029890       ?max_shot_name@SHOT_ARRAY_CLASS@@QAEEAAVSTRING_CLASS@@@Z 0042a890 f   xaxis.obj
 0001:000298e8       ?min_shot_name@SHOT_ARRAY_CLASS@@QAEEAAVSTRING_CLASS@@@Z 0042a8e8 f   xaxis.obj
 0001:00029940       ?next_set@SHOT_ARRAY_CLASS@@QAEEXZ 0042a940 f   xaxis.obj
 0001:00029940       ?next_set@DATA_ARRAY_CLASS@@QAEEXZ 0042a940 f   mplot.obj
 0001:0002995f       ?paint@X_AXIS_CLASS@@QAEEPAUHDC__@@@Z 0042a95f f   xaxis.obj
 0001:00029c08       ?restore_info_box@X_AXIS_CLASS@@QAEEPAUHDC__@@@Z 0042ac08 f   xaxis.obj
 0001:00029c10       ?set@SHOT_ARRAY_CLASS@@QAEEAAVSTRING_CLASS@@AAU_SYSTEMTIME@@@Z 0042ac10 f   xaxis.obj
 0001:00029c5f       ?set@X_AXIS_CLASS@@QAEXAAVSTRING_CLASS@@AAU_SYSTEMTIME@@@Z 0042ac5f f   xaxis.obj
 0001:00029cb6       ?set_bitmap_size@X_AXIS_CLASS@@QAEXH@Z 0042acb6 f   xaxis.obj
 0001:00029db1       ?show_info_box@X_AXIS_CLASS@@QAEEPAUHDC__@@JJE@Z 0042adb1 f   xaxis.obj
 0001:00029f6f       ?x_index@X_AXIS_CLASS@@QAEJJ@Z 0042af6f f   xaxis.obj
 0001:00029fd3       ?x_pos@X_AXIS_CLASS@@QAEJJ@Z 0042afd3 f   xaxis.obj
 0001:0002a00b       ?x_pos_from_index@X_AXIS_CLASS@@QAEJJ@Z 0042b00b f   xaxis.obj
 0001:0002a802       ?xdcr_proc@@YGJPAUHWND__@@IIJ@Z 0042b802 f   xdcrplot.obj
 0001:0002a93e       _DdeGetData@16             0042b93e f   user32:USER32.dll
 0001:0002a944       _OpenPrinterA@12           0042b944 f   winspool:WINSPOOL.DRV
 0001:0002a94a       _GetPrinterA@20            0042b94a f   winspool:WINSPOOL.DRV
 0001:0002a950       _ClosePrinter@4            0042b950 f   winspool:WINSPOOL.DRV
 0001:0002a956       ?directory_exists@@YAEPAD@Z 0042b956 f   v5subs:exists.obj
 0001:0002a979       ?disk_is_in_drive@@YAEPAD@Z 0042b979 f   v5subs:exists.obj
 0001:0002a9b1       ?file_exists@@YAEPAD@Z     0042b9b1 f   v5subs:exists.obj
 0001:0002aa42       ?get_drive_name@@YAEPAD@Z  0042ba42 f   v5subs:exists.obj
 0001:0002aa72       ?is_removable@@YAEPAD@Z    0042ba72 f   v5subs:exists.obj
 0001:0002aa9c       ?char_to_tchar@@YAXPAD0H@Z 0042ba9c f   v5subs:mem.obj
 0001:0002aad6       ?charlen@@YAFPBDF@Z        0042bad6 f   v5subs:mem.obj
 0001:0002aaf9       ?compare@@YAFPBD0@Z        0042baf9 f   v5subs:mem.obj
 0001:0002ab74       ?compare@@YAFPBD0F@Z       0042bb74 f   v5subs:mem.obj
 0001:0002abd8       ?copy_w_char@@YAPADPAD0D@Z 0042bbd8 f   v5subs:mem.obj
 0001:0002abef       ?copychars@@YAXPADPBDF@Z   0042bbef f   v5subs:mem.obj
 0001:0002ac11       ?copyfromstr@@YAXPADPBDF@Z 0042bc11 f   v5subs:mem.obj
 0001:0002ac51       ?copystring@@YAPADPADPBD@Z 0042bc51 f   v5subs:mem.obj
 0001:0002ac8a       ?copystring@@YAPADPADPBDH@Z 0042bc8a f   v5subs:mem.obj
 0001:0002accf       ?countchars@@YAJDPBD@Z     0042bccf f   v5subs:mem.obj
 0001:0002acf0       ?fillchars@@YAXPADDF@Z     0042bcf0 f   v5subs:mem.obj
 0001:0002ad0f       ?find_last_string@@YAPADPBDPAD@Z 0042bd0f f   v5subs:mem.obj
 0001:0002ada9       ?findchar@@YAPADDPADF@Z    0042bda9 f   v5subs:mem.obj
 0001:0002add4       ?findchar@@YAPBDDPBD@Z     0042bdd4 f   v5subs:mem.obj
 0001:0002add4       ?findchar@@YAPADDPAD@Z     0042bdd4 f   v5subs:mem.obj
 0001:0002adf0       ?findstring@@YAPADPBDPAD@Z 0042bdf0 f   v5subs:mem.obj
 0001:0002ae5f       ?maketext@@YAPADJ@Z        0042be5f f   v5subs:mem.obj
 0001:0002ae78       ?maketext@@YAPADPBD@Z      0042be78 f   v5subs:mem.obj
 0001:0002ae86       ?maketext@@YAPADPBDJ@Z     0042be86 f   v5subs:mem.obj
 0001:0002aeb9       ?move_string_forward@@YAXPADH@Z 0042beb9 f   v5subs:mem.obj
 0001:0002aee9       ?nextstring@@YAPADPAD@Z    0042bee9 f   v5subs:mem.obj
 0001:0002aefa       ?remove_all_occurances@@YAXPADD@Z 0042befa f   v5subs:mem.obj
 0001:0002af27       ?remove_char@@YAXPAD@Z     0042bf27 f   v5subs:mem.obj
 0001:0002af42       ?replace_char_with_null@@YAEPADD@Z 0042bf42 f   v5subs:mem.obj
 0001:0002af6f       ?replace_char_with_null@@YAEPADPBD@Z 0042bf6f f   v5subs:mem.obj
 0001:0002afad       ?replace_tab_with_null@@YAEPAD@Z 0042bfad f   v5subs:mem.obj
 0001:0002afc1       ?start_chars_are_equal@@YA_NPBD0@Z 0042bfc1 f   v5subs:mem.obj
 0001:0002afec       ?strings_are_equal@@YAEPBD0@Z 0042bfec f   v5subs:mem.obj
 0001:0002b021       ?strings_are_equal@@YAEPBD0F@Z 0042c021 f   v5subs:mem.obj
 0001:0002b03d       ?strip@@YAXPAD@Z           0042c03d f   v5subs:mem.obj
 0001:0002b06a       ?tchar_to_int@@YAHD@Z      0042c06a f   v5subs:mem.obj
 0001:0002b07f       ?trim@@YAXPAD@Z            0042c07f f   v5subs:mem.obj
 0001:0002b0ad       ?upper_case@@YAXAAD@Z      0042c0ad f   v5subs:mem.obj
 0001:0002b0ce       ?upper_case@@YAXPAD@Z      0042c0ce f   v5subs:mem.obj
 0001:0002b0f7       ?utoi@@YAHI@Z              0042c0f7 f   v5subs:mem.obj
 0001:0002b0fc       ?asctoint@@YAHPBD@Z        0042c0fc f   v5subs:extract.obj
 0001:0002b0fc       ?asctoint32@@YAJPBD@Z      0042c0fc f   v5subs:extract.obj
 0001:0002b119       ?asctoul@@YAKPBD@Z         0042c119 f   v5subs:extract.obj
 0001:0002b136       ?extdouble@@YANPBD@Z       0042c136 f   v5subs:extract.obj
 0001:0002b14d       ?extdouble@@YANPBDF@Z      0042c14d f   v5subs:extract.obj
 0001:0002b1b5       ?extfloat@@YAMPBD@Z        0042c1b5 f   v5subs:extract.obj
 0001:0002b1da       ?extlong@@YAJPBDF@Z        0042c1da f   v5subs:extract.obj
 0001:0002b1da       ?extshort@@YAFPBDF@Z       0042c1da f   v5subs:extract.obj
 0001:0002b1ed       ?extlong@@YAJPBDFH@Z       0042c1ed f   v5subs:extract.obj
 0001:0002b253       ?extul@@YAKPBDFH@Z         0042c253 f   v5subs:extract.obj
 0001:0002b2b9       ?is_real_char@@YAED@Z      0042c2b9 f   v5subs:extract.obj
 0001:0002b35c       ?int32toasc@@YAPADJ@Z      0042c35c f   v5subs:itoasc.obj
 0001:0002b375       ?int32toasc@@YAXPADJJ@Z    0042c375 f   v5subs:itoasc.obj
 0001:0002b3b6       ?ultoascii@@YAPADKK@Z      0042c3b6 f   v5subs:itoasc.obj
 0001:0002b3d1       ?ultoascii@@YAXPADKK@Z     0042c3d1 f   v5subs:itoasc.obj
 0001:0002b400       ??0STRING_CLASS@@QAE@ABV0@@Z 0042c400 f   v5subs:stringcl.obj
 0001:0002b41c       ??0STRING_CLASS@@QAE@XZ    0042c41c f   v5subs:stringcl.obj
 0001:0002b426       ??1STRING_CLASS@@QAE@XZ    0042c426 f   v5subs:stringcl.obj
 0001:0002b42b       ??4STRING_CLASS@@QAEXABV0@@Z 0042c42b f   v5subs:stringcl.obj
 0001:0002b43a       ??4STRING_CLASS@@QAEXD@Z   0042c43a f   v5subs:stringcl.obj
 0001:0002b451       ??4STRING_CLASS@@QAEXE@Z   0042c451 f   v5subs:stringcl.obj
 0001:0002b46c       ??4STRING_CLASS@@QAEXH@Z   0042c46c f   v5subs:stringcl.obj
 0001:0002b494       ??4STRING_CLASS@@QAEXN@Z   0042c494 f   v5subs:stringcl.obj
 0001:0002b4c3       ??4STRING_CLASS@@QAEXPBD@Z 0042c4c3 f   v5subs:stringcl.obj
 0001:0002b50e       ??8STRING_CLASS@@QAEEABV0@@Z 0042c50e f   v5subs:stringcl.obj
 0001:0002b51d       ??8STRING_CLASS@@QAEEPBD@Z 0042c51d f   v5subs:stringcl.obj
 0001:0002b573       ??MSTRING_CLASS@@QAEEABV0@@Z 0042c573 f   v5subs:stringcl.obj
 0001:0002b59a       ??OSTRING_CLASS@@QAEEABV0@@Z 0042c59a f   v5subs:stringcl.obj
 0001:0002b5c1       ??YSTRING_CLASS@@QAEXABV0@@Z 0042c5c1 f   v5subs:stringcl.obj
 0001:0002b5d0       ??YSTRING_CLASS@@QAEXD@Z   0042c5d0 f   v5subs:stringcl.obj
 0001:0002b603       ??YSTRING_CLASS@@QAEXH@Z   0042c603 f   v5subs:stringcl.obj
 0001:0002b63a       ??YSTRING_CLASS@@QAEXI@Z   0042c63a f   v5subs:stringcl.obj
 0001:0002b671       ??YSTRING_CLASS@@QAEXN@Z   0042c671 f   v5subs:stringcl.obj
 0001:0002b6af       ??YSTRING_CLASS@@QAEXPBD@Z 0042c6af f   v5subs:stringcl.obj
 0001:0002b6f0       ??YSTRING_CLASS@@QAEXE@Z   0042c6f0 f   v5subs:stringcl.obj
 0001:0002b6f0       ??YSTRING_CLASS@@QAEX_N@Z  0042c6f0 f   v5subs:stringcl.obj
 0001:0002b70b       ?acquire@STRING_CLASS@@QAEEAAV1@@Z 0042c70b f   v5subs:stringcl.obj
 0001:0002b739       ?add_finalchar@STRING_CLASS@@AAEXPAD0@Z 0042c739 f   v5subs:stringcl.obj
 0001:0002b762       ?boolean_value@STRING_CLASS@@QAEEXZ 0042c762 f   v5subs:stringcl.obj
 0001:0002b781       ?cat_path@STRING_CLASS@@QAEXPBD@Z 0042c781 f   v5subs:stringcl.obj
 0001:0002b7ed       ?cat_w_char@STRING_CLASS@@QAEXPBDD@Z 0042c7ed f   v5subs:stringcl.obj
 0001:0002b842       ?compare@STRING_CLASS@@QAEHPAD@Z 0042c842 f   v5subs:stringcl.obj
 0001:0002b86e       ?contains@STRING_CLASS@@QAE_ND@Z 0042c86e f   v5subs:stringcl.obj
 0001:0002b87f       ?contains@STRING_CLASS@@QAE_NPBD@Z 0042c87f f   v5subs:stringcl.obj
 0001:0002b890       ?empty@STRING_CLASS@@QAEXXZ 0042c890 f   v5subs:stringcl.obj
 0001:0002b8ab       ?find@STRING_CLASS@@QAEPADD@Z 0042c8ab f   v5subs:stringcl.obj
 0001:0002b8d4       ?find@STRING_CLASS@@QAEPADPBD@Z 0042c8d4 f   v5subs:stringcl.obj
 0001:0002b8f2       ?findlast@STRING_CLASS@@QAEPADPBD@Z 0042c8f2 f   v5subs:stringcl.obj
 0001:0002b910       ?get_text@STRING_CLASS@@QAE_NPAUHWND__@@@Z 0042c910 f   v5subs:stringcl.obj
 0001:0002b964       ?init@STRING_CLASS@@QAEEJ@Z 0042c964 f   v5subs:stringcl.obj
 0001:0002b9a8       ?isempty@STRING_CLASS@@QAEEXZ 0042c9a8 f   v5subs:stringcl.obj
 0001:0002b9c4       ?isnumeric@STRING_CLASS@@QAEEXZ 0042c9c4 f   v5subs:stringcl.obj
 0001:0002ba4d       ?last_char@STRING_CLASS@@QAEPADXZ 0042ca4d f   v5subs:stringcl.obj
 0001:0002ba65       ?len@STRING_CLASS@@QAEJXZ  0042ca65 f   v5subs:stringcl.obj
 0001:0002ba78       ?next_field@STRING_CLASS@@QAE_ND@Z 0042ca78 f   v5subs:stringcl.obj
 0001:0002bb98       ?next_field@STRING_CLASS@@QAE_NXZ 0042cb98 f   v5subs:stringcl.obj
 0001:0002bba6       ?null@STRING_CLASS@@QAEXXZ 0042cba6 f   v5subs:stringcl.obj
 0001:0002bbc6       ?null_first_control_char@STRING_CLASS@@QAEXXZ 0042cbc6 f   v5subs:stringcl.obj
 0001:0002bbec       ?real_value@STRING_CLASS@@QAENXZ 0042cbec f   v5subs:stringcl.obj
 0001:0002bc43       ?release@STRING_CLASS@@QAEPADXZ 0042cc43 f   v5subs:stringcl.obj
 0001:0002bc4e       ?remove_all_occurances@STRING_CLASS@@QAEHD@Z 0042cc4e f   v5subs:stringcl.obj
 0001:0002bc8d       ?remove_leading_chars@STRING_CLASS@@QAEHD@Z 0042cc8d f   v5subs:stringcl.obj
 0001:0002bcca       ?replace@STRING_CLASS@@QAEEDD@Z 0042ccca f   v5subs:stringcl.obj
 0001:0002bcf6       ?replace@STRING_CLASS@@QAEEPBD0@Z 0042ccf6 f   v5subs:stringcl.obj
 0001:0002bdab       ?replace_all@STRING_CLASS@@QAEHDD@Z 0042cdab f   v5subs:stringcl.obj
 0001:0002bdd9       ?rjust@STRING_CLASS@@QAEEJ@Z 0042cdd9 f   v5subs:stringcl.obj
 0001:0002bded       ?rjust@STRING_CLASS@@QAEEJD@Z 0042cded f   v5subs:stringcl.obj
 0001:0002be3c       ?set_text@STRING_CLASS@@QAE_NPAUHWND__@@@Z 0042ce3c f   v5subs:stringcl.obj
 0001:0002be61       ?strip@STRING_CLASS@@QAEXXZ 0042ce61 f   v5subs:stringcl.obj
 0001:0002beba       ?strip_crlf@STRING_CLASS@@QAEXXZ 0042ceba f   v5subs:stringcl.obj
 0001:0002befd       ?uppercase@STRING_CLASS@@QAEXXZ 0042cefd f   v5subs:stringcl.obj
 0001:0002bf0d       ?upsize@STRING_CLASS@@QAEEJ@Z 0042cf0d f   v5subs:stringcl.obj
 0001:0002bf61       ?add_ending_backslash@NAME_CLASS@@QAEXXZ 0042cf61 f   v5subs:nameclas.obj
 0001:0002bf94       ?convert_to_data_dir@NAME_CLASS@@QAEEXZ 0042cf94 f   v5subs:nameclas.obj
 0001:0002bfd9       ?copyto@NAME_CLASS@@QAEEAAVSTRING_CLASS@@@Z 0042cfd9 f   v5subs:nameclas.obj
 0001:0002c008       ?ensure_file_directory_existance@NAME_CLASS@@QAEEXZ 0042d008 f   v5subs:nameclas.obj
 0001:0002c071       ?find_extension@NAME_CLASS@@QAEPADXZ 0042d071 f   v5subs:nameclas.obj
 0001:0002c0b7       ?get_data_dir_file_name@NAME_CLASS@@QAEEAAVSTRING_CLASS@@PBD@Z 0042d0b7 f   v5subs:nameclas.obj
 0001:0002c0fa       ?get_data_dir_file_name@NAME_CLASS@@QAEEPBD@Z 0042d0fa f   v5subs:nameclas.obj
 0001:0002c117       ?get_display_dir_file_name@NAME_CLASS@@QAEEAAVSTRING_CLASS@@0PBD@Z 0042d117 f   v5subs:nameclas.obj
 0001:0002c174       ?get_exe_dir_file_name@NAME_CLASS@@QAEEAAVSTRING_CLASS@@PBD@Z 0042d174 f   v5subs:nameclas.obj
 0001:0002c1b7       ?get_exe_dir_file_name@NAME_CLASS@@QAEEPBD@Z 0042d1b7 f   v5subs:nameclas.obj
 0001:0002c1f0       ?get_file_name@NAME_CLASS@@QAEEAAVSTRING_CLASS@@@Z 0042d1f0 f   v5subs:nameclas.obj
 0001:0002c20a       ?get_file_name@NAME_CLASS@@QAEEPAD@Z 0042d20a f   v5subs:nameclas.obj
 0001:0002c29b       ?get_log_dir_file_name@NAME_CLASS@@QAEEPBD@Z 0042d29b f   v5subs:nameclas.obj
 0001:0002c2d4       ?get_machine_dir_file_name@NAME_CLASS@@QAEEAAVSTRING_CLASS@@0PBD@Z 0042d2d4 f   v5subs:nameclas.obj
 0001:0002c31d       ?get_machine_list_file_name@NAME_CLASS@@QAEEAAVSTRING_CLASS@@@Z 0042d31d f   v5subs:nameclas.obj
 0001:0002c380       ?get_machine_results_dir_file_name@NAME_CLASS@@QAEEAAVSTRING_CLASS@@0PBD@Z 0042d380 f   v5subs:nameclas.obj
 0001:0002c3be       ?get_part_dir_file_name@NAME_CLASS@@QAEEAAVSTRING_CLASS@@00PBD@Z 0042d3be f   v5subs:nameclas.obj
 0001:0002c40a       ?get_part_results_dir_file_name@NAME_CLASS@@QAEEAAVSTRING_CLASS@@00PBD@Z 0042d40a f   v5subs:nameclas.obj
 0001:0002c44b       ?get_profile_name@NAME_CLASS@@QAEEAAVSTRING_CLASS@@00PBD1@Z 0042d44b f   v5subs:nameclas.obj
 0001:0002c4f6       ?get_static_text_parameters_csvname@NAME_CLASS@@QAEEAAVSTRING_CLASS@@00@Z 0042d4f6 f   v5subs:nameclas.obj
 0001:0002c50f       ?get_stringtable_name@NAME_CLASS@@QAEEPBD@Z 0042d50f f   v5subs:nameclas.obj
 0001:0002c560       ?moveto@NAME_CLASS@@QAEEAAVSTRING_CLASS@@@Z 0042d560 f   v5subs:nameclas.obj
 0001:0002c58d       ?remove_ending_filename@NAME_CLASS@@QAEEXZ 0042d58d f   v5subs:nameclas.obj
 0001:0002c5b3       ?remove_extension@NAME_CLASS@@QAEEXZ 0042d5b3 f   v5subs:nameclas.obj
 0001:0002c5ca       ?replace_extension@NAME_CLASS@@QAEXPAD@Z 0042d5ca f   v5subs:nameclas.obj
 0001:0002c5f8       ??0ANALOG_SENSOR@@QAE@XZ   0042d5f8 f   v5subs:asensor.obj
 0001:0002c5fe       ??0ANALOG_SENSOR_ENTRY@@QAE@XZ 0042d5fe f   v5subs:asensor.obj
 0001:0002c64e       ??1ANALOG_SENSOR_ENTRY@@QAE@XZ 0042d64e f   v5subs:asensor.obj
 0001:0002c67a       ??AANALOG_SENSOR@@QAEAAUANALOG_SENSOR_ENTRY@@H@Z 0042d67a f   v5subs:asensor.obj
 0001:0002c69d       ??_EANALOG_SENSOR_ENTRY@@QAEPAXI@Z 0042d69d f i v5subs:asensor.obj
 0001:0002c6f2       ?converted_value@ANALOG_SENSOR_ENTRY@@QAENI@Z 0042d6f2 f   v5subs:asensor.obj
 0001:0002c726       ?get@ANALOG_SENSOR@@SAEXZ  0042d726 f   v5subs:asensor.obj
 0001:0002c924       ?get@ANALOG_SENSOR_ENTRY@@QAEEPAD@Z 0042d924 f   v5subs:asensor.obj
 0001:0002ca81       ?raw_count@ANALOG_SENSOR_ENTRY@@QAENN@Z 0042da81 f   v5subs:asensor.obj
 0001:0002cac4       ?shutdown@ANALOG_SENSOR@@SAXXZ 0042dac4 f   v5subs:asensor.obj
 0001:0002cac9       ?update@ANALOG_SENSOR_ENTRY@@QAEEXZ 0042dac9 f   v5subs:asensor.obj
 0001:0002cbb7       ??0AUTO_BACKUP_CLASS@@QAE@XZ 0042dbb7 f   v5subs:autoback.obj
 0001:0002cbc9       ??1AUTO_BACKUP_CLASS@@QAE@XZ 0042dbc9 f   v5subs:autoback.obj
 0001:0002cbcf       ?backup_data_dir@AUTO_BACKUP_CLASS@@QAEEXZ 0042dbcf f   v5subs:autoback.obj
 0001:0002cc71       ?backup_part@AUTO_BACKUP_CLASS@@QAEEAAVSTRING_CLASS@@0@Z 0042dc71 f   v5subs:autoback.obj
 0001:0002cec8       ?get_backup_dir@AUTO_BACKUP_CLASS@@QAEEXZ 0042dec8 f   v5subs:autoback.obj
 0001:0002cf66       ??0DOWNCAT_NAME_ENTRY@@QAE@XZ 0042df66 f   v5subs:catclass.obj
 0001:0002cf88       ??0DOWNSCAT_NAME_ENTRY@@QAE@XZ 0042df88 f   v5subs:catclass.obj
 0001:0002cfb8       ??ADOWNSCAT_NAME_CLASS@@QAEAAUDOWNSCAT_NAME_ENTRY@@J@Z 0042dfb8 f   v5subs:catclass.obj
 0001:0002cfd9       ?cleanup@DOWNCAT_NAME_CLASS@@QAEXXZ 0042dfd9 f   v5subs:catclass.obj
 0001:0002cfd9       ?cleanup@DOWNSCAT_NAME_CLASS@@QAEXXZ 0042dfd9 f   v5subs:catclass.obj
 0001:0002cff2       ?index@DOWNSCAT_NAME_CLASS@@QAEJPAD0@Z 0042dff2 f   v5subs:catclass.obj
 0001:0002d043       ?name@DOWNCAT_NAME_CLASS@@QAEPADPAD@Z 0042e043 f   v5subs:catclass.obj
 0001:0002d088       ?name@DOWNSCAT_NAME_CLASS@@QAEPADPAD0@Z 0042e088 f   v5subs:catclass.obj
 0001:0002d0b2       ?read@DOWNCAT_NAME_CLASS@@QAEEXZ 0042e0b2 f   v5subs:catclass.obj
 0001:0002d1e1       ?read@DOWNSCAT_NAME_CLASS@@QAEEXZ 0042e1e1 f   v5subs:catclass.obj
 0001:0002d3bb       ??1CHAXIS_LABEL_CLASS@@QAE@XZ 0042e3bb f   v5subs:chaxis.obj
 0001:0002d3c0       ??ACHAXIS_LABEL_CLASS@@QAEPADH@Z 0042e3c0 f   v5subs:chaxis.obj
 0001:0002d3de       ?cleanup@CHAXIS_LABEL_CLASS@@QAEXXZ 0042e3de f   v5subs:chaxis.obj
 0001:0002d41d       ?get@CHAXIS_LABEL_CLASS@@QAEEAAVSTRING_CLASS@@00@Z 0042e41d f   v5subs:chaxis.obj
 0001:0002d4ee       ?init@CHAXIS_LABEL_CLASS@@QAEEH@Z 0042e4ee f   v5subs:chaxis.obj
 0001:0002d53c       ??0COLORS_CLASS@@QAE@XZ    0042e53c f   v5subs:color.obj
 0001:0002d551       ??1COLORS_CLASS@@QAE@XZ    0042e551 f   v5subs:color.obj
 0001:0002d556       ??ACOLORS_CLASS@@QAEKF@Z   0042e556 f   v5subs:color.obj
 0001:0002d57d       ?clear@@YAXXZ              0042e57d f   v5subs:color.obj
 0001:0002d59d       ?index@COLORS_CLASS@@QAEFPAD@Z 0042e59d f   v5subs:color.obj
 0001:0002d5e1       ?reload@COLORS_CLASS@@QAEEXZ 0042e5e1 f   v5subs:color.obj
 0001:0002d73d       ??0DB_TABLE@@QAE@XZ        0042e73d f   v5subs:dbsubs.obj
 0001:0002d764       ??1DB_TABLE@@QAE@XZ        0042e764 f   v5subs:dbsubs.obj
 0001:0002d7d0       ?close@DB_TABLE@@QAEXXZ    0042e7d0 f   v5subs:dbsubs.obj
 0001:0002d7f1       ?compare_date@@YAFPAD0@Z   0042e7f1 f   v5subs:dbsubs.obj
 0001:0002d827       ?compare_int32@@YAFPAD0J@Z 0042e827 f   v5subs:dbsubs.obj
 0001:0002d85b       ?compare_one_record@DB_TABLE@@AAEEPAFJJ@Z 0042e85b f   v5subs:dbsubs.obj
 0001:0002d928       ?create@DB_TABLE@@QAEEPAD@Z 0042e928 f   v5subs:dbsubs.obj
 0001:0002d988       ?determine_column_info@DB_TABLE@@QAEHXZ 0042e988 f   v5subs:dbsubs.obj
 0001:0002db61       ?empty@DB_TABLE@@QAEEXZ    0042eb61 f   v5subs:dbsubs.obj
 0001:0002db88       ?ensure_existance@DB_TABLE@@QAEEAAVSTRING_CLASS@@@Z 0042eb88 f   v5subs:dbsubs.obj
 0001:0002dbbc       ?field_length@DB_TABLE@@QAEFH@Z 0042ebbc f   v5subs:dbsubs.obj
 0001:0002dc07       ?field_offset@DB_TABLE@@QAEGH@Z 0042ec07 f   v5subs:dbsubs.obj
 0001:0002dc4b       ?fill_searchbuf@DB_TABLE@@AAEEF@Z 0042ec4b f   v5subs:dbsubs.obj
 0001:0002dc99       ?get_alpha@DB_TABLE@@QAEEAAVSTRING_CLASS@@GF@Z 0042ec99 f   v5subs:dbsubs.obj
 0001:0002dcf9       ?get_alpha@DB_TABLE@@QAEEAAVSTRING_CLASS@@H@Z 0042ecf9 f   v5subs:dbsubs.obj
 0001:0002dd66       ?get_alpha@DB_TABLE@@QAEEPADGF@Z 0042ed66 f   v5subs:dbsubs.obj
 0001:0002dd7c       ?get_alpha@DB_TABLE@@QAEEPADGFG@Z 0042ed7c f   v5subs:dbsubs.obj
 0001:0002ddd5       ?get_boolean@DB_TABLE@@QAEEG@Z 0042edd5 f   v5subs:dbsubs.obj
 0001:0002de03       ?get_char@DB_TABLE@@QAEDG@Z 0042ee03 f   v5subs:dbsubs.obj
 0001:0002de1d       ?get_current_record@DB_TABLE@@QAEEE@Z 0042ee1d f   v5subs:dbsubs.obj
 0001:0002de63       ?get_date@DB_TABLE@@QAEEAAU_SYSTEMTIME@@G@Z 0042ee63 f   v5subs:dbsubs.obj
 0001:0002de7c       ?get_double@DB_TABLE@@QAENG@Z 0042ee7c f   v5subs:dbsubs.obj
 0001:0002deb8       ?get_long@DB_TABLE@@QAEJG@Z 0042eeb8 f   v5subs:dbsubs.obj
 0001:0002dee1       ?get_next_key_match@DB_TABLE@@QAEEFE@Z 0042eee1 f   v5subs:dbsubs.obj
 0001:0002df4e       ?get_next_record@DB_TABLE@@QAEEE@Z 0042ef4e f   v5subs:dbsubs.obj
 0001:0002df9c       ?get_prev_record@DB_TABLE@@QAEEE@Z 0042ef9c f   v5subs:dbsubs.obj
 0001:0002dff8       ?get_rec@DB_TABLE@@QAEEXZ  0042eff8 f   v5subs:dbsubs.obj
 0001:0002e042       ?get_time@DB_TABLE@@QAEEAAU_SYSTEMTIME@@G@Z 0042f042 f   v5subs:dbsubs.obj
 0001:0002e05b       ?goto_first_equal_or_greater_record@DB_TABLE@@QAEEF@Z 0042f05b f   v5subs:dbsubs.obj
 0001:0002e134       ?goto_first_greater_than_record@DB_TABLE@@QAEEF@Z 0042f134 f   v5subs:dbsubs.obj
 0001:0002e205       ?goto_first_key_record@DB_TABLE@@AAEEF@Z 0042f205 f   v5subs:dbsubs.obj
 0001:0002e220       ?goto_key_record@DB_TABLE@@AAEEFJJ@Z 0042f220 f   v5subs:dbsubs.obj
 0001:0002e34c       ?goto_record_number@DB_TABLE@@QAEEJ@Z 0042f34c f   v5subs:dbsubs.obj
 0001:0002e3df       ?initbuf@DB_TABLE@@AAEEPAPADPAFF@Z 0042f3df f   v5subs:dbsubs.obj
 0001:0002e467       ?is_alpha@DB_TABLE@@QAEEH@Z 0042f467 f   v5subs:dbsubs.obj
 0001:0002e489       ?lock_record@DB_TABLE@@QAEEXZ 0042f489 f   v5subs:dbsubs.obj
 0001:0002e503       ?nof_recs@DB_TABLE@@QAEKXZ 0042f503 f   v5subs:dbsubs.obj
 0001:0002e52b       ?open@DB_TABLE@@QAEEPADFF@Z 0042f52b f   v5subs:dbsubs.obj
 0001:0002e541       ?open@DB_TABLE@@QAEEPADFFF@Z 0042f541 f   v5subs:dbsubs.obj
 0001:0002e720       ?open_status@DB_TABLE@@QAEEXZ 0042f720 f   v5subs:dbsubs.obj
 0001:0002e728       ?point_to_start_of_field@DB_TABLE@@AAEPADG@Z 0042f728 f   v5subs:dbsubs.obj
 0001:0002e73f       ?post_error@@YAXPAD0@Z     0042f73f f   v5subs:dbsubs.obj
 0001:0002e752       ?post_error@@YAXPAD@Z      0042f752 f   v5subs:dbsubs.obj
 0001:0002e766       ?put_alpha@DB_TABLE@@QAEEGPBDF@Z 0042f766 f   v5subs:dbsubs.obj
 0001:0002e7ad       ?put_boolean@DB_TABLE@@QAEEGE@Z 0042f7ad f   v5subs:dbsubs.obj
 0001:0002e7d6       ?put_date@DB_TABLE@@QAEEGABU_SYSTEMTIME@@@Z 0042f7d6 f   v5subs:dbsubs.obj
 0001:0002e807       ?put_float@DB_TABLE@@QAEEGMF@Z 0042f807 f   v5subs:dbsubs.obj
 0001:0002e84e       ?put_long@DB_TABLE@@QAEEGJF@Z 0042f84e f   v5subs:dbsubs.obj
 0001:0002e88f       ?put_time@DB_TABLE@@QAEEGAAU_SYSTEMTIME@@@Z 0042f88f f   v5subs:dbsubs.obj
 0001:0002e8c0       ?rec_append@DB_TABLE@@QAEEXZ 0042f8c0 f   v5subs:dbsubs.obj
 0001:0002e8e6       ?rec_delete@DB_TABLE@@QAEEJ@Z 0042f8e6 f   v5subs:dbsubs.obj
 0001:0002ea2d       ?rec_update@DB_TABLE@@QAEEXZ 0042fa2d f   v5subs:dbsubs.obj
 0001:0002ea4e       ?restore_from_searchbuf@DB_TABLE@@AAEXXZ 0042fa4e f   v5subs:dbsubs.obj
 0001:0002ea95       ?unlock_record@DB_TABLE@@QAEEXZ 0042fa95 f   v5subs:dbsubs.obj
 0001:0002ead5       ?write_record@DB_TABLE@@AAEEXZ 0042fad5 f   v5subs:dbsubs.obj
 0001:0002eb2b       ?down_state@DSTAT_CLASS@@QAEHXZ 0042fb2b f   v5subs:dstat.obj
 0001:0002ebf7       ?get@DSTAT_CLASS@@QAEEAAVSTRING_CLASS@@0@Z 0042fbf7 f   v5subs:dstat.obj
 0001:0002ed00       ?put@DSTAT_CLASS@@QAEEAAVSTRING_CLASS@@0@Z 0042fd00 f   v5subs:dstat.obj
 0001:0002eebe       ?same_code@DSTAT_CLASS@@QAEEPAD0@Z 0042febe f   v5subs:dstat.obj
 0001:0002eef6       ??0DOWN_DATA_CLASS@@QAE@XZ 0042fef6 f   v5subs:evclass.obj
 0001:0002ef52       ?set@DOWN_DATA_CLASS@@QAEEPAUHDDEDATA__@@@Z 0042ff52 f   v5subs:evclass.obj
 0001:0002f10a       ?set@NEW_MACHINE_STATE_CLASS@@QAEEPAUHDDEDATA__@@@Z 0043010a f   v5subs:evclass.obj
 0001:0002f1ad       ??0FILE_CLASS@@QAE@XZ      004301ad f   v5subs:fileclas.obj
 0001:0002f1d1       ?close@FILE_CLASS@@QAEXXZ  004301d1 f   v5subs:fileclas.obj
 0001:0002f1d1       ??1FILE_CLASS@@QAE@XZ      004301d1 f   v5subs:fileclas.obj
 0001:0002f1d6       ?cleanup@FILE_CLASS@@QAEXXZ 004301d6 f   v5subs:fileclas.obj
 0001:0002f204       ?cleanup_memory@FILE_CLASS@@QAEXXZ 00430204 f   v5subs:fileclas.obj
 0001:0002f230       ?get_creation_time@FILE_CLASS@@QAEEPAU_FILETIME@@@Z 00430230 f   v5subs:fileclas.obj
 0001:0002f254       ?get_file_size@FILE_CLASS@@QAEEAAK@Z 00430254 f   v5subs:fileclas.obj
 0001:0002f281       ?insertbinary@FILE_CLASS@@QAEEPAXK@Z 00430281 f   v5subs:fileclas.obj
 0001:0002f33e       ?insertline@FILE_CLASS@@QAEEPAD@Z 0043033e f   v5subs:fileclas.obj
 0001:0002f3c7       ?make_path@FILE_CLASS@@QAEEPAD@Z 004303c7 f   v5subs:fileclas.obj
 0001:0002f412       ?nof_lines@FILE_CLASS@@QAEHXZ 00430412 f   v5subs:fileclas.obj
 0001:0002f4dc       ?open@FILE_CLASS@@QAEEPADK@Z 004304dc f   v5subs:fileclas.obj
 0001:0002f55f       ?open_for_append@FILE_CLASS@@QAEEAAVSTRING_CLASS@@@Z 0043055f f   v5subs:fileclas.obj
 0001:0002f579       ?open_for_append@FILE_CLASS@@QAEEPAD@Z 00430579 f   v5subs:fileclas.obj
 0001:0002f5af       ?open_for_read@FILE_CLASS@@QAEEAAVSTRING_CLASS@@@Z 004305af f   v5subs:fileclas.obj
 0001:0002f5c9       ?open_for_read@FILE_CLASS@@QAEEPAD@Z 004305c9 f   v5subs:fileclas.obj
 0001:0002f5e5       ?open_for_update@FILE_CLASS@@QAEEPAD@Z 004305e5 f   v5subs:fileclas.obj
 0001:0002f5fe       ?open_for_write@FILE_CLASS@@QAEEAAVSTRING_CLASS@@@Z 004305fe f   v5subs:fileclas.obj
 0001:0002f618       ?open_for_write@FILE_CLASS@@QAEEPAD@Z 00430618 f   v5subs:fileclas.obj
 0001:0002f631       ?readbinary@FILE_CLASS@@QAEKPAXK@Z 00430631 f   v5subs:fileclas.obj
 0001:0002f697       ?readline@FILE_CLASS@@QAEPADXZ 00430697 f   v5subs:fileclas.obj
 0001:0002f772       ?setpos@FILE_CLASS@@QAEEJ@Z 00430772 f   v5subs:fileclas.obj
 0001:0002f7b5       ?writebinary@FILE_CLASS@@QAEEPAXK@Z 004307b5 f   v5subs:fileclas.obj
 0001:0002f81d       ?writeline@FILE_CLASS@@QAEEAAVSTRING_CLASS@@@Z 0043081d f   v5subs:fileclas.obj
 0001:0002f837       ?writeline@FILE_CLASS@@QAEEPAD@Z 00430837 f   v5subs:fileclas.obj
 0001:0002f8ca       ??0FONT_CLASS@@QAE@XZ      004308ca f   v5subs:fontclas.obj
 0001:0002f8e6       ??0FONT_LIST_CLASS@@QAE@XZ 004308e6 f   v5subs:fontclas.obj
 0001:0002f8ec       ??0FONT_LIST_ENTRY@@QAE@XZ 004308ec f   v5subs:fontclas.obj
 0001:0002f906       ??1FONT_LIST_CLASS@@QAE@XZ 00430906 f   v5subs:fontclas.obj
 0001:0002f92f       ??1FONT_LIST_ENTRY@@QAE@XZ 0043092f f   v5subs:fontclas.obj
 0001:0002f947       ??4FONT_CLASS@@QAEXABUtagLOGFONTA@@@Z 00430947 f   v5subs:fontclas.obj
 0001:0002f9aa       ??4FONT_CLASS@@QAEXABV0@@Z 004309aa f   v5subs:fontclas.obj
 0001:0002f9e6       ??8FONT_CLASS@@QAE_NABUtagLOGFONTA@@@Z 004309e6 f   v5subs:fontclas.obj
 0001:0002fa6b       ??8FONT_CLASS@@QAE_NABV0@@Z 00430a6b f   v5subs:fontclas.obj
 0001:0002fb08       ?choose@FONT_CLASS@@QAE_NPAUHWND__@@@Z 00430b08 f   v5subs:fontclas.obj
 0001:0002fb7f       ?free_handle@FONT_LIST_CLASS@@QAEXPAUHFONT__@@@Z 00430b7f f   v5subs:fontclas.obj
 0001:0002fbc2       ?get@FONT_CLASS@@QAE_NPAD@Z 00430bc2 f   v5subs:fontclas.obj
 0001:0002fd5a       ?get_font@FONT_LIST_CLASS@@QAE_NAAVFONT_CLASS@@PAUHFONT__@@@Z 00430d5a f   v5subs:fontclas.obj
 0001:0002fd85       ?get_handle@FONT_LIST_CLASS@@QAEPAUHFONT__@@ABVFONT_CLASS@@@Z 00430d85 f   v5subs:fontclas.obj
 0001:0002fe96       ?put@FONT_CLASS@@QAEPADXZ  00430e96 f   v5subs:fontclas.obj
 0001:0002ffa4       ??0FTANALOG_ENTRY@@QAE@XZ  00430fa4 f   v5subs:ftanalog.obj
 0001:0002ffde       ??1FTANALOG_ENTRY@@QAE@XZ  00430fde f   v5subs:ftanalog.obj
 0001:000300ff       ?load@FTANALOG_CLASS@@QAEEAAVSTRING_CLASS@@00@Z 004310ff f   v5subs:ftanalog.obj
 0001:000304fc       ??0COMPUTER_CLASS@@QAE@XZ  004314fc f   v5subs:computer.obj
 0001:00030507       ?add@COMPUTER_CLASS@@QAEEPAD@Z 00431507 f   v5subs:computer.obj
 0001:000305bb       ?count@COMPUTER_CLASS@@QAEHXZ 004315bb f   v5subs:computer.obj
 0001:000305c1       ?empty@COMPUTER_CLASS@@QAEXXZ 004315c1 f   v5subs:computer.obj
 0001:000305f5       ?find@COMPUTER_CLASS@@QAEEPAD@Z 004315f5 f   v5subs:computer.obj
 0001:00030622       ?is_present@COMPUTER_CLASS@@QAEEXZ 00431622 f   v5subs:computer.obj
 0001:00030640       ?is_this_computer@COMPUTER_CLASS@@QAEEXZ 00431640 f   v5subs:computer.obj
 0001:0003065a       ?load@COMPUTER_CLASS@@QAEEXZ 0043165a f   v5subs:computer.obj
 0001:00030781       ?name@COMPUTER_CLASS@@QAEAAVSTRING_CLASS@@XZ 00431781 f   v5subs:computer.obj
 0001:0003078d       ?next@COMPUTER_CLASS@@QAEEXZ 0043178d f   v5subs:computer.obj
 0001:000307b0       ?online_status@COMPUTER_CLASS@@QAEEAAVSTRING_CLASS@@@Z 004317b0 f   v5subs:computer.obj
 0001:000307f6       ?online_status@COMPUTER_CLASS@@QAEEXZ 004317f6 f   v5subs:computer.obj
 0001:00030803       ?rewind@COMPUTER_CLASS@@QAEXXZ 00431803 f   v5subs:computer.obj
 0001:0003080a       ?set_online_status@COMPUTER_CLASS@@QAEEAAVSTRING_CLASS@@E@Z 0043180a f   v5subs:computer.obj
 0001:0003085a       ?startup@COMPUTER_CLASS@@QAEEXZ 0043185a f   v5subs:computer.obj
 0001:0003086f       ?whoami@COMPUTER_CLASS@@QAEAAVSTRING_CLASS@@XZ 0043186f f   v5subs:computer.obj
 0001:00030875       ??1INI_CLASS@@QAE@XZ       00431875 f   v5subs:iniclass.obj
 0001:0003087a       ?cleanup@INI_CLASS@@QAEXXZ 0043187a f   v5subs:iniclass.obj
 0001:000308b5       ?find@INI_CLASS@@QAEEPBD0@Z 004318b5 f   v5subs:iniclass.obj
 0001:00030918       ?find@INI_CLASS@@QAEEPBD@Z 00431918 f   v5subs:iniclass.obj
 0001:00030931       ?get_boolean@INI_CLASS@@QAEEPBD0@Z 00431931 f   v5subs:iniclass.obj
 0001:00030931       ?get_bool@INI_CLASS@@QAE_NPBD0@Z 00431931 f   v5subs:iniclass.obj
 0001:00030954       ?get_bool@INI_CLASS@@QAE_NPBD@Z 00431954 f   v5subs:iniclass.obj
 0001:00030954       ?get_boolean@INI_CLASS@@QAEEPBD@Z 00431954 f   v5subs:iniclass.obj
 0001:0003096d       ?get_boolean@INI_CLASS@@QAEEXZ 0043196d f   v5subs:iniclass.obj
 0001:0003096d       ?get_bool@INI_CLASS@@QAE_NXZ 0043196d f   v5subs:iniclass.obj
 0001:0003098c       ?get_double@INI_CLASS@@QAENPBD@Z 0043198c f   v5subs:iniclass.obj
 0001:000309ab       ?get_double@INI_CLASS@@QAENXZ 004319ab f   v5subs:iniclass.obj
 0001:000309d0       ?get_int@INI_CLASS@@QAEHPBD0@Z 004319d0 f   v5subs:iniclass.obj
 0001:000309f3       ?get_int@INI_CLASS@@QAEHPBD@Z 004319f3 f   v5subs:iniclass.obj
 0001:00030a0c       ?get_int@INI_CLASS@@QAEHXZ 00431a0c f   v5subs:iniclass.obj
 0001:00030a1d       ?get_string@INI_CLASS@@QAEPADPBD@Z 00431a1d f   v5subs:iniclass.obj
 0001:00030a4a       ?get_string@INI_CLASS@@QAEPADXZ 00431a4a f   v5subs:iniclass.obj
 0001:00030a58       ?put_boolean@INI_CLASS@@QAEEPBD0E@Z 00431a58 f   v5subs:iniclass.obj
 0001:00030a89       ?put_boolean@INI_CLASS@@QAEEPBDE@Z 00431a89 f   v5subs:iniclass.obj
 0001:00030aa6       ?put_double@INI_CLASS@@QAEEPBDN@Z 00431aa6 f   v5subs:iniclass.obj
 0001:00030b04       ?put_int@INI_CLASS@@QAEEPBDH@Z 00431b04 f   v5subs:iniclass.obj
 0001:00030b4a       ?put_string@INI_CLASS@@QAEEPBD00@Z 00431b4a f   v5subs:iniclass.obj
 0001:00030b8b       ?put_string@INI_CLASS@@QAEEPBD0@Z 00431b8b f   v5subs:iniclass.obj
 0001:00030ba8       ?remove_key@INI_CLASS@@QAEXPBD0@Z 00431ba8 f   v5subs:iniclass.obj
 0001:00030bbd       ?remove_key@INI_CLASS@@QAEXPBD@Z 00431bbd f   v5subs:iniclass.obj
 0001:00030bd2       ?set_file@INI_CLASS@@QAEEPBD@Z 00431bd2 f   v5subs:iniclass.obj
 0001:00030c14       ?set_section@INI_CLASS@@QAEEPBD@Z 00431c14 f   v5subs:iniclass.obj
 0001:00030c48       ??1LISTBOX_CLASS@@QAE@XZ   00431c48 f   v5subs:listbox.obj
 0001:00030c58       ?add@LISTBOX_CLASS@@QAEHPAD@Z 00431c58 f   v5subs:listbox.obj
 0001:00030c99       ?check_buf_size@LISTBOX_CLASS@@AAEEH@Z 00431c99 f   v5subs:listbox.obj
 0001:00030cd8       ?check_buf_size@LISTBOX_CLASS@@AAEEPAD@Z 00431cd8 f   v5subs:listbox.obj
 0001:00030cf1       ?check_item_size@LISTBOX_CLASS@@AAEEH@Z 00431cf1 f   v5subs:listbox.obj
 0001:00030d28       ?convert_tab_array_to_dialog_units@LISTBOX_CLASS@@AAE_NPAHH@Z 00431d28 f   v5subs:listbox.obj
 0001:00030da4       ?count@LISTBOX_CLASS@@QAEHXZ 00431da4 f   v5subs:listbox.obj
 0001:00030dce       ?current_index@LISTBOX_CLASS@@QAEHXZ 00431dce f   v5subs:listbox.obj
 0001:00030ded       ?empty@LISTBOX_CLASS@@QAEXXZ 00431ded f   v5subs:listbox.obj
 0001:00030e04       ?findprefix@LISTBOX_CLASS@@QAEEPAD@Z 00431e04 f   v5subs:listbox.obj
 0001:00030e47       ?get_select_list@LISTBOX_CLASS@@QAEHPAPAH@Z 00431e47 f   v5subs:listbox.obj
 0001:00030eaf       ?init@LISTBOX_CLASS@@QAEEPAUHWND__@@@Z 00431eaf f   v5subs:listbox.obj
 0001:00030f10       ?init@LISTBOX_CLASS@@QAEEPAUHWND__@@H@Z 00431f10 f   v5subs:listbox.obj
 0001:00030f2d       ?insert@LISTBOX_CLASS@@QAEHHPAD@Z 00431f2d f   v5subs:listbox.obj
 0001:00030f70       ?is_selected@LISTBOX_CLASS@@QAEEH@Z 00431f70 f   v5subs:listbox.obj
 0001:00030f95       ?item_text@LISTBOX_CLASS@@QAEPADH@Z 00431f95 f   v5subs:listbox.obj
 0001:00030fdd       ?redraw_off@LISTBOX_CLASS@@QAEXXZ 00431fdd f   v5subs:listbox.obj
 0001:00030fec       ?redraw_on@LISTBOX_CLASS@@QAEXXZ 00431fec f   v5subs:listbox.obj
 0001:0003100b       ?remove@LISTBOX_CLASS@@QAEEH@Z 0043200b f   v5subs:listbox.obj
 0001:00031037       ?replace@LISTBOX_CLASS@@QAEEPAD@Z 00432037 f   v5subs:listbox.obj
 0001:00031093       ?select_all@LISTBOX_CLASS@@QAEXI@Z 00432093 f   v5subs:listbox.obj
 0001:000310dc       ?select_count@LISTBOX_CLASS@@QAEHXZ 004320dc f   v5subs:listbox.obj
 0001:00031106       ?selected_index@LISTBOX_CLASS@@QAEHXZ 00432106 f   v5subs:listbox.obj
 0001:00031131       ?selected_text@LISTBOX_CLASS@@QAEPADXZ 00432131 f   v5subs:listbox.obj
 0001:0003114f       ?set_current_index@LISTBOX_CLASS@@QAEEH@Z 0043214f f   v5subs:listbox.obj
 0001:00031176       ?set_pixel_tabs@LISTBOX_CLASS@@QAE_NPAHH@Z 00432176 f   v5subs:listbox.obj
 0001:000311b2       ?set_select@LISTBOX_CLASS@@QAEXHE@Z 004321b2 f   v5subs:listbox.obj
 0001:000311ce       ?set_tabs@LISTBOX_CLASS@@QAE_NHH@Z 004321ce f   v5subs:listbox.obj
 0001:000312ab       ?set_top_index@LISTBOX_CLASS@@QAEEH@Z 004322ab f   v5subs:listbox.obj
 0001:000312d2       ?setcursel@LISTBOX_CLASS@@QAEEH@Z 004322d2 f   v5subs:listbox.obj
 0001:00031313       ?setcursel@LISTBOX_CLASS@@QAEEPAD@Z 00432313 f   v5subs:listbox.obj
 0001:0003135a       ?top_index@LISTBOX_CLASS@@QAEHXZ 0043235a f   v5subs:listbox.obj
 0001:00031379       ?visible_row_count@LISTBOX_CLASS@@QAEHXZ 00432379 f   v5subs:listbox.obj
 0001:000313e0       ??0MULTIPART_RUNLIST_SETTINGS_CLASS@@QAE@XZ 004323e0 f   v5subs:multipart_runlist.obj
 0001:000313f6       ??0MULTIPART_RUNLIST_WIRES_CLASS@@QAE@XZ 004323f6 f   v5subs:multipart_runlist.obj
 0001:0003140c       ??1MULTIPART_RUNLIST_SETTINGS_CLASS@@QAE@XZ 0043240c f   v5subs:multipart_runlist.obj
 0001:00031414       ??1MULTIPART_RUNLIST_WIRES_CLASS@@QAE@XZ 00432414 f   v5subs:multipart_runlist.obj
 0001:0003141c       ?bits_from_wirelist@@YAIAAVSTRING_CLASS@@@Z 0043241c f   v5subs:multipart_runlist.obj
 0001:000314d3       ?get@MULTIPART_RUNLIST_SETTINGS_CLASS@@QAE_NAAVSTRING_CLASS@@0@Z 004324d3 f   v5subs:multipart_runlist.obj
 0001:000317b1       ?get@MULTIPART_RUNLIST_WIRES_CLASS@@QAE_NAAVSTRING_CLASS@@00@Z 004327b1 f   v5subs:multipart_runlist.obj
 0001:0003194c       ?get_multipart_runlist_wires_csvname@NAME_CLASS@@QAEEAAVSTRING_CLASS@@0V2@@Z 0043294c f i v5subs:multipart_runlist.obj
 0001:00031975       ?get_wirelist@MULTIPART_RUNLIST_SETTINGS_CLASS@@QAE_NAAVSTRING_CLASS@@H@Z 00432975 f   v5subs:multipart_runlist.obj
 0001:00031a50       ?init@MULTIPART_RUNLIST_SETTINGS_CLASS@@QAEXXZ 00432a50 f   v5subs:multipart_runlist.obj
 0001:00031a58       ?part_selection_number@MULTIPART_RUNLIST_SETTINGS_CLASS@@QAEHAAVSTRING_CLASS@@@Z 00432a58 f   v5subs:multipart_runlist.obj
 0001:00031b1c       ??0MACHINE_CLASS@@QAE@XZ   00432b1c f   v5subs:machine.obj
 0001:00031b83       ?find@MACHINE_CLASS@@QAEEAAVSTRING_CLASS@@0@Z 00432b83 f   v5subs:machine.obj
 0001:00031de2       ?init@MACHINE_CLASS@@QAEXXZ 00432de2 f   v5subs:machine.obj
 0001:00031e6b       ?init_save_counts@@YAXPAUSAVE_COUNTS@@@Z 00432e6b f   v5subs:machine.obj
 0001:00031e84       ?read_machset_db@MACHINE_CLASS@@QAEEAAVSTRING_CLASS@@@Z 00432e84 f   v5subs:machine.obj
 0001:0003243c       ??1GENERIC_LIST_CLASS@@QAE@XZ 0043343c f   v5subs:genlist.obj
 0001:0003245e       ?append@GENERIC_LIST_CLASS@@QAEEPAX@Z 0043345e f   v5subs:genlist.obj
 0001:00032494       ?count@GENERIC_LIST_CLASS@@QAEFXZ 00433494 f   v5subs:genlist.obj
 0001:000324a0       ?find@GENERIC_LIST_CLASS@@QAEEPAX@Z 004334a0 f   v5subs:genlist.obj
 0001:000324d8       ?insert@GENERIC_LIST_CLASS@@QAEEPAX@Z 004334d8 f   v5subs:genlist.obj
 0001:00032528       ?next@GENERIC_LIST_CLASS@@QAEPAXXZ 00433528 f   v5subs:genlist.obj
 0001:00032552       ?remove@GENERIC_LIST_CLASS@@QAEEPAX@Z 00433552 f   v5subs:genlist.obj
 0001:00032571       ?remove@GENERIC_LIST_CLASS@@QAEEXZ 00433571 f   v5subs:genlist.obj
 0001:000325a0       ?remove_all@GENERIC_LIST_CLASS@@QAEXXZ 004335a0 f   v5subs:genlist.obj
 0001:000325c9       ?rewind@GENERIC_LIST_CLASS@@QAEXXZ 004335c9 f   v5subs:genlist.obj
 0001:000325d2       ??1MACHINE_NAME_LIST_CLASS@@QAE@XZ 004335d2 f   v5subs:machname.obj
 0001:000325e3       ??_GMACHINE_NAME_LIST_ENTRY@@QAEPAXI@Z 004335e3 f i v5subs:machname.obj
 0001:00032609       ?add@MACHINE_NAME_LIST_CLASS@@QAEEAAVSTRING_CLASS@@0G@Z 00433609 f   v5subs:machname.obj
 0001:0003265e       ?add@MACHINE_NAME_LIST_CLASS@@QAEEPAUMACHINE_NAME_LIST_ENTRY@@G@Z 0043365e f   v5subs:machname.obj
 0001:00032710       ?add_computer@MACHINE_NAME_LIST_CLASS@@QAEEAAVSTRING_CLASS@@@Z 00433710 f   v5subs:machname.obj
 0001:00032872       ?computer_name@MACHINE_NAME_LIST_CLASS@@QAEAAVSTRING_CLASS@@XZ 00433872 f   v5subs:machname.obj
 0001:0003287e       ?empty@MACHINE_NAME_LIST_CLASS@@QAEXXZ 0043387e f   v5subs:machname.obj
 0001:000328aa       ?find@MACHINE_NAME_LIST_CLASS@@QAEEAAVSTRING_CLASS@@@Z 004338aa f   v5subs:machname.obj
 0001:000328db       ?find@MACHINE_NAME_LIST_CLASS@@QAEEPAD@Z 004338db f   v5subs:machname.obj
 0001:0003292a       ?get_computer_name@MACHINE_NAME_LIST_CLASS@@QAEEAAVSTRING_CLASS@@0@Z 0043392a f   v5subs:machname.obj
 0001:0003295d       ?name@MACHINE_NAME_LIST_CLASS@@QAEAAVSTRING_CLASS@@XZ 0043395d f   v5subs:machname.obj
 0001:0003296d       ?next@CONTROL_LIMIT_CLASS@@QAEEXZ 0043396d f   ctrlimit.obj
 0001:0003296d       ?next@TEXT_LIST_CLASS@@QAEEXZ 0043396d f   v5subs:textlist.obj
 0001:0003296d       ?next@MACHINE_NAME_LIST_CLASS@@QAEEXZ 0043396d f   v5subs:machname.obj
 0001:00032981       ?remove@MACHINE_NAME_LIST_CLASS@@QAEXXZ 00433981 f   v5subs:machname.obj
 0001:0003299f       ??0MULTISTRING_CLASS@@QAE@XZ 0043399f f   v5subs:multistring.obj
 0001:000329b7       ??1MULTISTRING_CLASS@@QAE@XZ 004339b7 f   v5subs:multistring.obj
 0001:000329c7       ??AMULTISTRING_CLASS@@QAEAAV0@H@Z 004339c7 f   v5subs:multistring.obj
 0001:000329d9       ?empty_array@MULTISTRING_CLASS@@QAE_NXZ 004339d9 f   v5subs:multistring.obj
[...]
 0003:000957d0       ?machine_name@?1??current_machine_name@@YAPADXZ@4VSTRING_CLASS@@A 005037d0     mulprint.obj
 0003:000957d8       ?$S1@?1??current_machine_name@@YAPADXZ@4IA 005037d8     mulprint.obj
 0003:000957dc       _NullChar                  005037dc     olmsted.obj
 0003:000957e8       _ParamArray                005037e8     paramhis.obj
 0003:000957ec       _ShotNameArray             005037ec     paramhis.obj
 0003:000957f0       _SaveFlagsArray            005037f0     paramhis.obj
 0003:0009582c       _EmptyString               0050382c     paramwin.obj
 0003:00095830       _FontList                  00503830     paramwin.obj
 0003:00095834       ?ypos@?1??parameter_window_proc@@YGHPAUHWND__@@IIJ@Z@4HA 00503834     paramwin.obj
 0003:00095838       _EnterWindow               00503838     password.obj
 0003:0009583c       _EditWindow                0050383c     password.obj
 0003:00095840       _CoOptionsWindow           00503840     password.obj
 0003:00095844       _ProgramIsUpdating         00503844     password.obj
 0003:00095848       _PasswordLogFormat         00503848     password.obj
 0003:00095850       _LogFileName               00503850     password.obj
 0003:00095858       _Password                  00503858     password.obj
 0003:00095b20       ?EmptyPasswordEntry@?1???APASSWORD_CLASS@@QAEAAUPASSWORD_ENTRY@@J@Z@4U2@A 00503b20     password.obj
 0003:00095b58       ?$S3@?1???APASSWORD_CLASS@@QAEAAUPASSWORD_ENTRY@@J@Z@4IA 00503b58     password.obj
 0003:00095b60       ?buf@?1??ini_name@@YAPADPBD@Z@4PADA 00503b60     password.obj
 0003:00095c68       _AnalogSensor              00503c68     plot.obj
 0003:00095c6c       ?buf@?1??smooth_one_curve@@YAXPAMH@Z@4PAMA 00503c6c     plot.obj
 0003:00095c70       ?MySemaphor@?1??load_profile@@YAXPAD@Z@4HA 00503c70     plot.obj
 0003:00095c74       _NullChar                  00503c74     rtmlist.obj
 0003:00095c78       _MyWindow                  00503c78     rtmlist.obj
 0003:00095c7c       _OldLbProc                 00503c7c     rtmlist.obj
 0003:00095c80       ?buf@?1??machine_listbox_string@@YAPADAAVSTRING_CLASS@@D@Z@4V2@A 00503c80     rtmlist.obj
 0003:00095c88       ?$S1@?1??machine_listbox_string@@YAPADAAVSTRING_CLASS@@D@Z@4IA 00503c88     rtmlist.obj
 0003:00095c8c       _HaveNewFont               00503c8c     status.obj
 0003:00095c8d       _NeedAlarms                00503c8d     status.obj
 0003:00095c8e       _NeedDowntime              00503c8e     status.obj
 0003:00095c90       _Row                       00503c90     status.obj
 0003:00095c94       _NofRows                   00503c94     status.obj
 0003:00095c98       _Column                    00503c98     status.obj
 0003:00095c9c       _NofColumns                00503c9c     status.obj
 0003:00095cac       _FontList                  00503cac     status.obj
 0003:00095cb0       ?s@?1??put@STATUS_SCREEN_COLUMN_ENTRY@@QAEPADXZ@4VSTRING_CLASS@@A 00503cb0     status.obj
 0003:00095cb8       ?$S1@?1??put@STATUS_SCREEN_COLUMN_ENTRY@@QAEPADXZ@4IA 00503cb8     status.obj
 0003:00095cbc       ?last_shift@?1??status_screen_timer_update@@YAXXZ@4FA 00503cbc     status.obj
 0003:00095cc0       ?last_dow@?1??status_screen_timer_update@@YAXXZ@4FA 00503cc0     status.obj
 0003:00095cc8       _UpdatingEditControls      00503cc8     tcconfig.obj
 0003:00095ccc       _linechanged               00503ccc     tcconfig.obj
 0003:00095cd8       _Tc                        00503cd8     tcconfig.obj
 0003:00095d88       ?s@?1??lbline@FIXED_PARAM_CLASS@@QAEPADPAD@Z@4PADA 00503d88     tcconfig.obj
 0003:00095df8       ?s@?1??current_parameter_name@@YAPADPAUHWND__@@@Z@4PADA 00503df8     tcconfig.obj
 0003:00095e18       _NofPointsRead             00503e18     trend.obj
 0003:00095e1c       _XAxisIndex                00503e1c     trend.obj
 0003:00095e20       _HaveCursorLine            00503e20     trend.obj
 0003:00095e21       _ReadyForCursor            00503e21     trend.obj
 0003:00095e22       _Resetting                 00503e22     trend.obj
 0003:00095e24       _Current                   00503e24     trend.obj
 0003:00095e3c       _CursorStartY              00503e3c     trend.obj
 0003:00095f74       _CursorEndY                00503f74     trend.obj
 0003:00095f78       _CursorLeft                00503f78     trend.obj
 0003:00095f7c       _CursorX                   00503f7c     trend.obj
 0003:00095f80       ?s@?1??celltext@@YAPADJJ@Z@4PADA 00503f80     trend.obj
 0003:00095f84       ?nof_plots@?1??paint_trend_display@@YAXABUtagRECT@@@Z@4JA 00503f84     trend.obj
 0003:00095f88       ?empty_shot@?1???ASHOT_ARRAY_CLASS@@QAEAAVSHOT_DATA_ENTRY@@J@Z@4V2@A 00503f88     xaxis.obj
 0003:00095f94       ?$S1@?1???ASHOT_ARRAY_CLASS@@QAEAAVSHOT_DATA_ENTRY@@J@Z@4IA 00503f94     xaxis.obj
 0003:00095fa4       _DriveName                 00503fa4     v5subs:exists.obj
 0003:00095fa7       _NullChar                  00503fa7     v5subs:mem.obj
 0003:00095fa8       _NullChar                  00503fa8     v5subs:extract.obj
 0003:00095fac       ?s@?1??int32toasc@@YAPADJ@Z@4PADA 00503fac     v5subs:itoasc.obj
 0003:00095fc0       ?s@?1??ultoascii@@YAPADKK@Z@4PADA 00503fc0     v5subs:itoasc.obj
 0003:00095fd4       _NullChar                  00503fd4     v5subs:stringcl.obj
 0003:00095fd8       _NullChar                  00503fd8     v5subs:nameclas.obj
 0003:00095fdc       _EmptyString               00503fdc     v5subs:nameclas.obj
 0003:00095fe4       _MyComputer                00503fe4     v5subs:nameclas.obj
 0003:00095ff0       _SensorArray               00503ff0     v5subs:asensor.obj
 0003:00095ff4       _NofSensors                00503ff4     v5subs:asensor.obj
 0003:00095ff8       _EmptySensor               00503ff8     v5subs:asensor.obj
 0003:00096044       _EmptyDowncatEntry         00504044     v5subs:catclass.obj
 0003:00096058       _EmptyDownscatEntry        00504058     v5subs:catclass.obj
 0003:00096072       _emptystring               00504072     v5subs:chaxis.obj
 0003:00096074       _NofColors                 00504074     v5subs:color.obj
 0003:00096078       _ColorArray                00504078     v5subs:color.obj
 0003:0009607c       _NullChar                  0050407c     v5subs:fileclas.obj
 0003:00096080       ?buf@?1??ascii_long@@YAPADJJ@Z@4PADA 00504080     v5subs:fontclas.obj
 0003:00096098       ?buf@?1??put@FONT_CLASS@@QAEPADXZ@4PADA 00504098     v5subs:fontclas.obj
 0003:0009613b       _EmptyString               0050413b     v5subs:ftanalog.obj
 0003:0009613c       _NullChar                  0050413c     v5subs:computer.obj
 0003:00096140       _First                     00504140     v5subs:computer.obj
 0003:00096144       _MyComputer                00504144     v5subs:computer.obj
 0003:0009614c       _NoComputer                0050414c     v5subs:computer.obj
 0003:00096154       _NofComputers              00504154     v5subs:computer.obj
 0003:00096158       _NullChar                  00504158     v5subs:iniclass.obj
 0003:00096159       ?empty_string@?1??get_string@INI_CLASS@@QAEPADXZ@4PADA 00504159     v5subs:iniclass.obj
 0003:0009615a       _EmptyString               0050415a     v5subs:listbox.obj
 0003:0009615c       _NullChar                  0050415c     v5subs:machname.obj
 0003:00096160       _EmptyString               00504160     v5subs:machname.obj
 0003:00096168       _NullChar                  00504168     v5subs:param.obj
 0003:0009616c       _NullChar                  0050416c     v5subs:setpoint.obj
 0003:00096170       _empty_entry               00504170     v5subs:setpoint.obj
 0003:00096180       ?st@?1??system_time@TIME_CLASS@@QAEAAU_SYSTEMTIME@@XZ@4U3@A 00504180     v5subs:timeclas.obj
 0003:00096190       ?s@?1??text@TIME_CLASS@@QAEPADXZ@4PADA 00504190     v5subs:timeclas.obj
 0003:000961a4       ?s@?1??mmddyyyy@TIME_CLASS@@QAEPADXZ@4PADA 005041a4     v5subs:timeclas.obj
 0003:000961b0       ?s@?1??hhmmss@TIME_CLASS@@QAEPADXZ@4PADA 005041b0     v5subs:timeclas.obj
 0003:000961b9       _NullChar                  005041b9     v5subs:plookup.obj
 0003:000961ba       _NullChar                  005041ba     v5subs:textlist.obj
 0003:000961bc       _NullChar                  005041bc     v5subs:strarray.obj
 0003:000961c0       _EmptyStringtableText      005041c0     v5subs:stringtable.obj
 0003:000961c4       _FontList                  005041c4     v5subs:stringtable.obj
 0003:000961c8       ?s@?1??alphadate@@YAPADABU_SYSTEMTIME@@@Z@4PADA 005041c8     v5subs:time.obj
 0003:000961d4       ?s@?1??alphatime@@YAPADABU_SYSTEMTIME@@@Z@4PADA 005041d4     v5subs:time.obj
 0003:000961e0       ?s@?1??hhmm@@YAPADJJ@Z@4PADA 005041e0     v5subs:time.obj
 0003:000961ec       ?s@?1??ascii_double@@YAPADN@Z@4PADA 005041ec     v5subs:ascfloat.obj
 0003:00096218       _NullChar                  00504218     v5subs:get_ini.obj
 0003:00096220       _Buf                       00504220     v5subs:get_ini.obj
 0003:00096624       _MyMainWindow              00504624     v5subs:client.obj
 0003:00096628       _EventList                 00504628     v5subs:client.obj
 0003:00096634       _ServerNameHandle          00504634     v5subs:client.obj
 0003:00096638       _DdeId                     00504638     v5subs:client.obj
 0003:0009663c       _ServerHandle              0050463c     v5subs:client.obj
 0003:00096640       ?s@?1??one_hot_link@@YAXPAUHCONV__@@FI@Z@4VSTRING_CLASS@@A 00504640     v5subs:client.obj
 0003:00096648       ?$S1@?1??one_hot_link@@YAXPAUHCONV__@@FI@Z@4IA 00504648     v5subs:client.obj
 0003:0009664c       _NofDCurves                0050464c     v5subs:dcurve.obj
 0003:00096650       _DCurve                    00504650     v5subs:dcurve.obj
 0003:00096654       _NullChar                  00504654     v5subs:path.obj
 0003:00096655       _NullChar                  00504655     v5subs:fix.obj
 0003:00096658       _T                         00504658     v5subs:semaphor.obj
 0003:00096690       ?s@?1??fixed_string@@YAPADNJJ@Z@4PADA 00504690     v5subs:ftoasc.obj
 0003:000966bc       _ExeDirectory              005046bc     v5subs:gexedir.obj
 0003:000966c4       _NullChar                  005046c4     v5subs:insalph.obj
 0003:000966c8       ?name@?1??category_name@@YAPADPAD@Z@4PADA 005046c8     v5subs:downsubs.obj
 0003:000966d8       ?number@?1??category_name@@YAPADPAD@Z@4PADA 005046d8     v5subs:downsubs.obj
 0003:000966dc       ?cat@?1??subcategory_name@@YAPADPAD0@Z@4PADA 005046dc     v5subs:downsubs.obj
 0003:000966e0       ?subcat@?1??subcategory_name@@YAPADPAD0@Z@4PADA 005046e0     v5subs:downsubs.obj
 0003:000966e4       ?name@?1??subcategory_name@@YAPADPAD0@Z@4PADA 005046e4     v5subs:downsubs.obj
 0003:00096702       _NullChar                  00504702     v5subs:shift.obj
 0003:00096704       ?st@?1??start_of_shift@@YAAAU_SYSTEMTIME@@ABU2@@Z@4U2@A 00504704     v5subs:shift.obj
 0003:00096714       _NullChar                  00504714     v5subs:hex.obj
 0003:00096718       _EmptyString               00504718     v5subs:units.obj
 0003:0009671c       _UnitsArray                0050471c     v5subs:units.obj
 0003:00096720       _NofUnits                  00504720     v5subs:units.obj
 0003:00096728       ?s@?1??resource_string@@YAPADPAUHINSTANCE__@@I@Z@4PADA 00504728     v5subs:winsubs.obj
 0003:00096828       _OldCursor                 00504828     v5subs:hourglas.obj
 0003:0009682c       _RefCount                  0050482c     v5subs:hourglas.obj
 0003:00096830       _TempMessageWindow         00504830     v5subs:temp_message.obj
 0003:00096834       _TempMessage               00504834     v5subs:temp_message.obj
 0003:00096838       _TempMessageLen            00504838     v5subs:temp_message.obj
 0003:0009683c       _TempMessageTimeoutMs      0050483c     v5subs:temp_message.obj
 0003:00096840       _CenterTempMessage         00504840     v5subs:temp_message.obj
 0003:00096844       ?timer_id@?1??temp_message_proc@@YGJPAUHWND__@@IIJ@Z@4IA 00504844     v5subs:temp_message.obj
 0003:00096848       ?hex@?1??append_value@FTII_VAR@@QAE_NAAVSTRING_CLASS@@@Z@4PADA 00504848     v5subs:ftiiclas.obj
 0003:0009685b       _NullChar                  0050485b     v5subs:ftii_shot_data.obj
 0003:0009685c       _EmptyString               0050485c     v5subs:ftii_shot_data.obj
 0003:00096860       ?s@?1??full_name@WORKER_LIST_CLASS@@QAEPADPAD@Z@4PADA 00504860     v5subs:workclas.obj
 0003:00096880       _BorderHeight              00504880     v5subs:menuctrl.obj
 0003:00096884       _BorderWidth               00504884     v5subs:menuctrl.obj
 0003:00096888       _FontList                  00504888     v5subs:menuctrl.obj
 0003:0009688c       _BorderHeight              0050488c     v5subs:popctrl.obj
 0003:00096890       _BorderWidth               00504890     v5subs:popctrl.obj
 0003:00096894       _FontList                  00504894     v5subs:popctrl.obj
 0003:00096898       _NullChar                  00504898     v5subs:profiles.obj
 0003:00096899       _NullChar                  00504899     v5subs:fillpart.obj
 0003:0009689a       _NullChar                  0050489a     v5subs:shot_name.obj
 0003:0009689c       ?empty_int@?1???AINT_ARRAY_CLASS@@QAEAAHH@Z@4HA 0050489c     v5subs:array.obj
 0003:000968a0       _OVERWRITE_EXISTING        005048a0     v5subs:callfile.obj
 0003:000968a4       _Msg                       005048a4     v5subs:error_ms.obj
 0003:000968e1       _EmptyString               005048e1     v5subs:execwait.obj
 0003:000968e2       _EmptyString               005048e2     dundas:ugcnrbtn.obj
 0003:000968e4       ?swit@?1??ToolTipMessage@CUGGrid@@QAEXPAUHWND__@@IIJ@Z@4FA 005048e4     dundas:uggrid.obj
 0003:000968f0       _EmptyString               005048f0     dundas:ugceltyp.obj
 0003:00096900       _GS_ExceptionRecord        00504900     LIBCMT:gs_report.obj
 0003:00096950       _GS_ContextRecord          00504950     LIBCMT:gs_report.obj
 0003:00096c1c       _DebuggerWasPresent        00504c1c     LIBCMT:gs_report.obj
 0003:00096c70       ___type_info_root_node     00504c70     LIBCMT:typname.obj
 0003:00096c78       __pmatherr_set             00504c78     LIBCMT:libm_error.obj
 0003:00096d80       ?_pgmname@?1??_setargv@@9@9 00504d80     LIBCMT:stdargv.obj
 0003:00096e90       ?outmsg@?8??_NMSG_WRITE@@9@9 00504e90     LIBCMT:crt0msg.obj
 0003:000974d8       _fSystemSet                005054d8     LIBCMT:mbctype.obj
 0003:000974e8       _lclcritsects              005054e8     LIBCMT:mlock.obj
 0003:00097640       _ctrlc_action              00505640     LIBCMT:winsig.obj
 0003:00097644       _ctrlbreak_action          00505644     LIBCMT:winsig.obj
 0003:00097648       _abort_action              00505648     LIBCMT:winsig.obj
 0003:0009764c       _term_action               0050564c     LIBCMT:winsig.obj
 0003:00097650       _ConsoleCtrlHandler_Installed 00505650     LIBCMT:winsig.obj
 0003:00097654       _g_pfnRtlGenRandom         00505654     LIBCMT:rand_s.obj
 0003:00097688       _heap                      00505688     LIBCMT:undname.obj
 0003:000976a4       ?pfnMessageBox@?1??__crtMessageBoxW@@9@9 005056a4     LIBCMT:crtmboxw.obj
 0003:000976a8       ?pfnGetActiveWindow@?1??__crtMessageBoxW@@9@9 005056a8     LIBCMT:crtmboxw.obj
 0003:000976ac       ?pfnGetLastActivePopup@?1??__crtMessageBoxW@@9@9 005056ac     LIBCMT:crtmboxw.obj
 0003:000976b0       ?pfnGetProcessWindowStation@?1??__crtMessageBoxW@@9@9 005056b0     LIBCMT:crtmboxw.obj
 0003:000976b4       ?pfnGetUserObjectInformation@?1??__crtMessageBoxW@@9@9 005056b4     LIBCMT:crtmboxw.obj
 0003:000976c0       ___crtCallProc             005056c0     LIBCMT:winapinls.obj
 0004:000011f0       $R000000                   005081f0     profile.res
 0004:00001390       $R0001A0                   00508390     profile.res
 0004:000018f0       $R000700                   005088f0     profile.res
 0004:00001960       $R000770                   00508960     profile.res
 0004:00001ad0       $R0008E0                   00508ad0     profile.res
 0004:00001c10       $R000A20                   00508c10     profile.res
 0004:00001e08       $R000C18                   00508e08     profile.res
 0004:00001f78       $R000D88                   00508f78     profile.res
 0004:00002188       $R000F98                   00509188     profile.res
 0004:00002278       $R001088                   00509278     profile.res
 0004:00002698       $R0014A8                   00509698     profile.res
 0004:00003278       $R002088                   0050a278     profile.res
 0004:00004280       $R003090                   0050b280     profile.res
 0004:00004928       $R003738                   0050b928     profile.res
 0004:00004a78       $R003888                   0050ba78     profile.res
 0004:00004b98       $R0039A8                   0050bb98     profile.res
 0004:00004e30       $R003C40                   0050be30     profile.res
 0004:00004f70       $R003D80                   0050bf70     profile.res
 0004:000050b0       $R003EC0                   0050c0b0     profile.res
 0004:000051b0       $R003FC0                   0050c1b0     profile.res
 0004:00005328       $R004138                   0050c328     profile.res
 0004:000053c0       $R0041D0                   0050c3c0     profile.res
 0004:00005620       $R004430                   0050c620     profile.res
 0004:00005808       $R004618                   0050c808     profile.res
 0004:000059b8       $R0047C8                   0050c9b8     profile.res
 0004:00005f30       $R004D40                   0050cf30     profile.res
 0004:000060a8       $R004EB8                   0050d0a8     profile.res
 0004:00006960       $R005770                   0050d960     profile.res
 0004:00006b68       $R005978                   0050db68     profile.res
 0004:000070e0       $R005EF0                   0050e0e0     profile.res
 0004:00007568       $R006378                   0050e568     profile.res
 0004:000078e8       $R0066F8                   0050e8e8     profile.res
 0004:00007b20       $R006930                   0050eb20     profile.res
 0004:00007d18       $R006B28                   0050ed18     profile.res
 0004:000094c8       $R0082D8                   005104c8     profile.res
 0004:00009710       $R008520                   00510710     profile.res
 0004:00009bd8       $R0089E8                   00510bd8     profile.res
 0004:00009c10       $R008A20                   00510c10     profile.res
 0004:00009ef8       $R008D08                   00510ef8     profile.res
 0004:00009f10       $R008D20                   00510f10     profile.res
 0004:0000a048       $R008E58                   00511048     profile.res
 0004:0000a210       $R009020                   00511210     profile.res
 0004:0000a2c8       $R0090D8                   005112c8     profile.res
 0004:0000a730       $R009540                   00511730     profile.res
 0004:0000a7f8       $R009608                   005117f8     profile.res
 0004:0000a970       $R009780                   00511970     profile.res
 0004:0000ab10       $R009920                   00511b10     profile.res
 0004:0000ad08       $R009B18                   00511d08     profile.res
 0004:0000b000       $R009E10                   00512000     profile.res
 0004:0000b250       $R00A060                   00512250     profile.res
 0004:0000b580       $R00A390                   00512580     profile.res
 0004:0000b888       $R00A698                   00512888     profile.res
 0004:0000bea0       $R00ACB0                   00512ea0     profile.res
 0004:0000c220       $R00B030                   00513220     profile.res
 0004:0000c460       $R00B270                   00513460     profile.res
 0004:0000c560       $R00B370                   00513560     profile.res
 0004:0000c910       $R00B720                   00513910     profile.res
 0004:0000cbb0       $R00B9C0                   00513bb0     profile.res
 0004:0000cf38       $R00BD48                   00513f38     profile.res
 0004:0000d1d8       $R00BFE8                   005141d8     profile.res
