 ft2

 Timestamp is 53cffce5 (Wed Jul 23 14:20:21 2014)

 Preferred load address is 00400000

 Start         Length     Name                   Class
 0001:00000000 0006e54eH .text                   CODE
 0002:00000000 000003e4H .idata$5                DATA
 0002:000003f0 00002058H .rdata                  DATA
 0002:00002448 0000008cH .idata$2                DATA
 0002:000024d4 00000014H .idata$3                DATA
 0002:000024e8 000003e4H .idata$4                DATA
 0002:000028cc 00000f6aH .idata$6                DATA
 0002:00003836 00000000H .edata                  DATA
 0003:00000000 00000004H .CRT$XCA                DATA
 0003:00000004 000001a0H .CRT$XCU                DATA
 0003:000001a4 00000004H .CRT$XCZ                DATA
 0003:000001a8 00000004H .CRT$XIA                DATA
 0003:000001ac 0000000cH .CRT$XIC                DATA
 0003:000001b8 00000004H .CRT$XIZ                DATA
 0003:000001bc 00000004H .CRT$XPA                DATA
 0003:000001c0 00000004H .CRT$XPX                DATA
 0003:000001c4 00000004H .CRT$XPZ                DATA
 0003:000001c8 00000004H .CRT$XTA                DATA
 0003:000001cc 00000004H .CRT$XTZ                DATA
 0003:000001d0 0000af34H .data                   DATA
 0003:0000b108 0000a5f8H .bss                    DATA
 0004:00000000 00000a98H .rsrc$01                DATA
 0004:00000aa0 00005d28H .rsrc$02                DATA

  Address         Publics by Value              Rva+Base     Lib:Object

 0001:00000000       ??2@YAPAXI@Z               00401000 f i ft2.obj
 0001:00001407       ?resource_string@@YAPAGI@Z 00402407 f   ft2.obj
 0001:00001b5c       ?ascii_0_to_5_volts@@YAPAGI@Z 00402b5c f   ft2.obj
 0001:00001b9f       ?dac_volts@@YANI@Z         00402b9f f   ft2.obj
 0001:00001bf1       ?ascii_dac_volts@@YAPAGI@Z 00402bf1 f   ft2.obj
 0001:00001c0d       ?ascii_dac_volts_3@@YAPAGI@Z 00402c0d f   ft2.obj
 0001:00001c72       ?current_lvdt_feedback_index@@YAHH@Z 00402c72 f   ft2.obj
 0001:00001ca7       ?current_raw_lvdt_feedback_index@@YAIH@Z 00402ca7 f   ft2.obj
 0001:00001cc8       ?current_measured_command_index@@YAIH@Z 00402cc8 f   ft2.obj
 0001:00001cfd       ?get_help@@YAXXZ           00402cfd f   ft2.obj
 0001:00001d9f       ?push_log_message@@YAXPAG@Z 00402d9f f   ft2.obj
 0001:00001e6f       ?fatal_error_string@@YAPAGH@Z 00402e6f f   ft2.obj
 0001:00001ede       ?warning_error_string@@YAPAGH@Z 00402ede f   ft2.obj
 0001:00001f4d       ?resource_message_box@@YAXII@Z 00402f4d f   ft2.obj
 0001:00001fc0       ?okcancel_message_box@@YA_NII@Z 00402fc0 f   ft2.obj
 0001:00001fec       ?ft2_control_program_name@@YAPAGHAAVMACHINE_CLASS@@@Z 00402fec f   ft2.obj
 0001:00002078       ?new_downtime_callback@@YAXPAGFPAUHDDEDATA__@@@Z 00403078 f   ft2.obj
 0001:000020c6       ?edit_control_proc@@YGJPAUHWND__@@IIJ@Z 004030c6 f   ft2.obj
 0001:0000237c       ?toggle_save_shot_name_files@@YAXXZ 0040337c f   ft2.obj
 0001:000023af       ?send_null_offset_to_board@@YA_NXZ 004033af f   ft2.obj
 0001:0000247a       ?send_lvdt_offset_to_board@@YA_NXZ 0040347a f   ft2.obj
 0001:00002545       ?set_control_y@@YAXHI@Z    00403545 f   ft2.obj
 0001:000025b4       ?terminal_proc@@YGJPAUHWND__@@IIJ@Z 004035b4 f   ft2.obj
 0001:00002a0e       ?upload_aborted_dialog_proc@@YGHPAUHWND__@@IIJ@Z 00403a0e f   ft2.obj
 0001:00002c11       ?new_monitor_setup_callback@@YAXPAGFPAUHDDEDATA__@@@Z 00403c11 f   ft2.obj
 0001:00003d59       ?deactivate_control_dialog_proc@@YGHPAUHWND__@@IIJ@Z 00404d59 f   ft2.obj
 0001:00003dc2       ?load_one_machine_only@@YAXPAUHWND__@@@Z 00404dc2 f   ft2.obj
 0001:00003f26       ?choose_monitor_machine_dialog_proc@@YGHPAUHWND__@@IIJ@Z 00404f26 f   ft2.obj
 0001:000040bd       ?send_output_bits_to_current_machine@@YAXIE@Z 004050bd f   ft2.obj
 0001:0000411b       ?get_hires_sensor_test_config@@YAXPAUHWND__@@@Z 0040511b f   ft2.obj
 0001:0000431e       ?put_hires_sensor_test_config@@YAXPAUHWND__@@@Z 0040531e f   ft2.obj
 0001:000043e0       ?hires_sensor_test_dialog_proc@@YGHPAUHWND__@@IIJ@Z 004053e0 f   ft2.obj
 0001:000047b4       ?do_new_set_null_ascii_data@@YAXJ@Z 004057b4 f   ft2.obj
 0001:0000491a       ?shutdown_status_dialog_proc@@YGHPAUHWND__@@IIJ@Z 0040591a f   ft2.obj
 0001:000049cc       ?set_null_dialog_proc@@YGHPAUHWND__@@IIJ@Z 004059cc f   ft2.obj
 0001:00004dca       ?send_set_dac_command@@YAXH@Z 00405dca f   ft2.obj
 0001:0000525f       ?ft2_test_dialog_proc@@YGHPAUHWND__@@IIJ@Z 0040625f f   ft2.obj
 0001:000055a2       ?set_dac_dialog_proc@@YGHPAUHWND__@@IIJ@Z 004065a2 f   ft2.obj
 0001:00006013       ?start_if_ok_to_deactivate@@YAXAAVWINDOW_CLASS@@@Z 00407013 f   ft2.obj
 0001:00006053       ?replace_volts_from_percent_value@@YAAAVSTRING_CLASS@@PAGM@Z 00407053 f   ft2.obj
 0001:000066a9       ?global_parameter_dialog_proc@@YGHPAUHWND__@@IIJ@Z 004076a9 f   ft2.obj
 0001:00006d63       ?compare_variables_dialog_proc@@YGHPAUHWND__@@IIJ@Z 00407d63 f   ft2.obj
 0001:000074be       ?ft2_volts_toascii@@YAPAGPAG@Z 004084be f   ft2.obj
 0001:000075ba       ?ascii_volts_to_ft2_volts@@YAPAGPAG@Z 004085ba f   ft2.obj
 0001:000076ed       ?alt_step_text@@YAPAGXZ    004086ed f   ft2.obj
 0001:000077cb       ?control_mods_dialog_proc@@YGHPAUHWND__@@IIJ@Z 004087cb f   ft2.obj
 0001:00008ab8       ?valve_test_dialog_proc@@YGHPAUHWND__@@IIJ@Z 00409ab8 f   ft2.obj
 0001:0000955b       ?log_als_file@@YAXAAVSTRING_CLASS@@@Z 0040a55b f   ft2.obj
 0001:000095ea       ?update_optos@@YAXII@Z     0040a5ea f   ft2.obj
 0001:00009673       ?need_brush@@YA_NPAUHWND__@@@Z 0040a673 f   ft2.obj
 0001:00009731       ?kill_log_file@@YAXXZ      0040a731 f   ft2.obj
 0001:00009861       ?test_alarm_outputs_dialog_proc@@YGHPAUHWND__@@IIJ@Z 0040a861 f   ft2.obj
 0001:00009ae8       ?current_values_dialog_proc@@YGHPAUHWND__@@IIJ@Z 0040aae8 f   ft2.obj
 0001:0000cdba       ?output_list_dialog_proc@@YGHPAUHWND__@@IIJ@Z 0040ddba f   ft2.obj
 0001:0000ceb1       ?end_upload_flash_dialog@@YAXXZ 0040deb1 f   ft2.obj
 0001:0000cee4       ?upload_flash_dialog_proc@@YGHPAUHWND__@@IIJ@Z 0040dee4 f   ft2.obj
 0001:0000cf5b       ?poke_newshot_message@@YAXIJ@Z 0040df5b f   ft2.obj
 0001:0000d074       ?password_level_callback@@YAXPAGFPAUHDDEDATA__@@@Z 0040e074 f   ft2.obj
 0001:0000d33e       ?plot_min_callback@@YAXPAGFPAUHDDEDATA__@@@Z 0040e33e f   ft2.obj
 0001:0000d35b       ?canexit@@YA_NXZ           0040e35b f   ft2.obj
 0001:0000d3f0       ?status_proc@@YGJPAUHWND__@@IIJ@Z 0040e3f0 f   ft2.obj
 0001:0000df7d       ?main_proc@@YGJPAUHWND__@@IIJ@Z 0040ef7d f   ft2.obj
 0001:00010692       ?init@@YAEH@Z              00411692 f   ft2.obj
 0001:00010f89       ?MyAllocHook@@YAHHPAXIHJPBEH@Z 00411f89 f   ft2.obj
 0001:000110c5       _WinMain@16                004120c5 f   ft2.obj
 0001:00011690       ??0WINDOW_CLASS@@QAE@XZ    00412690 f i ft2.obj
 0001:000116c0       ??_GWINDOW_CLASS@@UAEPAXI@Z 004126c0 f i ft2.obj
 0001:000116f0       ??1WINDOW_CLASS@@UAE@XZ    004126f0 f i ft2.obj
 0001:00011710       ??0LISTBOX_CLASS@@QAE@XZ   00412710 f i ft2.obj
 0001:00011750       ??1MACHINE_CLASS@@QAE@XZ   00412750 f i ft2.obj
 0001:000117d0       ??_H@YGXPAXIHP6EX0@Z@Z     004127d0 f i ft2.obj
 0001:00011800       ??_I@YGXPAXIHP6EX0@Z@Z     00412800 f i ft2.obj
 0001:00011840       ??0FTII_VAR_ARRAY@@QAE@XZ  00412840 f i ft2.obj
 0001:00011890       ??0FTII_VAR@@QAE@XZ        00412890 f i ft2.obj
 0001:000118c0       ??4FTII_VAR@@UAEXABV0@@Z   004128c0 f i ft2.obj
 0001:000118f0       ??4FTII_VAR@@UAEXH@Z       004128f0 f i ft2.obj
 0001:00011910       ??4FTII_VAR@@UAEXI@Z       00412910 f i ft2.obj
 0001:00011930       ??_GFTII_VAR@@UAEPAXI@Z    00412930 f i ft2.obj
 0001:00011960       ??1FTII_VAR@@UAE@XZ        00412960 f i ft2.obj
 0001:00011980       ??_GFTII_VAR_ARRAY@@UAEPAXI@Z 00412980 f i ft2.obj
 0001:00011980       ??_EFTII_VAR_ARRAY@@UAEPAXI@Z 00412980 f i ft2.obj
 0001:000119b0       ??0BIT_CONTROL@@QAE@XZ     004129b0 f i ft2.obj
 0001:000119f0       ??1BIT_CONTROL@@QAE@XZ     004129f0 f i ft2.obj
 0001:00011a20       ??0STATUS_CONTROL@@QAE@XZ  00412a20 f i ft2.obj
 0001:00011a50       ??1STATUS_CONTROL@@QAE@XZ  00412a50 f i ft2.obj
 0001:00011a70       ?text@STRING_CLASS@@QAEPAGXZ 00412a70 f i ft2.obj
 0001:00011aa0       ??0NAME_CLASS@@QAE@XZ      00412aa0 f i ft2.obj
 0001:00011ac0       ??1NAME_CLASS@@QAE@XZ      00412ac0 f i ft2.obj
 0001:00011ae0       ??0TIME_CLASS@@QAE@XZ      00412ae0 f i ft2.obj
 0001:00011b00       ??1DOWN_DATA_CLASS@@QAE@XZ 00412b00 f i ft2.obj
 0001:00011b20       ??0DOWN_DATA_CLASS@@QAE@ABV0@@Z 00412b20 f i ft2.obj
 0001:00011c00       ?control@WINDOW_CLASS@@QAEPAUHWND__@@I@Z 00412c00 f i ft2.obj
 0001:00011c30       ?show@WINDOW_CLASS@@QAEXXZ 00412c30 f i ft2.obj
 0001:00011c50       ?height@RECTANGLE_CLASS@@QAEJXZ 00412c50 f i ft2.obj
 0001:00011c70       ?width@RECTANGLE_CLASS@@QAEJXZ 00412c70 f i ft2.obj
 0001:00011c90       ?get_ft2_global_settings_file_name@NAME_CLASS@@QAEEAAVSTRING_CLASS@@0@Z 00412c90 f i ft2.obj
 0001:00011cc0       ??4WINDOW_CLASS@@QAEXQAUHWND__@@@Z 00412cc0 f i ft2.obj
 0001:00011ce0       ?handle@LISTBOX_CLASS@@QAEPAUHWND__@@XZ 00412ce0 f i ft2.obj
 0001:00011cf0       ?get_client_rect@WINDOW_CLASS@@QAEHAAUtagRECT@@@Z 00412cf0 f i ft2.obj
 0001:00011d20       ??9WINDOW_CLASS@@QAE_NABV0@@Z 00412d20 f i ft2.obj
 0001:00011d40       ?hide@WINDOW_CLASS@@QAEXXZ 00412d40 f i ft2.obj
 0001:00011d60       ?set_focus@WINDOW_CLASS@@QAEXXZ 00412d60 f i ft2.obj
 0001:00011d90       ??0INI_CLASS@@QAE@XZ       00412d90 f i ft2.obj
 0001:00011dd0       ?count@TEXT_LIST_CLASS@@QAEJXZ 00412dd0 f i ft2.obj
 0001:00011df0       ?rewind@TEXT_LIST_CLASS@@QAEXXZ 00412df0 f i ft2.obj
 0001:00011e10       ?text@TEXT_LIST_CLASS@@QAEPAGXZ 00412e10 f i ft2.obj
 0001:00011e20       ??8WINDOW_CLASS@@QAE_NABV0@@Z 00412e20 f i ft2.obj
 0001:00011e40       ??4WINDOW_CLASS@@QAEXABV0@@Z 00412e40 f i ft2.obj
 0001:00011e60       ?handle@WINDOW_CLASS@@QAEPAUHWND__@@XZ 00412e60 f i ft2.obj
 0001:00011e80       ?close@WINDOW_CLASS@@QAEXXZ 00412e80 f i ft2.obj
 0001:00011ea0       ?file_exists@NAME_CLASS@@QAEEXZ 00412ea0 f i ft2.obj
 0001:00011ec0       ?get_ft2_machine_settings_file_name@NAME_CLASS@@QAEEAAVSTRING_CLASS@@0@Z 00412ec0 f i ft2.obj
 0001:00011ef0       ?empty@FTII_VAR_ARRAY@@QAEXXZ 00412ef0 f i ft2.obj
 0001:00011f10       ?get_machset_csvname@NAME_CLASS@@QAEEAAVSTRING_CLASS@@0@Z 00412f10 f i ft2.obj
 0001:00011f40       ?count@MACHINE_NAME_LIST_CLASS@@QAEHXZ 00412f40 f i ft2.obj
 0001:00011f60       ?rewind@MACHINE_NAME_LIST_CLASS@@QAEXXZ 00412f60 f i ft2.obj
 0001:00011f80       ?set_text@STRING_CLASS@@QAEEPAUHWND__@@H@Z 00412f80 f i ft2.obj
 0001:00011fb0       ?get_text@STRING_CLASS@@QAE_NPAUHWND__@@H@Z 00412fb0 f i ft2.obj
 0001:00011fe0       ?int_value@STRING_CLASS@@QAEHXZ 00412fe0 f i ft2.obj
 0001:00012010       ?ival@FTII_VAR@@QAEHXZ     00413010 f i ft2.obj
 0001:00012030       ?uint_value@STRING_CLASS@@QAEIXZ 00413030 f i ft2.obj
 0001:00012060       ?uval@FTII_VAR@@QAEIXZ     00413060 f i ft2.obj
 0001:00012080       ?show@WINDOW_CLASS@@QAEX_N@Z 00413080 f i ft2.obj
 0001:000120b0       ??9STRING_CLASS@@QAEEABV0@@Z 004130b0 f i ft2.obj
 0001:000120e0       ??4NAME_CLASS@@QAEXPBG@Z   004130e0 f i ft2.obj
 0001:00012100       ??8NAME_CLASS@@QAEEPBG@Z   00413100 f i ft2.obj
 0001:00012120       ?get_ft2_editor_settings_file_name@NAME_CLASS@@QAEEAAVSTRING_CLASS@@0@Z 00413120 f i ft2.obj
 0001:00012150       ?dist_from_x4@PART_CLASS@@QAENN@Z 00413150 f i ft2.obj
 0001:00012170       ?x4_from_dist@PART_CLASS@@QAENN@Z 00413170 f i ft2.obj
 0001:00012190       ?null_dac_offset@SURETRAK_PARAM_CLASS@@QAEJXZ 00413190 f i ft2.obj
 0001:000121a0       ?lvdt_dac_offset@SURETRAK_PARAM_CLASS@@QAEJXZ 004131a0 f i ft2.obj
 0001:000121c0       ?zero_speed_check_pos@SURETRAK_PARAM_CLASS@@QAEMXZ 004131c0 f i ft2.obj
 0001:000121e0       ?jog_valve_percent@SURETRAK_PARAM_CLASS@@QAEMXZ 004131e0 f i ft2.obj
 0001:00012200       ?retract_valve_percent@SURETRAK_PARAM_CLASS@@QAEMXZ 00413200 f i ft2.obj
 0001:00012220       ?ft_valve_percent@SURETRAK_PARAM_CLASS@@QAEMXZ 00413220 f i ft2.obj
 0001:00012240       ?min_low_impact_percent@SURETRAK_PARAM_CLASS@@QAEMXZ 00413240 f i ft2.obj
 0001:00012260       ?max_velocity@SURETRAK_PARAM_CLASS@@QAEMXZ 00413260 f i ft2.obj
 0001:00012280       ??4NAME_CLASS@@QAEXG@Z     00413280 f i ft2.obj
 0001:000122a0       ??YNAME_CLASS@@QAEXG@Z     004132a0 f i ft2.obj
 0001:000122c0       ??YNAME_CLASS@@QAEXABVSTRING_CLASS@@@Z 004132c0 f i ft2.obj
 0001:000122e0       ??YNAME_CLASS@@QAEXH@Z     004132e0 f i ft2.obj
 0001:00012300       ??YNAME_CLASS@@QAEXPBG@Z   00413300 f i ft2.obj
 0001:00012320       ?get_ft2_ctrl_prog_steps_file_name@NAME_CLASS@@QAEEAAVSTRING_CLASS@@0@Z 00413320 f i ft2.obj
 0001:00012350       ?rewind@FILE_CLASS@@QAEEXZ 00413350 f i ft2.obj
 0001:00012370       ?velocity_from_x4@PART_CLASS@@QAENN@Z 00413370 f i ft2.obj
 0001:000123a0       ?x4_from_velocity@PART_CLASS@@QAENN@Z 004133a0 f i ft2.obj
 0001:000123d0       ?get_valve_test_master_file_name@NAME_CLASS@@QAEEAAVSTRING_CLASS@@0@Z 004133d0 f i ft2.obj
 0001:00012400       ?get_dc@WINDOW_CLASS@@QAEPAUHDC__@@XZ 00413400 f i ft2.obj
 0001:00012430       ?release_dc@WINDOW_CLASS@@QAEHPAUHDC__@@@Z 00413430 f i ft2.obj
 0001:00012460       ??8WINDOW_CLASS@@QAE_NQAUHWND__@@@Z 00413460 f i ft2.obj
 0001:00012480       ??4NAME_CLASS@@QAEXABV0@@Z 00413480 f i ft2.obj
 0001:000124a0       ??1PARAMETER_CLASS@@QAE@XZ 004134a0 f i ft2.obj
 0001:000124e0       ??1PARAMETER_ENTRY@@QAE@XZ 004134e0 f i ft2.obj
 0001:00012500       ?count@FIFO_CLASS@@QAEHXZ  00413500 f i ft2.obj
 0001:00012520       ?minimize@WINDOW_CLASS@@QAEXXZ 00413520 f i ft2.obj
 0001:00012550       ??9FTII_OP_STATUS_DATA@@QAE_NABU0@@Z 00413550 f i ft2.obj
 0001:00012580       ?append@TEXT_LIST_CLASS@@QAEEPAG@Z 00413580 f i ft2.obj
 0001:000125b0       ?get_ft2_boards_dbname@NAME_CLASS@@QAEEAAVSTRING_CLASS@@@Z 004135b0 f i ft2.obj
 0001:000125d0       ?open@DB_TABLE@@QAEEAAVSTRING_CLASS@@FF@Z 004135d0 f i ft2.obj
 0001:00012600       ?get_local_ini_file_name@NAME_CLASS@@QAEEPAG@Z 00413600 f i ft2.obj
 0001:00012620       ?fontclass@STRINGTABLE_CLASS@@QAEABVFONT_CLASS@@XZ 00413620 f i ft2.obj
 0001:00012640       ?set_language@STRINGTABLE_CLASS@@QAEXAAVSTRING_CLASS@@@Z 00413640 f i ft2.obj
 0001:000127da       ?start_chars_are_equal@@YA_NPBGPBD@Z 004137da f   board_monitor.obj
 0001:00012842       ?find_board@@YAPAVFTII_BOARD_ENTRY@@AAUsockaddr_in@@@Z 00413842 f   board_monitor.obj
 0001:000128bf       ?current_board_number@@YAHXZ 004138bf f   board_monitor.obj
 0001:000128e5       ?current_board_index@@YAHXZ 004138e5 f   board_monitor.obj
 0001:0001294e       ?is_suretrak_controlled@@YAEH@Z 0041394e f   board_monitor.obj
 0001:0001297e       ?current_channel_mode@@YAHXZ 0041397e f   board_monitor.obj
 0001:000129b9       ?current_version_string@@YAPAGXZ 004139b9 f   board_monitor.obj
 0001:000129e8       ?current_upload_file_name@@YAPAGXZ 004139e8 f   board_monitor.obj
 0001:00012a17       ?current_version@@YAHXZ    00413a17 f   board_monitor.obj
 0001:00012a3e       ?current_sub_version@@YAHXZ 00413a3e f   board_monitor.obj
 0001:00012a65       ?wirebit@@YAIH@Z           00413a65 f   board_monitor.obj
 0001:00012a91       ??1BOARD_EXTENDED_ANALOG_ARRAY@@QAE@XZ 00413a91 f   board_monitor.obj
 0001:00012acf       ?clear@BOARD_EXTENDED_ANALOG_ARRAY@@QAEXXZ 00413acf f   board_monitor.obj
 0001:00012b0d       ?init@BOARD_EXTENDED_ANALOG_ARRAY@@QAEEH@Z 00413b0d f   board_monitor.obj
 0001:00012bdd       ??ABOARD_EXTENDED_ANALOG_ARRAY@@QAEAAUBOARD_EXTENDED_ANALOG_ENTRY@@H@Z 00413bdd f   board_monitor.obj
 0001:00012c51       ??0FTII_BOARD_ENTRY@@QAE@XZ 00413c51 f   board_monitor.obj
 0001:00012edb       ??1FTII_BOARD_ENTRY@@QAE@XZ 00413edb f   board_monitor.obj
 0001:00012fd1       ?set_connect_state@FTII_BOARD_ENTRY@@QAEXI@Z 00413fd1 f   board_monitor.obj
 0001:000130eb       ?send_config_word@FTII_BOARD_ENTRY@@QAEXXZ 004140eb f   board_monitor.obj
 0001:00013165       ?get_version_string@FTII_BOARD_ENTRY@@QAEEXZ 00414165 f   board_monitor.obj
 0001:0001324b       ?put_version_string@FTII_BOARD_ENTRY@@QAEXXZ 0041424b f   board_monitor.obj
 0001:000132ca       ?is_monitoring@FTII_BOARD_ENTRY@@QAE_NXZ 004142ca f   board_monitor.obj
 0001:000132ee       ?get_config_word@FTII_BOARD_ENTRY@@QAEXPAG@Z 004142ee f   board_monitor.obj
 0001:00013335       ?add_binary_to_shotdata@FTII_BOARD_ENTRY@@QAEXXZ 00414335 f   board_monitor.obj
 0001:00013419       ?check_for_extended_channel_value@FTII_BOARD_ENTRY@@QAEXPAG@Z 00414419 f   board_monitor.obj
 0001:000134ff       ?check_inputs@FTII_BOARD_ENTRY@@QAEXPAG@Z 004144ff f   board_monitor.obj
 0001:00013aec       ?send_socket_message@FTII_BOARD_ENTRY@@QAE_NPAG_N@Z 00414aec f   board_monitor.obj
 0001:00013c9c       ?set_extended_analog_bits@FTII_BOARD_ENTRY@@QAEXXZ 00414c9c f   board_monitor.obj
 0001:00013e38       ?get_parameter_alarm_bits@FTII_BOARD_ENTRY@@QAEIXZ 00414e38 f   board_monitor.obj
 0001:00013f4a       ?get_alarm_bits@FTII_BOARD_ENTRY@@QAEXXZ 00414f4a f   board_monitor.obj
 0001:00014097       ?clear_all_alarm_bits@FTII_BOARD_ENTRY@@QAEXXZ 00415097 f   board_monitor.obj
 0001:000140c9       ?send_bits@FTII_BOARD_ENTRY@@QAEXI_N@Z 004150c9 f   board_monitor.obj
 0001:00014155       ?clearwire@FTII_BOARD_ENTRY@@QAEXH@Z 00415155 f   board_monitor.obj
 0001:00014194       ?setwire@FTII_BOARD_ENTRY@@QAEXH@Z 00415194 f   board_monitor.obj
 0001:000141cf       ?check_one_alarm@@YAXAA_NAAIMMFMM@Z 004151cf f   board_monitor.obj
 0001:0001429f       ?current_operator@@YAPAGAAVSTRING_CLASS@@0@Z 0041529f f   board_monitor.obj
 0001:00014332       ?issue_downtime_event@@YAXAAVSTRING_CLASS@@00AAU_SYSTEMTIME@@PAG2@Z 00415332 f   board_monitor.obj
 0001:0001438d       ?append_downtime_record@@YAEAAVSTRING_CLASS@@00AAU_SYSTEMTIME@@PAG2@Z 0041538d f   board_monitor.obj
 0001:00014459       ?save_shot@FTII_BOARD_ENTRY@@QAEXXZ 00415459 f   board_monitor.obj
 0001:00014e54       ?upload_control_file@FTII_BOARD_ENTRY@@QAE_NXZ 00415e54 f   board_monitor.obj
 0001:00015df7       ?display_board_info@@YAXXZ 00416df7 f   board_monitor.obj
 0001:00015f7e       ?position_auto_shot_display@@YAXXZ 00416f7e f   board_monitor.obj
 0001:00016006       ?AutoShotDisplayProc@@YGHPAUHWND__@@IIJ@Z 00417006 f   board_monitor.obj
 0001:00016119       ?load_the_current_machine_at_this_board@@YAXAAVFTII_BOARD_ENTRY@@@Z 00417119 f   board_monitor.obj
 0001:00016c6d       ?load_ftii_boards@@YAHXZ   00417c6d f   board_monitor.obj
 0001:00016fa3       ?check_for_down@@YAXXZ     00417fa3 f   board_monitor.obj
 0001:000172fe       ?convert_io_change_to_ascii@@YAXHPAUSOCKET_MESSAGE@@@Z 004182fe f   board_monitor.obj
 0001:00017e14       ?start_of_binary_data@@YAXHPAUBINARY_HEADER@@@Z 00418e14 f   board_monitor.obj
 0001:0001807a       ?new_data_thread@@YAXPAX@Z 0041907a f   board_monitor.obj
 0001:00018919       ?get_channel_mode@@YAXHPAD@Z 00419919 f   board_monitor.obj
 0001:00018a12       ?send_thread@@YAXPAX@Z     00419a12 f   board_monitor.obj
 0001:00019c0c       ?read_thread@@YAXPAX@Z     0041ac0c f   board_monitor.obj
 0001:00019f0e       ?begin_monitoring@@YA_NXZ  0041af0e f   board_monitor.obj
 0001:0001a45e       ?stop_monitoring@@YAXXZ    0041b45e f   board_monitor.obj
 0001:0001a87c       ?send_command@@YAXAAVSTRING_CLASS@@PAG_N@Z 0041b87c f   board_monitor.obj
 0001:0001ad31       ?update_downtime@@YAXVDOWN_DATA_CLASS@@@Z 0041bd31 f   board_monitor.obj
 0001:0001ae91       ?post_new_data_message@@YAXAAVSTRING_CLASS@@@Z 0041be91 f   board_monitor.obj
 0001:0001af00       ??0STDDOWN_CLASS@@QAE@XZ   0041bf00 f i board_monitor.obj
 0001:0001af30       ??1STDDOWN_CLASS@@QAE@XZ   0041bf30 f i board_monitor.obj
 0001:0001af50       ?cleanup@STDDOWN_CLASS@@QAEXXZ 0041bf50 f i board_monitor.obj
 0001:0001afa0       ??0BOARD_EXTENDED_ANALOG_ENTRY@@QAE@XZ 0041bfa0 f i board_monitor.obj
 0001:0001afe0       ??0EXTENDED_ANALOG_ENTRY@@QAE@XZ 0041bfe0 f i board_monitor.obj
 0001:0001b000       ??0FTANALOG_CLASS@@QAE@XZ  0041c000 f i board_monitor.obj
 0001:0001b020       ??0FTANALOG_ENTRY@@QAE@XZ  0041c020 f i board_monitor.obj
 0001:0001b080       ??0FTCALC_CLASS@@QAE@XZ    0041c080 f i board_monitor.obj
 0001:0001b0b0       ??0RUNLIST_CLASS@@QAE@XZ   0041c0b0 f i board_monitor.obj
 0001:0001b0e0       ??0BOARD_EXTENDED_ANALOG_ARRAY@@QAE@XZ 0041c0e0 f i board_monitor.obj
 0001:0001b110       ??1FTANALOG_CLASS@@QAE@XZ  0041c110 f i board_monitor.obj
 0001:0001b130       ??1FTANALOG_ENTRY@@QAE@XZ  0041c130 f i board_monitor.obj
 0001:0001b170       ??1FTCALC_CLASS@@QAE@XZ    0041c170 f i board_monitor.obj
 0001:0001b1a0       ?set@PART_NAME_ENTRY@@QAEXAAVSTRING_CLASS@@00@Z 0041c1a0 f i board_monitor.obj
 0001:0001b1e0       ??0DOUBLE_ARRAY_CLASS@@QAE@XZ 0041c1e0 f i board_monitor.obj
 0001:0001b210       ??0DSTAT_CLASS@@QAE@XZ     0041c210 f i board_monitor.obj
 0001:0001b240       ??1DSTAT_CLASS@@QAE@XZ     0041c240 f i board_monitor.obj
 0001:0001b250       ?set_cat@DSTAT_CLASS@@QAEXPAG@Z 0041c250 f i board_monitor.obj
 0001:0001b270       ?set_subcat@DSTAT_CLASS@@QAEXPAG@Z 0041c270 f i board_monitor.obj
 0001:0001b290       ?set_time@DSTAT_CLASS@@QAEXAAU_SYSTEMTIME@@@Z 0041c290 f i board_monitor.obj
 0001:0001b2c0       ??4EXTENDED_ANALOG_ENTRY@@QAEXAAU0@@Z 0041c2c0 f i board_monitor.obj
 0001:0001b2f0       ??1PART_NAME_ENTRY@@QAE@XZ 0041c2f0 f i board_monitor.obj
 0001:0001b320       ??YNAME_CLASS@@QAEXI@Z     0041c320 f i board_monitor.obj
 0001:0001b340       ?get_ft2_part_settings_file_name@NAME_CLASS@@QAEEAAVSTRING_CLASS@@00@Z 0041c340 f i board_monitor.obj
 0001:0001b370       ?get_machine_ctrl_prog_steps_file_name@NAME_CLASS@@QAEEAAVSTRING_CLASS@@0@Z 0041c370 f i board_monitor.obj
 0001:0001b3a0       ?count@FTII_VAR_ARRAY@@QAEHXZ 0041c3a0 f i board_monitor.obj
 0001:0001b3c0       ?get_alarmsum_dbname@NAME_CLASS@@QAEEAAVSTRING_CLASS@@00@Z 0041c3c0 f i board_monitor.obj
 0001:0001b3f0       ?get_graphlst_dbname@NAME_CLASS@@QAEEAAVSTRING_CLASS@@00@Z 0041c3f0 f i board_monitor.obj
 0001:0001b420       ?get_shotparm_csvname@NAME_CLASS@@QAEEAAVSTRING_CLASS@@00@Z 0041c420 f i board_monitor.obj
 0001:0001b450       ??4TIME_CLASS@@QAEXABV0@@Z 0041c450 f i board_monitor.obj
 0001:0001b470       ?int_value@SETPOINT_ENTRY@@QAEHXZ 0041c470 f i board_monitor.obj
 0001:0001b490       ?uint_value@SETPOINT_ENTRY@@QAEIXZ 0041c490 f i board_monitor.obj
 0001:0001b4b0       ?count@RUNLIST_CLASS@@QAEHXZ 0041c4b0 f i board_monitor.obj
 0001:0001b4d0       ?set_us_per_time_sample@FTII_NET_DATA@@QAEXH@Z 0041c4d0 f i board_monitor.obj
 0001:0001b4f0       ?get_short@DB_TABLE@@QAEFG@Z 0041c4f0 f i board_monitor.obj
 0001:0001b510       ??_EFTII_BOARD_ENTRY@@QAEPAXI@Z 0041c510 f i board_monitor.obj
 0001:0001b590       ?current_value@TIME_CLASS@@QAEKXZ 0041c590 f i board_monitor.obj
 0001:0001b5a0       ?category@DSTAT_CLASS@@QAEPAGXZ 0041c5a0 f i board_monitor.obj
 0001:0001b5b0       ?subcategory@DSTAT_CLASS@@QAEPAGXZ 0041c5b0 f i board_monitor.obj
 0001:0001b5d0       ??9STRING_CLASS@@QAEEPBG@Z 0041c5d0 f i board_monitor.obj
 0001:0001b600       ?bitmask@RUNLIST_CLASS@@QAEIXZ 0041c600 f i board_monitor.obj
 0001:0001b620       ??0ACK_MESSAGE@@QAE@XZ     0041c620 f i board_monitor.obj
 0001:0001b640       ?machine_name@DOWN_DATA_CLASS@@QAEAAVSTRING_CLASS@@XZ 0041c640 f i board_monitor.obj
 0001:0001b650       ?category@DOWN_DATA_CLASS@@QAEPAGXZ 0041c650 f i board_monitor.obj
 0001:0001b670       ?subcategory@DOWN_DATA_CLASS@@QAEPAGXZ 0041c670 f i board_monitor.obj
 0001:0001b729       ?get_ini_char@@YAPAGPAG0@Z 0041c729 f   shotsave.obj
 0001:0001b7b9       ?init_serial_port@@YAXXZ   0041c7b9 f   shotsave.obj
 0001:0001bb68       ?nextshot@@YAEPAUSHOT_BUFFER_ENTRY@@@Z 0041cb68 f   shotsave.obj
 0001:0001c25d       ?write_ftii_parameters@@YAEPAUSHOT_BUFFER_ENTRY@@AAU_SYSTEMTIME@@G@Z 0041d25d f   shotsave.obj
 0001:0001c4ee       ?add_to_shotsave@@YA_N_N0AAUPART_NAME_ENTRY@@AAVFTII_FILE_DATA@@AAVDOUBLE_ARRAY_CLASS@@@Z 0041d4ee f   shotsave.obj
 0001:0001c5bb       ?write_binary_file_to_serial_port@@YAEAAVNAME_CLASS@@@Z 0041d5bb f   shotsave.obj
 0001:0001c76c       ?save_shot@@YAXPAUSHOT_BUFFER_ENTRY@@@Z 0041d76c f   shotsave.obj
 0001:0001f1dd       ?save_all_shots@@YAXXZ     004201dd f   shotsave.obj
 0001:0001f40e       ?shotsave_thread@@YAXPAX@Z 0042040e f   shotsave.obj
 0001:0001fe2f       ?start_shotsave_thread@@YAXXZ 00420e2f f   shotsave.obj
 0001:0001fe70       ??MTIME_CLASS@@QAEEABV0@@Z 00420e70 f i shotsave.obj
 0001:0001fe90       ??NTIME_CLASS@@QAEEABV0@@Z 00420e90 f i shotsave.obj
 0001:0001feb0       ?create_directory@NAME_CLASS@@QAEEXZ 00420eb0 f i shotsave.obj
 0001:0001fed0       ?delete_file@NAME_CLASS@@QAEEXZ 00420ed0 f i shotsave.obj
 0001:0001ff00       ?directory_exists@NAME_CLASS@@QAEEXZ 00420f00 f i shotsave.obj
 0001:0001ff20       ??4MULTISTRING_CLASS@@QAEXABVSTRING_CLASS@@@Z 00420f20 f i shotsave.obj
 0001:0001ff40       ??4MULTISTRING_CLASS@@QAEXN@Z 00420f40 f i shotsave.obj
 0001:0001ff60       ?create@VDB_CLASS@@QAE_NAAVSTRING_CLASS@@@Z 00420f60 f i shotsave.obj
 0001:0001ff80       ?get_last_error@VDB_CLASS@@QAEKXZ 00420f80 f i shotsave.obj
 0001:0001ffa0       ?rec_delete@VDB_CLASS@@QAE_NXZ 00420fa0 f i shotsave.obj
 0001:0001ffc0       ??0SHOT_BUFFER_ENTRY@@QAE@XZ 00420fc0 f i shotsave.obj
 0001:00020000       ??0PROFILE_NAME_ENTRY@@QAE@XZ 00421000 f i shotsave.obj
 0001:00020040       ??4NAME_CLASS@@QAEXABVSTRING_CLASS@@@Z 00421040 f i shotsave.obj
 0001:00020060       ?get_profile_ii_name@NAME_CLASS@@QAEEAAVSTRING_CLASS@@000@Z 00421060 f i shotsave.obj
 0001:00020090       ?put_alpha@DB_TABLE@@QAEEGAAVSTRING_CLASS@@F@Z 00421090 f i shotsave.obj
 0001:000200c0       ?put_short@DB_TABLE@@QAEEGFF@Z 004210c0 f i shotsave.obj
 0001:000200f0       ?rec_delete@DB_TABLE@@QAEEXZ 004210f0 f i shotsave.obj
 0001:00020110       ?cat_w_char@STRING_CLASS@@QAEXABV1@G@Z 00421110 f i shotsave.obj
 0001:00020140       ?count@DOUBLE_ARRAY_CLASS@@QAEHXZ 00421140 f i shotsave.obj
 0001:00020160       ?cat_path@STRING_CLASS@@QAEXABV1@@Z 00421160 f i shotsave.obj
 0001:00020180       ??4NAME_CLASS@@QAEXN@Z     00421180 f i shotsave.obj
 0001:000201a0       ??_GSHOT_BUFFER_ENTRY@@QAEPAXI@Z 004211a0 f i shotsave.obj
 0001:000201d0       ??1SHOT_BUFFER_ENTRY@@QAE@XZ 004211d0 f i shotsave.obj
 0001:00020200       ??1PROFILE_NAME_ENTRY@@QAE@XZ 00421200 f i shotsave.obj
 0001:0002027f       ?skip_reset_machine@@YAEAAVSTRING_CLASS@@@Z 0042127f f   skip.obj
 0001:0002059c       ?skip_startup@@YAEXZ       0042159c f   skip.obj
 0001:000205a3       ?skip_shutdown@@YAXXZ      004215a3 f   skip.obj
 0001:00020609       ?skip_new_shot_notify@@YAGAAVSTRING_CLASS@@U_FILETIME@@@Z 00421609 f   skip.obj
 0001:000207e2       ?max_parameters_saved@@YAJAAVSTRING_CLASS@@@Z 004217e2 f   skip.obj
 0001:00020809       ?max_profiles_saved@@YAJAAVSTRING_CLASS@@@Z 00421809 f   skip.obj
 0001:00020830       ??0GENERIC_LIST_CLASS@@QAE@XZ 00421830 f i skip.obj
 0001:00020860       ??0MACH_SKIP_ENTRY@@QAE@XZ 00421860 f i skip.obj
 0001:00020880       ??_GMACH_SKIP_ENTRY@@QAEPAXI@Z 00421880 f i skip.obj
 0001:000208b0       ??1MACH_SKIP_ENTRY@@QAE@XZ 004218b0 f i skip.obj
 0001:000208d0       ?init@UPLOAD_COPY_CLASS@@QAEXXZ 004218d0 f   upload_copy_class.obj
 0001:00020912       ??0UPLOAD_COPY_CLASS@@QAE@XZ 00421912 f   upload_copy_class.obj
 0001:0002093f       ??1UPLOAD_COPY_CLASS@@QAE@XZ 0042193f f   upload_copy_class.obj
 0001:0002095f       ?is_changed@UPLOAD_COPY_CLASS@@QAE_NXZ 0042195f f   upload_copy_class.obj
 0001:00020973       ??AUPLOAD_COPY_CLASS@@QAEAAVSTRING_CLASS@@H@Z 00421973 f   upload_copy_class.obj
 0001:000209e2       ?load@UPLOAD_COPY_CLASS@@QAEIVSTRING_CLASS@@00@Z 004219e2 f   upload_copy_class.obj
 0001:00020b20       ?save@UPLOAD_COPY_CLASS@@QAEIVSTRING_CLASS@@00@Z 00421b20 f   upload_copy_class.obj
 0001:00020c7c       ?isnew@UPLOAD_COPY_CLASS@@QAE_NAAVSTRING_CLASS@@@Z 00421c7c f   upload_copy_class.obj
 0001:00020dc0       ?get_upload_copy_file_name@NAME_CLASS@@QAEEAAVSTRING_CLASS@@00@Z 00421dc0 f i upload_copy_class.obj
 0001:00020df0       ??4NAME_CLASS@@QAEXH@Z     00421df0 f i upload_copy_class.obj
 0001:00020e10       ??2@YAPAXIHPBDH@Z          00421e10 f   libcmtd:dbgnew.obj
 0001:00020e30       ??3@YAXPAX@Z               00421e30 f   libcmtd:dbgdel.obj
 0001:00020ee0       __onexit                   00421ee0 f   libcmtd:onexit.obj
 0001:00020fa0       _atexit                    00421fa0 f   libcmtd:onexit.obj
 0001:00020fc0       ___onexitinit              00421fc0 f   libcmtd:onexit.obj
 0001:00021010       __fpmath                   00422010 f   libcmtd:fpinit.obj
 0001:00021040       __fpclear                  00422040 f   libcmtd:fpinit.obj
 0001:00021050       __cfltcvt_init             00422050 f   libcmtd:fpinit.obj
 0001:000210a0       ___setfflag                004220a0 f   libcmtd:fpinit.obj
 0001:000210bc       __ftol                     004220bc f   libcmtd:ftol.obj
 0001:000210f0       __alloca_probe             004220f0 f   libcmtd:chkstk.obj
 0001:000210f0       __chkstk                   004220f0 f   libcmtd:chkstk.obj
 0001:00021120       _fprintf                   00422120 f   libcmtd:fprintf.obj
 0001:000211f0       __CrtDbgBreak              004221f0 f   libcmtd:dbgrpt.obj
 0001:00021200       __CrtSetReportMode         00422200 f   libcmtd:dbgrpt.obj
 0001:00021260       __CrtSetReportFile         00422260 f   libcmtd:dbgrpt.obj
 0001:000212e0       __CrtSetReportHook         004222e0 f   libcmtd:dbgrpt.obj
 0001:00021300       __CrtDbgReport             00422300 f   libcmtd:dbgrpt.obj
 0001:000219a0       _fclose                    004229a0 f   libcmtd:fclose.obj
 0001:00021a30       __fclose_lk                00422a30 f   libcmtd:fclose.obj
 0001:00021af0       _malloc                    00422af0 f   libcmtd:dbgheap.obj
 0001:00021b20       __malloc_dbg               00422b20 f   libcmtd:dbgheap.obj
 0001:00021b50       __nh_malloc                00422b50 f   libcmtd:dbgheap.obj
 0001:00021b70       __nh_malloc_dbg            00422b70 f   libcmtd:dbgheap.obj
 0001:00021c10       __heap_alloc               00422c10 f   libcmtd:dbgheap.obj
 0001:00021c30       __heap_alloc_dbg           00422c30 f   libcmtd:dbgheap.obj
 0001:00021f50       _calloc                    00422f50 f   libcmtd:dbgheap.obj
 0001:00021f80       __calloc_dbg               00422f80 f   libcmtd:dbgheap.obj
 0001:00021fe0       _realloc                   00422fe0 f   libcmtd:dbgheap.obj
 0001:00022010       __realloc_dbg              00423010 f   libcmtd:dbgheap.obj
 0001:000225c0       __expand                   004235c0 f   libcmtd:dbgheap.obj
 0001:000225f0       __expand_dbg               004235f0 f   libcmtd:dbgheap.obj
 0001:00022680       _free                      00423680 f   libcmtd:dbgheap.obj
 0001:000226a0       __free_lk                  004236a0 f   libcmtd:dbgheap.obj
 0001:000226c0       __free_dbg                 004236c0 f   libcmtd:dbgheap.obj
 0001:00022730       __free_dbg_lk              00423730 f   libcmtd:dbgheap.obj
 0001:00022b20       __msize                    00423b20 f   libcmtd:dbgheap.obj
 0001:00022b40       __msize_dbg                00423b40 f   libcmtd:dbgheap.obj
 0001:00022cd0       __CrtSetBreakAlloc         00423cd0 f   libcmtd:dbgheap.obj
 0001:00022cf0       __CrtSetDbgBlockType       00423cf0 f   libcmtd:dbgheap.obj
 0001:00022dd0       __CrtSetAllocHook          00423dd0 f   libcmtd:dbgheap.obj
 0001:00022e80       __CrtCheckMemory           00423e80 f   libcmtd:dbgheap.obj
 0001:00023230       __CrtSetDbgFlag            00424230 f   libcmtd:dbgheap.obj
 0001:00023260       __CrtDoForAllClientObjects 00424260 f   libcmtd:dbgheap.obj
 0001:00023310       __CrtIsValidPointer        00424310 f   libcmtd:dbgheap.obj
 0001:00023360       __CrtIsValidHeapPointer    00424360 f   libcmtd:dbgheap.obj
 0001:00023490       __CrtIsMemoryBlock         00424490 f   libcmtd:dbgheap.obj
 0001:000235c0       __CrtSetDumpClient         004245c0 f   libcmtd:dbgheap.obj
 0001:000235e0       __CrtMemCheckpoint         004245e0 f   libcmtd:dbgheap.obj
 0001:00023790       __CrtMemDifference         00424790 f   libcmtd:dbgheap.obj
 0001:000238c0       __CrtMemDumpAllObjectsSince 004248c0 f   libcmtd:dbgheap.obj
 0001:00023ce0       __CrtDumpMemoryLeaks       00424ce0 f   libcmtd:dbgheap.obj
 0001:00023d60       __CrtMemDumpStatistics     00424d60 f   libcmtd:dbgheap.obj
 0001:00023e30       __fsopen                   00424e30 f   libcmtd:fopen.obj
 0001:00023f30       _fopen                     00424f30 f   libcmtd:fopen.obj
 0001:00023f50       _memcpy                    00424f50 f   libcmtd:memcpy.obj
 0001:00024290       __beginthread              00425290 f   libcmtd:thread.obj
 0001:00024460       __endthread                00425460 f   libcmtd:thread.obj
 0001:000244c0       _WinMainCRTStartup         004254c0 f   libcmtd:wincrt0.obj
 0001:00024630       __amsg_exit                00425630 f   libcmtd:wincrt0.obj
 0001:00024690       __mtinitlocks              00425690 f   libcmtd:mlock.obj
 0001:000246d0       __mtdeletelocks            004256d0 f   libcmtd:mlock.obj
 0001:00024770       __lock                     00425770 f   libcmtd:mlock.obj
 0001:00024810       __unlock                   00425810 f   libcmtd:mlock.obj
 0001:00024830       __lockerr_exit             00425830 f   libcmtd:mlock.obj
 0001:00024850       __cinit                    00425850 f   libcmtd:crt0dat.obj
 0001:00024890       _exit                      00425890 f   libcmtd:crt0dat.obj
 0001:000248b0       __exit                     004258b0 f   libcmtd:crt0dat.obj
 0001:000248d0       __cexit                    004258d0 f   libcmtd:crt0dat.obj
 0001:000248f0       __c_exit                   004258f0 f   libcmtd:crt0dat.obj
 0001:00024a00       __lockexit                 00425a00 f   libcmtd:crt0dat.obj
 0001:00024a10       __unlockexit               00425a10 f   libcmtd:crt0dat.obj
 0001:00024a50       __setdefaultprecision      00425a50 f   libcmtd:fp8.obj
 0001:00024a70       __ms_p5_test_fdiv          00425a70 f   libcmtd:testfdiv.obj
 0001:00024ad0       __ms_p5_mp_test_fdiv       00425ad0 f   libcmtd:testfdiv.obj
 0001:00024b20       __forcdecpt                00425b20 f   libcmtd:cvt.obj
 0001:00024bd0       __cropzeros                00425bd0 f   libcmtd:cvt.obj
 0001:00024cb0       __positive                 00425cb0 f   libcmtd:cvt.obj
 0001:00024ce0       __fassign                  00425ce0 f   libcmtd:cvt.obj
 0001:00024d30       __cftoe                    00425d30 f   libcmtd:cvt.obj
 0001:00024f20       __cftof                    00425f20 f   libcmtd:cvt.obj
 0001:000250d0       __cftog                    004260d0 f   libcmtd:cvt.obj
 0001:000251c0       __cfltcvt                  004261c0 f   libcmtd:cvt.obj
 0001:00025250       ___initstdio               00426250 f   libcmtd:_file.obj
 0001:00025380       ___endstdio                00426380 f   libcmtd:_file.obj
 0001:000253a0       __lock_file                004263a0 f   libcmtd:_file.obj
 0001:000253e0       __lock_file2               004263e0 f   libcmtd:_file.obj
 0001:00025410       __unlock_file              00426410 f   libcmtd:_file.obj
 0001:00025450       __unlock_file2             00426450 f   libcmtd:_file.obj
 0001:00025480       __stbuf                    00426480 f   libcmtd:_sftbuf.obj
 0001:000255e0       __ftbuf                    004265e0 f   libcmtd:_sftbuf.obj
 0001:00025680       __output                   00426680 f   libcmtd:output.obj
 0001:000265b0       __itoa                     004275b0 f   libcmtd:xtoa.obj
 0001:000266d0       __ltoa                     004276d0 f   libcmtd:xtoa.obj
 0001:00026710       __ultoa                    00427710 f   libcmtd:xtoa.obj
 0001:00026730       __i64toa                   00427730 f   libcmtd:xtoa.obj
 0001:00026880       __ui64toa                  00427880 f   libcmtd:xtoa.obj
 0001:000268a0       _strlen                    004278a0 f   libcmtd:strlen.obj
 0001:00026920       __snprintf                 00427920 f   libcmtd:snprintf.obj
 0001:00026a20       _strcpy                    00427a20 f   libcmtd:strcat.obj
 0001:00026a30       _strcat                    00427a30 f   libcmtd:strcat.obj
 0001:00026b10       __vsnprintf                00427b10 f   libcmtd:vsnprint.obj
 0001:00026c10       _signal                    00427c10 f   libcmtd:winsig.obj
 0001:00026ee0       _raise                     00427ee0 f   libcmtd:winsig.obj
 0001:00027180       ___fpecode                 00428180 f   libcmtd:winsig.obj
 0001:00027190       ___pxcptinfoptrs           00428190 f   libcmtd:winsig.obj
 0001:000271a0       ___crtMessageBoxA          004281a0 f   libcmtd:crtmbox.obj
 0001:00027260       _strncpy                   00428260 f   libcmtd:strncpy.obj
 0001:00027360       __close                    00428360 f   libcmtd:close.obj
 0001:000273e0       __close_lk                 004283e0 f   libcmtd:close.obj
 0001:00027490       __freebuf                  00428490 f   libcmtd:_freebuf.obj
 0001:00027530       _fflush                    00428530 f   libcmtd:fflush.obj
 0001:00027580       __fflush_lk                00428580 f   libcmtd:fflush.obj
 0001:000275d0       __flush                    004285d0 f   libcmtd:fflush.obj
 0001:00027690       __flushall                 00428690 f   libcmtd:fflush.obj
 0001:000277e0       ?_set_new_handler@@YAP6AHI@ZP6AHI@Z@Z 004287e0 f   libcmtd:handler.obj
 0001:00027810       ?_query_new_handler@@YAP6AHI@ZXZ 00428810 f   libcmtd:handler.obj
 0001:00027820       __callnewh                 00428820 f   libcmtd:handler.obj
 0001:00027850       __global_unwind2           00428850 f   libcmtd:exsup.obj
 0001:00027892       __local_unwind2            00428892 f   libcmtd:exsup.obj
 0001:000278ea       __NLG_Return2              004288ea f   libcmtd:exsup.obj
 0001:000278fa       __abnormal_termination     004288fa f   libcmtd:exsup.obj
 0001:0002791d       __NLG_Notify1              0042891d f   libcmtd:exsup.obj
 0001:00027926       __NLG_Notify               00428926 f   libcmtd:exsup.obj
 0001:00027939       __NLG_Dispatch             00428939 f   libcmtd:exsup.obj
 0001:00027948       __except_handler3          00428948 f   libcmtd:exsup3.obj
 0001:00027a05       __seh_longjmp_unwind@4     00428a05 f   libcmtd:exsup3.obj
 0001:00027a20       _memset                    00428a20 f   libcmtd:memset.obj
 0001:00027a80       __malloc_base              00428a80 f   libcmtd:malloc.obj
 0001:00027aa0       __nh_malloc_base           00428aa0 f   libcmtd:malloc.obj
 0001:00027b00       __heap_alloc_base          00428b00 f   libcmtd:malloc.obj
 0001:00027c50       __CrtDefaultAllocHook      00428c50 f   libcmtd:dbghook.obj
 0001:00027c60       __expand_base              00428c60 f   libcmtd:expand.obj
 0001:00027e70       __realloc_base             00428e70 f   libcmtd:realloc.obj
 0001:00028310       __free_base                00429310 f   libcmtd:free.obj
 0001:00028460       __heapchk                  00429460 f   libcmtd:heapchk.obj
 0001:00028570       __heapset                  00429570 f   libcmtd:heapchk.obj
 0001:00028580       __get_sbh_threshold        00429580 f   libcmtd:sbheap.obj
 0001:000285b0       __set_sbh_threshold        004295b0 f   libcmtd:sbheap.obj
 0001:000286c0       ___sbh_heap_init           004296c0 f   libcmtd:sbheap.obj
 0001:00028730       ___sbh_find_block          00429730 f   libcmtd:sbheap.obj
 0001:00028790       ___sbh_verify_block        00429790 f   libcmtd:sbheap.obj
 0001:000287f0       ___sbh_free_block          004297f0 f   libcmtd:sbheap.obj
 0001:00028dd0       ___sbh_alloc_block         00429dd0 f   libcmtd:sbheap.obj
 0001:00029310       ___sbh_alloc_new_region    0042a310 f   libcmtd:sbheap.obj
 0001:00029420       ___sbh_alloc_new_group     0042a420 f   libcmtd:sbheap.obj
 0001:00029610       ___sbh_resize_block        0042a610 f   libcmtd:sbheap.obj
 0001:00029c00       ___sbh_heapmin             0042ac00 f   libcmtd:sbheap.obj
 0001:00029d30       ___sbh_heap_check          0042ad30 f   libcmtd:sbheap.obj
 0001:0002a350       __get_old_sbh_threshold    0042b350 f   libcmtd:sbheap.obj
 0001:0002a360       __set_old_sbh_threshold    0042b360 f   libcmtd:sbheap.obj
 0001:0002a390       ___old_sbh_new_region      0042b390 f   libcmtd:sbheap.obj
 0001:0002a570       ___old_sbh_release_region  0042b570 f   libcmtd:sbheap.obj
 0001:0002a5f0       ___old_sbh_decommit_pages  0042b5f0 f   libcmtd:sbheap.obj
 0001:0002a750       ___old_sbh_find_block      0042b750 f   libcmtd:sbheap.obj
 0001:0002a7e0       ___old_sbh_free_block      0042b7e0 f   libcmtd:sbheap.obj
 0001:0002a850       ___old_sbh_alloc_block     0042b850 f   libcmtd:sbheap.obj
 0001:0002ac10       ___old_sbh_alloc_block_from_page 0042bc10 f   libcmtd:sbheap.obj
 0001:0002aec0       ___old_sbh_resize_block    0042bec0 f   libcmtd:sbheap.obj
 0001:0002b030       ___old_sbh_heap_check      0042c030 f   libcmtd:sbheap.obj
 0001:0002b270       __GetLinkerVersion         0042c270 f   libcmtd:heapinit.obj
 0001:0002b2d0       ___heap_select             0042c2d0 f   libcmtd:heapinit.obj
 0001:0002b500       __heap_init                0042c500 f   libcmtd:heapinit.obj
 0001:0002b590       __heap_term                0042c590 f   libcmtd:heapinit.obj
 0001:0002b680       _sprintf                   0042c680 f   libcmtd:sprintf.obj
 0001:0002b780       __isctype                  0042c780 f   libcmtd:isctype.obj
 0001:0002b840       __openfile                 0042c840 f   libcmtd:_open.obj
 0001:0002bbd0       __getstream                0042cbd0 f   libcmtd:stream.obj
 0001:0002bd50       __dosmaperr                0042cd50 f   libcmtd:dosmap.obj
 0001:0002bdf0       __errno                    0042cdf0 f   libcmtd:dosmap.obj
 0001:0002be00       ___doserrno                0042ce00 f   libcmtd:dosmap.obj
 0001:0002be10       __mtinit                   0042ce10 f   libcmtd:tidtable.obj
 0001:0002bea0       __mtterm                   0042cea0 f   libcmtd:tidtable.obj
 0001:0002bed0       __initptd                  0042ced0 f   libcmtd:tidtable.obj
 0001:0002bef0       __getptd                   0042cef0 f   libcmtd:tidtable.obj
 0001:0002bf90       __freeptd                  0042cf90 f   libcmtd:tidtable.obj
 0001:0002c0a0       ___threadid                0042d0a0 f   libcmtd:tidtable.obj
 0001:0002c0b0       ___threadhandle            0042d0b0 f   libcmtd:tidtable.obj
 0001:0002c0c0       __XcptFilter               0042d0c0 f   libcmtd:winxfltr.obj
 0001:0002c2e0       __wincmdln                 0042d2e0 f   libcmtd:wincmdln.obj
 0001:0002c3a0       __setenvp                  0042d3a0 f   libcmtd:stdenvp.obj
 0001:0002c4f0       __setargv                  0042d4f0 f   libcmtd:stdargv.obj
 0001:0002ca00       ___crtGetEnvironmentStringsA 0042da00 f   libcmtd:a_env.obj
 0001:0002cc20       __ioinit                   0042dc20 f   libcmtd:ioinit.obj
 0001:0002cf50       __ioterm                   0042df50 f   libcmtd:ioinit.obj
 0001:0002cff0       __FF_MSGBANNER             0042dff0 f   libcmtd:crt0msg.obj
 0001:0002d040       __NMSG_WRITE               0042e040 f   libcmtd:crt0msg.obj
 0001:0002d200       __GET_RTERRMSG             0042e200 f   libcmtd:crt0msg.obj
 0001:0002d250       __statusfp                 0042e250 f   libcmtd:ieee87.obj
 0001:0002d270       __clearfp                  0042e270 f   libcmtd:ieee87.obj
 0001:0002d290       __control87                0042e290 f   libcmtd:ieee87.obj
 0001:0002d2e0       __controlfp                0042e2e0 f   libcmtd:ieee87.obj
 0001:0002d300       __fpreset                  0042e300 f   libcmtd:ieee87.obj
 0001:0002d6f0       __tolower                  0042e6f0 f   libcmtd:tolower.obj
 0001:0002d700       _tolower                   0042e700 f   libcmtd:tolower.obj
 0001:0002d7a0       __tolower_lk               0042e7a0 f   libcmtd:tolower.obj
 0001:0002d8d0       __ZeroTail                 0042e8d0 f   libcmtd:intrncvt.obj
 0001:0002d960       __IncMan                   0042e960 f   libcmtd:intrncvt.obj
 0001:0002da10       __RoundMan                 0042ea10 f   libcmtd:intrncvt.obj
 0001:0002daf0       __CopyMan                  0042eaf0 f   libcmtd:intrncvt.obj
 0001:0002db40       __FillZeroMan              0042eb40 f   libcmtd:intrncvt.obj
 0001:0002db70       __IsZeroMan                0042eb70 f   libcmtd:intrncvt.obj
 0001:0002dbb0       __ShrMan                   0042ebb0 f   libcmtd:intrncvt.obj
 0001:0002dca0       __ld12cvt                  0042eca0 f   libcmtd:intrncvt.obj
 0001:0002def0       __ld12tod                  0042eef0 f   libcmtd:intrncvt.obj
 0001:0002df10       __ld12tof                  0042ef10 f   libcmtd:intrncvt.obj
 0001:0002df30       __ld12told                 0042ef30 f   libcmtd:intrncvt.obj
 0001:0002dff0       __atodbl                   0042eff0 f   libcmtd:intrncvt.obj
 0001:0002e030       __atoldbl                  0042f030 f   libcmtd:intrncvt.obj
 0001:0002e070       __atoflt                   0042f070 f   libcmtd:intrncvt.obj
 0001:0002e0b0       __fptostr                  0042f0b0 f   libcmtd:_fptostr.obj
 0001:0002e1b0       __fltout2                  0042f1b0 f   libcmtd:cfout.obj
 0001:0002e230       ___dtold                   0042f230 f   libcmtd:cfout.obj
 0001:0002e3a0       _memmove                   0042f3a0 f   libcmtd:memmove.obj
 0001:0002e6e0       __fptrap                   0042f6e0 f   libcmtd:crt0fp.obj
 0001:0002e6f0       __fcloseall                0042f6f0 f   libcmtd:closeall.obj
 0001:0002e7d0       __isatty                   0042f7d0 f   libcmtd:isatty.obj
 0001:0002e810       _wctomb                    0042f810 f   libcmtd:wctomb.obj
 0001:0002e890       __wctomb_lk                0042f890 f   libcmtd:wctomb.obj
 0001:0002e930       __aulldiv                  0042f930 f   libcmtd:ulldiv.obj
 0001:0002e9a0       __aullrem                  0042f9a0 f   libcmtd:ullrem.obj
 0001:0002ea20       __flsbuf                   0042fa20 f   libcmtd:_flsbuf.obj
 0001:0002eca0       __alloc_osfhnd             0042fca0 f   libcmtd:osfinfo.obj
 0001:0002ee90       __set_osfhnd               0042fe90 f   libcmtd:osfinfo.obj
 0001:0002ef50       __free_osfhnd              0042ff50 f   libcmtd:osfinfo.obj
 0001:0002f030       __get_osfhandle            00430030 f   libcmtd:osfinfo.obj
 0001:0002f0a0       __open_osfhandle           004300a0 f   libcmtd:osfinfo.obj
 0001:0002f1b0       __lock_fhandle             004301b0 f   libcmtd:osfinfo.obj
 0001:0002f240       __unlock_fhandle           00430240 f   libcmtd:osfinfo.obj
 0001:0002f270       __commit                   00430270 f   libcmtd:commit.obj
 0001:0002f350       __write                    00430350 f   libcmtd:write.obj
 0001:0002f3e0       __write_lk                 004303e0 f   libcmtd:write.obj
 0001:0002f660       _strtol                    00430660 f   libcmtd:strtol.obj
 0001:0002f9c0       _strtoul                   004309c0 f   libcmtd:strtol.obj
 0001:0002f9f0       _strchr                    004309f0 f   libcmtd:strchr.obj
 0001:0002f9f6       ___from_strstr_to_strchr   004309f6 f   libcmtd:strchr.obj
 0001:0002fab0       _strstr                    00430ab0 f   libcmtd:strstr.obj
 0001:0002fb30       _strncmp                   00430b30 f   libcmtd:strncmp.obj
 0001:0002fb70       ___crtGetStringTypeA       00430b70 f   libcmtd:a_str.obj
 0001:0002fd30       __open                     00430d30 f   libcmtd:open.obj
 0001:0002fd70       __sopen                    00430d70 f   libcmtd:open.obj
 0001:000302d0       __ismbbkalnum              004312d0 f   libcmtd:ismbbyte.obj
 0001:000302f0       __ismbbkprint              004312f0 f   libcmtd:ismbbyte.obj
 0001:00030310       __ismbbkpunct              00431310 f   libcmtd:ismbbyte.obj
 0001:00030330       __ismbbalnum               00431330 f   libcmtd:ismbbyte.obj
 0001:00030350       __ismbbalpha               00431350 f   libcmtd:ismbbyte.obj
 0001:00030370       __ismbbgraph               00431370 f   libcmtd:ismbbyte.obj
 0001:00030390       __ismbbprint               00431390 f   libcmtd:ismbbyte.obj
 0001:000303b0       __ismbbpunct               004313b0 f   libcmtd:ismbbyte.obj
 0001:000303d0       __ismbblead                004313d0 f   libcmtd:ismbbyte.obj
 0001:000303f0       __ismbbtrail               004313f0 f   libcmtd:ismbbyte.obj
 0001:00030410       __ismbbkana                00431410 f   libcmtd:ismbbyte.obj
 0001:000304c0       __setmbcp                  004314c0 f   libcmtd:mbctype.obj
 0001:00030c80       __getmbcp                  00431c80 f   libcmtd:mbctype.obj
 0001:00030ca0       ___initmbctable            00431ca0 f   libcmtd:mbctype.obj
 0001:00030cd0       _setlocale                 00431cd0 f   libcmtd:setlocal.obj
 0001:00031360       __expandlocale             00432360 f   libcmtd:setlocal.obj
 0001:000314f0       ___init_dummy              004324f0 f   libcmtd:setlocal.obj
 0001:00031500       __strcats                  00432500 f   libcmtd:setlocal.obj
 0001:00031550       ___lc_strtolc              00432550 f   libcmtd:setlocal.obj
 0001:000316b0       ___lc_lctostr              004326b0 f   libcmtd:setlocal.obj
 0001:00031720       ___crtLCMapStringA         00432720 f   libcmtd:a_map.obj
 0001:00031a80       ___addl                    00432a80 f   libcmtd:mantold.obj
 0001:00031ac0       ___add_12                  00432ac0 f   libcmtd:mantold.obj
 0001:00031b70       ___shl_12                  00432b70 f   libcmtd:mantold.obj
 0001:00031bd0       ___shr_12                  00432bd0 f   libcmtd:mantold.obj
 0001:00031c40       ___mtold12                 00432c40 f   libcmtd:mantold.obj
 0001:00031d80       ___strgtold12              00432d80 f   libcmtd:strgtold.obj
 0001:000328b0       ___STRINGTOLD              004338b0 f   libcmtd:strgtold.obj
 0001:00032900       _$I10_OUTPUT               00433900 f   libcmtd:x10fout.obj
 0001:00032e20       __lseek                    00433e20 f   libcmtd:lseek.obj
 0001:00032eb0       __lseek_lk                 00433eb0 f   libcmtd:lseek.obj
 0001:00032f70       __getbuf                   00433f70 f   libcmtd:_getbuf.obj
 0001:00033040       __toupper                  00434040 f   libcmtd:toupper.obj
 0001:00033050       _toupper                   00434050 f   libcmtd:toupper.obj
 0001:000330f0       __toupper_lk               004340f0 f   libcmtd:toupper.obj
 0001:00033220       __chsize                   00434220 f   libcmtd:chsize.obj
 0001:000332a0       __chsize_lk                004342a0 f   libcmtd:chsize.obj
 0001:000334d0       __read                     004344d0 f   libcmtd:read.obj
 0001:00033560       __read_lk                  00434560 f   libcmtd:read.obj
 0001:000339b0       ___init_time               004349b0 f   libcmtd:inittime.obj
 0001:00034330       ___init_numeric            00435330 f   libcmtd:initnum.obj
 0001:00034660       ___init_monetary           00435660 f   libcmtd:initmon.obj
 0001:00034ac0       ___init_ctype              00435ac0 f   libcmtd:initctyp.obj
 0001:00034e60       ___init_collate            00435e60 f   libcmtd:initcoll.obj
 0001:00034e70       _strcmp                    00435e70 f   libcmtd:strcmp.obj
 0001:00034f00       _strcspn                   00435f00 f   libcmtd:strcspn.obj
 0001:00034f40       _strpbrk                   00435f40 f   libcmtd:strpbrk.obj
 0001:00034f80       ___get_qualified_locale    00435f80 f   libcmtd:getqloc.obj
 0001:00035d20       ___ld12mul                 00436d20 f   libcmtd:tenpow.obj
 0001:00036160       ___multtenpow12            00437160 f   libcmtd:tenpow.obj
 0001:00036230       __setmode                  00437230 f   libcmtd:setmode.obj
 0001:000362b0       __setmode_lk               004372b0 f   libcmtd:setmode.obj
 0001:00036380       __Getdays                  00437380 f   libcmtd:strftime.obj
 0001:000364b0       __Getmonths                004374b0 f   libcmtd:strftime.obj
 0001:000365e0       __Gettnames                004375e0 f   libcmtd:strftime.obj
 0001:00036950       _strftime                  00437950 f   libcmtd:strftime.obj
 0001:00036970       __Strftime                 00437970 f   libcmtd:strftime.obj
 0001:00037890       ___getlocaleinfo           00438890 f   libcmtd:inithelp.obj
 0001:00037b20       _localeconv                00438b20 f   libcmtd:lconv.obj
 0001:00037b30       ___crtGetStringTypeW       00438b30 f   libcmtd:w_str.obj
 0001:00037da0       __strcmpi                  00438da0 f   libcmtd:stricmp.obj
 0001:00037da0       __stricmp                  00438da0 f   libcmtd:stricmp.obj
 0001:00037e70       __strnicmp                 00438e70 f   libcmtd:strnicmp.obj
 0001:00037f80       _atol                      00438f80 f   libcmtd:atox.obj
 0001:00038080       _atoi                      00439080 f   libcmtd:atox.obj
 0001:000380a0       __atoi64                   004390a0 f   libcmtd:atox.obj
 0001:000381d0       ___tzset                   004391d0 f   libcmtd:tzset.obj
 0001:00038210       __tzset                    00439210 f   libcmtd:tzset.obj
 0001:000385e0       __isindst                  004395e0 f   libcmtd:tzset.obj
 0001:00038b10       ___crtGetLocaleInfoW       00439b10 f   libcmtd:w_loc.obj
 0001:00038cb0       ___crtGetLocaleInfoA       00439cb0 f   libcmtd:a_loc.obj
 0001:00038e60       __allmul                   00439e60 f   libcmtd:llmul.obj
 0001:00038ea0       _getenv                    00439ea0 f   libcmtd:getenv.obj
 0001:00038ed0       __getenv_lk                00439ed0 f   libcmtd:getenv.obj
 0001:00038fa0       __mbsnbicoll               00439fa0 f   libcmtd:mbsnbico.obj
 0001:00038ff0       ___wtomb_environ           00439ff0 f   libcmtd:wtombenv.obj
 0001:000390a0       ___crtCompareStringA       0043a0a0 f   libcmtd:a_cmp.obj
 0001:000394f0       ___crtsetenv               0043a4f0 f   libcmtd:setenv.obj
 0001:00039940       __mbschr                   0043a940 f   libcmtd:mbschr.obj
 0001:00039a2e       _CreateProcessW@40         0043aa2e f   kernel32:KERNEL32.dll
 0001:00039a34       _Sleep@4                   0043aa34 f   kernel32:KERNEL32.dll
 0001:00039a3a       _MoveFileW@8               0043aa3a f   kernel32:KERNEL32.dll
 0001:00039a40       _DeleteFileW@4             0043aa40 f   kernel32:KERNEL32.dll
 0001:00039a46       _WinExec@8                 0043aa46 f   kernel32:KERNEL32.dll
 0001:00039a4c       _SetEvent@4                0043aa4c f   kernel32:KERNEL32.dll
 0001:00039a52       _lstrlenW@4                0043aa52 f   kernel32:KERNEL32.dll
 0001:00039a58       _lstrcpyW@8                0043aa58 f   kernel32:KERNEL32.dll
 0001:00039a5e       _GetUserDefaultLangID@0    0043aa5e f   kernel32:KERNEL32.dll
 0001:00039a64       _CreateEventW@16           0043aa64 f   kernel32:KERNEL32.dll
 0001:00039a6a       _CloseHandle@4             0043aa6a f   kernel32:KERNEL32.dll
 0001:00039a70       _GetTickCount@0            0043aa70 f   kernel32:KERNEL32.dll
 0001:00039a76       _FileTimeToSystemTime@8    0043aa76 f   kernel32:KERNEL32.dll
 0001:00039a7c       _lstrcpynW@12              0043aa7c f   kernel32:KERNEL32.dll
 0001:00039a82       _ResetEvent@4              0043aa82 f   kernel32:KERNEL32.dll
 0001:00039a88       _WaitForSingleObject@8     0043aa88 f   kernel32:KERNEL32.dll
 0001:00039a8e       _SetCommState@8            0043aa8e f   kernel32:KERNEL32.dll
 0001:00039a94       _GetCommState@8            0043aa94 f   kernel32:KERNEL32.dll
 0001:00039a9a       _CreateFileW@28            0043aa9a f   kernel32:KERNEL32.dll
 0001:00039aa0       _WriteFile@20              0043aaa0 f   kernel32:KERNEL32.dll
 0001:00039aa6       _lstrcmpW@8                0043aaa6 f   kernel32:KERNEL32.dll
 0001:00039aac       _SystemTimeToFileTime@8    0043aaac f   kernel32:KERNEL32.dll
 0001:00039ab2       _GetLocalTime@4            0043aab2 f   kernel32:KERNEL32.dll
 0001:00039ab8       _DebugBreak@0              0043aab8 f   kernel32:KERNEL32.dll
 0001:00039abe       _GetStdHandle@4            0043aabe f   kernel32:KERNEL32.dll
 0001:00039ac4       _InterlockedDecrement@4    0043aac4 f   kernel32:KERNEL32.dll
 0001:00039aca       _OutputDebugStringA@4      0043aaca f   kernel32:KERNEL32.dll
 0001:00039ad0       _GetProcAddress@8          0043aad0 f   kernel32:KERNEL32.dll
 0001:00039ad6       _LoadLibraryA@4            0043aad6 f   kernel32:KERNEL32.dll
 0001:00039adc       _InterlockedIncrement@4    0043aadc f   kernel32:KERNEL32.dll
 0001:00039ae2       _GetModuleFileNameA@12     0043aae2 f   kernel32:KERNEL32.dll
 0001:00039ae8       _IsBadWritePtr@8           0043aae8 f   kernel32:KERNEL32.dll
 0001:00039aee       _IsBadReadPtr@8            0043aaee f   kernel32:KERNEL32.dll
 0001:00039af4       _HeapValidate@12           0043aaf4 f   kernel32:KERNEL32.dll
 0001:00039afa       _ResumeThread@4            0043aafa f   kernel32:KERNEL32.dll
 0001:00039b00       _GetLastError@0            0043ab00 f   kernel32:KERNEL32.dll
 0001:00039b06       _CreateThread@24           0043ab06 f   kernel32:KERNEL32.dll
 0001:00039b0c       _TlsSetValue@8             0043ab0c f   kernel32:KERNEL32.dll
 0001:00039b12       _TlsGetValue@4             0043ab12 f   kernel32:KERNEL32.dll
 0001:00039b18       _ExitThread@4              0043ab18 f   kernel32:KERNEL32.dll
 0001:00039b1e       _GetModuleHandleA@4        0043ab1e f   kernel32:KERNEL32.dll
 0001:00039b24       _GetStartupInfoA@4         0043ab24 f   kernel32:KERNEL32.dll
 0001:00039b2a       _GetCommandLineA@0         0043ab2a f   kernel32:KERNEL32.dll
 0001:00039b30       _GetVersion@0              0043ab30 f   kernel32:KERNEL32.dll
 0001:00039b36       _ExitProcess@4             0043ab36 f   kernel32:KERNEL32.dll
 0001:00039b3c       _InitializeCriticalSection@4 0043ab3c f   kernel32:KERNEL32.dll
 0001:00039b42       _DeleteCriticalSection@4   0043ab42 f   kernel32:KERNEL32.dll
 0001:00039b48       _EnterCriticalSection@4    0043ab48 f   kernel32:KERNEL32.dll
 0001:00039b4e       _LeaveCriticalSection@4    0043ab4e f   kernel32:KERNEL32.dll
 0001:00039b54       _FatalAppExitA@8           0043ab54 f   kernel32:KERNEL32.dll
 0001:00039b5a       _TerminateProcess@8        0043ab5a f   kernel32:KERNEL32.dll
 0001:00039b60       _GetCurrentProcess@0       0043ab60 f   kernel32:KERNEL32.dll
 0001:00039b66       _SetConsoleCtrlHandler@8   0043ab66 f   kernel32:KERNEL32.dll
 0001:00039b6c       _RtlUnwind@16              0043ab6c f   kernel32:KERNEL32.dll
 0001:00039b72       _HeapAlloc@12              0043ab72 f   kernel32:KERNEL32.dll
 0001:00039b78       _HeapReAlloc@16            0043ab78 f   kernel32:KERNEL32.dll
 0001:00039b7e       _HeapFree@12               0043ab7e f   kernel32:KERNEL32.dll
 0001:00039b84       _VirtualFree@12            0043ab84 f   kernel32:KERNEL32.dll
 0001:00039b8a       _VirtualAlloc@16           0043ab8a f   kernel32:KERNEL32.dll
 0001:00039b90       _GetEnvironmentVariableA@12 0043ab90 f   kernel32:KERNEL32.dll
 0001:00039b96       _GetVersionExA@4           0043ab96 f   kernel32:KERNEL32.dll
 0001:00039b9c       _HeapDestroy@4             0043ab9c f   kernel32:KERNEL32.dll
 0001:00039ba2       _HeapCreate@12             0043aba2 f   kernel32:KERNEL32.dll
 0001:00039ba8       _GetCurrentThreadId@0      0043aba8 f   kernel32:KERNEL32.dll
 0001:00039bae       _TlsAlloc@0                0043abae f   kernel32:KERNEL32.dll
 0001:00039bb4       _TlsFree@4                 0043abb4 f   kernel32:KERNEL32.dll
 0001:00039bba       _SetLastError@4            0043abba f   kernel32:KERNEL32.dll
 0001:00039bc0       _GetCurrentThread@0        0043abc0 f   kernel32:KERNEL32.dll
 0001:00039bc6       _UnhandledExceptionFilter@4 0043abc6 f   kernel32:KERNEL32.dll
 0001:00039bcc       _FreeEnvironmentStringsA@4 0043abcc f   kernel32:KERNEL32.dll
 0001:00039bd2       _FreeEnvironmentStringsW@4 0043abd2 f   kernel32:KERNEL32.dll
 0001:00039bd8       _WideCharToMultiByte@32    0043abd8 f   kernel32:KERNEL32.dll
 0001:00039bde       _GetEnvironmentStrings@0   0043abde f   kernel32:KERNEL32.dll
 0001:00039be4       _GetEnvironmentStringsW@0  0043abe4 f   kernel32:KERNEL32.dll
 0001:00039bea       _SetHandleCount@4          0043abea f   kernel32:KERNEL32.dll
 0001:00039bf0       _GetFileType@4             0043abf0 f   kernel32:KERNEL32.dll
 0001:00039bf6       _SetStdHandle@8            0043abf6 f   kernel32:KERNEL32.dll
 0001:00039bfc       _FlushFileBuffers@4        0043abfc f   kernel32:KERNEL32.dll
 0001:00039c02       _MultiByteToWideChar@24    0043ac02 f   kernel32:KERNEL32.dll
 0001:00039c08       _GetStringTypeA@20         0043ac08 f   kernel32:KERNEL32.dll
 0001:00039c0e       _GetStringTypeW@16         0043ac0e f   kernel32:KERNEL32.dll
 0001:00039c14       _CreateFileA@28            0043ac14 f   kernel32:KERNEL32.dll
 0001:00039c1a       _GetCPInfo@8               0043ac1a f   kernel32:KERNEL32.dll
 0001:00039c20       _GetACP@0                  0043ac20 f   kernel32:KERNEL32.dll
 0001:00039c26       _GetOEMCP@0                0043ac26 f   kernel32:KERNEL32.dll
 0001:00039c2c       _LCMapStringA@24           0043ac2c f   kernel32:KERNEL32.dll
 0001:00039c32       _LCMapStringW@24           0043ac32 f   kernel32:KERNEL32.dll
 0001:00039c38       _SetFilePointer@16         0043ac38 f   kernel32:KERNEL32.dll
 0001:00039c3e       _SetEndOfFile@4            0043ac3e f   kernel32:KERNEL32.dll
 0001:00039c44       _ReadFile@20               0043ac44 f   kernel32:KERNEL32.dll
 0001:00039c4a       _IsValidLocale@8           0043ac4a f   kernel32:KERNEL32.dll
 0001:00039c50       _IsValidCodePage@4         0043ac50 f   kernel32:KERNEL32.dll
 0001:00039c56       _GetLocaleInfoA@16         0043ac56 f   kernel32:KERNEL32.dll
 0001:00039c5c       _EnumSystemLocalesA@8      0043ac5c f   kernel32:KERNEL32.dll
 0001:00039c62       _GetUserDefaultLCID@0      0043ac62 f   kernel32:KERNEL32.dll
 0001:00039c68       _GetTimeZoneInformation@4  0043ac68 f   kernel32:KERNEL32.dll
 0001:00039c6e       _GetLocaleInfoW@16         0043ac6e f   kernel32:KERNEL32.dll
 0001:00039c74       _CompareStringA@24         0043ac74 f   kernel32:KERNEL32.dll
 0001:00039c7a       _CompareStringW@24         0043ac7a f   kernel32:KERNEL32.dll
 0001:00039c80       _SetEnvironmentVariableA@8 0043ac80 f   kernel32:KERNEL32.dll
 0001:00039c86       _MessageBoxW@16            0043ac86 f   user32:USER32.dll
 0001:00039c8c       _CallWindowProcW@20        0043ac8c f   user32:USER32.dll
 0001:00039c92       _SetFocus@4                0043ac92 f   user32:USER32.dll
 0001:00039c98       _GetDlgItem@8              0043ac98 f   user32:USER32.dll
 0001:00039c9e       _DefWindowProcW@16         0043ac9e f   user32:USER32.dll
 0001:00039ca4       _PostQuitMessage@4         0043aca4 f   user32:USER32.dll
 0001:00039caa       _GetClientRect@8           0043acaa f   user32:USER32.dll
 0001:00039cb0       _DdeGetData@16             0043acb0 f   user32:USER32.dll
 0001:00039cb6       _SetTimer@16               0043acb6 f   user32:USER32.dll
 0001:00039cbc       _EndDialog@8               0043acbc f   user32:USER32.dll
 0001:00039cc2       _InvalidateRect@12         0043acc2 f   user32:USER32.dll
 0001:00039cc8       _GetFocus@0                0043acc8 f   user32:USER32.dll
 0001:00039cce       _CheckRadioButton@16       0043acce f   user32:USER32.dll
 0001:00039cd4       _PostMessageW@16           0043acd4 f   user32:USER32.dll
 0001:00039cda       _DialogBoxParamW@20        0043acda f   user32:USER32.dll
 0001:00039ce0       _KillTimer@8               0043ace0 f   user32:USER32.dll
 0001:00039ce6       _GetDC@4                   0043ace6 f   user32:USER32.dll
 0001:00039cec       _ReleaseDC@8               0043acec f   user32:USER32.dll
 0001:00039cf2       _SendMessageW@16           0043acf2 f   user32:USER32.dll
 0001:00039cf8       _CreateWindowExW@48        0043acf8 f   user32:USER32.dll
 0001:00039cfe       _EnableMenuItem@12         0043acfe f   user32:USER32.dll
 0001:00039d04       _GetMenu@4                 0043ad04 f   user32:USER32.dll
 0001:00039d0a       _CloseWindow@4             0043ad0a f   user32:USER32.dll
 0001:00039d10       _CreateDialogParamW@20     0043ad10 f   user32:USER32.dll
 0001:00039d16       _SetWindowLongW@12         0043ad16 f   user32:USER32.dll
 0001:00039d1c       _GetDesktopWindow@0        0043ad1c f   user32:USER32.dll
 0001:00039d22       _UpdateWindow@4            0043ad22 f   user32:USER32.dll
 0001:00039d28       _RegisterClassW@4          0043ad28 f   user32:USER32.dll
 0001:00039d2e       _LoadIconW@8               0043ad2e f   user32:USER32.dll
 0001:00039d34       _LoadCursorW@8             0043ad34 f   user32:USER32.dll
 0001:00039d3a       _DispatchMessageW@4        0043ad3a f   user32:USER32.dll
 0001:00039d40       _TranslateMessage@4        0043ad40 f   user32:USER32.dll
 0001:00039d46       _IsDialogMessageW@8        0043ad46 f   user32:USER32.dll
 0001:00039d4c       _TranslateAcceleratorW@12  0043ad4c f   user32:USER32.dll
 0001:00039d52       _GetMessageW@16            0043ad52 f   user32:USER32.dll
 0001:00039d58       _LoadAcceleratorsW@8       0043ad58 f   user32:USER32.dll
 0001:00039d5e       _SetWindowPos@28           0043ad5e f   user32:USER32.dll
 0001:00039d64       _IsWindowEnabled@4         0043ad64 f   user32:USER32.dll
 0001:00039d6a       _GetDlgCtrlID@4            0043ad6a f   user32:USER32.dll
 0001:00039d70       _SetBkColor@8              0043ad70 f   gdi32:GDI32.dll
 0001:00039d76       _DeleteObject@4            0043ad76 f   gdi32:GDI32.dll
 0001:00039d7c       _LineTo@12                 0043ad7c f   gdi32:GDI32.dll
 0001:00039d82       _MoveToEx@16               0043ad82 f   gdi32:GDI32.dll
 0001:00039d88       _SelectObject@8            0043ad88 f   gdi32:GDI32.dll
 0001:00039d8e       _CreatePen@12              0043ad8e f   gdi32:GDI32.dll
 0001:00039d94       _CreateSolidBrush@4        0043ad94 f   gdi32:GDI32.dll
 0001:00039d9a       _InitCommonControls@0      0043ad9a f   comctl32:COMCTL32.dll
 0001:00039da0       _SHAppBarMessage@8         0043ada0 f   shell32:SHELL32.dll
 0001:00039da6       _inet_addr@4               0043ada6 f   wsock32:WSOCK32.dll
 0001:00039dac       _htons@4                   0043adac f   wsock32:WSOCK32.dll
 0001:00039db2       _WSACleanup@0              0043adb2 f   wsock32:WSOCK32.dll
 0001:00039db8       _closesocket@4             0043adb8 f   wsock32:WSOCK32.dll
 0001:00039dbe       _sendto@24                 0043adbe f   wsock32:WSOCK32.dll
 0001:00039dc4       _recvfrom@24               0043adc4 f   wsock32:WSOCK32.dll
 0001:00039dca       _gethostbyname@4           0043adca f   wsock32:WSOCK32.dll
 0001:00039dd0       _gethostname@8             0043add0 f   wsock32:WSOCK32.dll
 0001:00039dd6       _bind@12                   0043add6 f   wsock32:WSOCK32.dll
 0001:00039ddc       _htonl@4                   0043addc f   wsock32:WSOCK32.dll
 0001:00039de2       _WSAGetLastError@0         0043ade2 f   wsock32:WSOCK32.dll
 0001:00039de8       _socket@12                 0043ade8 f   wsock32:WSOCK32.dll
 0001:00039dee       _WSAStartup@8              0043adee f   wsock32:WSOCK32.dll
 0001:00039e00       ?destroy@WINDOW_CLASS@@QAEXXZ 0043ae00 f   v5subs:wclass.obj
 0001:00039e2b       ?show@WINDOW_CLASS@@QAEXH@Z 0043ae2b f   v5subs:wclass.obj
 0001:00039e52       ?enable@WINDOW_CLASS@@QAEX_N@Z 0043ae52 f   v5subs:wclass.obj
 0001:00039e97       ?enable@WINDOW_CLASS@@QAEXE@Z 0043ae97 f   v5subs:wclass.obj
 0001:00039edc       ?send@WINDOW_CLASS@@QAEXIIJ@Z 0043aedc f   v5subs:wclass.obj
 0001:00039f0b       ?send@WINDOW_CLASS@@QAEXI@Z 0043af0b f   v5subs:wclass.obj
 0001:00039f36       ?post@WINDOW_CLASS@@QAEXIIJ@Z 0043af36 f   v5subs:wclass.obj
 0001:00039f65       ?post@WINDOW_CLASS@@QAEXI@Z 0043af65 f   v5subs:wclass.obj
 0001:00039f90       ?shrinkwrap@WINDOW_CLASS@@QAEXPAUHWND__@@@Z 0043af90 f   v5subs:wclass.obj
 0001:00039fb0       ?move@WINDOW_CLASS@@QAEXHHHHH@Z 0043afb0 f   v5subs:wclass.obj
 0001:00039fe7       ?getrect@WINDOW_CLASS@@QAEHAAUtagRECT@@@Z 0043afe7 f   v5subs:wclass.obj
 0001:0003a01b       ?get_move_rect@WINDOW_CLASS@@QAEHAAUtagRECT@@@Z 0043b01b f   v5subs:wclass.obj
 0001:0003a0ef       ?remove_style@WINDOW_CLASS@@QAEHJ@Z 0043b0ef f   v5subs:wclass.obj
 0001:0003a135       ?add_style@WINDOW_CLASS@@QAEHJ@Z 0043b135 f   v5subs:wclass.obj
 0001:0003a177       ?style@WINDOW_CLASS@@QAEJXZ 0043b177 f   v5subs:wclass.obj
 0001:0003a1a9       ?userdata@WINDOW_CLASS@@QAEJXZ 0043b1a9 f   v5subs:wclass.obj
 0001:0003a1db       ?offset@WINDOW_CLASS@@QAEXJJ@Z 0043b1db f   v5subs:wclass.obj
 0001:0003a22a       ?move@WINDOW_CLASS@@QAEXHHH@Z 0043b22a f   v5subs:wclass.obj
 0001:0003a27c       ?move@WINDOW_CLASS@@QAEXAAUtagRECT@@@Z 0043b27c f   v5subs:wclass.obj
 0001:0003a2c7       ?is_enabled@WINDOW_CLASS@@QAEHXZ 0043b2c7 f   v5subs:wclass.obj
 0001:0003a2ec       ?is_visible@WINDOW_CLASS@@QAEHXZ 0043b2ec f   v5subs:wclass.obj
 0001:0003a311       ?is_minimized@WINDOW_CLASS@@QAEHXZ 0043b311 f   v5subs:wclass.obj
 0001:0003a336       ?refresh@WINDOW_CLASS@@QAEXXZ 0043b336 f   v5subs:wclass.obj
 0001:0003a363       ?set_title@WINDOW_CLASS@@QAEXPAG@Z 0043b363 f   v5subs:wclass.obj
 0001:0003a396       ?empty@WINDOW_ARRAY_CLASS@@QAEXXZ 0043b396 f   v5subs:wclass.obj
 0001:0003a3fe       ?remove_all@WINDOW_ARRAY_CLASS@@QAEXXZ 0043b3fe f   v5subs:wclass.obj
 0001:0003a458       ??1WINDOW_ARRAY_CLASS@@QAE@XZ 0043b458 f   v5subs:wclass.obj
 0001:0003a46b       ?setsize@WINDOW_ARRAY_CLASS@@QAE_NH@Z 0043b46b f   v5subs:wclass.obj
 0001:0003a5e8       ?contains@WINDOW_ARRAY_CLASS@@QAE_NPAUHWND__@@@Z 0043b5e8 f   v5subs:wclass.obj
 0001:0003a639       ?next@WINDOW_ARRAY_CLASS@@QAE_NXZ 0043b639 f   v5subs:wclass.obj
 0001:0003a66a       ?add@WINDOW_ARRAY_CLASS@@QAE_NPAUHWND__@@@Z 0043b66a f   v5subs:wclass.obj
 0001:0003a6d7       ?remove@WINDOW_ARRAY_CLASS@@QAE_NPAUHWND__@@@Z 0043b6d7 f   v5subs:wclass.obj
 0001:0003a78e       ??AWINDOW_ARRAY_CLASS@@QAEAAVWINDOW_CLASS@@H@Z 0043b78e f   v5subs:wclass.obj
 0001:0003a810       ??_EWINDOW_CLASS@@UAEPAXI@Z 0043b810 f i v5subs:wclass.obj
 0001:0003a880       ??1LISTBOX_CLASS@@QAE@XZ   0043b880 f   v5subs:listbox.obj
 0001:0003a8ab       ?init@LISTBOX_CLASS@@QAEEPAUHWND__@@@Z 0043b8ab f   v5subs:listbox.obj
 0001:0003a95e       ?init@LISTBOX_CLASS@@QAEEPAUHWND__@@H@Z 0043b95e f   v5subs:listbox.obj
 0001:0003a982       ?empty@LISTBOX_CLASS@@QAEXXZ 0043b982 f   v5subs:listbox.obj
 0001:0003a9ab       ?check_buf_size@LISTBOX_CLASS@@AAEEH@Z 0043b9ab f   v5subs:listbox.obj
 0001:0003aa23       ?check_buf_size@LISTBOX_CLASS@@AAEEPAG@Z 0043ba23 f   v5subs:listbox.obj
 0001:0003aa4b       ?check_item_size@LISTBOX_CLASS@@AAEEH@Z 0043ba4b f   v5subs:listbox.obj
 0001:0003aaa5       ?add@LISTBOX_CLASS@@QAEHPAG@Z 0043baa5 f   v5subs:listbox.obj
 0001:0003ab0b       ?insert@LISTBOX_CLASS@@QAEHHPAG@Z 0043bb0b f   v5subs:listbox.obj
 0001:0003ab73       ?setcursel@LISTBOX_CLASS@@QAEEH@Z 0043bb73 f   v5subs:listbox.obj
 0001:0003abe5       ?index@LISTBOX_CLASS@@QAEHPAG@Z 0043bbe5 f   v5subs:listbox.obj
 0001:0003ac37       ?setcursel@LISTBOX_CLASS@@QAEEPAG@Z 0043bc37 f   v5subs:listbox.obj
 0001:0003ac9d       ?findprefix@LISTBOX_CLASS@@QAEEPAG@Z 0043bc9d f   v5subs:listbox.obj
 0001:0003ad07       ?redraw_off@LISTBOX_CLASS@@QAEXXZ 0043bd07 f   v5subs:listbox.obj
 0001:0003ad24       ?redraw_on@LISTBOX_CLASS@@QAEXXZ 0043bd24 f   v5subs:listbox.obj
 0001:0003ad51       ?count@LISTBOX_CLASS@@QAEHXZ 0043bd51 f   v5subs:listbox.obj
 0001:0003ad9b       ?current_index@LISTBOX_CLASS@@QAEHXZ 0043bd9b f   v5subs:listbox.obj
 0001:0003ade0       ?set_current_index@LISTBOX_CLASS@@QAEEH@Z 0043bde0 f   v5subs:listbox.obj
 0001:0003ae1e       ?get_item_data@LISTBOX_CLASS@@QAEHH@Z 0043be1e f   v5subs:listbox.obj
 0001:0003ae4a       ?get_item_data@LISTBOX_CLASS@@QAEHXZ 0043be4a f   v5subs:listbox.obj
 0001:0003ae7f       ?set_item_data@LISTBOX_CLASS@@QAE_NHH@Z 0043be7f f   v5subs:listbox.obj
 0001:0003aeb6       ?set_item_data@LISTBOX_CLASS@@QAE_NH@Z 0043beb6 f   v5subs:listbox.obj
 0001:0003aef8       ?top_index@LISTBOX_CLASS@@QAEHXZ 0043bef8 f   v5subs:listbox.obj
 0001:0003af3d       ?set_top_index@LISTBOX_CLASS@@QAEEH@Z 0043bf3d f   v5subs:listbox.obj
 0001:0003af7b       ?scroll_to_end@LISTBOX_CLASS@@QAEXXZ 0043bf7b f   v5subs:listbox.obj
 0001:0003afba       ?remove@LISTBOX_CLASS@@QAEEH@Z 0043bfba f   v5subs:listbox.obj
 0001:0003b004       ?is_selected@LISTBOX_CLASS@@QAEEH@Z 0043c004 f   v5subs:listbox.obj
 0001:0003b03f       ?replace@LISTBOX_CLASS@@QAEEPAG@Z 0043c03f f   v5subs:listbox.obj
 0001:0003b0d0       ?set_select@LISTBOX_CLASS@@QAEXHE@Z 0043c0d0 f   v5subs:listbox.obj
 0001:0003b0fc       ?select_all@LISTBOX_CLASS@@QAEXI@Z 0043c0fc f   v5subs:listbox.obj
 0001:0003b174       ?select_count@LISTBOX_CLASS@@QAEHXZ 0043c174 f   v5subs:listbox.obj
 0001:0003b1c5       ?item_text@LISTBOX_CLASS@@QAEPAGH@Z 0043c1c5 f   v5subs:listbox.obj
 0001:0003b237       ?selected_index@LISTBOX_CLASS@@QAEHXZ 0043c237 f   v5subs:listbox.obj
 0001:0003b27f       ?selected_text@LISTBOX_CLASS@@QAEPAGXZ 0043c27f f   v5subs:listbox.obj
 0001:0003b2b0       ?get_select_list@LISTBOX_CLASS@@QAEHPAPAH@Z 0043c2b0 f   v5subs:listbox.obj
 0001:0003b34f       ?visible_row_count@LISTBOX_CLASS@@QAEHXZ 0043c34f f   v5subs:listbox.obj
 0001:0003b3bd       ?convert_tab_array_to_dialog_units@LISTBOX_CLASS@@AAE_NPAHH@Z 0043c3bd f   v5subs:listbox.obj
 0001:0003b466       ?set_pixel_tabs@LISTBOX_CLASS@@QAE_NPAHH@Z 0043c466 f   v5subs:listbox.obj
 0001:0003b4be       ?set_tabs@LISTBOX_CLASS@@QAE_NPAUHWND__@@@Z 0043c4be f   v5subs:listbox.obj
 0001:0003b59f       ?set_tabs@LISTBOX_CLASS@@QAE_NHH@Z 0043c59f f   v5subs:listbox.obj
 0001:0003b6a4       ?refresh@LISTBOX_CLASS@@QAEXXZ 0043c6a4 f   v5subs:listbox.obj
 0001:0003b6e0       ?init_save_counts@@YAXPAUSAVE_COUNTS@@@Z 0043c6e0 f   v5subs:machine.obj
 0001:0003b715       ?init@MACHINE_CLASS@@QAEXXZ 0043c715 f   v5subs:machine.obj
 0001:0003b7fa       ??0MACHINE_CLASS@@QAE@XZ   0043c7fa f   v5subs:machine.obj
 0001:0003b876       ?isempty@MACHINE_CLASS@@QAEEXZ 0043c876 f   v5subs:machine.obj
 0001:0003b889       ?read_machset_db@MACHINE_CLASS@@QAEEAAVSTRING_CLASS@@@Z 0043c889 f   v5subs:machine.obj
 0001:0003c043       ?find@MACHINE_CLASS@@QAEEAAVSTRING_CLASS@@0@Z 0043d043 f   v5subs:machine.obj
 0001:0003c0a2       ?refresh_monitor_flags@MACHINE_CLASS@@QAEEXZ 0043d0a2 f   v5subs:machine.obj
 0001:0003c16a       ?has_binary_valve@MACHINE_CLASS@@QAEEXZ 0043d16a f   v5subs:machine.obj
 0001:0003c18b       ?set_has_binary_valve@MACHINE_CLASS@@QAEXE@Z 0043d18b f   v5subs:machine.obj
 0001:0003c1d2       ?has_hmi@MACHINE_CLASS@@QAEEXZ 0043d1d2 f   v5subs:machine.obj
 0001:0003c1f3       ?set_has_hmi@MACHINE_CLASS@@QAEXE@Z 0043d1f3 f   v5subs:machine.obj
 0001:0003c23a       ?ls_off_at_eos@MACHINE_CLASS@@QAEEXZ 0043d23a f   v5subs:machine.obj
 0001:0003c25e       ?set_ls_off_at_eos@MACHINE_CLASS@@QAEXE@Z 0043d25e f   v5subs:machine.obj
 0001:0003c2a5       ?save@MACHINE_CLASS@@QAEEXZ 0043d2a5 f   v5subs:machine.obj
 0001:0003c75f       ??4MACHINE_CLASS@@QAEXABV0@@Z 0043d75f f   v5subs:machine.obj
 0001:0003c940       ?count@SETPOINT_CLASS@@QAEHXZ 0043d940 f i v5subs:machine.obj
 0001:0003c960       ?get_default_hmi_settings_csvname@NAME_CLASS@@QAEEXZ 0043d960 f i v5subs:machine.obj
 0001:0003c980       ?get_dstat_dbname@NAME_CLASS@@QAEEAAVSTRING_CLASS@@0@Z 0043d980 f i v5subs:machine.obj
 0001:0003c9b0       ?get_semaphor_dbname@NAME_CLASS@@QAEEAAVSTRING_CLASS@@0@Z 0043d9b0 f i v5subs:machine.obj
 0001:0003c9e0       ?empty@STRING_CLASS@@QAEXXZ 0043d9e0 f   v5subs:stringcl.obj
 0001:0003ca1e       ?null@STRING_CLASS@@QAEXXZ 0043da1e f   v5subs:stringcl.obj
 0001:0003ca41       ?acquire@STRING_CLASS@@QAEEPAGH@Z 0043da41 f   v5subs:stringcl.obj
 0001:0003ca91       ?acquire@STRING_CLASS@@QAEEPAG@Z 0043da91 f   v5subs:stringcl.obj
 0001:0003cadb       ?acquire@STRING_CLASS@@QAEEAAV1@@Z 0043dadb f   v5subs:stringcl.obj
 0001:0003cb20       ?get_ascii@STRING_CLASS@@QAEEPAD@Z 0043db20 f   v5subs:stringcl.obj
 0001:0003cbcd       ?release@STRING_CLASS@@QAEPAGXZ 0043dbcd f   v5subs:stringcl.obj
 0001:0003cbf9       ?len@STRING_CLASS@@QAEJXZ  0043dbf9 f   v5subs:stringcl.obj
 0001:0003cc1e       ?last_char@STRING_CLASS@@QAEPAGXZ 0043dc1e f   v5subs:stringcl.obj
 0001:0003cc55       ??0STRING_CLASS@@QAE@XZ    0043dc55 f   v5subs:stringcl.obj
 0001:0003cc76       ??0STRING_CLASS@@QAE@PBG@Z 0043dc76 f   v5subs:stringcl.obj
 0001:0003cca5       ??0STRING_CLASS@@QAE@ABV0@@Z 0043dca5 f   v5subs:stringcl.obj
 0001:0003ccd4       ??1STRING_CLASS@@QAE@XZ    0043dcd4 f   v5subs:stringcl.obj
 0001:0003cce7       ?next_field@STRING_CLASS@@QAE_NG@Z 0043dce7 f   v5subs:stringcl.obj
 0001:0003cecb       ?next_field@STRING_CLASS@@QAE_NXZ 0043decb f   v5subs:stringcl.obj
 0001:0003cee5       ?get_text@STRING_CLASS@@QAE_NPAUHWND__@@@Z 0043dee5 f   v5subs:stringcl.obj
 0001:0003cf69       ?set_text@STRING_CLASS@@QAE_NPAUHWND__@@@Z 0043df69 f   v5subs:stringcl.obj
 0001:0003cfae       ?init@STRING_CLASS@@QAEEJ@Z 0043dfae f   v5subs:stringcl.obj
 0001:0003d031       ?boolean_value@STRING_CLASS@@QAEEXZ 0043e031 f   v5subs:stringcl.obj
 0001:0003d07f       ??4STRING_CLASS@@QAEXE@Z   0043e07f f   v5subs:stringcl.obj
 0001:0003d0b4       ??4STRING_CLASS@@QAEXH@Z   0043e0b4 f   v5subs:stringcl.obj
 0001:0003d0f3       ??4STRING_CLASS@@QAEXI@Z   0043e0f3 f   v5subs:stringcl.obj
 0001:0003d132       ??4STRING_CLASS@@QAEXN@Z   0043e132 f   v5subs:stringcl.obj
 0001:0003d173       ??4STRING_CLASS@@QAEXG@Z   0043e173 f   v5subs:stringcl.obj
 0001:0003d1a5       ??4STRING_CLASS@@QAEXPBG@Z 0043e1a5 f   v5subs:stringcl.obj
 0001:0003d22d       ??4STRING_CLASS@@QAEXABV0@@Z 0043e22d f   v5subs:stringcl.obj
 0001:0003d249       ?get_substring@STRING_CLASS@@QAEEABV1@GG@Z 0043e249 f   v5subs:stringcl.obj
 0001:0003d38b       ?compare@STRING_CLASS@@QAEHPAG@Z 0043e38b f   v5subs:stringcl.obj
 0001:0003d3dc       ??MSTRING_CLASS@@QAEEPBG@Z 0043e3dc f   v5subs:stringcl.obj
 0001:0003d41b       ??MSTRING_CLASS@@QAEEABV0@@Z 0043e41b f   v5subs:stringcl.obj
 0001:0003d460       ??OSTRING_CLASS@@QAEEPBG@Z 0043e460 f   v5subs:stringcl.obj
 0001:0003d49f       ??OSTRING_CLASS@@QAEEABV0@@Z 0043e49f f   v5subs:stringcl.obj
 0001:0003d4e4       ??PSTRING_CLASS@@QAEEABV0@@Z 0043e4e4 f   v5subs:stringcl.obj
 0001:0003d529       ??NSTRING_CLASS@@QAEEABV0@@Z 0043e529 f   v5subs:stringcl.obj
 0001:0003d56e       ??8STRING_CLASS@@QAEEABV0@@Z 0043e56e f   v5subs:stringcl.obj
 0001:0003d5b3       ??8STRING_CLASS@@QAEEPBG@Z 0043e5b3 f   v5subs:stringcl.obj
 0001:0003d5f2       ?upsize@STRING_CLASS@@QAEEJ@Z 0043e5f2 f   v5subs:stringcl.obj
 0001:0003d68b       ?cat_w_char@STRING_CLASS@@QAEXPBGG@Z 0043e68b f   v5subs:stringcl.obj
 0001:0003d727       ?cat_path@STRING_CLASS@@QAEXPBG@Z 0043e727 f   v5subs:stringcl.obj
 0001:0003d819       ??YSTRING_CLASS@@QAEXG@Z   0043e819 f   v5subs:stringcl.obj
 0001:0003d888       ??YSTRING_CLASS@@QAEXPBG@Z 0043e888 f   v5subs:stringcl.obj
 0001:0003d8ea       ??YSTRING_CLASS@@QAEXABV0@@Z 0043e8ea f   v5subs:stringcl.obj
 0001:0003d906       ??YSTRING_CLASS@@QAEXE@Z   0043e906 f   v5subs:stringcl.obj
 0001:0003d93b       ??YSTRING_CLASS@@QAEXH@Z   0043e93b f   v5subs:stringcl.obj
 0001:0003d9a0       ??YSTRING_CLASS@@QAEXN@Z   0043e9a0 f   v5subs:stringcl.obj
 0001:0003da07       ??YSTRING_CLASS@@QAEXI@Z   0043ea07 f   v5subs:stringcl.obj
 0001:0003da6c       ?isempty@STRING_CLASS@@QAEEXZ 0043ea6c f   v5subs:stringcl.obj
 0001:0003daaf       ?isnumeric@STRING_CLASS@@QAEEXZ 0043eaaf f   v5subs:stringcl.obj
 0001:0003db69       ?iszero@STRING_CLASS@@QAE_NXZ 0043eb69 f   v5subs:stringcl.obj
 0001:0003dc31       ?real_value@STRING_CLASS@@QAENXZ 0043ec31 f   v5subs:stringcl.obj
 0001:0003dcc8       ?replace_leading_chars@STRING_CLASS@@QAEHGG@Z 0043ecc8 f   v5subs:stringcl.obj
 0001:0003dd3e       ?remove_leading_chars@STRING_CLASS@@QAE_NH@Z 0043ed3e f   v5subs:stringcl.obj
 0001:0003dd8f       ?remove_leading_chars@STRING_CLASS@@QAEHG@Z 0043ed8f f   v5subs:stringcl.obj
[...]
 0001:0002e560       CopyUnwindDown             0042f560 f   libcmtd:memmove.obj
 0001:0002e56c       CopyLeadDown               0042f56c f   libcmtd:memmove.obj
 0001:0002e584       ByteCopyDown               0042f584 f   libcmtd:memmove.obj
 0001:0002d360       __abstract_cw              0042e360 f   libcmtd:ieee87.obj
 0001:0002d4e0       __hw_cw                    0042e4e0 f   libcmtd:ieee87.obj
 0001:0002d640       __abstract_sw              0042e640 f   libcmtd:ieee87.obj
 0001:0002c5d0       _parse_cmdline             0042d5d0 f   libcmtd:stdargv.obj
 0001:0002c280       _xcptlookup                0042d280 f   libcmtd:winxfltr.obj
 0001:00027a43       adjust_loop                00428a43 f   libcmtd:memset.obj
 0001:00027a49       dwords                     00428a49 f   libcmtd:memset.obj
 0001:00027a63       main_loop_tail             00428a63 f   libcmtd:memset.obj
 0001:00027a67       tail                       00428a67 f   libcmtd:memset.obj
 0001:00027a6d       finish                     00428a6d f   libcmtd:memset.obj
 0001:00027a73       toend                      00428a73 f   libcmtd:memset.obj
 0001:00027868       _gu_return                 00428868 f   libcmtd:exsup.obj
 0001:00027870       __unwind_handler           00428870 f   libcmtd:exsup.obj
 0001:000276a0       _flsall                    004286a0 f   libcmtd:fflush.obj
 0001:00027284       src_misaligned             00428284 f   libcmtd:strncpy.obj
 0001:000272a0       tail_loop_start            004282a0 f   libcmtd:strncpy.obj
 0001:000272a5       copy_tail_loop             004282a5 f   libcmtd:strncpy.obj
 0001:000272b2       fill_tail_end1             004282b2 f   libcmtd:strncpy.obj
 0001:000272ba       align_dest                 004282ba f   libcmtd:strncpy.obj
 0001:000272c2       dest_align_loop            004282c2 f   libcmtd:strncpy.obj
 0001:000272d4       dest_align_loop_end        004282d4 f   libcmtd:strncpy.obj
 0001:000272db       finish_loop                004282db f   libcmtd:strncpy.obj
 0001:000272de       fill_tail_zero_bytes       004282de f   libcmtd:strncpy.obj
 0001:000272e3       finish                     004282e3 f   libcmtd:strncpy.obj
 0001:000272e9       main_loop                  004282e9 f   libcmtd:strncpy.obj
 0001:000272f1       main_loop_entrance         004282f1 f   libcmtd:strncpy.obj
 0001:00027327       byte_2                     00428327 f   libcmtd:strncpy.obj
 0001:00027331       byte_1                     00428331 f   libcmtd:strncpy.obj
 0001:0002733b       byte_0                     0042833b f   libcmtd:strncpy.obj
 0001:0002733f       fill_with_EOS_dwords       0042833f f   libcmtd:strncpy.obj
 0001:00027347       fill_dwords_with_EOS       00428347 f   libcmtd:strncpy.obj
 0001:00027349       fill_with_EOS_loop         00428349 f   libcmtd:strncpy.obj
 0001:00027351       fill_tail                  00428351 f   libcmtd:strncpy.obj
 0001:00027356       fill_tail_end              00428356 f   libcmtd:strncpy.obj
 0001:00026e40       _ctrlevent_capture@4       00427e40 f   libcmtd:winsig.obj
 0001:00027120       _siglookup                 00428120 f   libcmtd:winsig.obj
 0001:00026a3d       dest_misaligned            00427a3d f   libcmtd:strcat.obj
 0001:00026a4c       find_end_of_dest_string_loop 00427a4c f   libcmtd:strcat.obj
 0001:00026a7f       start_byte_3               00427a7f f   libcmtd:strcat.obj
 0001:00026a84       start_byte_2               00427a84 f   libcmtd:strcat.obj
 0001:00026a89       start_byte_1               00427a89 f   libcmtd:strcat.obj
 0001:00026a8e       start_byte_0               00427a8e f   libcmtd:strcat.obj
 0001:00026a9d       src_misaligned             00427a9d f   libcmtd:strcat.obj
 0001:00026ab1       main_loop                  00427ab1 f   libcmtd:strcat.obj
 0001:00026ab6       main_loop_entrance         00427ab6 f   libcmtd:strcat.obj
 0001:00026aea       byte_3                     00427aea f   libcmtd:strcat.obj
 0001:00026af2       byte_2                     00427af2 f   libcmtd:strcat.obj
 0001:00026aff       byte_1                     00427aff f   libcmtd:strcat.obj
 0001:00026b08       byte_0                     00427b08 f   libcmtd:strcat.obj
 0001:00026a91       copy_start                 00427a91 f   libcmtd:strcat.obj
 0001:000268ac       str_misaligned             004278ac f   libcmtd:strlen.obj
 0001:000268c0       main_loop                  004278c0 f   libcmtd:strlen.obj
 0001:000268f3       byte_3                     004278f3 f   libcmtd:strlen.obj
 0001:000268fd       byte_2                     004278fd f   libcmtd:strlen.obj
 0001:00026907       byte_1                     00427907 f   libcmtd:strlen.obj
 0001:00026911       byte_0                     00427911 f   libcmtd:strlen.obj
 0001:00026600       _xtoa                      00427600 f   libcmtd:xtoa.obj
 0001:00026780       _x64toa@20                 00427780 f   libcmtd:xtoa.obj
 0001:00026440       _write_char                00427440 f   libcmtd:output.obj
 0001:000264c0       _write_multi_char          004274c0 f   libcmtd:output.obj
 0001:00026500       _write_string              00427500 f   libcmtd:output.obj
 0001:00026550       _get_int_arg               00427550 f   libcmtd:output.obj
 0001:00026570       _get_int64_arg             00427570 f   libcmtd:output.obj
 0001:00026590       _get_short_arg             00427590 f   libcmtd:output.obj
 0001:00024db0       __cftoe2                   00425db0 f   libcmtd:cvt.obj
 0001:00024f90       __cftof2                   00425f90 f   libcmtd:cvt.obj
 0001:00025220       __shift                    00426220 f   libcmtd:cvt.obj
 0001:00024910       _doexit                    00425910 f   libcmtd:crt0dat.obj
 0001:00024a20       __initterm                 00425a20 f   libcmtd:crt0dat.obj
 0001:00024660       _fast_error_exit           00425660 f   libcmtd:wincrt0.obj
 0001:00024360       __threadstart@4            00425360 f   libcmtd:thread.obj
 0001:00023fc0       LeadUp1                    00424fc0 f   libcmtd:memcpy.obj
 0001:00023fec       LeadUp2                    00424fec f   libcmtd:memcpy.obj
 0001:00024010       LeadUp3                    00425010 f   libcmtd:memcpy.obj
 0001:0002408f       UnwindUp0                  0042508f f   libcmtd:memcpy.obj
 0001:0002407c       UnwindUp1                  0042507c f   libcmtd:memcpy.obj
 0001:00024074       UnwindUp2                  00425074 f   libcmtd:memcpy.obj
 0001:0002406c       UnwindUp3                  0042506c f   libcmtd:memcpy.obj
 0001:00024064       UnwindUp4                  00425064 f   libcmtd:memcpy.obj
 0001:0002405c       UnwindUp5                  0042505c f   libcmtd:memcpy.obj
 0001:00024054       UnwindUp6                  00425054 f   libcmtd:memcpy.obj
 0001:0002404c       UnwindUp7                  0042504c f   libcmtd:memcpy.obj
 0001:000240a8       TrailUp0                   004250a8 f   libcmtd:memcpy.obj
 0001:000240b0       TrailUp1                   004250b0 f   libcmtd:memcpy.obj
 0001:000240bc       TrailUp2                   004250bc f   libcmtd:memcpy.obj
 0001:000240d0       TrailUp3                   004250d0 f   libcmtd:memcpy.obj
 0001:00024148       LeadDown1                  00425148 f   libcmtd:memcpy.obj
 0001:00024168       LeadDown2                  00425168 f   libcmtd:memcpy.obj
 0001:00024190       LeadDown3                  00425190 f   libcmtd:memcpy.obj
 0001:000241e4       UnwindDown7                004251e4 f   libcmtd:memcpy.obj
 0001:000241ec       UnwindDown6                004251ec f   libcmtd:memcpy.obj
 0001:000241f4       UnwindDown5                004251f4 f   libcmtd:memcpy.obj
 0001:000241fc       UnwindDown4                004251fc f   libcmtd:memcpy.obj
 0001:00024204       UnwindDown3                00425204 f   libcmtd:memcpy.obj
 0001:0002420c       UnwindDown2                0042520c f   libcmtd:memcpy.obj
 0001:00024214       UnwindDown1                00425214 f   libcmtd:memcpy.obj
 0001:00024227       UnwindDown0                00425227 f   libcmtd:memcpy.obj
 0001:00024240       TrailDown0                 00425240 f   libcmtd:memcpy.obj
 0001:00024248       TrailDown1                 00425248 f   libcmtd:memcpy.obj
 0001:00024258       TrailDown2                 00425258 f   libcmtd:memcpy.obj
 0001:0002426c       TrailDown3                 0042526c f   libcmtd:memcpy.obj
 0001:00023f70       CopyUp                     00424f70 f   libcmtd:memcpy.obj
 0001:00023f8c       CopyLeadUp                 00424f8c f   libcmtd:memcpy.obj
 0001:00023fa4       ByteCopyUp                 00424fa4 f   libcmtd:memcpy.obj
 0001:00023fac       CopyUnwindUp               00424fac f   libcmtd:memcpy.obj
 0001:000240e8       CopyDown                   004250e8 f   libcmtd:memcpy.obj
 0001:00024110       CopyUnwindDown             00425110 f   libcmtd:memcpy.obj
 0001:0002411c       CopyLeadDown               0042511c f   libcmtd:memcpy.obj
 0001:00024134       ByteCopyDown               00425134 f   libcmtd:memcpy.obj
 0001:000220a0       _realloc_help              004230a0 f   libcmtd:dbgheap.obj
 0001:00022df0       _CheckBytes                00423df0 f   libcmtd:dbgheap.obj
 0001:00023bc0       __printMemBlockData        00424bc0 f   libcmtd:dbgheap.obj
 0001:00021690       _CrtMessageWindow          00422690 f   libcmtd:dbgrpt.obj
 0001:000210f0       _$$$00001                  004220f0 f   libcmtd:chkstk.obj
 0001:000210fc       probepages                 004220fc f   libcmtd:chkstk.obj
 0001:00021110       lastpage                   00422110 f   libcmtd:chkstk.obj
 0001:0006b70f       ?wait_for_key@@YAXXZ       0046c70f f   v5subs:error_ms.obj
 0001:0006b72b       ?add_string@@YAXPAG@Z      0046c72b f   v5subs:error_ms.obj
 0001:0006b7f9       ?add_err_number@@YAXPAGF@Z 0046c7f9 f   v5subs:error_ms.obj
 0001:0006b550       _$E5                       0046c550 f   v5subs:semaphor.obj
 0001:0006b55f       _$E2                       0046c55f f   v5subs:semaphor.obj
 0001:0006b56e       _$E4                       0046c56e f   v5subs:semaphor.obj
 0001:0006b580       _$E3                       0046c580 f   v5subs:semaphor.obj
 0001:00069c30       _$E5                       0046ac30 f   v5subs:shot_name_reset.obj
 0001:00069c3f       _$E2                       0046ac3f f   v5subs:shot_name_reset.obj
 0001:00069c4e       _$E4                       0046ac4e f   v5subs:shot_name_reset.obj
 0001:00069c60       _$E3                       0046ac60 f   v5subs:shot_name_reset.obj
 0001:000687f8       ?append_check_digit@@YAEAAVSTRING_CLASS@@@Z 004697f8 f   v5subs:shot_name.obj
 0001:0006887f       ?honda_year@@YAGAAVTIME_CLASS@@@Z 0046987f f   v5subs:shot_name.obj
 0001:00064d7b       ?compare_date@@YAHPAG0@Z   00465d7b f   v5subs:vdbclass.obj
 0001:000631ad       ?get_position@@YANPANHNAAVSTRING_CLASS@@@Z 004641ad f   v5subs:ftii_parameters.obj
 0001:0005f6be       ?downstate@@YAHPAG0@Z      004606be f   v5subs:dstat.obj
 0001:0005e7d0       _$E5                       0045f7d0 f   v5subs:runlist.obj
 0001:0005e7df       _$E2                       0045f7df f   v5subs:runlist.obj
 0001:0005e7ee       _$E4                       0045f7ee f   v5subs:runlist.obj
 0001:0005e800       _$E3                       0045f800 f   v5subs:runlist.obj
 0001:0005df50       ?shift_index@@YAFABU_SYSTEMTIME@@@Z 0045ef50 f   v5subs:shift.obj
 0001:0005e0e5       ?add_seconds_to_systemtime@@YAEAAU_SYSTEMTIME@@J@Z 0045f0e5 f   v5subs:shift.obj
 0001:0005e211       ?tomorrow@@YAFF@Z          0045f211 f   v5subs:shift.obj
 0001:0005e235       ?yeasterday@@YAFF@Z        0045f235 f   v5subs:shift.obj
 0001:0005e43b       ?shift_from_rec@@YAXPAFFAAVDB_TABLE@@@Z 0045f43b f   v5subs:shift.obj
 0001:0005db8a       ?reload_dcurves@@YAEXZ     0045eb8a f   v5subs:dcurve.obj
 0001:0005dce6       ?cleanup_dcurves@@YAXXZ    0045ece6 f   v5subs:dcurve.obj
 0001:0005d010       _$E4                       0045e010 f   v5subs:optocontrol.obj
 0001:0005d01f       _$E1                       0045e01f f   v5subs:optocontrol.obj
 0001:0005d02e       _$E3                       0045e02e f   v5subs:optocontrol.obj
 0001:0005d040       _$E2                       0045e040 f   v5subs:optocontrol.obj
 0001:0005d15c       ?create_my_font@@YAXXZ     0045e15c f   v5subs:optocontrol.obj
 0001:0005d31d       ?paint_me@@YAXPAUHWND__@@J@Z 0045e31d f   v5subs:optocontrol.obj
 0001:0005d6de       ?paint_background@@YAXPAUHWND__@@PAUHDC__@@@Z 0045e6de f   v5subs:optocontrol.obj
 0001:0005d719       ?send_click_message_to_parent@@YAXPAUHWND__@@J@Z 0045e719 f   v5subs:optocontrol.obj
 0001:0005c2ba       ?trim_text@@YAFPAGF@Z      0045d2ba f   v5subs:dbsubs.obj
 0001:0005c5a5       ?fieldlength@@YAFPBG@Z     0045d5a5 f   v5subs:dbsubs.obj
 0001:0005c7b7       ?add_field_delimiter@@YAXPAG@Z 0045d7b7 f   v5subs:dbsubs.obj
 0001:000599b0       _$E5                       0045a9b0 f   v5subs:client.obj
 0001:000599bf       _$E2                       0045a9bf f   v5subs:client.obj
 0001:000599ce       _$E4                       0045a9ce f   v5subs:client.obj
 0001:000599e0       _$E3                       0045a9e0 f   v5subs:client.obj
 0001:00059b48       ?item_index@@YAFPAG@Z      0045ab48 f   v5subs:client.obj
 0001:00059d19       _$E8                       0045ad19 f   v5subs:client.obj
 0001:00059f5f       ?item_index@@YAHPAUHSZ__@@@Z 0045af5f f   v5subs:client.obj
 0001:0005a001       ?find_event_topic@@YAPAUEVENT_ENTRY@@PAG@Z 0045b001 f   v5subs:client.obj
 0001:0005a0b6       ?find_existing_event_topic@@YAPAUEVENT_ENTRY@@PAG@Z 0045b0b6 f   v5subs:client.obj
 0001:0005a102       ?find_event_item@@YAPAUEVENT_ITEM_ENTRY@@PAUEVENT_ENTRY@@FP6AXPAGFPAUHDDEDATA__@@@Z@Z 0045b102 f   v5subs:client.obj
 0001:0005a1b0       ?find_existing_event_item@@YAPAUEVENT_ITEM_ENTRY@@PAUEVENT_ENTRY@@F@Z 0045b1b0 f   v5subs:client.obj
 0001:000589d4       ?is_out@@YAEMMM@Z          004599d4 f   v5subs:param.obj
 0001:00058700       _$E5                       00459700 f   v5subs:gexedir.obj
 0001:0005870f       _$E2                       0045970f f   v5subs:gexedir.obj
 0001:0005871e       _$E4                       0045971e f   v5subs:gexedir.obj
 0001:00058730       _$E3                       00459730 f   v5subs:gexedir.obj
 0001:00058797       ?get_static_exe_directory@@YAXXZ 00459797 f   v5subs:gexedir.obj
 0001:00057c89       _$E3                       00458c89 f   v5subs:ftii_file.obj
 0001:0005773f       ?numberlen@@YAFPBG@Z       0045873f f   v5subs:extract.obj
 0001:00056c80       _$E5                       00457c80 f   v5subs:computer.obj
 0001:00056c8f       _$E2                       00457c8f f   v5subs:computer.obj
 0001:00056c9e       _$E4                       00457c9e f   v5subs:computer.obj
 0001:00056cb0       _$E3                       00457cb0 f   v5subs:computer.obj
 0001:00056cbf       _$E10                      00457cbf f   v5subs:computer.obj
 0001:00056cce       _$E7                       00457cce f   v5subs:computer.obj
 0001:00056cdd       _$E9                       00457cdd f   v5subs:computer.obj
 0001:00056cef       _$E8                       00457cef f   v5subs:computer.obj
 0001:00056570       _$E5                       00457570 f   v5subs:machname.obj
 0001:0005657f       _$E2                       0045757f f   v5subs:machname.obj
 0001:0005658e       _$E4                       0045758e f   v5subs:machname.obj
 0001:000565a0       _$E3                       004575a0 f   v5subs:machname.obj
 0001:00054bf0       _$E5                       00455bf0 f   v5subs:setpoint.obj
 0001:00054bff       _$E2                       00455bff f   v5subs:setpoint.obj
 0001:00054c0e       _$E4                       00455c0e f   v5subs:setpoint.obj
 0001:00054c20       _$E3                       00455c20 f   v5subs:setpoint.obj
 0001:00053ad8       _$E3                       00454ad8 f   v5subs:limit_switch_class.obj
 0001:00053d67       _$E5                       00454d67 f   v5subs:limit_switch_class.obj
 0001:000541d4       _$E7                       004551d4 f   v5subs:limit_switch_class.obj
 0001:000529ca       ?file_type@@YAHPAG@Z       004539ca f   v5subs:exists.obj
 0001:000524f2       ?paint_temp_message@@YAXXZ 004534f2 f   v5subs:temp_message.obj
 0001:00052594       ?position_temp_message@@YAXPAUHWND__@@@Z 00453594 f   v5subs:temp_message.obj
 0001:0005210d       ?units_index@@YAFF@Z       0045310d f   v5subs:units.obj
 0001:00051821       ?create_entry@@YAPAUGENERIC_LIST_ENTRY@@PAX@Z 00452821 f   v5subs:genlist.obj
 0001:0005140f       ?check_for_unicode_ini_file@@YAXPBG0@Z 0045240f f   v5subs:iniclass.obj
 0001:000502af       ?leap_index@@YAHH@Z        004512af f   v5subs:timeclas.obj
 0001:0005054d       ?init_systemtime@@YAXAAU_SYSTEMTIME@@@Z 0045154d f   v5subs:timeclas.obj
 0001:0004f310       _$E5                       00450310 f   v5subs:nameclas.obj
 0001:0004f31f       _$E2                       0045031f f   v5subs:nameclas.obj
 0001:0004f32e       _$E4                       0045032e f   v5subs:nameclas.obj
 0001:0004f340       _$E3                       00450340 f   v5subs:nameclas.obj
 0001:0004f34f       _$E8                       0045034f f   v5subs:nameclas.obj
 0001:0004f359       _$E7                       00450359 f   v5subs:nameclas.obj
 0001:0004e2cf       ?ftoasc@@YAXPAGNH@Z        0044f2cf f   v5subs:ftoasc.obj
 0001:0004b73d       ?variable_number@@YAHPBG@Z 0044c73d f   v5subs:ftiiclas.obj
 0001:0004a54c       ?long_from_text@@YAJPBG@Z  0044b54c f   v5subs:fontclas.obj
 0001:0004a5bd       ?goto_next_string@@YAPAGPAG@Z 0044b5bd f   v5subs:fontclas.obj
 0001:0004a7b2       ?ascii_long@@YAPAGJ@Z      0044b7b2 f   v5subs:fontclas.obj
 0001:0004a7c5       ?ascii_long@@YAPAGJJ@Z     0044b7c5 f   v5subs:fontclas.obj
 0001:0004a865       ?reverse@@YAXPAG@Z         0044b865 f   v5subs:fontclas.obj
 0001:0004a8c5       ?copy_w_comma@@YAPAGPAG0@Z 0044b8c5 f   v5subs:fontclas.obj
 0001:00049e15       ?next_field@@YA_NAAPAG@Z   0044ae15 f   v5subs:rectclas.obj
 0001:00048b70       _$E5                       00449b70 f   v5subs:stringtable.obj
 0001:00048b7f       _$E2                       00449b7f f   v5subs:stringtable.obj
 0001:00048b8e       _$E4                       00449b8e f   v5subs:stringtable.obj
 0001:00048ba0       _$E3                       00449ba0 f   v5subs:stringtable.obj
 0001:000492a5       ?strip_whitespace_from_eol@@YAXPAG@Z 0044a2a5 f   v5subs:stringtable.obj
 0001:00046780       _$E5                       00447780 f   v5subs:menuctrl.obj
 0001:0004678f       _$E2                       0044778f f   v5subs:menuctrl.obj
 0001:0004679e       _$E4                       0044779e f   v5subs:menuctrl.obj
 0001:000467b0       _$E3                       004477b0 f   v5subs:menuctrl.obj
 0001:0004711c       ?do_nothing_paint_me@@YAXPAUHWND__@@@Z 0044811c f   v5subs:menuctrl.obj
 0001:000489c7       ?get_current_colors@@YAXPAG@Z 004499c7 f   v5subs:menuctrl.obj
 0001:00048a76       ?passwordlevel@@YAHPAG@Z   00449a76 f   v5subs:menuctrl.obj
 0001:0004271b       ?make_csv_line@@YAXAAVSTRING_CLASS@@AAUFTII_SAMPLE@@@Z 0044371b f   v5subs:ftii_shot_data.obj
 0001:00043701       ?extract_channel_from_analog@@YAHG@Z 00444701 f   v5subs:ftii_shot_data.obj
 0001:00043abb       ?make_csv_line@@YAXAAVSTRING_CLASS@@AAVFTII_POSITION_DATA@@@Z 00444abb f   v5subs:ftii_shot_data.obj
 0001:00043bc2       ?make_csv_line@@YAXAAVSTRING_CLASS@@AAVFTII_TIME_DATA@@@Z 00444bc2 f   v5subs:ftii_shot_data.obj
 0001:00040b50       _$E5                       00441b50 f   v5subs:asensor.obj
 0001:00040b5f       _$E2                       00441b5f f   v5subs:asensor.obj
 0001:00040b6e       _$E4                       00441b6e f   v5subs:asensor.obj
 0001:00040b80       _$E3                       00441b80 f   v5subs:asensor.obj
 0001:000412e5       ?kill_sensor_array@@YAXXZ  004422e5 f   v5subs:asensor.obj
 0001:0003bdb0       ?get_binary_valve_settings_from_control_all@@YAXAAVMACHINE_CLASS@@@Z 0043cdb0 f   v5subs:machine.obj
 0001:0003a7f2       _$E3                       0043b7f2 f   v5subs:wclass.obj
