 ft2

 Timestamp is 4ee22152 (Fri Dec 09 09:55:14 2011)

 Preferred load address is 00400000

 Start         Length     Name                   Class
 0001:00000000 0006246aH .text                   CODE
 0002:00000000 000003dcH .idata$5                DATA
 0002:000003e0 00001e7cH .rdata                  DATA
 0002:0000225c 0000008cH .idata$2                DATA
 0002:000022e8 00000014H .idata$3                DATA
 0002:000022fc 000003dcH .idata$4                DATA
 0002:000026d8 00000f4cH .idata$6                DATA
 0002:00003624 00000000H .edata                  DATA
 0003:00000000 00000004H .CRT$XCA                DATA
 0003:00000004 0000019cH .CRT$XCU                DATA
 0003:000001a0 00000004H .CRT$XCZ                DATA
 0003:000001a4 00000004H .CRT$XIA                DATA
 0003:000001a8 0000000cH .CRT$XIC                DATA
 0003:000001b4 00000004H .CRT$XIZ                DATA
 0003:000001b8 00000004H .CRT$XPA                DATA
 0003:000001bc 00000004H .CRT$XPX                DATA
 0003:000001c0 00000004H .CRT$XPZ                DATA
 0003:000001c4 00000004H .CRT$XTA                DATA
 0003:000001c8 00000004H .CRT$XTZ                DATA
 0003:000001d0 0000a4ecH .data                   DATA
 0003:0000a6c0 0000a368H .bss                    DATA
 0004:00000000 00000a98H .rsrc$01                DATA
 0004:00000aa0 00005c40H .rsrc$02                DATA

  Address         Publics by Value              Rva+Base     Lib:Object

 0001:00000000       ??2@YAPAXI@Z               00401000 f i ft2.obj
 0001:00001407       ?resource_string@@YAPAGI@Z 00402407 f   ft2.obj
 0001:00001b48       ?ascii_0_to_5_volts@@YAPAGI@Z 00402b48 f   ft2.obj
 0001:00001b8b       ?dac_volts@@YANI@Z         00402b8b f   ft2.obj
 0001:00001bdd       ?ascii_dac_volts@@YAPAGI@Z 00402bdd f   ft2.obj
 0001:00001bf9       ?ascii_dac_volts_3@@YAPAGI@Z 00402bf9 f   ft2.obj
 0001:00001c5e       ?current_lvdt_feedback_index@@YAHH@Z 00402c5e f   ft2.obj
 0001:00001c93       ?current_raw_lvdt_feedback_index@@YAIH@Z 00402c93 f   ft2.obj
 0001:00001cb4       ?current_measured_command_index@@YAIH@Z 00402cb4 f   ft2.obj
 0001:00001ce9       ?get_help@@YAXXZ           00402ce9 f   ft2.obj
 0001:00001d8b       ?push_log_message@@YAXPAG@Z 00402d8b f   ft2.obj
 0001:00001e5b       ?fatal_error_string@@YAPAGH@Z 00402e5b f   ft2.obj
 0001:00001eca       ?warning_error_string@@YAPAGH@Z 00402eca f   ft2.obj
 0001:00001f39       ?resource_message_box@@YAXII@Z 00402f39 f   ft2.obj
 0001:00001fac       ?okcancel_message_box@@YA_NII@Z 00402fac f   ft2.obj
 0001:00001fd8       ?ft2_control_program_name@@YAPAGHAAVMACHINE_CLASS@@@Z 00402fd8 f   ft2.obj
 0001:00002064       ?new_downtime_callback@@YAXPAGFPAUHDDEDATA__@@@Z 00403064 f   ft2.obj
 0001:000020b2       ?edit_control_proc@@YGJPAUHWND__@@IIJ@Z 004030b2 f   ft2.obj
 0001:00002368       ?send_null_offset_to_board@@YA_NXZ 00403368 f   ft2.obj
 0001:00002433       ?send_lvdt_offset_to_board@@YA_NXZ 00403433 f   ft2.obj
 0001:000024fe       ?set_control_y@@YAXHI@Z    004034fe f   ft2.obj
 0001:0000256d       ?terminal_proc@@YGJPAUHWND__@@IIJ@Z 0040356d f   ft2.obj
 0001:000029c7       ?upload_aborted_dialog_proc@@YGHPAUHWND__@@IIJ@Z 004039c7 f   ft2.obj
 0001:00002bca       ?new_monitor_setup_callback@@YAXPAGFPAUHDDEDATA__@@@Z 00403bca f   ft2.obj
 0001:00003d12       ?deactivate_control_dialog_proc@@YGHPAUHWND__@@IIJ@Z 00404d12 f   ft2.obj
 0001:00003d7b       ?load_one_machine_only@@YAXPAUHWND__@@@Z 00404d7b f   ft2.obj
 0001:00003edf       ?choose_monitor_machine_dialog_proc@@YGHPAUHWND__@@IIJ@Z 00404edf f   ft2.obj
 0001:00004076       ?send_output_bits_to_current_machine@@YAXIE@Z 00405076 f   ft2.obj
 0001:000040d4       ?get_hires_sensor_test_config@@YAXPAUHWND__@@@Z 004050d4 f   ft2.obj
 0001:000042d7       ?put_hires_sensor_test_config@@YAXPAUHWND__@@@Z 004052d7 f   ft2.obj
 0001:00004399       ?hires_sensor_test_dialog_proc@@YGHPAUHWND__@@IIJ@Z 00405399 f   ft2.obj
 0001:0000476d       ?do_new_set_null_ascii_data@@YAXJ@Z 0040576d f   ft2.obj
 0001:000048d3       ?shutdown_status_dialog_proc@@YGHPAUHWND__@@IIJ@Z 004058d3 f   ft2.obj
 0001:00004985       ?set_null_dialog_proc@@YGHPAUHWND__@@IIJ@Z 00405985 f   ft2.obj
 0001:00004d83       ?send_set_dac_command@@YAXH@Z 00405d83 f   ft2.obj
 0001:00005241       ?ft2_test_dialog_proc@@YGHPAUHWND__@@IIJ@Z 00406241 f   ft2.obj
 0001:00005584       ?set_dac_dialog_proc@@YGHPAUHWND__@@IIJ@Z 00406584 f   ft2.obj
 0001:00005fce       ?start_if_ok_to_deactivate@@YAXAAVWINDOW_CLASS@@@Z 00406fce f   ft2.obj
 0001:0000600e       ?replace_volts_from_percent_value@@YAAAVSTRING_CLASS@@PAGM@Z 0040700e f   ft2.obj
 0001:00006664       ?global_parameter_dialog_proc@@YGHPAUHWND__@@IIJ@Z 00407664 f   ft2.obj
 0001:00006d1e       ?compare_variables_dialog_proc@@YGHPAUHWND__@@IIJ@Z 00407d1e f   ft2.obj
 0001:00007479       ?ft2_volts_toascii@@YAPAGPAG@Z 00408479 f   ft2.obj
 0001:00007575       ?ascii_volts_to_ft2_volts@@YAPAGPAG@Z 00408575 f   ft2.obj
 0001:000076a8       ?alt_step_text@@YAPAGXZ    004086a8 f   ft2.obj
 0001:00007786       ?control_mods_dialog_proc@@YGHPAUHWND__@@IIJ@Z 00408786 f   ft2.obj
 0001:00008a73       ?valve_test_dialog_proc@@YGHPAUHWND__@@IIJ@Z 00409a73 f   ft2.obj
 0001:00009516       ?log_als_file@@YAXAAVSTRING_CLASS@@@Z 0040a516 f   ft2.obj
 0001:000095a5       ?update_optos@@YAXII@Z     0040a5a5 f   ft2.obj
 0001:0000962e       ?need_brush@@YA_NPAUHWND__@@@Z 0040a62e f   ft2.obj
 0001:000096ec       ?kill_log_file@@YAXXZ      0040a6ec f   ft2.obj
 0001:0000981c       ?test_alarm_outputs_dialog_proc@@YGHPAUHWND__@@IIJ@Z 0040a81c f   ft2.obj
 0001:00009aa3       ?current_values_dialog_proc@@YGHPAUHWND__@@IIJ@Z 0040aaa3 f   ft2.obj
 0001:0000cd4d       ?output_list_dialog_proc@@YGHPAUHWND__@@IIJ@Z 0040dd4d f   ft2.obj
 0001:0000ce44       ?end_upload_flash_dialog@@YAXXZ 0040de44 f   ft2.obj
 0001:0000ce77       ?upload_flash_dialog_proc@@YGHPAUHWND__@@IIJ@Z 0040de77 f   ft2.obj
 0001:0000ceee       ?poke_newshot_message@@YAXIJ@Z 0040deee f   ft2.obj
 0001:0000d007       ?password_level_callback@@YAXPAGFPAUHDDEDATA__@@@Z 0040e007 f   ft2.obj
 0001:0000d2ca       ?plot_min_callback@@YAXPAGFPAUHDDEDATA__@@@Z 0040e2ca f   ft2.obj
 0001:0000d2e7       ?canexit@@YA_NXZ           0040e2e7 f   ft2.obj
 0001:0000d37c       ?status_proc@@YGJPAUHWND__@@IIJ@Z 0040e37c f   ft2.obj
 0001:0000def8       ?main_proc@@YGJPAUHWND__@@IIJ@Z 0040eef8 f   ft2.obj
 0001:00010578       ?init@@YAEH@Z              00411578 f   ft2.obj
 0001:00010e6f       _WinMain@16                00411e6f f   ft2.obj
 0001:000113f0       ??0WINDOW_CLASS@@QAE@XZ    004123f0 f i ft2.obj
 0001:00011420       ??_GWINDOW_CLASS@@UAEPAXI@Z 00412420 f i ft2.obj
 0001:00011450       ??1WINDOW_CLASS@@UAE@XZ    00412450 f i ft2.obj
 0001:00011470       ??0LISTBOX_CLASS@@QAE@XZ   00412470 f i ft2.obj
 0001:000114b0       ??1MACHINE_CLASS@@QAE@XZ   004124b0 f i ft2.obj
 0001:00011520       ??_H@YGXPAXIHP6EX0@Z@Z     00412520 f i ft2.obj
 0001:00011550       ??_I@YGXPAXIHP6EX0@Z@Z     00412550 f i ft2.obj
 0001:00011590       ??0FTII_VAR_ARRAY@@QAE@XZ  00412590 f i ft2.obj
 0001:000115e0       ??0FTII_VAR@@QAE@XZ        004125e0 f i ft2.obj
 0001:00011610       ?set@FTII_VAR@@UAEXHI@Z    00412610 f i ft2.obj
 0001:00011630       ??4FTII_VAR@@UAEXABV0@@Z   00412630 f i ft2.obj
 0001:00011660       ??4FTII_VAR@@UAEXH@Z       00412660 f i ft2.obj
 0001:00011680       ??4FTII_VAR@@UAEXI@Z       00412680 f i ft2.obj
 0001:000116a0       ??_GFTII_VAR@@UAEPAXI@Z    004126a0 f i ft2.obj
 0001:000116d0       ??1FTII_VAR@@UAE@XZ        004126d0 f i ft2.obj
 0001:000116f0       ??_GFTII_VAR_ARRAY@@UAEPAXI@Z 004126f0 f i ft2.obj
 0001:000116f0       ??_EFTII_VAR_ARRAY@@UAEPAXI@Z 004126f0 f i ft2.obj
 0001:00011720       ??0BIT_CONTROL@@QAE@XZ     00412720 f i ft2.obj
 0001:00011760       ??1BIT_CONTROL@@QAE@XZ     00412760 f i ft2.obj
 0001:00011790       ??0STATUS_CONTROL@@QAE@XZ  00412790 f i ft2.obj
 0001:000117c0       ??1STATUS_CONTROL@@QAE@XZ  004127c0 f i ft2.obj
 0001:000117e0       ?text@STRING_CLASS@@QAEPAGXZ 004127e0 f i ft2.obj
 0001:00011810       ??0NAME_CLASS@@QAE@XZ      00412810 f i ft2.obj
 0001:00011830       ??1NAME_CLASS@@QAE@XZ      00412830 f i ft2.obj
 0001:00011850       ??0TIME_CLASS@@QAE@XZ      00412850 f i ft2.obj
 0001:00011870       ??1DOWN_DATA_CLASS@@QAE@XZ 00412870 f i ft2.obj
 0001:00011890       ??0DOWN_DATA_CLASS@@QAE@ABV0@@Z 00412890 f i ft2.obj
 0001:00011970       ?control@WINDOW_CLASS@@QAEPAUHWND__@@I@Z 00412970 f i ft2.obj
 0001:000119a0       ?show@WINDOW_CLASS@@QAEXXZ 004129a0 f i ft2.obj
 0001:000119c0       ?height@RECTANGLE_CLASS@@QAEJXZ 004129c0 f i ft2.obj
 0001:000119e0       ?width@RECTANGLE_CLASS@@QAEJXZ 004129e0 f i ft2.obj
 0001:00011a00       ?get_ft2_global_settings_file_name@NAME_CLASS@@QAEEAAVSTRING_CLASS@@0@Z 00412a00 f i ft2.obj
 0001:00011a30       ??4WINDOW_CLASS@@QAEXQAUHWND__@@@Z 00412a30 f i ft2.obj
 0001:00011a50       ?handle@LISTBOX_CLASS@@QAEPAUHWND__@@XZ 00412a50 f i ft2.obj
 0001:00011a60       ?get_client_rect@WINDOW_CLASS@@QAEHAAUtagRECT@@@Z 00412a60 f i ft2.obj
 0001:00011a90       ??9WINDOW_CLASS@@QAE_NABV0@@Z 00412a90 f i ft2.obj
 0001:00011ab0       ?hide@WINDOW_CLASS@@QAEXXZ 00412ab0 f i ft2.obj
 0001:00011ad0       ?set_focus@WINDOW_CLASS@@QAEXXZ 00412ad0 f i ft2.obj
 0001:00011b00       ??0INI_CLASS@@QAE@XZ       00412b00 f i ft2.obj
 0001:00011b40       ?count@TEXT_LIST_CLASS@@QAEJXZ 00412b40 f i ft2.obj
 0001:00011b60       ?rewind@TEXT_LIST_CLASS@@QAEXXZ 00412b60 f i ft2.obj
 0001:00011b80       ?text@TEXT_LIST_CLASS@@QAEPAGXZ 00412b80 f i ft2.obj
 0001:00011b90       ??8WINDOW_CLASS@@QAE_NABV0@@Z 00412b90 f i ft2.obj
 0001:00011bb0       ??4WINDOW_CLASS@@QAEXABV0@@Z 00412bb0 f i ft2.obj
 0001:00011bd0       ?handle@WINDOW_CLASS@@QAEPAUHWND__@@XZ 00412bd0 f i ft2.obj
 0001:00011bf0       ?close@WINDOW_CLASS@@QAEXXZ 00412bf0 f i ft2.obj
 0001:00011c10       ?file_exists@NAME_CLASS@@QAEEXZ 00412c10 f i ft2.obj
 0001:00011c30       ?get_ft2_machine_settings_file_name@NAME_CLASS@@QAEEAAVSTRING_CLASS@@0@Z 00412c30 f i ft2.obj
 0001:00011c60       ?empty@FTII_VAR_ARRAY@@QAEXXZ 00412c60 f i ft2.obj
 0001:00011c80       ?get_machset_csvname@NAME_CLASS@@QAEEAAVSTRING_CLASS@@0@Z 00412c80 f i ft2.obj
 0001:00011cb0       ?count@MACHINE_NAME_LIST_CLASS@@QAEHXZ 00412cb0 f i ft2.obj
 0001:00011cd0       ?rewind@MACHINE_NAME_LIST_CLASS@@QAEXXZ 00412cd0 f i ft2.obj
 0001:00011cf0       ?set_text@STRING_CLASS@@QAEEPAUHWND__@@H@Z 00412cf0 f i ft2.obj
 0001:00011d20       ?get_text@STRING_CLASS@@QAE_NPAUHWND__@@H@Z 00412d20 f i ft2.obj
 0001:00011d50       ?int_value@STRING_CLASS@@QAEHXZ 00412d50 f i ft2.obj
 0001:00011d80       ?ival@FTII_VAR@@QAEHXZ     00412d80 f i ft2.obj
 0001:00011da0       ?count@FTII_VAR_ARRAY@@QAEHXZ 00412da0 f i ft2.obj
 0001:00011dc0       ?uint_value@STRING_CLASS@@QAEIXZ 00412dc0 f i ft2.obj
 0001:00011df0       ?uval@FTII_VAR@@QAEIXZ     00412df0 f i ft2.obj
 0001:00011e10       ?show@WINDOW_CLASS@@QAEX_N@Z 00412e10 f i ft2.obj
 0001:00011e40       ??9STRING_CLASS@@QAEEABV0@@Z 00412e40 f i ft2.obj
 0001:00011e70       ??4NAME_CLASS@@QAEXPBG@Z   00412e70 f i ft2.obj
 0001:00011e90       ??8NAME_CLASS@@QAEEPBG@Z   00412e90 f i ft2.obj
 0001:00011eb0       ?get_ft2_editor_settings_file_name@NAME_CLASS@@QAEEAAVSTRING_CLASS@@0@Z 00412eb0 f i ft2.obj
 0001:00011ee0       ?dist_from_x4@PART_CLASS@@QAENN@Z 00412ee0 f i ft2.obj
 0001:00011f00       ?x4_from_dist@PART_CLASS@@QAENN@Z 00412f00 f i ft2.obj
 0001:00011f20       ?null_dac_offset@SURETRAK_PARAM_CLASS@@QAEJXZ 00412f20 f i ft2.obj
 0001:00011f30       ?lvdt_dac_offset@SURETRAK_PARAM_CLASS@@QAEJXZ 00412f30 f i ft2.obj
 0001:00011f50       ?zero_speed_check_pos@SURETRAK_PARAM_CLASS@@QAEMXZ 00412f50 f i ft2.obj
 0001:00011f70       ?jog_valve_percent@SURETRAK_PARAM_CLASS@@QAEMXZ 00412f70 f i ft2.obj
 0001:00011f90       ?retract_valve_percent@SURETRAK_PARAM_CLASS@@QAEMXZ 00412f90 f i ft2.obj
 0001:00011fb0       ?ft_valve_percent@SURETRAK_PARAM_CLASS@@QAEMXZ 00412fb0 f i ft2.obj
 0001:00011fd0       ?min_low_impact_percent@SURETRAK_PARAM_CLASS@@QAEMXZ 00412fd0 f i ft2.obj
 0001:00011ff0       ?max_velocity@SURETRAK_PARAM_CLASS@@QAEMXZ 00412ff0 f i ft2.obj
 0001:00012010       ??4NAME_CLASS@@QAEXG@Z     00413010 f i ft2.obj
 0001:00012030       ??YNAME_CLASS@@QAEXG@Z     00413030 f i ft2.obj
 0001:00012050       ??YNAME_CLASS@@QAEXABVSTRING_CLASS@@@Z 00413050 f i ft2.obj
 0001:00012070       ??YNAME_CLASS@@QAEXH@Z     00413070 f i ft2.obj
 0001:00012090       ??YNAME_CLASS@@QAEXPBG@Z   00413090 f i ft2.obj
 0001:000120b0       ?get_ft2_ctrl_prog_steps_file_name@NAME_CLASS@@QAEEAAVSTRING_CLASS@@0@Z 004130b0 f i ft2.obj
 0001:000120e0       ?rewind@FILE_CLASS@@QAEEXZ 004130e0 f i ft2.obj
 0001:00012100       ?velocity_from_x4@PART_CLASS@@QAENN@Z 00413100 f i ft2.obj
 0001:00012130       ?x4_from_velocity@PART_CLASS@@QAENN@Z 00413130 f i ft2.obj
 0001:00012160       ?get_valve_test_master_file_name@NAME_CLASS@@QAEEAAVSTRING_CLASS@@0@Z 00413160 f i ft2.obj
 0001:00012190       ?get_dc@WINDOW_CLASS@@QAEPAUHDC__@@XZ 00413190 f i ft2.obj
 0001:000121c0       ?release_dc@WINDOW_CLASS@@QAEHPAUHDC__@@@Z 004131c0 f i ft2.obj
 0001:000121f0       ??8WINDOW_CLASS@@QAE_NQAUHWND__@@@Z 004131f0 f i ft2.obj
 0001:00012210       ??4NAME_CLASS@@QAEXABV0@@Z 00413210 f i ft2.obj
 0001:00012230       ??1PARAMETER_CLASS@@QAE@XZ 00413230 f i ft2.obj
 0001:00012260       ?count@FIFO_CLASS@@QAEHXZ  00413260 f i ft2.obj
 0001:00012280       ?minimize@WINDOW_CLASS@@QAEXXZ 00413280 f i ft2.obj
 0001:000122b0       ??9FTII_OP_STATUS_DATA@@QAE_NABU0@@Z 004132b0 f i ft2.obj
 0001:000122e0       ?append@TEXT_LIST_CLASS@@QAEEPAG@Z 004132e0 f i ft2.obj
 0001:00012310       ?get_ft2_boards_dbname@NAME_CLASS@@QAEEAAVSTRING_CLASS@@@Z 00413310 f i ft2.obj
 0001:00012330       ?open@DB_TABLE@@QAEEAAVSTRING_CLASS@@FF@Z 00413330 f i ft2.obj
 0001:00012360       ?get_local_ini_file_name@NAME_CLASS@@QAEEPAG@Z 00413360 f i ft2.obj
 0001:00012380       ?fontclass@STRINGTABLE_CLASS@@QAEABVFONT_CLASS@@XZ 00413380 f i ft2.obj
 0001:000123a0       ?set_language@STRINGTABLE_CLASS@@QAEXAAVSTRING_CLASS@@@Z 004133a0 f i ft2.obj
 0001:0001253a       ?start_chars_are_equal@@YA_NPBGPBD@Z 0041353a f   board_monitor.obj
 0001:000125a2       ?find_board@@YAPAVFTII_BOARD_ENTRY@@AAUsockaddr_in@@@Z 004135a2 f   board_monitor.obj
 0001:0001261f       ?current_board_number@@YAHXZ 0041361f f   board_monitor.obj
 0001:00012645       ?current_board_index@@YAHXZ 00413645 f   board_monitor.obj
 0001:000126ae       ?is_suretrak_controlled@@YAEH@Z 004136ae f   board_monitor.obj
 0001:000126de       ?current_channel_mode@@YAHXZ 004136de f   board_monitor.obj
 0001:00012719       ?current_version_string@@YAPAGXZ 00413719 f   board_monitor.obj
 0001:00012748       ?current_upload_file_name@@YAPAGXZ 00413748 f   board_monitor.obj
 0001:00012777       ?current_version@@YAHXZ    00413777 f   board_monitor.obj
 0001:0001279e       ?current_sub_version@@YAHXZ 0041379e f   board_monitor.obj
 0001:000127c5       ?wirebit@@YAIH@Z           004137c5 f   board_monitor.obj
 0001:000127f1       ??1BOARD_EXTENDED_ANALOG_ARRAY@@QAE@XZ 004137f1 f   board_monitor.obj
 0001:0001282f       ?clear@BOARD_EXTENDED_ANALOG_ARRAY@@QAEXXZ 0041382f f   board_monitor.obj
 0001:0001286d       ?init@BOARD_EXTENDED_ANALOG_ARRAY@@QAEEH@Z 0041386d f   board_monitor.obj
 0001:0001293d       ??ABOARD_EXTENDED_ANALOG_ARRAY@@QAEAAUBOARD_EXTENDED_ANALOG_ENTRY@@H@Z 0041393d f   board_monitor.obj
 0001:000129b1       ??0FTII_BOARD_ENTRY@@QAE@XZ 004139b1 f   board_monitor.obj
 0001:00012c2d       ??1FTII_BOARD_ENTRY@@QAE@XZ 00413c2d f   board_monitor.obj
 0001:00012d15       ?set_connect_state@FTII_BOARD_ENTRY@@QAEXI@Z 00413d15 f   board_monitor.obj
 0001:00012e2f       ?send_config_word@FTII_BOARD_ENTRY@@QAEXXZ 00413e2f f   board_monitor.obj
 0001:00012ea9       ?get_version_string@FTII_BOARD_ENTRY@@QAEEXZ 00413ea9 f   board_monitor.obj
 0001:00012f8f       ?put_version_string@FTII_BOARD_ENTRY@@QAEXXZ 00413f8f f   board_monitor.obj
 0001:0001300e       ?is_monitoring@FTII_BOARD_ENTRY@@QAE_NXZ 0041400e f   board_monitor.obj
 0001:00013032       ?get_config_word@FTII_BOARD_ENTRY@@QAEXPAG@Z 00414032 f   board_monitor.obj
 0001:00013079       ?add_binary_to_shotdata@FTII_BOARD_ENTRY@@QAEXXZ 00414079 f   board_monitor.obj
 0001:0001315d       ?check_for_extended_channel_value@FTII_BOARD_ENTRY@@QAEXPAG@Z 0041415d f   board_monitor.obj
 0001:00013243       ?check_inputs@FTII_BOARD_ENTRY@@QAEXPAG@Z 00414243 f   board_monitor.obj
 0001:00013830       ?send_socket_message@FTII_BOARD_ENTRY@@QAE_NPAG_N@Z 00414830 f   board_monitor.obj
 0001:000139e0       ?set_extended_analog_bits@FTII_BOARD_ENTRY@@QAEXXZ 004149e0 f   board_monitor.obj
 0001:00013b7c       ?get_parameter_alarm_bits@FTII_BOARD_ENTRY@@QAEIXZ 00414b7c f   board_monitor.obj
 0001:00013c8e       ?get_alarm_bits@FTII_BOARD_ENTRY@@QAEXXZ 00414c8e f   board_monitor.obj
 0001:00013cd3       ?clear_all_alarm_bits@FTII_BOARD_ENTRY@@QAEXXZ 00414cd3 f   board_monitor.obj
 0001:00013d05       ?send_bits@FTII_BOARD_ENTRY@@QAEXI_N@Z 00414d05 f   board_monitor.obj
 0001:00013d91       ?clearwire@FTII_BOARD_ENTRY@@QAEXH@Z 00414d91 f   board_monitor.obj
 0001:00013dd0       ?setwire@FTII_BOARD_ENTRY@@QAEXH@Z 00414dd0 f   board_monitor.obj
 0001:00013e0b       ?check_one_alarm@@YAXAA_NAAIMMFMM@Z 00414e0b f   board_monitor.obj
 0001:00013edb       ?current_operator@@YAPAGAAVSTRING_CLASS@@0@Z 00414edb f   board_monitor.obj
 0001:00013f6e       ?issue_downtime_event@@YAXAAVSTRING_CLASS@@00AAU_SYSTEMTIME@@PAG2@Z 00414f6e f   board_monitor.obj
 0001:00013fc9       ?append_downtime_record@@YAEAAVSTRING_CLASS@@00AAU_SYSTEMTIME@@PAG2@Z 00414fc9 f   board_monitor.obj
 0001:00014095       ?save_shot@FTII_BOARD_ENTRY@@QAEXXZ 00415095 f   board_monitor.obj
 0001:000149e7       ?upload_control_file@FTII_BOARD_ENTRY@@QAE_NXZ 004159e7 f   board_monitor.obj
 0001:00015707       ?display_board_info@@YAXXZ 00416707 f   board_monitor.obj
 0001:00015855       ?position_auto_shot_display@@YAXXZ 00416855 f   board_monitor.obj
 0001:000158dd       ?AutoShotDisplayProc@@YGHPAUHWND__@@IIJ@Z 004168dd f   board_monitor.obj
 0001:000159f0       ?load_the_current_machine_at_this_board@@YAXAAVFTII_BOARD_ENTRY@@@Z 004169f0 f   board_monitor.obj
 0001:0001639b       ?load_ftii_boards@@YAHXZ   0041739b f   board_monitor.obj
 0001:000166d1       ?check_for_down@@YAXXZ     004176d1 f   board_monitor.obj
 0001:00016985       ?convert_io_change_to_ascii@@YAXHPAUSOCKET_MESSAGE@@@Z 00417985 f   board_monitor.obj
 0001:000172d2       ?start_of_binary_data@@YAXHPAUBINARY_HEADER@@@Z 004182d2 f   board_monitor.obj
 0001:00017538       ?new_data_thread@@YAXPAX@Z 00418538 f   board_monitor.obj
 0001:00017d01       ?get_channel_mode@@YAXHPAD@Z 00418d01 f   board_monitor.obj
 0001:00017dfa       ?send_thread@@YAXPAX@Z     00418dfa f   board_monitor.obj
 0001:00018fe4       ?read_thread@@YAXPAX@Z     00419fe4 f   board_monitor.obj
 0001:000192e6       ?begin_monitoring@@YA_NXZ  0041a2e6 f   board_monitor.obj
 0001:00019836       ?stop_monitoring@@YAXXZ    0041a836 f   board_monitor.obj
 0001:00019c54       ?send_command@@YAXAAVSTRING_CLASS@@PAG_N@Z 0041ac54 f   board_monitor.obj
 0001:0001a0b0       ?update_downtime@@YAXVDOWN_DATA_CLASS@@@Z 0041b0b0 f   board_monitor.obj
 0001:0001a210       ??0STDDOWN_CLASS@@QAE@XZ   0041b210 f i board_monitor.obj
 0001:0001a240       ??1STDDOWN_CLASS@@QAE@XZ   0041b240 f i board_monitor.obj
 0001:0001a260       ?cleanup@STDDOWN_CLASS@@QAEXXZ 0041b260 f i board_monitor.obj
 0001:0001a2b0       ??0BOARD_EXTENDED_ANALOG_ENTRY@@QAE@XZ 0041b2b0 f i board_monitor.obj
 0001:0001a2f0       ??0EXTENDED_ANALOG_ENTRY@@QAE@XZ 0041b2f0 f i board_monitor.obj
 0001:0001a310       ??0FTANALOG_CLASS@@QAE@XZ  0041b310 f i board_monitor.obj
 0001:0001a330       ??0FTANALOG_ENTRY@@QAE@XZ  0041b330 f i board_monitor.obj
 0001:0001a370       ??0FTCALC_CLASS@@QAE@XZ    0041b370 f i board_monitor.obj
 0001:0001a390       ??0RUNLIST_CLASS@@QAE@XZ   0041b390 f i board_monitor.obj
 0001:0001a3c0       ??0BOARD_EXTENDED_ANALOG_ARRAY@@QAE@XZ 0041b3c0 f i board_monitor.obj
 0001:0001a3f0       ??1FTANALOG_CLASS@@QAE@XZ  0041b3f0 f i board_monitor.obj
 0001:0001a410       ??1FTANALOG_ENTRY@@QAE@XZ  0041b410 f i board_monitor.obj
 0001:0001a440       ??1FTCALC_CLASS@@QAE@XZ    0041b440 f i board_monitor.obj
 0001:0001a460       ?set@PART_NAME_ENTRY@@QAEXAAVSTRING_CLASS@@00@Z 0041b460 f i board_monitor.obj
 0001:0001a4a0       ??0DOUBLE_ARRAY_CLASS@@QAE@XZ 0041b4a0 f i board_monitor.obj
 0001:0001a4d0       ??0DSTAT_CLASS@@QAE@XZ     0041b4d0 f i board_monitor.obj
 0001:0001a500       ??1DSTAT_CLASS@@QAE@XZ     0041b500 f i board_monitor.obj
 0001:0001a510       ?set_cat@DSTAT_CLASS@@QAEXPAG@Z 0041b510 f i board_monitor.obj
 0001:0001a530       ?set_subcat@DSTAT_CLASS@@QAEXPAG@Z 0041b530 f i board_monitor.obj
 0001:0001a550       ?set_time@DSTAT_CLASS@@QAEXAAU_SYSTEMTIME@@@Z 0041b550 f i board_monitor.obj
 0001:0001a580       ??4EXTENDED_ANALOG_ENTRY@@QAEXAAU0@@Z 0041b580 f i board_monitor.obj
 0001:0001a5b0       ??1PART_NAME_ENTRY@@QAE@XZ 0041b5b0 f i board_monitor.obj
 0001:0001a5e0       ??YNAME_CLASS@@QAEXI@Z     0041b5e0 f i board_monitor.obj
 0001:0001a600       ?get_ft2_part_settings_file_name@NAME_CLASS@@QAEEAAVSTRING_CLASS@@00@Z 0041b600 f i board_monitor.obj
 0001:0001a630       ?get_alarmsum_dbname@NAME_CLASS@@QAEEAAVSTRING_CLASS@@00@Z 0041b630 f i board_monitor.obj
 0001:0001a660       ?get_graphlst_dbname@NAME_CLASS@@QAEEAAVSTRING_CLASS@@00@Z 0041b660 f i board_monitor.obj
 0001:0001a690       ?get_shotparm_dbname@NAME_CLASS@@QAEEAAVSTRING_CLASS@@00@Z 0041b690 f i board_monitor.obj
 0001:0001a6c0       ??4TIME_CLASS@@QAEXABV0@@Z 0041b6c0 f i board_monitor.obj
 0001:0001a6e0       ?int_value@SETPOINT_ENTRY@@QAEHXZ 0041b6e0 f i board_monitor.obj
 0001:0001a700       ?uint_value@SETPOINT_ENTRY@@QAEIXZ 0041b700 f i board_monitor.obj
 0001:0001a720       ?count@RUNLIST_CLASS@@QAEHXZ 0041b720 f i board_monitor.obj
 0001:0001a740       ?set_us_per_time_sample@FTII_NET_DATA@@QAEXH@Z 0041b740 f i board_monitor.obj
 0001:0001a760       ?get_short@DB_TABLE@@QAEFG@Z 0041b760 f i board_monitor.obj
 0001:0001a780       ??_EFTII_BOARD_ENTRY@@QAEPAXI@Z 0041b780 f i board_monitor.obj
 0001:0001a800       ?current_value@TIME_CLASS@@QAEKXZ 0041b800 f i board_monitor.obj
 0001:0001a810       ?category@DSTAT_CLASS@@QAEPAGXZ 0041b810 f i board_monitor.obj
 0001:0001a820       ?subcategory@DSTAT_CLASS@@QAEPAGXZ 0041b820 f i board_monitor.obj
 0001:0001a840       ??9STRING_CLASS@@QAEEPBG@Z 0041b840 f i board_monitor.obj
 0001:0001a870       ?bitmask@RUNLIST_CLASS@@QAEIXZ 0041b870 f i board_monitor.obj
 0001:0001a890       ??0ACK_MESSAGE@@QAE@XZ     0041b890 f i board_monitor.obj
 0001:0001a8b0       ?machine_name@DOWN_DATA_CLASS@@QAEAAVSTRING_CLASS@@XZ 0041b8b0 f i board_monitor.obj
 0001:0001a8c0       ?category@DOWN_DATA_CLASS@@QAEPAGXZ 0041b8c0 f i board_monitor.obj
 0001:0001a8e0       ?subcategory@DOWN_DATA_CLASS@@QAEPAGXZ 0041b8e0 f i board_monitor.obj
 0001:0001a999       ?get_ini_char@@YAPAGPAG0@Z 0041b999 f   shotsave.obj
 0001:0001aa29       ?init_serial_port@@YAXXZ   0041ba29 f   shotsave.obj
 0001:0001add8       ?nextshot@@YAEPAUSHOT_BUFFER_ENTRY@@@Z 0041bdd8 f   shotsave.obj
 0001:0001ae82       ?write_ftii_parameters@@YAEPAUSHOT_BUFFER_ENTRY@@AAU_SYSTEMTIME@@G@Z 0041be82 f   shotsave.obj
 0001:0001b089       ?add_to_shotsave@@YA_N_N0AAUPART_NAME_ENTRY@@AAVFTII_FILE_DATA@@AAVDOUBLE_ARRAY_CLASS@@@Z 0041c089 f   shotsave.obj
 0001:0001b156       ?write_bytes_to_output_file@@YAEPAXK@Z 0041c156 f   shotsave.obj
 0001:0001b1b7       ?write_binary_file_to_serial_port@@YAEAAVNAME_CLASS@@@Z 0041c1b7 f   shotsave.obj
 0001:0001b356       ?kill_output_file@@YAXXZ   0041c356 f   shotsave.obj
 0001:0001b38f       ?save_shot@@YAXPAUSHOT_BUFFER_ENTRY@@@Z 0041c38f f   shotsave.obj
 0001:0001d3fd       ?save_all_shots@@YAXXZ     0041e3fd f   shotsave.obj
 0001:0001d62e       ?shotsave_thread@@YAXPAX@Z 0041e62e f   shotsave.obj
 0001:0001deb1       ?start_shotsave_thread@@YAXXZ 0041eeb1 f   shotsave.obj
 0001:0001def0       ?create@DB_TABLE@@QAEEAAVSTRING_CLASS@@@Z 0041eef0 f i shotsave.obj
 0001:0001df10       ?get_global_error@DB_TABLE@@QAEKXZ 0041ef10 f i shotsave.obj
 0001:0001df30       ?open@DB_TABLE@@QAEEAAVSTRING_CLASS@@FFF@Z 0041ef30 f i shotsave.obj
 0001:0001df60       ?put_short@DB_TABLE@@QAEEGFF@Z 0041ef60 f i shotsave.obj
 0001:0001df90       ?rec_delete@DB_TABLE@@QAEEXZ 0041ef90 f i shotsave.obj
 0001:0001dfb0       ??0SHOT_BUFFER_ENTRY@@QAE@XZ 0041efb0 f i shotsave.obj
 0001:0001dff0       ??0PROFILE_NAME_ENTRY@@QAE@XZ 0041eff0 f i shotsave.obj
 0001:0001e030       ?delete_file@NAME_CLASS@@QAEEXZ 0041f030 f i shotsave.obj
 0001:0001e060       ??4NAME_CLASS@@QAEXABVSTRING_CLASS@@@Z 0041f060 f i shotsave.obj
 0001:0001e080       ?get_profile_ii_name@NAME_CLASS@@QAEEAAVSTRING_CLASS@@00PAG@Z 0041f080 f i shotsave.obj
 0001:0001e0b0       ?get_profile_ii_name@NAME_CLASS@@QAEEAAVSTRING_CLASS@@00J@Z 0041f0b0 f i shotsave.obj
 0001:0001e0e0       ?cat_w_char@STRING_CLASS@@QAEXABV1@G@Z 0041f0e0 f i shotsave.obj
 0001:0001e110       ?count@DOUBLE_ARRAY_CLASS@@QAEHXZ 0041f110 f i shotsave.obj
 0001:0001e130       ?cat_path@STRING_CLASS@@QAEXABV1@@Z 0041f130 f i shotsave.obj
 0001:0001e150       ??4NAME_CLASS@@QAEXN@Z     0041f150 f i shotsave.obj
 0001:0001e170       ??_GSHOT_BUFFER_ENTRY@@QAEPAXI@Z 0041f170 f i shotsave.obj
 0001:0001e1a0       ??1SHOT_BUFFER_ENTRY@@QAE@XZ 0041f1a0 f i shotsave.obj
 0001:0001e1d0       ??1PROFILE_NAME_ENTRY@@QAE@XZ 0041f1d0 f i shotsave.obj
 0001:0001e24f       ?skip_reset_machine@@YAEAAVSTRING_CLASS@@@Z 0041f24f f   skip.obj
 0001:0001e56c       ?skip_startup@@YAEXZ       0041f56c f   skip.obj
 0001:0001e573       ?skip_shutdown@@YAXXZ      0041f573 f   skip.obj
 0001:0001e5d9       ?skip_new_shot_notify@@YAGAAVSTRING_CLASS@@U_FILETIME@@@Z 0041f5d9 f   skip.obj
 0001:0001e7b2       ?max_parameters_saved@@YAJAAVSTRING_CLASS@@@Z 0041f7b2 f   skip.obj
 0001:0001e7d9       ?max_profiles_saved@@YAJAAVSTRING_CLASS@@@Z 0041f7d9 f   skip.obj
 0001:0001e800       ??0GENERIC_LIST_CLASS@@QAE@XZ 0041f800 f i skip.obj
 0001:0001e830       ??0MACH_SKIP_ENTRY@@QAE@XZ 0041f830 f i skip.obj
 0001:0001e850       ??_GMACH_SKIP_ENTRY@@QAEPAXI@Z 0041f850 f i skip.obj
 0001:0001e880       ??1MACH_SKIP_ENTRY@@QAE@XZ 0041f880 f i skip.obj
 0001:0001e8a0       ?init@UPLOAD_COPY_CLASS@@QAEXXZ 0041f8a0 f   upload_copy_class.obj
 0001:0001e8e2       ??0UPLOAD_COPY_CLASS@@QAE@XZ 0041f8e2 f   upload_copy_class.obj
 0001:0001e90f       ??1UPLOAD_COPY_CLASS@@QAE@XZ 0041f90f f   upload_copy_class.obj
 0001:0001e92f       ?is_changed@UPLOAD_COPY_CLASS@@QAE_NXZ 0041f92f f   upload_copy_class.obj
 0001:0001e943       ??AUPLOAD_COPY_CLASS@@QAEAAVSTRING_CLASS@@H@Z 0041f943 f   upload_copy_class.obj
 0001:0001e9b2       ?load@UPLOAD_COPY_CLASS@@QAEIVSTRING_CLASS@@00@Z 0041f9b2 f   upload_copy_class.obj
 0001:0001eaf0       ?save@UPLOAD_COPY_CLASS@@QAEIVSTRING_CLASS@@00@Z 0041faf0 f   upload_copy_class.obj
 0001:0001ec4c       ?isnew@UPLOAD_COPY_CLASS@@QAE_NAAVSTRING_CLASS@@@Z 0041fc4c f   upload_copy_class.obj
 0001:0001ed90       ?get_upload_copy_file_name@NAME_CLASS@@QAEEAAVSTRING_CLASS@@00@Z 0041fd90 f i upload_copy_class.obj
 0001:0001edc0       ??4NAME_CLASS@@QAEXH@Z     0041fdc0 f i upload_copy_class.obj
 0001:0001ede0       ??2@YAPAXIHPBDH@Z          0041fde0 f   libcmtd:dbgnew.obj
 0001:0001ee00       ??3@YAXPAX@Z               0041fe00 f   libcmtd:dbgdel.obj
 0001:0001eeb0       __onexit                   0041feb0 f   libcmtd:onexit.obj
 0001:0001ef70       _atexit                    0041ff70 f   libcmtd:onexit.obj
 0001:0001ef90       ___onexitinit              0041ff90 f   libcmtd:onexit.obj
 0001:0001efe0       __fpmath                   0041ffe0 f   libcmtd:fpinit.obj
 0001:0001f010       __fpclear                  00420010 f   libcmtd:fpinit.obj
 0001:0001f020       __cfltcvt_init             00420020 f   libcmtd:fpinit.obj
 0001:0001f070       ___setfflag                00420070 f   libcmtd:fpinit.obj
 0001:0001f08c       __ftol                     0042008c f   libcmtd:ftol.obj
 0001:0001f0c0       __alloca_probe             004200c0 f   libcmtd:chkstk.obj
 0001:0001f0c0       __chkstk                   004200c0 f   libcmtd:chkstk.obj
 0001:0001f0f0       _malloc                    004200f0 f   libcmtd:dbgheap.obj
 0001:0001f120       __malloc_dbg               00420120 f   libcmtd:dbgheap.obj
 0001:0001f150       __nh_malloc                00420150 f   libcmtd:dbgheap.obj
 0001:0001f170       __nh_malloc_dbg            00420170 f   libcmtd:dbgheap.obj
 0001:0001f210       __heap_alloc               00420210 f   libcmtd:dbgheap.obj
 0001:0001f230       __heap_alloc_dbg           00420230 f   libcmtd:dbgheap.obj
 0001:0001f550       _calloc                    00420550 f   libcmtd:dbgheap.obj
 0001:0001f580       __calloc_dbg               00420580 f   libcmtd:dbgheap.obj
 0001:0001f5e0       _realloc                   004205e0 f   libcmtd:dbgheap.obj
 0001:0001f610       __realloc_dbg              00420610 f   libcmtd:dbgheap.obj
 0001:0001fbc0       __expand                   00420bc0 f   libcmtd:dbgheap.obj
 0001:0001fbf0       __expand_dbg               00420bf0 f   libcmtd:dbgheap.obj
 0001:0001fc80       _free                      00420c80 f   libcmtd:dbgheap.obj
 0001:0001fca0       __free_lk                  00420ca0 f   libcmtd:dbgheap.obj
 0001:0001fcc0       __free_dbg                 00420cc0 f   libcmtd:dbgheap.obj
 0001:0001fd30       __free_dbg_lk              00420d30 f   libcmtd:dbgheap.obj
 0001:00020120       __msize                    00421120 f   libcmtd:dbgheap.obj
 0001:00020140       __msize_dbg                00421140 f   libcmtd:dbgheap.obj
 0001:000202d0       __CrtSetBreakAlloc         004212d0 f   libcmtd:dbgheap.obj
 0001:000202f0       __CrtSetDbgBlockType       004212f0 f   libcmtd:dbgheap.obj
 0001:000203d0       __CrtSetAllocHook          004213d0 f   libcmtd:dbgheap.obj
 0001:00020480       __CrtCheckMemory           00421480 f   libcmtd:dbgheap.obj
 0001:00020830       __CrtSetDbgFlag            00421830 f   libcmtd:dbgheap.obj
 0001:00020860       __CrtDoForAllClientObjects 00421860 f   libcmtd:dbgheap.obj
 0001:00020910       __CrtIsValidPointer        00421910 f   libcmtd:dbgheap.obj
 0001:00020960       __CrtIsValidHeapPointer    00421960 f   libcmtd:dbgheap.obj
 0001:00020a90       __CrtIsMemoryBlock         00421a90 f   libcmtd:dbgheap.obj
 0001:00020bc0       __CrtSetDumpClient         00421bc0 f   libcmtd:dbgheap.obj
 0001:00020be0       __CrtMemCheckpoint         00421be0 f   libcmtd:dbgheap.obj
 0001:00020d90       __CrtMemDifference         00421d90 f   libcmtd:dbgheap.obj
 0001:00020ec0       __CrtMemDumpAllObjectsSince 00421ec0 f   libcmtd:dbgheap.obj
 0001:000212e0       __CrtDumpMemoryLeaks       004222e0 f   libcmtd:dbgheap.obj
 0001:00021360       __CrtMemDumpStatistics     00422360 f   libcmtd:dbgheap.obj
 0001:00021430       _memcpy                    00422430 f   libcmtd:memcpy.obj
 0001:00021770       __beginthread              00422770 f   libcmtd:thread.obj
 0001:00021940       __endthread                00422940 f   libcmtd:thread.obj
 0001:000219a0       _WinMainCRTStartup         004229a0 f   libcmtd:wincrt0.obj
 0001:00021b10       __amsg_exit                00422b10 f   libcmtd:wincrt0.obj
 0001:00021b70       __mtinitlocks              00422b70 f   libcmtd:mlock.obj
 0001:00021bb0       __mtdeletelocks            00422bb0 f   libcmtd:mlock.obj
 0001:00021c50       __lock                     00422c50 f   libcmtd:mlock.obj
 0001:00021cf0       __unlock                   00422cf0 f   libcmtd:mlock.obj
 0001:00021d10       __lockerr_exit             00422d10 f   libcmtd:mlock.obj
 0001:00021d30       __CrtDbgBreak              00422d30 f   libcmtd:dbgrpt.obj
 0001:00021d40       __CrtSetReportMode         00422d40 f   libcmtd:dbgrpt.obj
 0001:00021da0       __CrtSetReportFile         00422da0 f   libcmtd:dbgrpt.obj
 0001:00021e20       __CrtSetReportHook         00422e20 f   libcmtd:dbgrpt.obj
 0001:00021e40       __CrtDbgReport             00422e40 f   libcmtd:dbgrpt.obj
 0001:000224e0       __cinit                    004234e0 f   libcmtd:crt0dat.obj
 0001:00022520       _exit                      00423520 f   libcmtd:crt0dat.obj
 0001:00022540       __exit                     00423540 f   libcmtd:crt0dat.obj
 0001:00022560       __cexit                    00423560 f   libcmtd:crt0dat.obj
 0001:00022580       __c_exit                   00423580 f   libcmtd:crt0dat.obj
 0001:00022690       __lockexit                 00423690 f   libcmtd:crt0dat.obj
 0001:000226a0       __unlockexit               004236a0 f   libcmtd:crt0dat.obj
 0001:000226e0       __setdefaultprecision      004236e0 f   libcmtd:fp8.obj
 0001:00022700       __ms_p5_test_fdiv          00423700 f   libcmtd:testfdiv.obj
 0001:00022760       __ms_p5_mp_test_fdiv       00423760 f   libcmtd:testfdiv.obj
 0001:000227b0       __forcdecpt                004237b0 f   libcmtd:cvt.obj
 0001:00022860       __cropzeros                00423860 f   libcmtd:cvt.obj
 0001:00022940       __positive                 00423940 f   libcmtd:cvt.obj
 0001:00022970       __fassign                  00423970 f   libcmtd:cvt.obj
 0001:000229c0       __cftoe                    004239c0 f   libcmtd:cvt.obj
 0001:00022bb0       __cftof                    00423bb0 f   libcmtd:cvt.obj
 0001:00022d60       __cftog                    00423d60 f   libcmtd:cvt.obj
 0001:00022e50       __cfltcvt                  00423e50 f   libcmtd:cvt.obj
 0001:00022ee0       ?_set_new_handler@@YAP6AHI@ZP6AHI@Z@Z 00423ee0 f   libcmtd:handler.obj
 0001:00022f10       ?_query_new_handler@@YAP6AHI@ZXZ 00423f10 f   libcmtd:handler.obj
 0001:00022f20       __callnewh                 00423f20 f   libcmtd:handler.obj
 0001:00022f50       __global_unwind2           00423f50 f   libcmtd:exsup.obj
 0001:00022f92       __local_unwind2            00423f92 f   libcmtd:exsup.obj
 0001:00022fea       __NLG_Return2              00423fea f   libcmtd:exsup.obj
 0001:00022ffa       __abnormal_termination     00423ffa f   libcmtd:exsup.obj
 0001:0002301d       __NLG_Notify1              0042401d f   libcmtd:exsup.obj
 0001:00023026       __NLG_Notify               00424026 f   libcmtd:exsup.obj
 0001:00023039       __NLG_Dispatch             00424039 f   libcmtd:exsup.obj
 0001:00023048       __except_handler3          00424048 f   libcmtd:exsup3.obj
 0001:00023105       __seh_longjmp_unwind@4     00424105 f   libcmtd:exsup3.obj
 0001:00023120       _memset                    00424120 f   libcmtd:memset.obj
 0001:00023180       __malloc_base              00424180 f   libcmtd:malloc.obj
 0001:000231a0       __nh_malloc_base           004241a0 f   libcmtd:malloc.obj
 0001:00023200       __heap_alloc_base          00424200 f   libcmtd:malloc.obj
 0001:00023350       __CrtDefaultAllocHook      00424350 f   libcmtd:dbghook.obj
 0001:00023360       __expand_base              00424360 f   libcmtd:expand.obj
 0001:00023570       __realloc_base             00424570 f   libcmtd:realloc.obj
 0001:00023a10       __free_base                00424a10 f   libcmtd:free.obj
 0001:00023b60       __heapchk                  00424b60 f   libcmtd:heapchk.obj
 0001:00023c70       __heapset                  00424c70 f   libcmtd:heapchk.obj
 0001:00023c80       __get_sbh_threshold        00424c80 f   libcmtd:sbheap.obj
 0001:00023cb0       __set_sbh_threshold        00424cb0 f   libcmtd:sbheap.obj
 0001:00023dc0       ___sbh_heap_init           00424dc0 f   libcmtd:sbheap.obj
 0001:00023e30       ___sbh_find_block          00424e30 f   libcmtd:sbheap.obj
 0001:00023e90       ___sbh_verify_block        00424e90 f   libcmtd:sbheap.obj
 0001:00023ef0       ___sbh_free_block          00424ef0 f   libcmtd:sbheap.obj
 0001:000244d0       ___sbh_alloc_block         004254d0 f   libcmtd:sbheap.obj
 0001:00024a10       ___sbh_alloc_new_region    00425a10 f   libcmtd:sbheap.obj
 0001:00024b20       ___sbh_alloc_new_group     00425b20 f   libcmtd:sbheap.obj
 0001:00024d10       ___sbh_resize_block        00425d10 f   libcmtd:sbheap.obj
 0001:00025300       ___sbh_heapmin             00426300 f   libcmtd:sbheap.obj
 0001:00025430       ___sbh_heap_check          00426430 f   libcmtd:sbheap.obj
 0001:00025a50       __get_old_sbh_threshold    00426a50 f   libcmtd:sbheap.obj
 0001:00025a60       __set_old_sbh_threshold    00426a60 f   libcmtd:sbheap.obj
 0001:00025a90       ___old_sbh_new_region      00426a90 f   libcmtd:sbheap.obj
 0001:00025c70       ___old_sbh_release_region  00426c70 f   libcmtd:sbheap.obj
 0001:00025cf0       ___old_sbh_decommit_pages  00426cf0 f   libcmtd:sbheap.obj
 0001:00025e50       ___old_sbh_find_block      00426e50 f   libcmtd:sbheap.obj
 0001:00025ee0       ___old_sbh_free_block      00426ee0 f   libcmtd:sbheap.obj
 0001:00025f50       ___old_sbh_alloc_block     00426f50 f   libcmtd:sbheap.obj
 0001:00026310       ___old_sbh_alloc_block_from_page 00427310 f   libcmtd:sbheap.obj
 0001:000265c0       ___old_sbh_resize_block    004275c0 f   libcmtd:sbheap.obj
 0001:00026730       ___old_sbh_heap_check      00427730 f   libcmtd:sbheap.obj
 0001:00026970       __GetLinkerVersion         00427970 f   libcmtd:heapinit.obj
 0001:000269d0       ___heap_select             004279d0 f   libcmtd:heapinit.obj
 0001:00026c00       __heap_init                00427c00 f   libcmtd:heapinit.obj
 0001:00026c90       __heap_term                00427c90 f   libcmtd:heapinit.obj
 0001:00026d80       _sprintf                   00427d80 f   libcmtd:sprintf.obj
 0001:00026e80       __isctype                  00427e80 f   libcmtd:isctype.obj
 0001:00026f40       __dosmaperr                00427f40 f   libcmtd:dosmap.obj
 0001:00026fe0       __errno                    00427fe0 f   libcmtd:dosmap.obj
 0001:00026ff0       ___doserrno                00427ff0 f   libcmtd:dosmap.obj
 0001:00027000       __mtinit                   00428000 f   libcmtd:tidtable.obj
 0001:00027090       __mtterm                   00428090 f   libcmtd:tidtable.obj
 0001:000270c0       __initptd                  004280c0 f   libcmtd:tidtable.obj
 0001:000270e0       __getptd                   004280e0 f   libcmtd:tidtable.obj
 0001:00027180       __freeptd                  00428180 f   libcmtd:tidtable.obj
 0001:00027290       ___threadid                00428290 f   libcmtd:tidtable.obj
 0001:000272a0       ___threadhandle            004282a0 f   libcmtd:tidtable.obj
 0001:000272b0       __XcptFilter               004282b0 f   libcmtd:winxfltr.obj
 0001:000274d0       __wincmdln                 004284d0 f   libcmtd:wincmdln.obj
 0001:00027590       __setenvp                  00428590 f   libcmtd:stdenvp.obj
 0001:000276e0       __setargv                  004286e0 f   libcmtd:stdargv.obj
 0001:00027bf0       ___crtGetEnvironmentStringsA 00428bf0 f   libcmtd:a_env.obj
 0001:00027e10       __ioinit                   00428e10 f   libcmtd:ioinit.obj
 0001:00028140       __ioterm                   00429140 f   libcmtd:ioinit.obj
 0001:000281e0       __FF_MSGBANNER             004291e0 f   libcmtd:crt0msg.obj
 0001:00028230       __NMSG_WRITE               00429230 f   libcmtd:crt0msg.obj
 0001:000283f0       __GET_RTERRMSG             004293f0 f   libcmtd:crt0msg.obj
 0001:00028440       __itoa                     00429440 f   libcmtd:xtoa.obj
 0001:00028560       __ltoa                     00429560 f   libcmtd:xtoa.obj
 0001:000285a0       __ultoa                    004295a0 f   libcmtd:xtoa.obj
 0001:000285c0       __i64toa                   004295c0 f   libcmtd:xtoa.obj
 0001:00028710       __ui64toa                  00429710 f   libcmtd:xtoa.obj
 0001:00028730       _strlen                    00429730 f   libcmtd:strlen.obj
 0001:000287b0       __snprintf                 004297b0 f   libcmtd:snprintf.obj
 0001:000288b0       _strcpy                    004298b0 f   libcmtd:strcat.obj
 0001:000288c0       _strcat                    004298c0 f   libcmtd:strcat.obj
 0001:000289a0       __vsnprintf                004299a0 f   libcmtd:vsnprint.obj
 0001:00028aa0       _signal                    00429aa0 f   libcmtd:winsig.obj
 0001:00028d70       _raise                     00429d70 f   libcmtd:winsig.obj
 0001:00029010       ___fpecode                 0042a010 f   libcmtd:winsig.obj
 0001:00029020       ___pxcptinfoptrs           0042a020 f   libcmtd:winsig.obj
 0001:00029030       ___crtMessageBoxA          0042a030 f   libcmtd:crtmbox.obj
 0001:000290f0       _strncpy                   0042a0f0 f   libcmtd:strncpy.obj
 0001:000291f0       __statusfp                 0042a1f0 f   libcmtd:ieee87.obj
 0001:00029210       __clearfp                  0042a210 f   libcmtd:ieee87.obj
 0001:00029230       __control87                0042a230 f   libcmtd:ieee87.obj
 0001:00029280       __controlfp                0042a280 f   libcmtd:ieee87.obj
 0001:000292a0       __fpreset                  0042a2a0 f   libcmtd:ieee87.obj
 0001:00029690       __tolower                  0042a690 f   libcmtd:tolower.obj
 0001:000296a0       _tolower                   0042a6a0 f   libcmtd:tolower.obj
 0001:00029740       __tolower_lk               0042a740 f   libcmtd:tolower.obj
 0001:00029870       __ZeroTail                 0042a870 f   libcmtd:intrncvt.obj
 0001:00029900       __IncMan                   0042a900 f   libcmtd:intrncvt.obj
 0001:000299b0       __RoundMan                 0042a9b0 f   libcmtd:intrncvt.obj
 0001:00029a90       __CopyMan                  0042aa90 f   libcmtd:intrncvt.obj
 0001:00029ae0       __FillZeroMan              0042aae0 f   libcmtd:intrncvt.obj
 0001:00029b10       __IsZeroMan                0042ab10 f   libcmtd:intrncvt.obj
 0001:00029b50       __ShrMan                   0042ab50 f   libcmtd:intrncvt.obj
 0001:00029c40       __ld12cvt                  0042ac40 f   libcmtd:intrncvt.obj
 0001:00029e90       __ld12tod                  0042ae90 f   libcmtd:intrncvt.obj
 0001:00029eb0       __ld12tof                  0042aeb0 f   libcmtd:intrncvt.obj
 0001:00029ed0       __ld12told                 0042aed0 f   libcmtd:intrncvt.obj
 0001:00029f90       __atodbl                   0042af90 f   libcmtd:intrncvt.obj
 0001:00029fd0       __atoldbl                  0042afd0 f   libcmtd:intrncvt.obj
 0001:0002a010       __atoflt                   0042b010 f   libcmtd:intrncvt.obj
 0001:0002a050       __fptostr                  0042b050 f   libcmtd:_fptostr.obj
 0001:0002a150       __fltout2                  0042b150 f   libcmtd:cfout.obj
 0001:0002a1d0       ___dtold                   0042b1d0 f   libcmtd:cfout.obj
 0001:0002a340       _memmove                   0042b340 f   libcmtd:memmove.obj
 0001:0002a680       __fptrap                   0042b680 f   libcmtd:crt0fp.obj
 0001:0002a690       _strtol                    0042b690 f   libcmtd:strtol.obj
 0001:0002a9f0       _strtoul                   0042b9f0 f   libcmtd:strtol.obj
 0001:0002aa20       _strchr                    0042ba20 f   libcmtd:strchr.obj
 0001:0002aa26       ___from_strstr_to_strchr   0042ba26 f   libcmtd:strchr.obj
 0001:0002aae0       _strstr                    0042bae0 f   libcmtd:strstr.obj
 0001:0002ab60       _strncmp                   0042bb60 f   libcmtd:strncmp.obj
 0001:0002aba0       __flsbuf                   0042bba0 f   libcmtd:_flsbuf.obj
 0001:0002ae20       __output                   0042be20 f   libcmtd:output.obj
 0001:0002bd50       ___crtGetStringTypeA       0042cd50 f   libcmtd:a_str.obj
 0001:0002bf10       __ismbbkalnum              0042cf10 f   libcmtd:ismbbyte.obj
 0001:0002bf30       __ismbbkprint              0042cf30 f   libcmtd:ismbbyte.obj
 0001:0002bf50       __ismbbkpunct              0042cf50 f   libcmtd:ismbbyte.obj
 0001:0002bf70       __ismbbalnum               0042cf70 f   libcmtd:ismbbyte.obj
 0001:0002bf90       __ismbbalpha               0042cf90 f   libcmtd:ismbbyte.obj
 0001:0002bfb0       __ismbbgraph               0042cfb0 f   libcmtd:ismbbyte.obj
 0001:0002bfd0       __ismbbprint               0042cfd0 f   libcmtd:ismbbyte.obj
 0001:0002bff0       __ismbbpunct               0042cff0 f   libcmtd:ismbbyte.obj
 0001:0002c010       __ismbblead                0042d010 f   libcmtd:ismbbyte.obj
 0001:0002c030       __ismbbtrail               0042d030 f   libcmtd:ismbbyte.obj
 0001:0002c050       __ismbbkana                0042d050 f   libcmtd:ismbbyte.obj
 0001:0002c100       __setmbcp                  0042d100 f   libcmtd:mbctype.obj
 0001:0002c8c0       __getmbcp                  0042d8c0 f   libcmtd:mbctype.obj
 0001:0002c8e0       ___initmbctable            0042d8e0 f   libcmtd:mbctype.obj
 0001:0002c910       __aulldiv                  0042d910 f   libcmtd:ulldiv.obj
 0001:0002c980       __aullrem                  0042d980 f   libcmtd:ullrem.obj
 0001:0002ca00       _setlocale                 0042da00 f   libcmtd:setlocal.obj
 0001:0002d090       __expandlocale             0042e090 f   libcmtd:setlocal.obj
 0001:0002d220       ___init_dummy              0042e220 f   libcmtd:setlocal.obj
 0001:0002d230       __strcats                  0042e230 f   libcmtd:setlocal.obj
 0001:0002d280       ___lc_strtolc              0042e280 f   libcmtd:setlocal.obj
 0001:0002d3e0       ___lc_lctostr              0042e3e0 f   libcmtd:setlocal.obj
 0001:0002d450       ___crtLCMapStringA         0042e450 f   libcmtd:a_map.obj
 0001:0002d7b0       ___addl                    0042e7b0 f   libcmtd:mantold.obj
 0001:0002d7f0       ___add_12                  0042e7f0 f   libcmtd:mantold.obj
 0001:0002d8a0       ___shl_12                  0042e8a0 f   libcmtd:mantold.obj
 0001:0002d900       ___shr_12                  0042e900 f   libcmtd:mantold.obj
 0001:0002d970       ___mtold12                 0042e970 f   libcmtd:mantold.obj
 0001:0002dab0       ___strgtold12              0042eab0 f   libcmtd:strgtold.obj
 0001:0002e5e0       ___STRINGTOLD              0042f5e0 f   libcmtd:strgtold.obj
 0001:0002e630       _$I10_OUTPUT               0042f630 f   libcmtd:x10fout.obj
 0001:0002eb50       __toupper                  0042fb50 f   libcmtd:toupper.obj
 0001:0002eb60       _toupper                   0042fb60 f   libcmtd:toupper.obj
 0001:0002ec00       __toupper_lk               0042fc00 f   libcmtd:toupper.obj
 0001:0002ed30       __lseek                    0042fd30 f   libcmtd:lseek.obj
 0001:0002edc0       __lseek_lk                 0042fdc0 f   libcmtd:lseek.obj
 0001:0002ee80       __write                    0042fe80 f   libcmtd:write.obj
 0001:0002ef10       __write_lk                 0042ff10 f   libcmtd:write.obj
 0001:0002f190       __getbuf                   00430190 f   libcmtd:_getbuf.obj
 0001:0002f260       __isatty                   00430260 f   libcmtd:isatty.obj
 0001:0002f2a0       ___initstdio               004302a0 f   libcmtd:_file.obj
 0001:0002f3d0       ___endstdio                004303d0 f   libcmtd:_file.obj
 0001:0002f3f0       __lock_file                004303f0 f   libcmtd:_file.obj
 0001:0002f430       __lock_file2               00430430 f   libcmtd:_file.obj
 0001:0002f460       __unlock_file              00430460 f   libcmtd:_file.obj
 0001:0002f4a0       __unlock_file2             004304a0 f   libcmtd:_file.obj
 0001:0002f4d0       _wctomb                    004304d0 f   libcmtd:wctomb.obj
 0001:0002f550       __wctomb_lk                00430550 f   libcmtd:wctomb.obj
 0001:0002f5f0       ___init_time               004305f0 f   libcmtd:inittime.obj
 0001:0002ff70       ___init_numeric            00430f70 f   libcmtd:initnum.obj
 0001:000302a0       ___init_monetary           004312a0 f   libcmtd:initmon.obj
 0001:00030700       ___init_ctype              00431700 f   libcmtd:initctyp.obj
 0001:00030aa0       ___init_collate            00431aa0 f   libcmtd:initcoll.obj
 0001:00030ab0       _strcmp                    00431ab0 f   libcmtd:strcmp.obj
 0001:00030b40       _strcspn                   00431b40 f   libcmtd:strcspn.obj
 0001:00030b80       _strpbrk                   00431b80 f   libcmtd:strpbrk.obj
 0001:00030bc0       ___get_qualified_locale    00431bc0 f   libcmtd:getqloc.obj
 0001:00031960       ___ld12mul                 00432960 f   libcmtd:tenpow.obj
 0001:00031da0       ___multtenpow12            00432da0 f   libcmtd:tenpow.obj
 0001:00031e70       __alloc_osfhnd             00432e70 f   libcmtd:osfinfo.obj
 0001:00032060       __set_osfhnd               00433060 f   libcmtd:osfinfo.obj
 0001:00032120       __free_osfhnd              00433120 f   libcmtd:osfinfo.obj
 0001:00032200       __get_osfhandle            00433200 f   libcmtd:osfinfo.obj
 0001:00032270       __open_osfhandle           00433270 f   libcmtd:osfinfo.obj
 0001:00032380       __lock_fhandle             00433380 f   libcmtd:osfinfo.obj
 0001:00032410       __unlock_fhandle           00433410 f   libcmtd:osfinfo.obj
 0001:00032440       __fcloseall                00433440 f   libcmtd:closeall.obj
 0001:00032520       _fflush                    00433520 f   libcmtd:fflush.obj
 0001:00032570       __fflush_lk                00433570 f   libcmtd:fflush.obj
 0001:000325c0       __flush                    004335c0 f   libcmtd:fflush.obj
 0001:00032680       __flushall                 00433680 f   libcmtd:fflush.obj
 0001:000327d0       __Getdays                  004337d0 f   libcmtd:strftime.obj
 0001:00032900       __Getmonths                00433900 f   libcmtd:strftime.obj
 0001:00032a30       __Gettnames                00433a30 f   libcmtd:strftime.obj
 0001:00032da0       _strftime                  00433da0 f   libcmtd:strftime.obj
 0001:00032dc0       __Strftime                 00433dc0 f   libcmtd:strftime.obj
 0001:00033ce0       ___getlocaleinfo           00434ce0 f   libcmtd:inithelp.obj
 0001:00033f70       _localeconv                00434f70 f   libcmtd:lconv.obj
 0001:00033f80       ___crtGetStringTypeW       00434f80 f   libcmtd:w_str.obj
 0001:000341f0       __strcmpi                  004351f0 f   libcmtd:stricmp.obj
 0001:000341f0       __stricmp                  004351f0 f   libcmtd:stricmp.obj
 0001:000342c0       __strnicmp                 004352c0 f   libcmtd:strnicmp.obj
 0001:000343d0       _atol                      004353d0 f   libcmtd:atox.obj
 0001:000344d0       _atoi                      004354d0 f   libcmtd:atox.obj
 0001:000344f0       __atoi64                   004354f0 f   libcmtd:atox.obj
 0001:00034620       _fclose                    00435620 f   libcmtd:fclose.obj
 0001:000346b0       __fclose_lk                004356b0 f   libcmtd:fclose.obj
 0001:00034770       __commit                   00435770 f   libcmtd:commit.obj
 0001:00034850       ___tzset                   00435850 f   libcmtd:tzset.obj
 0001:00034890       __tzset                    00435890 f   libcmtd:tzset.obj
 0001:00034c60       __isindst                  00435c60 f   libcmtd:tzset.obj
 0001:00035190       ___crtGetLocaleInfoW       00436190 f   libcmtd:w_loc.obj
 0001:00035330       ___crtGetLocaleInfoA       00436330 f   libcmtd:a_loc.obj
 0001:000354e0       __allmul                   004364e0 f   libcmtd:llmul.obj
 0001:00035520       __close                    00436520 f   libcmtd:close.obj
 0001:000355a0       __close_lk                 004365a0 f   libcmtd:close.obj
 0001:00035650       __freebuf                  00436650 f   libcmtd:_freebuf.obj
 0001:000356f0       _getenv                    004366f0 f   libcmtd:getenv.obj
 0001:00035720       __getenv_lk                00436720 f   libcmtd:getenv.obj
 0001:000357f0       __mbsnbicoll               004367f0 f   libcmtd:mbsnbico.obj
 0001:00035840       ___wtomb_environ           00436840 f   libcmtd:wtombenv.obj
 0001:000358f0       ___crtCompareStringA       004368f0 f   libcmtd:a_cmp.obj
 0001:00035d40       ___crtsetenv               00436d40 f   libcmtd:setenv.obj
 0001:00036190       __mbschr                   00437190 f   libcmtd:mbschr.obj
 0001:0003627e       _CreateProcessW@40         0043727e f   kernel32:KERNEL32.dll
 0001:00036284       _Sleep@4                   00437284 f   kernel32:KERNEL32.dll
 0001:0003628a       _MoveFileW@8               0043728a f   kernel32:KERNEL32.dll
 0001:00036290       _DeleteFileW@4             00437290 f   kernel32:KERNEL32.dll
 0001:00036296       _WinExec@8                 00437296 f   kernel32:KERNEL32.dll
 0001:0003629c       _SetEvent@4                0043729c f   kernel32:KERNEL32.dll
 0001:000362a2       _lstrlenW@4                004372a2 f   kernel32:KERNEL32.dll
 0001:000362a8       _lstrcpyW@8                004372a8 f   kernel32:KERNEL32.dll
 0001:000362ae       _GetUserDefaultLangID@0    004372ae f   kernel32:KERNEL32.dll
 0001:000362b4       _CreateEventW@16           004372b4 f   kernel32:KERNEL32.dll
 0001:000362ba       _CloseHandle@4             004372ba f   kernel32:KERNEL32.dll
 0001:000362c0       _GetTickCount@0            004372c0 f   kernel32:KERNEL32.dll
 0001:000362c6       _FileTimeToSystemTime@8    004372c6 f   kernel32:KERNEL32.dll
 0001:000362cc       _lstrcpynW@12              004372cc f   kernel32:KERNEL32.dll
 0001:000362d2       _WaitForSingleObject@8     004372d2 f   kernel32:KERNEL32.dll
 0001:000362d8       _SetCommState@8            004372d8 f   kernel32:KERNEL32.dll
 0001:000362de       _GetCommState@8            004372de f   kernel32:KERNEL32.dll
 0001:000362e4       _CreateFileW@28            004372e4 f   kernel32:KERNEL32.dll
 0001:000362ea       _WriteFile@20              004372ea f   kernel32:KERNEL32.dll
 0001:000362f0       _lstrcmpW@8                004372f0 f   kernel32:KERNEL32.dll
 0001:000362f6       _SystemTimeToFileTime@8    004372f6 f   kernel32:KERNEL32.dll
 0001:000362fc       _GetLocalTime@4            004372fc f   kernel32:KERNEL32.dll
 0001:00036302       _IsBadWritePtr@8           00437302 f   kernel32:KERNEL32.dll
 0001:00036308       _IsBadReadPtr@8            00437308 f   kernel32:KERNEL32.dll
 0001:0003630e       _HeapValidate@12           0043730e f   kernel32:KERNEL32.dll
 0001:00036314       _ResumeThread@4            00437314 f   kernel32:KERNEL32.dll
 0001:0003631a       _GetLastError@0            0043731a f   kernel32:KERNEL32.dll
 0001:00036320       _CreateThread@24           00437320 f   kernel32:KERNEL32.dll
 0001:00036326       _TlsSetValue@8             00437326 f   kernel32:KERNEL32.dll
 0001:0003632c       _TlsGetValue@4             0043732c f   kernel32:KERNEL32.dll
 0001:00036332       _ExitThread@4              00437332 f   kernel32:KERNEL32.dll
 0001:00036338       _GetModuleHandleA@4        00437338 f   kernel32:KERNEL32.dll
 0001:0003633e       _GetStartupInfoA@4         0043733e f   kernel32:KERNEL32.dll
 0001:00036344       _GetCommandLineA@0         00437344 f   kernel32:KERNEL32.dll
 0001:0003634a       _GetVersion@0              0043734a f   kernel32:KERNEL32.dll
 0001:00036350       _ExitProcess@4             00437350 f   kernel32:KERNEL32.dll
 0001:00036356       _InitializeCriticalSection@4 00437356 f   kernel32:KERNEL32.dll
 0001:0003635c       _DeleteCriticalSection@4   0043735c f   kernel32:KERNEL32.dll
 0001:00036362       _EnterCriticalSection@4    00437362 f   kernel32:KERNEL32.dll
 0001:00036368       _LeaveCriticalSection@4    00437368 f   kernel32:KERNEL32.dll
 0001:0003636e       _FatalAppExitA@8           0043736e f   kernel32:KERNEL32.dll
 0001:00036374       _DebugBreak@0              00437374 f   kernel32:KERNEL32.dll
 0001:0003637a       _GetStdHandle@4            0043737a f   kernel32:KERNEL32.dll
 0001:00036380       _InterlockedDecrement@4    00437380 f   kernel32:KERNEL32.dll
 0001:00036386       _OutputDebugStringA@4      00437386 f   kernel32:KERNEL32.dll
 0001:0003638c       _GetProcAddress@8          0043738c f   kernel32:KERNEL32.dll
 0001:00036392       _LoadLibraryA@4            00437392 f   kernel32:KERNEL32.dll
 0001:00036398       _InterlockedIncrement@4    00437398 f   kernel32:KERNEL32.dll
 0001:0003639e       _GetModuleFileNameA@12     0043739e f   kernel32:KERNEL32.dll
 0001:000363a4       _TerminateProcess@8        004373a4 f   kernel32:KERNEL32.dll
 0001:000363aa       _GetCurrentProcess@0       004373aa f   kernel32:KERNEL32.dll
 0001:000363b0       _RtlUnwind@16              004373b0 f   kernel32:KERNEL32.dll
 0001:000363b6       _HeapAlloc@12              004373b6 f   kernel32:KERNEL32.dll
 0001:000363bc       _HeapReAlloc@16            004373bc f   kernel32:KERNEL32.dll
 0001:000363c2       _HeapFree@12               004373c2 f   kernel32:KERNEL32.dll
 0001:000363c8       _VirtualFree@12            004373c8 f   kernel32:KERNEL32.dll
 0001:000363ce       _VirtualAlloc@16           004373ce f   kernel32:KERNEL32.dll
 0001:000363d4       _GetEnvironmentVariableA@12 004373d4 f   kernel32:KERNEL32.dll
 0001:000363da       _GetVersionExA@4           004373da f   kernel32:KERNEL32.dll
 0001:000363e0       _HeapDestroy@4             004373e0 f   kernel32:KERNEL32.dll
 0001:000363e6       _HeapCreate@12             004373e6 f   kernel32:KERNEL32.dll
 0001:000363ec       _GetCurrentThreadId@0      004373ec f   kernel32:KERNEL32.dll
 0001:000363f2       _TlsAlloc@0                004373f2 f   kernel32:KERNEL32.dll
 0001:000363f8       _TlsFree@4                 004373f8 f   kernel32:KERNEL32.dll
 0001:000363fe       _SetLastError@4            004373fe f   kernel32:KERNEL32.dll
 0001:00036404       _GetCurrentThread@0        00437404 f   kernel32:KERNEL32.dll
 0001:0003640a       _UnhandledExceptionFilter@4 0043740a f   kernel32:KERNEL32.dll
 0001:00036410       _FreeEnvironmentStringsA@4 00437410 f   kernel32:KERNEL32.dll
 0001:00036416       _FreeEnvironmentStringsW@4 00437416 f   kernel32:KERNEL32.dll
 0001:0003641c       _WideCharToMultiByte@32    0043741c f   kernel32:KERNEL32.dll
 0001:00036422       _GetEnvironmentStrings@0   00437422 f   kernel32:KERNEL32.dll
 0001:00036428       _GetEnvironmentStringsW@0  00437428 f   kernel32:KERNEL32.dll
 0001:0003642e       _SetHandleCount@4          0043742e f   kernel32:KERNEL32.dll
 0001:00036434       _GetFileType@4             00437434 f   kernel32:KERNEL32.dll
 0001:0003643a       _SetConsoleCtrlHandler@8   0043743a f   kernel32:KERNEL32.dll
 0001:00036440       _MultiByteToWideChar@24    00437440 f   kernel32:KERNEL32.dll
 0001:00036446       _GetStringTypeA@20         00437446 f   kernel32:KERNEL32.dll
 0001:0003644c       _GetStringTypeW@16         0043744c f   kernel32:KERNEL32.dll
 0001:00036452       _GetCPInfo@8               00437452 f   kernel32:KERNEL32.dll
 0001:00036458       _GetACP@0                  00437458 f   kernel32:KERNEL32.dll
 0001:0003645e       _GetOEMCP@0                0043745e f   kernel32:KERNEL32.dll
 0001:00036464       _LCMapStringA@24           00437464 f   kernel32:KERNEL32.dll
 0001:0003646a       _LCMapStringW@24           0043746a f   kernel32:KERNEL32.dll
 0001:00036470       _SetFilePointer@16         00437470 f   kernel32:KERNEL32.dll
 0001:00036476       _IsValidLocale@8           00437476 f   kernel32:KERNEL32.dll
 0001:0003647c       _IsValidCodePage@4         0043747c f   kernel32:KERNEL32.dll
 0001:00036482       _GetLocaleInfoA@16         00437482 f   kernel32:KERNEL32.dll
 0001:00036488       _EnumSystemLocalesA@8      00437488 f   kernel32:KERNEL32.dll
 0001:0003648e       _GetUserDefaultLCID@0      0043748e f   kernel32:KERNEL32.dll
 0001:00036494       _SetStdHandle@8            00437494 f   kernel32:KERNEL32.dll
 0001:0003649a       _FlushFileBuffers@4        0043749a f   kernel32:KERNEL32.dll
 0001:000364a0       _GetTimeZoneInformation@4  004374a0 f   kernel32:KERNEL32.dll
 0001:000364a6       _GetLocaleInfoW@16         004374a6 f   kernel32:KERNEL32.dll
 0001:000364ac       _CompareStringA@24         004374ac f   kernel32:KERNEL32.dll
 0001:000364b2       _CompareStringW@24         004374b2 f   kernel32:KERNEL32.dll
 0001:000364b8       _SetEnvironmentVariableA@8 004374b8 f   kernel32:KERNEL32.dll
 0001:000364be       _MessageBoxW@16            004374be f   user32:USER32.dll
 0001:000364c4       _CallWindowProcW@20        004374c4 f   user32:USER32.dll
 0001:000364ca       _SetFocus@4                004374ca f   user32:USER32.dll
 0001:000364d0       _GetDlgItem@8              004374d0 f   user32:USER32.dll
 0001:000364d6       _DefWindowProcW@16         004374d6 f   user32:USER32.dll
 0001:000364dc       _PostQuitMessage@4         004374dc f   user32:USER32.dll
 0001:000364e2       _GetClientRect@8           004374e2 f   user32:USER32.dll
 0001:000364e8       _DdeGetData@16             004374e8 f   user32:USER32.dll
 0001:000364ee       _SetTimer@16               004374ee f   user32:USER32.dll
 0001:000364f4       _EndDialog@8               004374f4 f   user32:USER32.dll
 0001:000364fa       _InvalidateRect@12         004374fa f   user32:USER32.dll
 0001:00036500       _GetFocus@0                00437500 f   user32:USER32.dll
 0001:00036506       _CheckRadioButton@16       00437506 f   user32:USER32.dll
 0001:0003650c       _PostMessageW@16           0043750c f   user32:USER32.dll
 0001:00036512       _DialogBoxParamW@20        00437512 f   user32:USER32.dll
 0001:00036518       _KillTimer@8               00437518 f   user32:USER32.dll
 0001:0003651e       _GetDC@4                   0043751e f   user32:USER32.dll
 0001:00036524       _ReleaseDC@8               00437524 f   user32:USER32.dll
 0001:0003652a       _SendMessageW@16           0043752a f   user32:USER32.dll
 0001:00036530       _CreateWindowExW@48        00437530 f   user32:USER32.dll
 0001:00036536       _EnableMenuItem@12         00437536 f   user32:USER32.dll
 0001:0003653c       _GetMenu@4                 0043753c f   user32:USER32.dll
 0001:00036542       _CloseWindow@4             00437542 f   user32:USER32.dll
 0001:00036548       _CreateDialogParamW@20     00437548 f   user32:USER32.dll
 0001:0003654e       _SetWindowLongW@12         0043754e f   user32:USER32.dll
 0001:00036554       _GetDesktopWindow@0        00437554 f   user32:USER32.dll
 0001:0003655a       _UpdateWindow@4            0043755a f   user32:USER32.dll
 0001:00036560       _RegisterClassW@4          00437560 f   user32:USER32.dll
 0001:00036566       _LoadIconW@8               00437566 f   user32:USER32.dll
 0001:0003656c       _LoadCursorW@8             0043756c f   user32:USER32.dll
 0001:00036572       _DispatchMessageW@4        00437572 f   user32:USER32.dll
 0001:00036578       _TranslateMessage@4        00437578 f   user32:USER32.dll
 0001:0003657e       _IsDialogMessageW@8        0043757e f   user32:USER32.dll
 0001:00036584       _TranslateAcceleratorW@12  00437584 f   user32:USER32.dll
 0001:0003658a       _GetMessageW@16            0043758a f   user32:USER32.dll
 0001:00036590       _LoadAcceleratorsW@8       00437590 f   user32:USER32.dll
 0001:00036596       _SetWindowPos@28           00437596 f   user32:USER32.dll
 0001:0003659c       _IsWindowEnabled@4         0043759c f   user32:USER32.dll
 0001:000365a2       _GetDlgCtrlID@4            004375a2 f   user32:USER32.dll
 0001:000365a8       _SetBkColor@8              004375a8 f   gdi32:GDI32.dll
 0001:000365ae       _DeleteObject@4            004375ae f   gdi32:GDI32.dll
 0001:000365b4       _LineTo@12                 004375b4 f   gdi32:GDI32.dll
 0001:000365ba       _MoveToEx@16               004375ba f   gdi32:GDI32.dll
 0001:000365c0       _SelectObject@8            004375c0 f   gdi32:GDI32.dll
 0001:000365c6       _CreatePen@12              004375c6 f   gdi32:GDI32.dll
 0001:000365cc       _CreateSolidBrush@4        004375cc f   gdi32:GDI32.dll
 0001:000365d2       _InitCommonControls@0      004375d2 f   comctl32:COMCTL32.dll
 0001:000365d8       _SHAppBarMessage@8         004375d8 f   shell32:SHELL32.dll
 0001:000365de       _inet_addr@4               004375de f   wsock32:WSOCK32.dll
 0001:000365e4       _htons@4                   004375e4 f   wsock32:WSOCK32.dll
 0001:000365ea       _WSACleanup@0              004375ea f   wsock32:WSOCK32.dll
 0001:000365f0       _closesocket@4             004375f0 f   wsock32:WSOCK32.dll
 0001:000365f6       _sendto@24                 004375f6 f   wsock32:WSOCK32.dll
 0001:000365fc       _recvfrom@24               004375fc f   wsock32:WSOCK32.dll
 0001:00036602       _gethostbyname@4           00437602 f   wsock32:WSOCK32.dll
 0001:00036608       _gethostname@8             00437608 f   wsock32:WSOCK32.dll
 0001:0003660e       _bind@12                   0043760e f   wsock32:WSOCK32.dll
 0001:00036614       _htonl@4                   00437614 f   wsock32:WSOCK32.dll
 0001:0003661a       _WSAGetLastError@0         0043761a f   wsock32:WSOCK32.dll
 0001:00036620       _socket@12                 00437620 f   wsock32:WSOCK32.dll
 0001:00036626       _WSAStartup@8              00437626 f   wsock32:WSOCK32.dll
 0001:00036630       ?destroy@WINDOW_CLASS@@QAEXXZ 00437630 f   v5subs:wclass.obj
 0001:0003665b       ?show@WINDOW_CLASS@@QAEXH@Z 0043765b f   v5subs:wclass.obj
 0001:00036682       ?enable@WINDOW_CLASS@@QAEX_N@Z 00437682 f   v5subs:wclass.obj
 0001:000366c7       ?enable@WINDOW_CLASS@@QAEXE@Z 004376c7 f   v5subs:wclass.obj
 0001:0003670c       ?send@WINDOW_CLASS@@QAEXIIJ@Z 0043770c f   v5subs:wclass.obj
 0001:0003673b       ?send@WINDOW_CLASS@@QAEXI@Z 0043773b f   v5subs:wclass.obj
 0001:00036766       ?post@WINDOW_CLASS@@QAEXIIJ@Z 00437766 f   v5subs:wclass.obj
 0001:00036795       ?post@WINDOW_CLASS@@QAEXI@Z 00437795 f   v5subs:wclass.obj
 0001:000367c0       ?shrinkwrap@WINDOW_CLASS@@QAEXPAUHWND__@@@Z 004377c0 f   v5subs:wclass.obj
 0001:000367e0       ?move@WINDOW_CLASS@@QAEXHHHHH@Z 004377e0 f   v5subs:wclass.obj
 0001:00036817       ?getrect@WINDOW_CLASS@@QAEHAAUtagRECT@@@Z 00437817 f   v5subs:wclass.obj
 0001:0003684b       ?get_move_rect@WINDOW_CLASS@@QAEHAAUtagRECT@@@Z 0043784b f   v5subs:wclass.obj
 0001:0003691f       ?remove_style@WINDOW_CLASS@@QAEHJ@Z 0043791f f   v5subs:wclass.obj
 0001:00036965       ?add_style@WINDOW_CLASS@@QAEHJ@Z 00437965 f   v5subs:wclass.obj
 0001:000369a7       ?style@WINDOW_CLASS@@QAEJXZ 004379a7 f   v5subs:wclass.obj
 0001:000369d9       ?userdata@WINDOW_CLASS@@QAEJXZ 004379d9 f   v5subs:wclass.obj
 0001:00036a0b       ?offset@WINDOW_CLASS@@QAEXJJ@Z 00437a0b f   v5subs:wclass.obj
 0001:00036a5a       ?move@WINDOW_CLASS@@QAEXHHH@Z 00437a5a f   v5subs:wclass.obj
 0001:00036aac       ?move@WINDOW_CLASS@@QAEXAAUtagRECT@@@Z 00437aac f   v5subs:wclass.obj
 0001:00036af7       ?is_enabled@WINDOW_CLASS@@QAEHXZ 00437af7 f   v5subs:wclass.obj
 0001:00036b1c       ?is_visible@WINDOW_CLASS@@QAEHXZ 00437b1c f   v5subs:wclass.obj
 0001:00036b41       ?is_minimized@WINDOW_CLASS@@QAEHXZ 00437b41 f   v5subs:wclass.obj
 0001:00036b66       ?refresh@WINDOW_CLASS@@QAEXXZ 00437b66 f   v5subs:wclass.obj
 0001:00036b93       ?set_title@WINDOW_CLASS@@QAEXPAG@Z 00437b93 f   v5subs:wclass.obj
 0001:00036bc6       ?empty@WINDOW_ARRAY_CLASS@@QAEXXZ 00437bc6 f   v5subs:wclass.obj
 0001:00036c2e       ?remove_all@WINDOW_ARRAY_CLASS@@QAEXXZ 00437c2e f   v5subs:wclass.obj
 0001:00036c88       ??1WINDOW_ARRAY_CLASS@@QAE@XZ 00437c88 f   v5subs:wclass.obj
 0001:00036c9b       ?setsize@WINDOW_ARRAY_CLASS@@QAE_NH@Z 00437c9b f   v5subs:wclass.obj
 0001:00036e18       ?contains@WINDOW_ARRAY_CLASS@@QAE_NPAUHWND__@@@Z 00437e18 f   v5subs:wclass.obj
 0001:00036e69       ?next@WINDOW_ARRAY_CLASS@@QAE_NXZ 00437e69 f   v5subs:wclass.obj
 0001:00036e9a       ?add@WINDOW_ARRAY_CLASS@@QAE_NPAUHWND__@@@Z 00437e9a f   v5subs:wclass.obj
 0001:00036f07       ?remove@WINDOW_ARRAY_CLASS@@QAE_NPAUHWND__@@@Z 00437f07 f   v5subs:wclass.obj
 0001:00036fbe       ??AWINDOW_ARRAY_CLASS@@QAEAAVWINDOW_CLASS@@H@Z 00437fbe f   v5subs:wclass.obj
 0001:00037040       ??_EWINDOW_CLASS@@UAEPAXI@Z 00438040 f i v5subs:wclass.obj
 0001:000370b0       ??1LISTBOX_CLASS@@QAE@XZ   004380b0 f   v5subs:listbox.obj
 0001:000370db       ?init@LISTBOX_CLASS@@QAEEPAUHWND__@@@Z 004380db f   v5subs:listbox.obj
 0001:0003718e       ?init@LISTBOX_CLASS@@QAEEPAUHWND__@@H@Z 0043818e f   v5subs:listbox.obj
 0001:000371b2       ?empty@LISTBOX_CLASS@@QAEXXZ 004381b2 f   v5subs:listbox.obj
 0001:000371db       ?check_buf_size@LISTBOX_CLASS@@AAEEH@Z 004381db f   v5subs:listbox.obj
 0001:00037253       ?check_buf_size@LISTBOX_CLASS@@AAEEPAG@Z 00438253 f   v5subs:listbox.obj
 0001:0003727b       ?check_item_size@LISTBOX_CLASS@@AAEEH@Z 0043827b f   v5subs:listbox.obj
 0001:000372d5       ?add@LISTBOX_CLASS@@QAEHPAG@Z 004382d5 f   v5subs:listbox.obj
 0001:0003733b       ?insert@LISTBOX_CLASS@@QAEHHPAG@Z 0043833b f   v5subs:listbox.obj
 0001:000373a3       ?setcursel@LISTBOX_CLASS@@QAEEH@Z 004383a3 f   v5subs:listbox.obj
 0001:00037415       ?index@LISTBOX_CLASS@@QAEHPAG@Z 00438415 f   v5subs:listbox.obj
 0001:00037467       ?setcursel@LISTBOX_CLASS@@QAEEPAG@Z 00438467 f   v5subs:listbox.obj
 0001:000374cd       ?findprefix@LISTBOX_CLASS@@QAEEPAG@Z 004384cd f   v5subs:listbox.obj
 0001:00037537       ?redraw_off@LISTBOX_CLASS@@QAEXXZ 00438537 f   v5subs:listbox.obj
 0001:00037554       ?redraw_on@LISTBOX_CLASS@@QAEXXZ 00438554 f   v5subs:listbox.obj
 0001:00037581       ?count@LISTBOX_CLASS@@QAEHXZ 00438581 f   v5subs:listbox.obj
 0001:000375cb       ?current_index@LISTBOX_CLASS@@QAEHXZ 004385cb f   v5subs:listbox.obj
 0001:00037610       ?set_current_index@LISTBOX_CLASS@@QAEEH@Z 00438610 f   v5subs:listbox.obj
 0001:0003764e       ?get_item_data@LISTBOX_CLASS@@QAEHH@Z 0043864e f   v5subs:listbox.obj
 0001:0003767a       ?get_item_data@LISTBOX_CLASS@@QAEHXZ 0043867a f   v5subs:listbox.obj
 0001:000376af       ?set_item_data@LISTBOX_CLASS@@QAE_NHH@Z 004386af f   v5subs:listbox.obj
 0001:000376e6       ?set_item_data@LISTBOX_CLASS@@QAE_NH@Z 004386e6 f   v5subs:listbox.obj
 0001:00037728       ?top_index@LISTBOX_CLASS@@QAEHXZ 00438728 f   v5subs:listbox.obj
 0001:0003776d       ?set_top_index@LISTBOX_CLASS@@QAEEH@Z 0043876d f   v5subs:listbox.obj
 0001:000377ab       ?scroll_to_end@LISTBOX_CLASS@@QAEXXZ 004387ab f   v5subs:listbox.obj
 0001:000377ea       ?remove@LISTBOX_CLASS@@QAEEH@Z 004387ea f   v5subs:listbox.obj
 0001:00037834       ?is_selected@LISTBOX_CLASS@@QAEEH@Z 00438834 f   v5subs:listbox.obj
 0001:0003786f       ?replace@LISTBOX_CLASS@@QAEEPAG@Z 0043886f f   v5subs:listbox.obj
 0001:00037900       ?set_select@LISTBOX_CLASS@@QAEXHE@Z 00438900 f   v5subs:listbox.obj
 0001:0003792c       ?select_all@LISTBOX_CLASS@@QAEXI@Z 0043892c f   v5subs:listbox.obj
 0001:000379a4       ?select_count@LISTBOX_CLASS@@QAEHXZ 004389a4 f   v5subs:listbox.obj
 0001:000379f5       ?item_text@LISTBOX_CLASS@@QAEPAGH@Z 004389f5 f   v5subs:listbox.obj
 0001:00037a67       ?selected_index@LISTBOX_CLASS@@QAEHXZ 00438a67 f   v5subs:listbox.obj
 0001:00037aaf       ?selected_text@LISTBOX_CLASS@@QAEPAGXZ 00438aaf f   v5subs:listbox.obj
 0001:00037ae0       ?get_select_list@LISTBOX_CLASS@@QAEHPAPAH@Z 00438ae0 f   v5subs:listbox.obj
 0001:00037b7f       ?visible_row_count@LISTBOX_CLASS@@QAEHXZ 00438b7f f   v5subs:listbox.obj
 0001:00037bed       ?convert_tab_array_to_dialog_units@LISTBOX_CLASS@@AAE_NPAHH@Z 00438bed f   v5subs:listbox.obj
 0001:00037c96       ?set_pixel_tabs@LISTBOX_CLASS@@QAE_NPAHH@Z 00438c96 f   v5subs:listbox.obj
 0001:00037cee       ?set_tabs@LISTBOX_CLASS@@QAE_NPAUHWND__@@@Z 00438cee f   v5subs:listbox.obj
 0001:00037dcf       ?set_tabs@LISTBOX_CLASS@@QAE_NHH@Z 00438dcf f   v5subs:listbox.obj
 0001:00037ed4       ?refresh@LISTBOX_CLASS@@QAEXXZ 00438ed4 f   v5subs:listbox.obj
 0001:00037f10       ?init_save_counts@@YAXPAUSAVE_COUNTS@@@Z 00438f10 f   v5subs:machine.obj
 0001:00037f45       ?init@MACHINE_CLASS@@QAEXXZ 00438f45 f   v5subs:machine.obj
 0001:0003802a       ??0MACHINE_CLASS@@QAE@XZ   0043902a f   v5subs:machine.obj
 0001:00038098       ?isempty@MACHINE_CLASS@@QAEEXZ 00439098 f   v5subs:machine.obj
 0001:000380ab       ?read_machset_db@MACHINE_CLASS@@QAEEAAVSTRING_CLASS@@@Z 004390ab f   v5subs:machine.obj
 0001:00038836       ?find@MACHINE_CLASS@@QAEEAAVSTRING_CLASS@@0@Z 00439836 f   v5subs:machine.obj
 0001:00038895       ?refresh_monitor_flags@MACHINE_CLASS@@QAEEXZ 00439895 f   v5subs:machine.obj
 0001:0003895d       ?has_binary_valve@MACHINE_CLASS@@QAEEXZ 0043995d f   v5subs:machine.obj
 0001:0003897e       ?set_has_binary_valve@MACHINE_CLASS@@QAEXE@Z 0043997e f   v5subs:machine.obj
 0001:000389c5       ?has_hmi@MACHINE_CLASS@@QAEEXZ 004399c5 f   v5subs:machine.obj
 0001:000389e6       ?set_has_hmi@MACHINE_CLASS@@QAEXE@Z 004399e6 f   v5subs:machine.obj
 0001:00038a2d       ?ls_off_at_eos@MACHINE_CLASS@@QAEEXZ 00439a2d f   v5subs:machine.obj
 0001:00038a51       ?set_ls_off_at_eos@MACHINE_CLASS@@QAEXE@Z 00439a51 f   v5subs:machine.obj
 0001:00038a98       ?save@MACHINE_CLASS@@QAEEXZ 00439a98 f   v5subs:machine.obj
 0001:00038f1d       ??4MACHINE_CLASS@@QAEXABV0@@Z 00439f1d f   v5subs:machine.obj
 0001:000390f0       ?count@SETPOINT_CLASS@@QAEHXZ 0043a0f0 f i v5subs:machine.obj
 0001:00039110       ?get_default_hmi_settings_csvname@NAME_CLASS@@QAEEXZ 0043a110 f i v5subs:machine.obj
 0001:00039130       ?create_directory@NAME_CLASS@@QAEEXZ 0043a130 f i v5subs:machine.obj
 0001:00039150       ?directory_exists@NAME_CLASS@@QAEEXZ 0043a150 f i v5subs:machine.obj
 0001:00039170       ?get_dstat_dbname@NAME_CLASS@@QAEEAAVSTRING_CLASS@@0@Z 0043a170 f i v5subs:machine.obj
 0001:000391a0       ?get_semaphor_dbname@NAME_CLASS@@QAEEAAVSTRING_CLASS@@0@Z 0043a1a0 f i v5subs:machine.obj
 0001:000391d0       ?empty@STRING_CLASS@@QAEXXZ 0043a1d0 f   v5subs:stringcl.obj
 0001:0003920e       ?null@STRING_CLASS@@QAEXXZ 0043a20e f   v5subs:stringcl.obj
 0001:00039231       ?acquire@STRING_CLASS@@QAEEPAGH@Z 0043a231 f   v5subs:stringcl.obj
 0001:00039281       ?acquire@STRING_CLASS@@QAEEPAG@Z 0043a281 f   v5subs:stringcl.obj
 0001:000392cb       ?get_ascii@STRING_CLASS@@QAEEPAD@Z 0043a2cb f   v5subs:stringcl.obj
 0001:00039378       ?release@STRING_CLASS@@QAEPAGXZ 0043a378 f   v5subs:stringcl.obj
 0001:000393a4       ?len@STRING_CLASS@@QAEJXZ  0043a3a4 f   v5subs:stringcl.obj
 0001:000393c9       ?last_char@STRING_CLASS@@QAEPAGXZ 0043a3c9 f   v5subs:stringcl.obj
 0001:00039400       ??0STRING_CLASS@@QAE@XZ    0043a400 f   v5subs:stringcl.obj
 0001:00039421       ??0STRING_CLASS@@QAE@PBG@Z 0043a421 f   v5subs:stringcl.obj
 0001:00039450       ??0STRING_CLASS@@QAE@ABV0@@Z 0043a450 f   v5subs:stringcl.obj
 0001:0003947f       ??1STRING_CLASS@@QAE@XZ    0043a47f f   v5subs:stringcl.obj
 0001:00039492       ?next_field@STRING_CLASS@@QAE_NG@Z 0043a492 f   v5subs:stringcl.obj
 0001:00039676       ?next_field@STRING_CLASS@@QAE_NXZ 0043a676 f   v5subs:stringcl.obj
 0001:00039690       ?get_text@STRING_CLASS@@QAE_NPAUHWND__@@@Z 0043a690 f   v5subs:stringcl.obj
 0001:00039714       ?set_text@STRING_CLASS@@QAE_NPAUHWND__@@@Z 0043a714 f   v5subs:stringcl.obj
 0001:00039759       ?init@STRING_CLASS@@QAEEJ@Z 0043a759 f   v5subs:stringcl.obj
 0001:000397dc       ?boolean_value@STRING_CLASS@@QAEEXZ 0043a7dc f   v5subs:stringcl.obj
 0001:0003982a       ??4STRING_CLASS@@QAEXE@Z   0043a82a f   v5subs:stringcl.obj
 0001:0003985f       ??4STRING_CLASS@@QAEXH@Z   0043a85f f   v5subs:stringcl.obj
 0001:0003989e       ??4STRING_CLASS@@QAEXI@Z   0043a89e f   v5subs:stringcl.obj
 0001:000398dd       ??4STRING_CLASS@@QAEXN@Z   0043a8dd f   v5subs:stringcl.obj
 0001:0003991e       ??4STRING_CLASS@@QAEXG@Z   0043a91e f   v5subs:stringcl.obj
 0001:00039950       ??4STRING_CLASS@@QAEXPBG@Z 0043a950 f   v5subs:stringcl.obj
 0001:000399d8       ??4STRING_CLASS@@QAEXABV0@@Z 0043a9d8 f   v5subs:stringcl.obj
 0001:000399f4       ?get_substring@STRING_CLASS@@QAEEABV1@GG@Z 0043a9f4 f   v5subs:stringcl.obj
 0001:00039b36       ?compare@STRING_CLASS@@QAEHPAG@Z 0043ab36 f   v5subs:stringcl.obj
 0001:00039b87       ??MSTRING_CLASS@@QAEEPBG@Z 0043ab87 f   v5subs:stringcl.obj
 0001:00039bc6       ??MSTRING_CLASS@@QAEEABV0@@Z 0043abc6 f   v5subs:stringcl.obj
 0001:00039c0b       ??OSTRING_CLASS@@QAEEPBG@Z 0043ac0b f   v5subs:stringcl.obj
 0001:00039c4a       ??OSTRING_CLASS@@QAEEABV0@@Z 0043ac4a f   v5subs:stringcl.obj
 0001:00039c8f       ??PSTRING_CLASS@@QAEEABV0@@Z 0043ac8f f   v5subs:stringcl.obj
 0001:00039cd4       ??NSTRING_CLASS@@QAEEABV0@@Z 0043acd4 f   v5subs:stringcl.obj
 0001:00039d19       ??8STRING_CLASS@@QAEEABV0@@Z 0043ad19 f   v5subs:stringcl.obj
 0001:00039d5e       ??8STRING_CLASS@@QAEEPBG@Z 0043ad5e f   v5subs:stringcl.obj
 0001:00039d9d       ?upsize@STRING_CLASS@@QAEEJ@Z 0043ad9d f   v5subs:stringcl.obj
 0001:00039e36       ?cat_w_char@STRING_CLASS@@QAEXPBGG@Z 0043ae36 f   v5subs:stringcl.obj
 0001:00039ed2       ?cat_path@STRING_CLASS@@QAEXPBG@Z 0043aed2 f   v5subs:stringcl.obj
 0001:00039fc4       ??YSTRING_CLASS@@QAEXG@Z   0043afc4 f   v5subs:stringcl.obj
 0001:0003a033       ??YSTRING_CLASS@@QAEXPBG@Z 0043b033 f   v5subs:stringcl.obj
 0001:0003a095       ??YSTRING_CLASS@@QAEXABV0@@Z 0043b095 f   v5subs:stringcl.obj
 0001:0003a0b1       ??YSTRING_CLASS@@QAEXE@Z   0043b0b1 f   v5subs:stringcl.obj
 0001:0003a0e6       ??YSTRING_CLASS@@QAEXH@Z   0043b0e6 f   v5subs:stringcl.obj
 0001:0003a14b       ??YSTRING_CLASS@@QAEXN@Z   0043b14b f   v5subs:stringcl.obj
 0001:0003a1b2       ??YSTRING_CLASS@@QAEXI@Z   0043b1b2 f   v5subs:stringcl.obj
 0001:0003a217       ?isempty@STRING_CLASS@@QAEEXZ 0043b217 f   v5subs:stringcl.obj
 0001:0003a25a       ?isnumeric@STRING_CLASS@@QAEEXZ 0043b25a f   v5subs:stringcl.obj
 0001:0003a314       ?iszero@STRING_CLASS@@QAE_NXZ 0043b314 f   v5subs:stringcl.obj
 0001:0003a3dc       ?real_value@STRING_CLASS@@QAENXZ 0043b3dc f   v5subs:stringcl.obj
 0001:0003a473       ?replace_leading_chars@STRING_CLASS@@QAEHGG@Z 0043b473 f   v5subs:stringcl.obj
 0001:0003a4e9       ?remove_leading_chars@STRING_CLASS@@QAEHG@Z 0043b4e9 f   v5subs:stringcl.obj
 0001:0003a558       ?find@STRING_CLASS@@QAEPAGG@Z 0043b558 f   v5subs:stringcl.obj
 0001:0003a5b5       ?find@STRING_CLASS@@QAEPAGPBG@Z 0043b5b5 f   v5subs:stringcl.obj
 0001:0003a5f3       ?contains@STRING_CLASS@@QAE_NG@Z 0043b5f3 f   v5subs:stringcl.obj
 0001:0003a617       ?start_equals@STRING_CLASS@@QAE_NPAG@Z 0043b617 f   v5subs:stringcl.obj
 0001:0003a689       ?uppercase@STRING_CLASS@@QAEXXZ 0043b689 f   v5subs:stringcl.obj
 0001:0003a6ac       ?lowercase@STRING_CLASS@@QAEXXZ 0043b6ac f   v5subs:stringcl.obj
 0001:0003a6cf       ?contains@STRING_CLASS@@QAE_NPBG@Z 0043b6cf f   v5subs:stringcl.obj
 0001:0003a6f2       ?replace@STRING_CLASS@@QAEEPBG0@Z 0043b6f2 f   v5subs:stringcl.obj
 0001:0003a7f9       ?replace@STRING_CLASS@@QAEEGG@Z 0043b7f9 f   v5subs:stringcl.obj
 0001:0003a863       ?replace_all@STRING_CLASS@@QAEHGG@Z 0043b863 f   v5subs:stringcl.obj
 0001:0003a8da       ?strip_crlf@STRING_CLASS@@QAEXXZ 0043b8da f   v5subs:stringcl.obj
 0001:0003a96f       ?null_first_control_char@STRING_CLASS@@QAEXXZ 0043b96f f   v5subs:stringcl.obj
 0001:0003a9d8       ?strip@STRING_CLASS@@QAEXXZ 0043b9d8 f   v5subs:stringcl.obj
 0001:0003aae0       ?rjust@STRING_CLASS@@QAEEJG@Z 0043bae0 f   v5subs:stringcl.obj
 0001:0003ab98       ?rjust@STRING_CLASS@@QAEEJ@Z 0043bb98 f   v5subs:stringcl.obj
 0001:0003abc0       ?init@PART_CLASS@@QAEXXZ   0043bbc0 f   v5subs:part.obj
 0001:0003ae21       ??0PART_CLASS@@QAE@XZ      0043be21 f   v5subs:part.obj
 0001:0003ae63       ??1PART_CLASS@@QAE@XZ      0043be63 f   v5subs:part.obj
 0001:0003ae9a       ??4PART_CLASS@@QAEXABV0@@Z 0043be9a f   v5subs:part.obj
 0001:0003b1bb       ?read_part_setup@PART_CLASS@@QAEEAAVSTRING_CLASS@@@Z 0043c1bb f   v5subs:part.obj
 0001:0003b1ec       ?refresh_time_sample@PART_CLASS@@QAEEXZ 0043c1ec f   v5subs:part.obj
 0001:0003b30b       ?read_ftchan_db@PART_CLASS@@QAEEAAVSTRING_CLASS@@@Z 0043c30b f   v5subs:part.obj
 0001:0003b3e9       ?read_x4_divisor@PART_CLASS@@QAEEXZ 0043c3e9 f   v5subs:part.obj
 0001:0003b540       ?find@PART_CLASS@@QAEEAAVSTRING_CLASS@@00@Z 0043c540 f   v5subs:part.obj
 0001:0003b6c3       ?save@PART_CLASS@@QAEEXZ   0043c6c3 f   v5subs:part.obj
 0001:0003b98e       ?plunger_area@PART_CLASS@@QAENXZ 0043c98e f   v5subs:part.obj
[...]
 0001:0002a5f4       UnwindDown3                0042b5f4 f   libcmtd:memmove.obj
 0001:0002a5fc       UnwindDown2                0042b5fc f   libcmtd:memmove.obj
 0001:0002a604       UnwindDown1                0042b604 f   libcmtd:memmove.obj
 0001:0002a617       UnwindDown0                0042b617 f   libcmtd:memmove.obj
 0001:0002a630       TrailDown0                 0042b630 f   libcmtd:memmove.obj
 0001:0002a638       TrailDown1                 0042b638 f   libcmtd:memmove.obj
 0001:0002a648       TrailDown2                 0042b648 f   libcmtd:memmove.obj
 0001:0002a65c       TrailDown3                 0042b65c f   libcmtd:memmove.obj
 0001:0002a360       CopyUp                     0042b360 f   libcmtd:memmove.obj
 0001:0002a37c       CopyLeadUp                 0042b37c f   libcmtd:memmove.obj
 0001:0002a394       ByteCopyUp                 0042b394 f   libcmtd:memmove.obj
 0001:0002a39c       CopyUnwindUp               0042b39c f   libcmtd:memmove.obj
 0001:0002a4d8       CopyDown                   0042b4d8 f   libcmtd:memmove.obj
 0001:0002a500       CopyUnwindDown             0042b500 f   libcmtd:memmove.obj
 0001:0002a50c       CopyLeadDown               0042b50c f   libcmtd:memmove.obj
 0001:0002a524       ByteCopyDown               0042b524 f   libcmtd:memmove.obj
 0001:00029300       __abstract_cw              0042a300 f   libcmtd:ieee87.obj
 0001:00029480       __hw_cw                    0042a480 f   libcmtd:ieee87.obj
 0001:000295e0       __abstract_sw              0042a5e0 f   libcmtd:ieee87.obj
 0001:00029114       src_misaligned             0042a114 f   libcmtd:strncpy.obj
 0001:00029130       tail_loop_start            0042a130 f   libcmtd:strncpy.obj
 0001:00029135       copy_tail_loop             0042a135 f   libcmtd:strncpy.obj
 0001:00029142       fill_tail_end1             0042a142 f   libcmtd:strncpy.obj
 0001:0002914a       align_dest                 0042a14a f   libcmtd:strncpy.obj
 0001:00029152       dest_align_loop            0042a152 f   libcmtd:strncpy.obj
 0001:00029164       dest_align_loop_end        0042a164 f   libcmtd:strncpy.obj
 0001:0002916b       finish_loop                0042a16b f   libcmtd:strncpy.obj
 0001:0002916e       fill_tail_zero_bytes       0042a16e f   libcmtd:strncpy.obj
 0001:00029173       finish                     0042a173 f   libcmtd:strncpy.obj
 0001:00029179       main_loop                  0042a179 f   libcmtd:strncpy.obj
 0001:00029181       main_loop_entrance         0042a181 f   libcmtd:strncpy.obj
 0001:000291b7       byte_2                     0042a1b7 f   libcmtd:strncpy.obj
 0001:000291c1       byte_1                     0042a1c1 f   libcmtd:strncpy.obj
 0001:000291cb       byte_0                     0042a1cb f   libcmtd:strncpy.obj
 0001:000291cf       fill_with_EOS_dwords       0042a1cf f   libcmtd:strncpy.obj
 0001:000291d7       fill_dwords_with_EOS       0042a1d7 f   libcmtd:strncpy.obj
 0001:000291d9       fill_with_EOS_loop         0042a1d9 f   libcmtd:strncpy.obj
 0001:000291e1       fill_tail                  0042a1e1 f   libcmtd:strncpy.obj
 0001:000291e6       fill_tail_end              0042a1e6 f   libcmtd:strncpy.obj
 0001:00028cd0       _ctrlevent_capture@4       00429cd0 f   libcmtd:winsig.obj
 0001:00028fb0       _siglookup                 00429fb0 f   libcmtd:winsig.obj
 0001:000288cd       dest_misaligned            004298cd f   libcmtd:strcat.obj
 0001:000288dc       find_end_of_dest_string_loop 004298dc f   libcmtd:strcat.obj
 0001:0002890f       start_byte_3               0042990f f   libcmtd:strcat.obj
 0001:00028914       start_byte_2               00429914 f   libcmtd:strcat.obj
 0001:00028919       start_byte_1               00429919 f   libcmtd:strcat.obj
 0001:0002891e       start_byte_0               0042991e f   libcmtd:strcat.obj
 0001:0002892d       src_misaligned             0042992d f   libcmtd:strcat.obj
 0001:00028941       main_loop                  00429941 f   libcmtd:strcat.obj
 0001:00028946       main_loop_entrance         00429946 f   libcmtd:strcat.obj
 0001:0002897a       byte_3                     0042997a f   libcmtd:strcat.obj
 0001:00028982       byte_2                     00429982 f   libcmtd:strcat.obj
 0001:0002898f       byte_1                     0042998f f   libcmtd:strcat.obj
 0001:00028998       byte_0                     00429998 f   libcmtd:strcat.obj
 0001:00028921       copy_start                 00429921 f   libcmtd:strcat.obj
 0001:0002873c       str_misaligned             0042973c f   libcmtd:strlen.obj
 0001:00028750       main_loop                  00429750 f   libcmtd:strlen.obj
 0001:00028783       byte_3                     00429783 f   libcmtd:strlen.obj
 0001:0002878d       byte_2                     0042978d f   libcmtd:strlen.obj
 0001:00028797       byte_1                     00429797 f   libcmtd:strlen.obj
 0001:000287a1       byte_0                     004297a1 f   libcmtd:strlen.obj
 0001:00028490       _xtoa                      00429490 f   libcmtd:xtoa.obj
 0001:00028610       _x64toa@20                 00429610 f   libcmtd:xtoa.obj
 0001:000277c0       _parse_cmdline             004287c0 f   libcmtd:stdargv.obj
 0001:00027470       _xcptlookup                00428470 f   libcmtd:winxfltr.obj
 0001:00023143       adjust_loop                00424143 f   libcmtd:memset.obj
 0001:00023149       dwords                     00424149 f   libcmtd:memset.obj
 0001:00023163       main_loop_tail             00424163 f   libcmtd:memset.obj
 0001:00023167       tail                       00424167 f   libcmtd:memset.obj
 0001:0002316d       finish                     0042416d f   libcmtd:memset.obj
 0001:00023173       toend                      00424173 f   libcmtd:memset.obj
 0001:00022f68       _gu_return                 00423f68 f   libcmtd:exsup.obj
 0001:00022f70       __unwind_handler           00423f70 f   libcmtd:exsup.obj
 0001:00022a40       __cftoe2                   00423a40 f   libcmtd:cvt.obj
 0001:00022c20       __cftof2                   00423c20 f   libcmtd:cvt.obj
 0001:00022eb0       __shift                    00423eb0 f   libcmtd:cvt.obj
 0001:000225a0       _doexit                    004235a0 f   libcmtd:crt0dat.obj
 0001:000226b0       __initterm                 004236b0 f   libcmtd:crt0dat.obj
 0001:000221d0       _CrtMessageWindow          004231d0 f   libcmtd:dbgrpt.obj
 0001:00021b40       _fast_error_exit           00422b40 f   libcmtd:wincrt0.obj
 0001:00021840       __threadstart@4            00422840 f   libcmtd:thread.obj
 0001:000214a0       LeadUp1                    004224a0 f   libcmtd:memcpy.obj
 0001:000214cc       LeadUp2                    004224cc f   libcmtd:memcpy.obj
 0001:000214f0       LeadUp3                    004224f0 f   libcmtd:memcpy.obj
 0001:0002156f       UnwindUp0                  0042256f f   libcmtd:memcpy.obj
 0001:0002155c       UnwindUp1                  0042255c f   libcmtd:memcpy.obj
 0001:00021554       UnwindUp2                  00422554 f   libcmtd:memcpy.obj
 0001:0002154c       UnwindUp3                  0042254c f   libcmtd:memcpy.obj
 0001:00021544       UnwindUp4                  00422544 f   libcmtd:memcpy.obj
 0001:0002153c       UnwindUp5                  0042253c f   libcmtd:memcpy.obj
 0001:00021534       UnwindUp6                  00422534 f   libcmtd:memcpy.obj
 0001:0002152c       UnwindUp7                  0042252c f   libcmtd:memcpy.obj
 0001:00021588       TrailUp0                   00422588 f   libcmtd:memcpy.obj
 0001:00021590       TrailUp1                   00422590 f   libcmtd:memcpy.obj
 0001:0002159c       TrailUp2                   0042259c f   libcmtd:memcpy.obj
 0001:000215b0       TrailUp3                   004225b0 f   libcmtd:memcpy.obj
 0001:00021628       LeadDown1                  00422628 f   libcmtd:memcpy.obj
 0001:00021648       LeadDown2                  00422648 f   libcmtd:memcpy.obj
 0001:00021670       LeadDown3                  00422670 f   libcmtd:memcpy.obj
 0001:000216c4       UnwindDown7                004226c4 f   libcmtd:memcpy.obj
 0001:000216cc       UnwindDown6                004226cc f   libcmtd:memcpy.obj
 0001:000216d4       UnwindDown5                004226d4 f   libcmtd:memcpy.obj
 0001:000216dc       UnwindDown4                004226dc f   libcmtd:memcpy.obj
 0001:000216e4       UnwindDown3                004226e4 f   libcmtd:memcpy.obj
 0001:000216ec       UnwindDown2                004226ec f   libcmtd:memcpy.obj
 0001:000216f4       UnwindDown1                004226f4 f   libcmtd:memcpy.obj
 0001:00021707       UnwindDown0                00422707 f   libcmtd:memcpy.obj
 0001:00021720       TrailDown0                 00422720 f   libcmtd:memcpy.obj
 0001:00021728       TrailDown1                 00422728 f   libcmtd:memcpy.obj
 0001:00021738       TrailDown2                 00422738 f   libcmtd:memcpy.obj
 0001:0002174c       TrailDown3                 0042274c f   libcmtd:memcpy.obj
 0001:00021450       CopyUp                     00422450 f   libcmtd:memcpy.obj
 0001:0002146c       CopyLeadUp                 0042246c f   libcmtd:memcpy.obj
 0001:00021484       ByteCopyUp                 00422484 f   libcmtd:memcpy.obj
 0001:0002148c       CopyUnwindUp               0042248c f   libcmtd:memcpy.obj
 0001:000215c8       CopyDown                   004225c8 f   libcmtd:memcpy.obj
 0001:000215f0       CopyUnwindDown             004225f0 f   libcmtd:memcpy.obj
 0001:000215fc       CopyLeadDown               004225fc f   libcmtd:memcpy.obj
 0001:00021614       ByteCopyDown               00422614 f   libcmtd:memcpy.obj
 0001:0001f6a0       _realloc_help              004206a0 f   libcmtd:dbgheap.obj
 0001:000203f0       _CheckBytes                004213f0 f   libcmtd:dbgheap.obj
 0001:000211c0       __printMemBlockData        004221c0 f   libcmtd:dbgheap.obj
 0001:0001f0c0       _$$$00001                  004200c0 f   libcmtd:chkstk.obj
 0001:0001f0cc       probepages                 004200cc f   libcmtd:chkstk.obj
 0001:0001f0e0       lastpage                   004200e0 f   libcmtd:chkstk.obj
 0001:0005fdcf       ?wait_for_key@@YAXXZ       00460dcf f   v5subs:error_ms.obj
 0001:0005fdeb       ?add_string@@YAXPAG@Z      00460deb f   v5subs:error_ms.obj
 0001:0005feb9       ?add_err_number@@YAXPAGF@Z 00460eb9 f   v5subs:error_ms.obj
 0001:0005fc40       _$E5                       00460c40 f   v5subs:semaphor.obj
 0001:0005fc4f       _$E2                       00460c4f f   v5subs:semaphor.obj
 0001:0005fc5e       _$E4                       00460c5e f   v5subs:semaphor.obj
 0001:0005fc70       _$E3                       00460c70 f   v5subs:semaphor.obj
 0001:0005eb43       ?comma_count@@YAHPAG@Z     0045fb43 f   v5subs:ftanalog.obj
 0001:0005966e       ?downstate@@YAHPAG0@Z      0045a66e f   v5subs:dstat.obj
 0001:00058770       _$E5                       00459770 f   v5subs:runlist.obj
 0001:0005877f       _$E2                       0045977f f   v5subs:runlist.obj
 0001:0005878e       _$E4                       0045978e f   v5subs:runlist.obj
 0001:000587a0       _$E3                       004597a0 f   v5subs:runlist.obj
 0001:00057ef0       ?shift_index@@YAFABU_SYSTEMTIME@@@Z 00458ef0 f   v5subs:shift.obj
 0001:00058085       ?add_seconds_to_systemtime@@YAEAAU_SYSTEMTIME@@J@Z 00459085 f   v5subs:shift.obj
 0001:000581b1       ?tomorrow@@YAFF@Z          004591b1 f   v5subs:shift.obj
 0001:000581d5       ?yeasterday@@YAFF@Z        004591d5 f   v5subs:shift.obj
 0001:000583db       ?shift_from_rec@@YAXPAFFAAVDB_TABLE@@@Z 004593db f   v5subs:shift.obj
 0001:00057b2a       ?reload_dcurves@@YAEXZ     00458b2a f   v5subs:dcurve.obj
 0001:00057c86       ?cleanup_dcurves@@YAXXZ    00458c86 f   v5subs:dcurve.obj
 0001:00056fb0       _$E4                       00457fb0 f   v5subs:optocontrol.obj
 0001:00056fbf       _$E1                       00457fbf f   v5subs:optocontrol.obj
 0001:00056fce       _$E3                       00457fce f   v5subs:optocontrol.obj
 0001:00056fe0       _$E2                       00457fe0 f   v5subs:optocontrol.obj
 0001:000570fc       ?create_my_font@@YAXXZ     004580fc f   v5subs:optocontrol.obj
 0001:000572bd       ?paint_me@@YAXPAUHWND__@@J@Z 004582bd f   v5subs:optocontrol.obj
 0001:0005767e       ?paint_background@@YAXPAUHWND__@@PAUHDC__@@@Z 0045867e f   v5subs:optocontrol.obj
 0001:000576b9       ?send_click_message_to_parent@@YAXPAUHWND__@@J@Z 004586b9 f   v5subs:optocontrol.obj
 0001:00056454       ?trim_text@@YAFPAGF@Z      00457454 f   v5subs:dbsubs.obj
 0001:0005673f       ?fieldlength@@YAFPBG@Z     0045773f f   v5subs:dbsubs.obj
 0001:000568da       ?add_field_delimiter@@YAXPAG@Z 004578da f   v5subs:dbsubs.obj
 0001:00054060       _$E5                       00455060 f   v5subs:client.obj
 0001:0005406f       _$E2                       0045506f f   v5subs:client.obj
 0001:0005407e       _$E4                       0045507e f   v5subs:client.obj
 0001:00054090       _$E3                       00455090 f   v5subs:client.obj
 0001:000541f8       ?item_index@@YAFPAG@Z      004551f8 f   v5subs:client.obj
 0001:0005455c       _$E9                       0045555c f   v5subs:client.obj
 0001:0005456b       _$E8                       0045556b f   v5subs:client.obj
 0001:000547a8       ?item_index@@YAHPAUHSZ__@@@Z 004557a8 f   v5subs:client.obj
 0001:0005484a       ?find_event_topic@@YAPAUEVENT_ENTRY@@PAG@Z 0045584a f   v5subs:client.obj
 0001:000548ff       ?find_existing_event_topic@@YAPAUEVENT_ENTRY@@PAG@Z 004558ff f   v5subs:client.obj
 0001:0005494b       ?find_event_item@@YAPAUEVENT_ITEM_ENTRY@@PAUEVENT_ENTRY@@FP6AXPAGFPAUHDDEDATA__@@@Z@Z 0045594b f   v5subs:client.obj
 0001:000549dc       ?find_existing_event_item@@YAPAUEVENT_ITEM_ENTRY@@PAUEVENT_ENTRY@@F@Z 004559dc f   v5subs:client.obj
 0001:000534e4       ?is_out@@YAHMMM@Z          004544e4 f   v5subs:param.obj
 0001:00053210       _$E5                       00454210 f   v5subs:gexedir.obj
 0001:0005321f       _$E2                       0045421f f   v5subs:gexedir.obj
 0001:0005322e       _$E4                       0045422e f   v5subs:gexedir.obj
 0001:00053240       _$E3                       00454240 f   v5subs:gexedir.obj
 0001:000532a7       ?get_static_exe_directory@@YAXXZ 004542a7 f   v5subs:gexedir.obj
 0001:00052799       _$E3                       00453799 f   v5subs:ftii_file.obj
 0001:0005226f       ?numberlen@@YAFPBG@Z       0045326f f   v5subs:extract.obj
 0001:000517b0       _$E5                       004527b0 f   v5subs:computer.obj
 0001:000517bf       _$E2                       004527bf f   v5subs:computer.obj
 0001:000517ce       _$E4                       004527ce f   v5subs:computer.obj
 0001:000517e0       _$E3                       004527e0 f   v5subs:computer.obj
 0001:000517ef       _$E10                      004527ef f   v5subs:computer.obj
 0001:000517fe       _$E7                       004527fe f   v5subs:computer.obj
 0001:0005180d       _$E9                       0045280d f   v5subs:computer.obj
 0001:0005181f       _$E8                       0045281f f   v5subs:computer.obj
 0001:000510a0       _$E5                       004520a0 f   v5subs:machname.obj
 0001:000510af       _$E2                       004520af f   v5subs:machname.obj
 0001:000510be       _$E4                       004520be f   v5subs:machname.obj
 0001:000510d0       _$E3                       004520d0 f   v5subs:machname.obj
 0001:0004f850       _$E5                       00450850 f   v5subs:setpoint.obj
 0001:0004f85f       _$E2                       0045085f f   v5subs:setpoint.obj
 0001:0004f86e       _$E4                       0045086e f   v5subs:setpoint.obj
 0001:0004f880       _$E3                       00450880 f   v5subs:setpoint.obj
 0001:0004e738       _$E3                       0044f738 f   v5subs:limit_switch_class.obj
 0001:0004e9c7       _$E5                       0044f9c7 f   v5subs:limit_switch_class.obj
 0001:0004ee34       _$E7                       0044fe34 f   v5subs:limit_switch_class.obj
 0001:0004d6aa       ?file_type@@YAHPAG@Z       0044e6aa f   v5subs:exists.obj
 0001:0004d1d2       ?paint_temp_message@@YAXXZ 0044e1d2 f   v5subs:temp_message.obj
 0001:0004d274       ?position_temp_message@@YAXPAUHWND__@@@Z 0044e274 f   v5subs:temp_message.obj
 0001:0004cdd2       ?units_index@@YAFF@Z       0044ddd2 f   v5subs:units.obj
 0001:0004c631       ?create_entry@@YAPAUGENERIC_LIST_ENTRY@@PAX@Z 0044d631 f   v5subs:genlist.obj
 0001:0004c21f       ?check_for_unicode_ini_file@@YAXPBG0@Z 0044d21f f   v5subs:iniclass.obj
 0001:0004b0bf       ?leap_index@@YAHH@Z        0044c0bf f   v5subs:timeclas.obj
 0001:0004b35d       ?init_systemtime@@YAXAAU_SYSTEMTIME@@@Z 0044c35d f   v5subs:timeclas.obj
 0001:0004a410       _$E5                       0044b410 f   v5subs:nameclas.obj
 0001:0004a41f       _$E2                       0044b41f f   v5subs:nameclas.obj
 0001:0004a42e       _$E4                       0044b42e f   v5subs:nameclas.obj
 0001:0004a440       _$E3                       0044b440 f   v5subs:nameclas.obj
 0001:0004a44f       _$E8                       0044b44f f   v5subs:nameclas.obj
 0001:0004a459       _$E7                       0044b459 f   v5subs:nameclas.obj
 0001:000493cf       ?ftoasc@@YAXPAGNH@Z        0044a3cf f   v5subs:ftoasc.obj
 0001:00046bc4       ?variable_number@@YAHPBG@Z 00447bc4 f   v5subs:ftiiclas.obj
 0001:000459dc       ?long_from_text@@YAJPBG@Z  004469dc f   v5subs:fontclas.obj
 0001:00045a4d       ?goto_next_string@@YAPAGPAG@Z 00446a4d f   v5subs:fontclas.obj
 0001:00045c42       ?ascii_long@@YAPAGJ@Z      00446c42 f   v5subs:fontclas.obj
 0001:00045c55       ?ascii_long@@YAPAGJJ@Z     00446c55 f   v5subs:fontclas.obj
 0001:00045cf5       ?reverse@@YAXPAG@Z         00446cf5 f   v5subs:fontclas.obj
 0001:00045d55       ?copy_w_comma@@YAPAGPAG0@Z 00446d55 f   v5subs:fontclas.obj
 0001:000452a5       ?next_field@@YA_NAAPAG@Z   004462a5 f   v5subs:rectclas.obj
 0001:00044000       _$E5                       00445000 f   v5subs:stringtable.obj
 0001:0004400f       _$E2                       0044500f f   v5subs:stringtable.obj
 0001:0004401e       _$E4                       0044501e f   v5subs:stringtable.obj
 0001:00044030       _$E3                       00445030 f   v5subs:stringtable.obj
 0001:00044735       ?strip_whitespace_from_eol@@YAXPAG@Z 00445735 f   v5subs:stringtable.obj
 0001:00041c10       _$E5                       00442c10 f   v5subs:menuctrl.obj
 0001:00041c1f       _$E2                       00442c1f f   v5subs:menuctrl.obj
 0001:00041c2e       _$E4                       00442c2e f   v5subs:menuctrl.obj
 0001:00041c40       _$E3                       00442c40 f   v5subs:menuctrl.obj
 0001:000425ac       ?do_nothing_paint_me@@YAXPAUHWND__@@@Z 004435ac f   v5subs:menuctrl.obj
 0001:00043e57       ?get_current_colors@@YAXPAG@Z 00444e57 f   v5subs:menuctrl.obj
 0001:00043f06       ?passwordlevel@@YAHPAG@Z   00444f06 f   v5subs:menuctrl.obj
 0001:0003e5db       ?make_csv_line@@YAXAAVSTRING_CLASS@@AAUFTII_SAMPLE@@@Z 0043f5db f   v5subs:ftii_shot_data.obj
 0001:0003f5c1       ?extract_channel_from_analog@@YAHG@Z 004405c1 f   v5subs:ftii_shot_data.obj
 0001:0003f97b       ?make_csv_line@@YAXAAVSTRING_CLASS@@AAVFTII_POSITION_DATA@@@Z 0044097b f   v5subs:ftii_shot_data.obj
 0001:0003fa82       ?make_csv_line@@YAXAAVSTRING_CLASS@@AAVFTII_TIME_DATA@@@Z 00440a82 f   v5subs:ftii_shot_data.obj
 0001:0003ca10       _$E5                       0043da10 f   v5subs:asensor.obj
 0001:0003ca1f       _$E2                       0043da1f f   v5subs:asensor.obj
 0001:0003ca2e       _$E4                       0043da2e f   v5subs:asensor.obj
 0001:0003ca40       _$E3                       0043da40 f   v5subs:asensor.obj
 0001:0003d1a5       ?kill_sensor_array@@YAXXZ  0043e1a5 f   v5subs:asensor.obj
 0001:000385a3       ?get_binary_valve_settings_from_control_all@@YAXAAVMACHINE_CLASS@@@Z 004395a3 f   v5subs:machine.obj
 0001:00037022       _$E3                       00438022 f   v5subs:wclass.obj
