 ft2

 Timestamp is 4ac957ab (Sun Oct 04 22:19:23 2009)

 Preferred load address is 00400000

 Start         Length     Name                   Class
 0001:00000000 0002a786H .text                   CODE
 0002:00000000 00000354H .idata$5                DATA
 0002:00000358 00000955H .rdata                  DATA
 0002:00000cb0 00000078H .idata$2                DATA
 0002:00000d28 00000014H .idata$3                DATA
 0002:00000d3c 00000354H .idata$4                DATA
 0002:00001090 00000ce8H .idata$6                DATA
 0002:00001d78 00000000H .edata                  DATA
 0003:00000000 00000004H .CRT$XCA                DATA
 0003:00000004 00000180H .CRT$XCU                DATA
 0003:00000184 00000004H .CRT$XCZ                DATA
 0003:00000188 00000004H .CRT$XIA                DATA
 0003:0000018c 00000008H .CRT$XIC                DATA
 0003:00000194 00000004H .CRT$XIZ                DATA
 0003:00000198 00000004H .CRT$XPA                DATA
 0003:0000019c 00000004H .CRT$XPZ                DATA
 0003:000001a0 00000004H .CRT$XTA                DATA
 0003:000001a4 00000004H .CRT$XTZ                DATA
 0003:000001b0 000065f8H .data                   DATA
 0003:000067a8 00005c90H .bss                    DATA
 0004:00000000 00000a38H .rsrc$01                DATA
 0004:00000a40 00005960H .rsrc$02                DATA

  Address         Publics by Value              Rva+Base     Lib:Object

 0001:00000396       ??1MACHINE_CLASS@@QAE@XZ   00401396 f i ft2.obj
 0001:00000913       ??0FTII_VAR_ARRAY@@QAE@XZ  00401913 f i ft2.obj
 0001:00000932       ??_GFTII_VAR_ARRAY@@UAEPAXI@Z 00401932 f i ft2.obj
 0001:00000932       ??_EFTII_VAR_ARRAY@@UAEPAXI@Z 00401932 f i ft2.obj
 0001:00000d0c       ??0BIT_CONTROL@@QAE@XZ     00401d0c f i ft2.obj
 0001:00000df6       ?resource_string@@YAPADI@Z 00401df6 f   ft2.obj
 0001:000014ec       ?ascii_0_to_5_volts@@YAPADI@Z 004024ec f   ft2.obj
 0001:0000151d       ?dac_volts@@YANI@Z         0040251d f   ft2.obj
 0001:0000155b       ?ascii_dac_volts@@YAPADI@Z 0040255b f   ft2.obj
 0001:00001570       ?ascii_dac_volts_3@@YAPADI@Z 00402570 f   ft2.obj
 0001:000015bc       ?current_lvdt_feedback_index@@YAHH@Z 004025bc f   ft2.obj
 0001:000015da       ?current_raw_lvdt_feedback_index@@YAIH@Z 004025da f   ft2.obj
 0001:000015e9       ?current_measured_command_index@@YAIH@Z 004025e9 f   ft2.obj
 0001:00001607       ?get_help@@YAXXZ           00402607 f   ft2.obj
 0001:000016a1       ?push_log_message@@YAXPAD@Z 004026a1 f   ft2.obj
 0001:0000173e       ?fatal_error_string@@YAPADH@Z 0040273e f   ft2.obj
 0001:00001778       ?warning_error_string@@YAPADH@Z 00402778 f   ft2.obj
 0001:000017b2       ?resource_message_box@@YAXII@Z 004027b2 f   ft2.obj
 0001:00001824       ?ft2_control_program_name@@YAPADHAAVMACHINE_CLASS@@@Z 00402824 f   ft2.obj
 0001:00001877       ?new_downtime_callback@@YAXPADFPAUHDDEDATA__@@@Z 00402877 f   ft2.obj
 0001:000018bc       ??0DOWN_DATA_CLASS@@QAE@ABV0@@Z 004028bc f i ft2.obj
 0001:0000191a       ?edit_control_proc@@YGJPAUHWND__@@IIJ@Z 0040291a f   ft2.obj
 0001:00001b37       ?send_null_offset_to_board@@YA_NXZ 00402b37 f   ft2.obj
 0001:00001bdc       ?send_lvdt_offset_to_board@@YA_NXZ 00402bdc f   ft2.obj
 0001:00001c81       ?set_control_y@@YAXHI@Z    00402c81 f   ft2.obj
 0001:00001ce4       ?terminal_proc@@YGJPAUHWND__@@IIJ@Z 00402ce4 f   ft2.obj
 0001:000020ae       ?upload_aborted_dialog_proc@@YGHPAUHWND__@@IIJ@Z 004030ae f   ft2.obj
 0001:00002239       ?new_monitor_setup_callback@@YAXPADFPAUHDDEDATA__@@@Z 00403239 f   ft2.obj
 0001:00002ca1       ?deactivate_control_dialog_proc@@YGHPAUHWND__@@IIJ@Z 00403ca1 f   ft2.obj
 0001:00002cd5       ?load_one_machine_only@@YAXPAUHWND__@@@Z 00403cd5 f   ft2.obj
 0001:00002e5d       ?choose_monitor_machine_dialog_proc@@YGHPAUHWND__@@IIJ@Z 00403e5d f   ft2.obj
 0001:00002fac       ?send_output_bits_to_current_machine@@YAXIE@Z 00403fac f   ft2.obj
 0001:00002fe8       ?get_hires_sensor_test_config@@YAXPAUHWND__@@@Z 00403fe8 f   ft2.obj
 0001:000031f0       ?put_hires_sensor_test_config@@YAXPAUHWND__@@@Z 004041f0 f   ft2.obj
 0001:00003295       ?hires_sensor_test_dialog_proc@@YGHPAUHWND__@@IIJ@Z 00404295 f   ft2.obj
 0001:00003540       ?do_new_set_null_ascii_data@@YAXJ@Z 00404540 f   ft2.obj
 0001:00003643       ?shutdown_status_dialog_proc@@YGHPAUHWND__@@IIJ@Z 00404643 f   ft2.obj
 0001:000036d8       ?set_null_dialog_proc@@YGHPAUHWND__@@IIJ@Z 004046d8 f   ft2.obj
 0001:000039d6       ?send_set_dac_command@@YAXH@Z 004049d6 f   ft2.obj
 0001:00003dd3       ?ft2_test_dialog_proc@@YGHPAUHWND__@@IIJ@Z 00404dd3 f   ft2.obj
 0001:00004011       ?set_dac_dialog_proc@@YGHPAUHWND__@@IIJ@Z 00405011 f   ft2.obj
 0001:000047f2       ?start_if_ok_to_deactivate@@YAXAAVWINDOW_CLASS@@@Z 004057f2 f   ft2.obj
 0001:00004ce4       ?global_parameter_dialog_proc@@YGHPAUHWND__@@IIJ@Z 00405ce4 f   ft2.obj
 0001:00005308       ?ft2_volts_toascii@@YAPADPAD@Z 00406308 f   ft2.obj
 0001:0000537e       ?ascii_volts_to_ft2_volts@@YAPADPAD@Z 0040637e f   ft2.obj
 0001:0000543c       ?alt_step_text@@YAPADXZ    0040643c f   ft2.obj
 0001:000054f4       ?control_mods_dialog_proc@@YGHPAUHWND__@@IIJ@Z 004064f4 f   ft2.obj
 0001:00006424       ?valve_test_dialog_proc@@YGHPAUHWND__@@IIJ@Z 00407424 f   ft2.obj
 0001:00006ca2       ?log_als_file@@YAXAAVSTRING_CLASS@@@Z 00407ca2 f   ft2.obj
 0001:00006d29       ?update_optos@@YAXII@Z     00407d29 f   ft2.obj
 0001:00006d7b       ?need_brush@@YA_NPAUHWND__@@@Z 00407d7b f   ft2.obj
 0001:00006dbe       ?kill_log_file@@YAXXZ      00407dbe f   ft2.obj
 0001:00006ecd       ?test_alarm_outputs_dialog_proc@@YGHPAUHWND__@@IIJ@Z 00407ecd f   ft2.obj
 0001:0000703e       ?current_values_dialog_proc@@YGHPAUHWND__@@IIJ@Z 0040803e f   ft2.obj
 0001:00009519       ?output_list_dialog_proc@@YGHPAUHWND__@@IIJ@Z 0040a519 f   ft2.obj
 0001:000095c6       ?end_upload_flash_dialog@@YAXXZ 0040a5c6 f   ft2.obj
 0001:000095e0       ?upload_flash_dialog_proc@@YGHPAUHWND__@@IIJ@Z 0040a5e0 f   ft2.obj
 0001:00009619       ?poke_newshot_message@@YAXIJ@Z 0040a619 f   ft2.obj
 0001:000096dd       ?password_level_callback@@YAXPADFPAUHDDEDATA__@@@Z 0040a6dd f   ft2.obj
 0001:00009934       ?plot_min_callback@@YAXPADFPAUHDDEDATA__@@@Z 0040a934 f   ft2.obj
 0001:00009953       ?canexit@@YA_NXZ           0040a953 f   ft2.obj
 0001:000099ce       ?status_proc@@YGJPAUHWND__@@IIJ@Z 0040a9ce f   ft2.obj
 0001:0000a144       ?main_proc@@YGJPAUHWND__@@IIJ@Z 0040b144 f   ft2.obj
 0001:0000bb33       ?init@@YAEH@Z              0040cb33 f   ft2.obj
 0001:0000c2ed       _WinMain@16                0040d2ed f   ft2.obj
 0001:0000c728       ?cleanup@STDDOWN_CLASS@@QAEXXZ 0040d728 f i board_monitor.obj
 0001:0000c745       ?start_chars_are_equal@@YA_NPBD0@Z 0040d745 f   board_monitor.obj
 0001:0000c799       ?current_board_number@@YAHXZ 0040d799 f   board_monitor.obj
 0001:0000c7b6       ?current_board_index@@YAHXZ 0040d7b6 f   board_monitor.obj
 0001:0000c802       ?is_suretrak_controlled@@YAEH@Z 0040d802 f   board_monitor.obj
 0001:0000c829       ?current_channel_mode@@YAHXZ 0040d829 f   board_monitor.obj
 0001:0000c853       ?current_version_string@@YAPADXZ 0040d853 f   board_monitor.obj
 0001:0000c880       ?current_upload_file_name@@YAPADXZ 0040d880 f   board_monitor.obj
 0001:0000c8ad       ?current_version@@YAHXZ    0040d8ad f   board_monitor.obj
 0001:0000c8cb       ?wirebit@@YAIH@Z           0040d8cb f   board_monitor.obj
 0001:0000c8da       ?clear@BOARD_EXTENDED_ANALOG_ARRAY@@QAEXXZ 0040d8da f   board_monitor.obj
 0001:0000c8da       ??1BOARD_EXTENDED_ANALOG_ARRAY@@QAE@XZ 0040d8da f   board_monitor.obj
 0001:0000c8f4       ?init@BOARD_EXTENDED_ANALOG_ARRAY@@QAEEH@Z 0040d8f4 f   board_monitor.obj
 0001:0000c97d       ??0BOARD_EXTENDED_ANALOG_ENTRY@@QAE@XZ 0040d97d f i board_monitor.obj
 0001:0000c999       ??ABOARD_EXTENDED_ANALOG_ARRAY@@QAEAAUBOARD_EXTENDED_ANALOG_ENTRY@@H@Z 0040d999 f   board_monitor.obj
 0001:0000c9e5       ??0FTII_BOARD_ENTRY@@QAE@XZ 0040d9e5 f   board_monitor.obj
 0001:0000cb3b       ??0FTANALOG_CLASS@@QAE@XZ  0040db3b f i board_monitor.obj
 0001:0000cb58       ??0FTANALOG_ENTRY@@QAE@XZ  0040db58 f i board_monitor.obj
 0001:0000cb7f       ??1FTII_BOARD_ENTRY@@QAE@XZ 0040db7f f   board_monitor.obj
 0001:0000cc18       ??1FTANALOG_CLASS@@QAE@XZ  0040dc18 f i board_monitor.obj
 0001:0000cc3b       ?set_connect_state@FTII_BOARD_ENTRY@@QAEXI@Z 0040dc3b f   board_monitor.obj
 0001:0000cce9       ?put_version_string@FTII_BOARD_ENTRY@@QAEXXZ 0040dce9 f   board_monitor.obj
 0001:0000cd75       ?is_monitoring@FTII_BOARD_ENTRY@@QAE_NXZ 0040dd75 f   board_monitor.obj
 0001:0000cd7e       ?get_config_word@FTII_BOARD_ENTRY@@QAEXPAD@Z 0040dd7e f   board_monitor.obj
 0001:0000cda5       ?add_binary_to_shotdata@FTII_BOARD_ENTRY@@QAEXXZ 0040dda5 f   board_monitor.obj
 0001:0000ce3a       ?check_for_extended_channel_value@FTII_BOARD_ENTRY@@QAEXPAD@Z 0040de3a f   board_monitor.obj
 0001:0000ceb5       ?check_inputs@FTII_BOARD_ENTRY@@QAEXPAD@Z 0040deb5 f   board_monitor.obj
 0001:0000d341       ?send_socket_message@FTII_BOARD_ENTRY@@QAE_NPAD_N@Z 0040e341 f   board_monitor.obj
 0001:0000d43a       ?set_extended_analog_bits@FTII_BOARD_ENTRY@@QAEXXZ 0040e43a f   board_monitor.obj
 0001:0000d551       ?get_parameter_alarm_bits@FTII_BOARD_ENTRY@@QAEIXZ 0040e551 f   board_monitor.obj
 0001:0000d5d9       ?get_alarm_bits@FTII_BOARD_ENTRY@@QAEXXZ 0040e5d9 f   board_monitor.obj
 0001:0000d5fa       ?clear_all_alarm_bits@FTII_BOARD_ENTRY@@QAEXXZ 0040e5fa f   board_monitor.obj
 0001:0000d611       ?send_bits@FTII_BOARD_ENTRY@@QAEXI_N@Z 0040e611 f   board_monitor.obj
 0001:0000d678       ?clearwire@FTII_BOARD_ENTRY@@QAEXH@Z 0040e678 f   board_monitor.obj
 0001:0000d69c       ?setwire@FTII_BOARD_ENTRY@@QAEXH@Z 0040e69c f   board_monitor.obj
 0001:0000d6be       ?check_one_alarm@@YAXAA_NAAIMMFMM@Z 0040e6be f   board_monitor.obj
 0001:0000d750       ?current_operator@@YAPADAAVSTRING_CLASS@@0@Z 0040e750 f   board_monitor.obj
 0001:0000d7dc       ?issue_downtime_event@@YAXAAVSTRING_CLASS@@00AAU_SYSTEMTIME@@PAD2@Z 0040e7dc f   board_monitor.obj
 0001:0000d81a       ?append_downtime_record@@YAEAAVSTRING_CLASS@@00AAU_SYSTEMTIME@@PAD2@Z 0040e81a f   board_monitor.obj
 0001:0000d8ce       ?save_shot@FTII_BOARD_ENTRY@@QAEXXZ 0040e8ce f   board_monitor.obj
 0001:0000dede       ??1PART_NAME_ENTRY@@QAE@XZ 0040eede f i board_monitor.obj
 0001:0000dede       ??1PARAMETER_CLASS@@QAE@XZ 0040eede f i board_monitor.obj
 0001:0000defa       ?upload_control_file@FTII_BOARD_ENTRY@@QAE_NXZ 0040eefa f   board_monitor.obj
 0001:0000e675       ?display_board_info@@YAXXZ 0040f675 f   board_monitor.obj
 0001:0000e77a       ?position_auto_shot_display@@YAXXZ 0040f77a f   board_monitor.obj
 0001:0000e7eb       ?AutoShotDisplayProc@@YGHPAUHWND__@@IIJ@Z 0040f7eb f   board_monitor.obj
 0001:0000e8ac       ?load_the_current_machine_at_this_board@@YAXAAVFTII_BOARD_ENTRY@@@Z 0040f8ac f   board_monitor.obj
 0001:0000ef98       ?load_ftii_boards@@YAHXZ   0040ff98 f   board_monitor.obj
 0001:0000f27b       ??_EFTII_BOARD_ENTRY@@QAEPAXI@Z 0041027b f i board_monitor.obj
 0001:0000f2dc       ?check_for_down@@YAXXZ     004102dc f   board_monitor.obj
 0001:0000f4c0       ?convert_io_change_to_ascii@@YAXHPAUSOCKET_MESSAGE@@@Z 004104c0 f   board_monitor.obj
 0001:0000fa34       ?start_of_binary_data@@YAXHPAUBINARY_HEADER@@@Z 00410a34 f   board_monitor.obj
 0001:0000fb6b       ?new_data_thread@@YAXPAX@Z 00410b6b f   board_monitor.obj
 0001:0000ff84       ?get_channel_mode@@YAXHPAD@Z 00410f84 f   board_monitor.obj
 0001:00010006       ?send_thread@@YAXPAX@Z     00411006 f   board_monitor.obj
 0001:00010a1c       ?read_thread@@YAXPAX@Z     00411a1c f   board_monitor.obj
 0001:00010be2       ?begin_monitoring@@YA_NXZ  00411be2 f   board_monitor.obj
 0001:00010f78       ?stop_monitoring@@YAXXZ    00411f78 f   board_monitor.obj
 0001:000111e9       ?send_command@@YAXAAVSTRING_CLASS@@PAD_N@Z 004121e9 f   board_monitor.obj
 0001:000114bb       ?update_downtime@@YAXVDOWN_DATA_CLASS@@@Z 004124bb f   board_monitor.obj
 0001:00011605       ?get_ini_char@@YAPADPAD0@Z 00412605 f   shotsave.obj
 0001:00011651       ?init_serial_port@@YAXXZ   00412651 f   shotsave.obj
 0001:000118ae       ?nextshot@@YAEPAUSHOT_BUFFER_ENTRY@@@Z 004128ae f   shotsave.obj
 0001:00011925       ?write_ftii_parameters@@YAEPAUSHOT_BUFFER_ENTRY@@AAU_SYSTEMTIME@@G@Z 00412925 f   shotsave.obj
 0001:00011aca       ?add_to_shotsave@@YA_N_N0AAUPART_NAME_ENTRY@@AAVFTII_FILE_DATA@@AAVDOUBLE_ARRAY_CLASS@@@Z 00412aca f   shotsave.obj
 0001:00011b4a       ??0SHOT_BUFFER_ENTRY@@QAE@XZ 00412b4a f i shotsave.obj
 0001:00011b7b       ??0PROFILE_NAME_ENTRY@@QAE@XZ 00412b7b f i shotsave.obj
 0001:00011b9f       ?write_serial_port_info@@YAXPAUSHOT_BUFFER_ENTRY@@@Z 00412b9f f   shotsave.obj
 0001:00012207       ?save_shot@@YAXPAUSHOT_BUFFER_ENTRY@@@Z 00413207 f   shotsave.obj
 0001:00012bd1       ?save_all_shots@@YAXXZ     00413bd1 f   shotsave.obj
 0001:00012d11       ??1SHOT_BUFFER_ENTRY@@QAE@XZ 00413d11 f i shotsave.obj
 0001:00012d31       ??1PROFILE_NAME_ENTRY@@QAE@XZ 00413d31 f i shotsave.obj
 0001:00012d55       ?shotsave_thread@@YAXPAX@Z 00413d55 f   shotsave.obj
 0001:00013246       ?start_shotsave_thread@@YAXXZ 00414246 f   shotsave.obj
 0001:000132a5       ?skip_reset_machine@@YAEAAVSTRING_CLASS@@@Z 004142a5 f   skip.obj
 0001:000134ee       ?skip_startup@@YAEXZ       004144ee f   skip.obj
 0001:000134f1       ?skip_shutdown@@YAXXZ      004144f1 f   skip.obj
 0001:00013526       ?skip_new_shot_notify@@YAGAAVSTRING_CLASS@@U_FILETIME@@@Z 00414526 f   skip.obj
 0001:0001360a       ?max_parameters_saved@@YAJAAVSTRING_CLASS@@@Z 0041460a f   skip.obj
 0001:0001361f       ?max_profiles_saved@@YAJAAVSTRING_CLASS@@@Z 0041461f f   skip.obj
 0001:00013634       ?init@UPLOAD_COPY_CLASS@@QAEXXZ 00414634 f   upload_copy_class.obj
 0001:00013658       ??0UPLOAD_COPY_CLASS@@QAE@XZ 00414658 f   upload_copy_class.obj
 0001:0001367e       ??1UPLOAD_COPY_CLASS@@QAE@XZ 0041467e f   upload_copy_class.obj
 0001:0001369b       ?load@UPLOAD_COPY_CLASS@@QAEIVSTRING_CLASS@@00@Z 0041469b f   upload_copy_class.obj
 0001:00013795       ?save@UPLOAD_COPY_CLASS@@QAEIVSTRING_CLASS@@00@Z 00414795 f   upload_copy_class.obj
 0001:000138b6       ?isnew@UPLOAD_COPY_CLASS@@QAE_NAAVSTRING_CLASS@@@Z 004148b6 f   upload_copy_class.obj
 0001:0001396c       _DdeGetData@16             0041496c f   user32:USER32.dll
 0001:00013972       _inet_addr@4               00414972 f   wsock32:WSOCK32.dll
 0001:00013978       _htons@4                   00414978 f   wsock32:WSOCK32.dll
 0001:0001397e       _WSACleanup@0              0041497e f   wsock32:WSOCK32.dll
 0001:00013984       _closesocket@4             00414984 f   wsock32:WSOCK32.dll
 0001:0001398a       _sendto@24                 0041498a f   wsock32:WSOCK32.dll
 0001:00013990       _recvfrom@24               00414990 f   wsock32:WSOCK32.dll
 0001:00013996       _gethostbyname@4           00414996 f   wsock32:WSOCK32.dll
 0001:0001399c       _gethostname@8             0041499c f   wsock32:WSOCK32.dll
 0001:000139a2       _bind@12                   004149a2 f   wsock32:WSOCK32.dll
 0001:000139a8       _htonl@4                   004149a8 f   wsock32:WSOCK32.dll
 0001:000139ae       _WSAGetLastError@0         004149ae f   wsock32:WSOCK32.dll
 0001:000139b4       _socket@12                 004149b4 f   wsock32:WSOCK32.dll
 0001:000139ba       _WSAStartup@8              004149ba f   wsock32:WSOCK32.dll
 0001:000139c0       ?destroy@WINDOW_CLASS@@QAEXXZ 004149c0 f   v5subs:wclass.obj
 0001:000139d7       ?show@WINDOW_CLASS@@QAEXH@Z 004149d7 f   v5subs:wclass.obj
 0001:000139ec       ?enable@WINDOW_CLASS@@QAEXE@Z 004149ec f   v5subs:wclass.obj
 0001:00013a07       ?send@WINDOW_CLASS@@QAEXIIJ@Z 00414a07 f   v5subs:wclass.obj
 0001:00013a24       ?send@WINDOW_CLASS@@QAEXI@Z 00414a24 f   v5subs:wclass.obj
 0001:00013a3d       ?post@WINDOW_CLASS@@QAEXIIJ@Z 00414a3d f   v5subs:wclass.obj
 0001:00013a5a       ?post@WINDOW_CLASS@@QAEXI@Z 00414a5a f   v5subs:wclass.obj
 0001:00013a73       ?getrect@WINDOW_CLASS@@QAEHAAUtagRECT@@@Z 00414a73 f   v5subs:wclass.obj
 0001:00013a93       ?get_move_rect@WINDOW_CLASS@@QAEHAAUtagRECT@@@Z 00414a93 f   v5subs:wclass.obj
 0001:00013b24       ?style@WINDOW_CLASS@@QAEJXZ 00414b24 f   v5subs:wclass.obj
 0001:00013b37       ?move@WINDOW_CLASS@@QAEXAAUtagRECT@@@Z 00414b37 f   v5subs:wclass.obj
 0001:00013b65       ?is_visible@WINDOW_CLASS@@QAEHXZ 00414b65 f   v5subs:wclass.obj
 0001:00013b77       ?is_minimized@WINDOW_CLASS@@QAEHXZ 00414b77 f   v5subs:wclass.obj
 0001:00013b89       ?refresh@WINDOW_CLASS@@QAEXXZ 00414b89 f   v5subs:wclass.obj
 0001:00013ba8       ?set_title@WINDOW_CLASS@@QAEXPAD@Z 00414ba8 f   v5subs:wclass.obj
 0001:00013bc8       ??_EWINDOW_CLASS@@UAEPAXI@Z 00414bc8 f i v5subs:wclass.obj
 0001:00013c17       ??1LISTBOX_CLASS@@QAE@XZ   00414c17 f   v5subs:listbox.obj
 0001:00013c26       ?init@LISTBOX_CLASS@@QAEEPAUHWND__@@@Z 00414c26 f   v5subs:listbox.obj
 0001:00013c86       ?init@LISTBOX_CLASS@@QAEEPAUHWND__@@H@Z 00414c86 f   v5subs:listbox.obj
 0001:00013ca3       ?empty@LISTBOX_CLASS@@QAEXXZ 00414ca3 f   v5subs:listbox.obj
 0001:00013cba       ?check_buf_size@LISTBOX_CLASS@@AAEEH@Z 00414cba f   v5subs:listbox.obj
 0001:00013cf8       ?check_buf_size@LISTBOX_CLASS@@AAEEPAD@Z 00414cf8 f   v5subs:listbox.obj
 0001:00013d11       ?check_item_size@LISTBOX_CLASS@@AAEEH@Z 00414d11 f   v5subs:listbox.obj
 0001:00013d48       ?add@LISTBOX_CLASS@@QAEHPAD@Z 00414d48 f   v5subs:listbox.obj
 0001:00013d83       ?count@LISTBOX_CLASS@@QAEHXZ 00414d83 f   v5subs:listbox.obj
 0001:00013dac       ?set_current_index@LISTBOX_CLASS@@QAEEH@Z 00414dac f   v5subs:listbox.obj
 0001:00013dd3       ?top_index@LISTBOX_CLASS@@QAEHXZ 00414dd3 f   v5subs:listbox.obj
 0001:00013df1       ?set_top_index@LISTBOX_CLASS@@QAEEH@Z 00414df1 f   v5subs:listbox.obj
 0001:00013e18       ?item_text@LISTBOX_CLASS@@QAEPADH@Z 00414e18 f   v5subs:listbox.obj
 0001:00013e60       ?selected_index@LISTBOX_CLASS@@QAEHXZ 00414e60 f   v5subs:listbox.obj
 0001:00013e8a       ?selected_text@LISTBOX_CLASS@@QAEPADXZ 00414e8a f   v5subs:listbox.obj
 0001:00013ea8       ?visible_row_count@LISTBOX_CLASS@@QAEHXZ 00414ea8 f   v5subs:listbox.obj
 0001:00013ef9       ?init_save_counts@@YAXPAUSAVE_COUNTS@@@Z 00414ef9 f   v5subs:machine.obj
 0001:00013f11       ?init@MACHINE_CLASS@@QAEXXZ 00414f11 f   v5subs:machine.obj
 0001:00013f60       ??0MACHINE_CLASS@@QAE@XZ   00414f60 f   v5subs:machine.obj
 0001:00013f93       ?read_machset_db@MACHINE_CLASS@@QAEEAAVSTRING_CLASS@@@Z 00414f93 f   v5subs:machine.obj
 0001:00014408       ?find@MACHINE_CLASS@@QAEEAAVSTRING_CLASS@@0@Z 00415408 f   v5subs:machine.obj
 0001:0001445e       ?has_hmi@MACHINE_CLASS@@QAEEXZ 0041545e f   v5subs:machine.obj
 0001:00014467       ?empty@STRING_CLASS@@QAEXXZ 00415467 f   v5subs:stringcl.obj
 0001:00014481       ?null@STRING_CLASS@@QAEXXZ 00415481 f   v5subs:stringcl.obj
 0001:00014491       ?acquire@STRING_CLASS@@QAEEPAD@Z 00415491 f   v5subs:stringcl.obj
 0001:000144c0       ?get_ascii@STRING_CLASS@@QAEEPAD@Z 004154c0 f   v5subs:stringcl.obj
 0001:00014502       ?release@STRING_CLASS@@QAEPADXZ 00415502 f   v5subs:stringcl.obj
 0001:0001450d       ?len@STRING_CLASS@@QAEJXZ  0041550d f   v5subs:stringcl.obj
 0001:0001451f       ??0STRING_CLASS@@QAE@XZ    0041551f f   v5subs:stringcl.obj
 0001:00014529       ??0STRING_CLASS@@QAE@ABV0@@Z 00415529 f   v5subs:stringcl.obj
 0001:00014542       ??1STRING_CLASS@@QAE@XZ    00415542 f   v5subs:stringcl.obj
 0001:00014547       ?next_field@STRING_CLASS@@QAE_ND@Z 00415547 f   v5subs:stringcl.obj
 0001:000145fc       ?next_field@STRING_CLASS@@QAE_NXZ 004155fc f   v5subs:stringcl.obj
 0001:00014608       ?get_text@STRING_CLASS@@QAE_NPAUHWND__@@@Z 00415608 f   v5subs:stringcl.obj
 0001:00014659       ?set_text@STRING_CLASS@@QAE_NPAUHWND__@@@Z 00415659 f   v5subs:stringcl.obj
 0001:0001467a       ?init@STRING_CLASS@@QAEEJ@Z 0041567a f   v5subs:stringcl.obj
 0001:000146ba       ?boolean_value@STRING_CLASS@@QAEEXZ 004156ba f   v5subs:stringcl.obj
 0001:000146d9       ??4STRING_CLASS@@QAEXH@Z   004156d9 f   v5subs:stringcl.obj
 0001:00014701       ??4STRING_CLASS@@QAEXI@Z   00415701 f   v5subs:stringcl.obj
 0001:00014729       ??4STRING_CLASS@@QAEXPBD@Z 00415729 f   v5subs:stringcl.obj
 0001:00014774       ??4STRING_CLASS@@QAEXABV0@@Z 00415774 f   v5subs:stringcl.obj
 0001:00014783       ??MSTRING_CLASS@@QAEEABV0@@Z 00415783 f   v5subs:stringcl.obj
 0001:000147a9       ??8STRING_CLASS@@QAEEABV0@@Z 004157a9 f   v5subs:stringcl.obj
 0001:000147d0       ??8STRING_CLASS@@QAEEPBD@Z 004157d0 f   v5subs:stringcl.obj
 0001:000147f6       ?upsize@STRING_CLASS@@QAEEJ@Z 004157f6 f   v5subs:stringcl.obj
 0001:00014845       ?cat_w_char@STRING_CLASS@@QAEXPBDD@Z 00415845 f   v5subs:stringcl.obj
 0001:0001489b       ?cat_path@STRING_CLASS@@QAEXPBD@Z 0041589b f   v5subs:stringcl.obj
 0001:0001490e       ??YSTRING_CLASS@@QAEXD@Z   0041590e f   v5subs:stringcl.obj
 0001:00014943       ??YSTRING_CLASS@@QAEXPBD@Z 00415943 f   v5subs:stringcl.obj
 0001:00014981       ??YSTRING_CLASS@@QAEXABV0@@Z 00415981 f   v5subs:stringcl.obj
 0001:00014990       ??YSTRING_CLASS@@QAEXH@Z   00415990 f   v5subs:stringcl.obj
 0001:000149c7       ??YSTRING_CLASS@@QAEXI@Z   004159c7 f   v5subs:stringcl.obj
 0001:000149fe       ?isempty@STRING_CLASS@@QAEEXZ 004159fe f   v5subs:stringcl.obj
 0001:00014a1a       ?real_value@STRING_CLASS@@QAENXZ 00415a1a f   v5subs:stringcl.obj
 0001:00014a6f       ?find@STRING_CLASS@@QAEPADD@Z 00415a6f f   v5subs:stringcl.obj
 0001:00014a93       ?find@STRING_CLASS@@QAEPADPBD@Z 00415a93 f   v5subs:stringcl.obj
 0001:00014ab1       ?contains@STRING_CLASS@@QAE_ND@Z 00415ab1 f   v5subs:stringcl.obj
 0001:00014ac2       ?uppercase@STRING_CLASS@@QAEXXZ 00415ac2 f   v5subs:stringcl.obj
 0001:00014ad1       ?contains@STRING_CLASS@@QAE_NPBD@Z 00415ad1 f   v5subs:stringcl.obj
 0001:00014ae2       ?replace@STRING_CLASS@@QAEEPBD0@Z 00415ae2 f   v5subs:stringcl.obj
 0001:00014b87       ?strip_crlf@STRING_CLASS@@QAEXXZ 00415b87 f   v5subs:stringcl.obj
 0001:00014bc5       ?init@PART_CLASS@@QAEXXZ   00415bc5 f   v5subs:part.obj
 0001:00014cb1       ??0PART_CLASS@@QAE@XZ      00415cb1 f   v5subs:part.obj
 0001:00014cdf       ??1PART_CLASS@@QAE@XZ      00415cdf f   v5subs:part.obj
 0001:00014d06       ?read_part_setup@PART_CLASS@@QAEEAAVSTRING_CLASS@@@Z 00415d06 f   v5subs:part.obj
 0001:00014d2d       ?read_ftchan_db@PART_CLASS@@QAEEAAVSTRING_CLASS@@@Z 00415d2d f   v5subs:part.obj
 0001:00014dc8       ?read_x4_divisor@PART_CLASS@@QAEEXZ 00415dc8 f   v5subs:part.obj
 0001:00014eff       ?find@PART_CLASS@@QAEEAAVSTRING_CLASS@@00@Z 00415eff f   v5subs:part.obj
 0001:0001503d       ?plunger_area@PART_CLASS@@QAENXZ 0041603d f   v5subs:part.obj
 0001:0001506d       ?update@PART_CLASS@@QAEEXZ 0041606d f   v5subs:part.obj
 0001:000153c4       ??_EANALOG_SENSOR_ENTRY@@QAEPAXI@Z 004163c4 f i v5subs:asensor.obj
 0001:0001541f       ??0ANALOG_SENSOR_ENTRY@@QAE@XZ 0041641f f   v5subs:asensor.obj
 0001:0001546f       ??1ANALOG_SENSOR_ENTRY@@QAE@XZ 0041646f f   v5subs:asensor.obj
 0001:0001549c       ?update@ANALOG_SENSOR_ENTRY@@QAEEXZ 0041649c f   v5subs:asensor.obj
 0001:0001556e       ?get@ANALOG_SENSOR_ENTRY@@QAEEPAD@Z 0041656e f   v5subs:asensor.obj
 0001:00015696       ?converted_value@ANALOG_SENSOR_ENTRY@@QAENN@Z 00416696 f   v5subs:asensor.obj
 0001:000156a3       ?converted_value@ANALOG_SENSOR_ENTRY@@QAENI@Z 004166a3 f   v5subs:asensor.obj
 0001:000156c3       ?raw_count@ANALOG_SENSOR_ENTRY@@QAENN@Z 004166c3 f   v5subs:asensor.obj
 0001:000156ef       ??0ANALOG_SENSOR@@QAE@XZ   004166ef f   v5subs:asensor.obj
 0001:000156f5       ?shutdown@ANALOG_SENSOR@@SAXXZ 004166f5 f   v5subs:asensor.obj
 0001:0001571f       ?get@ANALOG_SENSOR@@SAEXZ  0041671f f   v5subs:asensor.obj
 0001:000158cc       ??AANALOG_SENSOR@@QAEAAUANALOG_SENSOR_ENTRY@@H@Z 004168cc f   v5subs:asensor.obj
 0001:000158ef       ??0FTII_OP_STATUS_DATA@@QAE@XZ 004168ef f   v5subs:ftii_shot_data.obj
 0001:00015970       ??8FTII_OP_STATUS_DATA@@QAE_NABU0@@Z 00416970 f   v5subs:ftii_shot_data.obj
 0001:00015b11       ??4FTII_OP_STATUS_DATA@@QAEXABU0@@Z 00416b11 f   v5subs:ftii_shot_data.obj
 0001:00015c10       ??4FTII_PARAMETERS@@QAEXABU0@@Z 00416c10 f   v5subs:ftii_shot_data.obj
 0001:00015c41       ??4FTII_POSITION_DATA@@QAEXABUFTII_SAMPLE@@@Z 00416c41 f   v5subs:ftii_shot_data.obj
 0001:00015c94       ??4FTII_TIME_DATA@@QAEXABUFTII_SAMPLE@@@Z 00416c94 f   v5subs:ftii_shot_data.obj
 0001:00015cd1       ??0FTII_NET_DATA@@QAE@XZ   00416cd1 f   v5subs:ftii_shot_data.obj
 0001:00015cf2       ?clear@FTII_NET_DATA@@QAEXXZ 00416cf2 f   v5subs:ftii_shot_data.obj
 0001:00015d23       ??1FTII_NET_DATA@@QAE@XZ   00416d23 f   v5subs:ftii_shot_data.obj
 0001:00015d28       ?set_shot_time@FTII_NET_DATA@@QAEXAAU_FILETIME@@@Z 00416d28 f   v5subs:ftii_shot_data.obj
 0001:00015d3a       ?set_time_based_points@FTII_NET_DATA@@QAEXPAUFTII_SAMPLE@@H@Z 00416d3a f   v5subs:ftii_shot_data.obj
 0001:00015d69       ?set_position_based_points@FTII_NET_DATA@@QAEXPAUFTII_SAMPLE@@H@Z 00416d69 f   v5subs:ftii_shot_data.obj
 0001:00015d98       ?set_parameters@FTII_NET_DATA@@QAEXPAUFTII_PARAMETERS@@@Z 00416d98 f   v5subs:ftii_shot_data.obj
 0001:00015db1       ??0FTII_FILE_DATA@@QAE@XZ  00416db1 f   v5subs:ftii_shot_data.obj
 0001:00015e46       ?clear@FTII_FILE_DATA@@QAEXXZ 00416e46 f   v5subs:ftii_shot_data.obj
 0001:00015ea8       ??1FTII_FILE_DATA@@QAE@XZ  00416ea8 f   v5subs:ftii_shot_data.obj
 0001:00015ead       ?move@FTII_FILE_DATA@@QAEXAAV1@@Z 00416ead f   v5subs:ftii_shot_data.obj
 0001:00015f96       ??4FTII_FILE_DATA@@QAEXABVFTII_NET_DATA@@@Z 00416f96 f   v5subs:ftii_shot_data.obj
 0001:000160f3       ?put@FTII_FILE_DATA@@QAEEAAVSTRING_CLASS@@@Z 004170f3 f   v5subs:ftii_shot_data.obj
 0001:00016398       ?set_nof_extended_analogs@FTII_FILE_DATA@@QAEXH@Z 00417398 f   v5subs:ftii_shot_data.obj
 0001:00016402       ??0FTII_ARRAY_DATA@@QAE@XZ 00417402 f   v5subs:ftii_shot_data.obj
 0001:00016445       ??_GFTII_ARRAY_DATA@@UAEPAXI@Z 00417445 f i v5subs:ftii_shot_data.obj
 0001:00016445       ??_EFTII_ARRAY_DATA@@UAEPAXI@Z 00417445 f i v5subs:ftii_shot_data.obj
 0001:00016461       ?clear@FTII_ARRAY_DATA@@QAEXXZ 00417461 f   v5subs:ftii_shot_data.obj
 0001:000164fc       ??1FTII_ARRAY_DATA@@UAE@XZ 004174fc f   v5subs:ftii_shot_data.obj
 0001:00016507       ??4FTII_ARRAY_DATA@@QAEXABVFTII_FILE_DATA@@@Z 00417507 f   v5subs:ftii_shot_data.obj
 0001:00016b10       ?interpolated_timer_count@FTII_ARRAY_DATA@@QAEIN@Z 00417b10 f   v5subs:ftii_shot_data.obj
 0001:00016b97       ?interpolated_velocity@FTII_ARRAY_DATA@@QAENN@Z 00417b97 f   v5subs:ftii_shot_data.obj
 0001:00016c8b       ?velocity_between_positions@FTII_ARRAY_DATA@@QAENNN@Z 00417c8b f   v5subs:ftii_shot_data.obj
 0001:00016d0d       ?index_from_position@FTII_ARRAY_DATA@@QAEHN@Z 00417d0d f   v5subs:ftii_shot_data.obj
 0001:00016d40       ?index_from_time@FTII_ARRAY_DATA@@QAEHN@Z 00417d40 f   v5subs:ftii_shot_data.obj
 0001:00016db2       ?clear@FTII_PROFILE@@QAEXXZ 00417db2 f   v5subs:ftii_shot_data.obj
 0001:00016e29       ??_EFTII_PARAMETER_ENTRY@@QAEPAXI@Z 00417e29 f i v5subs:ftii_shot_data.obj
 0001:00016e29       ??_EFTII_MIN_MAX_DATA@@QAEPAXI@Z 00417e29 f i v5subs:ftii_shot_data.obj
 0001:00016e4e       ??0FTII_PROFILE@@QAE@XZ    00417e4e f   v5subs:ftii_shot_data.obj
 0001:00016e8e       ??_GFTII_PROFILE@@UAEPAXI@Z 00417e8e f i v5subs:ftii_shot_data.obj
 0001:00016e8e       ??_EFTII_PROFILE@@UAEPAXI@Z 00417e8e f i v5subs:ftii_shot_data.obj
 0001:00016eaa       ??1FTII_PROFILE@@UAE@XZ    00417eaa f   v5subs:ftii_shot_data.obj
 0001:00016ec1       ?curve_index@FTII_PROFILE@@QAEHH@Z 00417ec1 f   v5subs:ftii_shot_data.obj
 0001:00016eec       ?ms_between_positions@FTII_PROFILE@@QAENNN@Z 00417eec f   v5subs:ftii_shot_data.obj
 0001:00016f3e       ?interpolated_postion_from_velocity@FTII_PROFILE@@QAENHHH@Z 00417f3e f   v5subs:ftii_shot_data.obj
 0001:00016f82       ??4FTII_PROFILE@@QAEXABVFTII_FILE_DATA@@@Z 00417f82 f   v5subs:ftii_shot_data.obj
 0001:0001719f       ?ms@FTII_PROFILE@@QAENH@Z  0041819f f   v5subs:ftii_shot_data.obj
 0001:000171d0       ?cleanup@BLOCK_MESSAGE_CLASS@@QAEXXZ 004181d0 f   v5subs:msgclas.obj
 0001:00017207       ??0BLOCK_MESSAGE_CLASS@@QAE@XZ 00418207 f   v5subs:msgclas.obj
 0001:00017214       ??1BLOCK_MESSAGE_CLASS@@QAE@XZ 00418214 f   v5subs:msgclas.obj
 0001:00017225       ?load@BLOCK_MESSAGE_CLASS@@QAEEPAD@Z 00418225 f   v5subs:msgclas.obj
 0001:00017323       ?message@BLOCK_MESSAGE_CLASS@@QAEPADJ@Z 00418323 f   v5subs:msgclas.obj
 0001:0001737d       ?to_point@@YAXAAUtagPOINT@@J@Z 0041837d f   v5subs:menuctrl.obj
 0001:00017394       ?show_submenu@MENU_CONTROL_ENTRY@@QAEXXZ 00418394 f   v5subs:menuctrl.obj
 0001:00017440       ?do_left_button_up@MENU_CONTROL_ENTRY@@QAEXIJ@Z 00418440 f   v5subs:menuctrl.obj
 0001:000174f6       ?do_left_button_down@MENU_CONTROL_ENTRY@@QAEXIJ@Z 004184f6 f   v5subs:menuctrl.obj
 0001:00017636       ?do_mousemove@MENU_CONTROL_ENTRY@@QAEXPAUHWND__@@IJ@Z 00418636 f   v5subs:menuctrl.obj
 0001:000178e1       ?menu_control_proc@@YGJPAUHWND__@@IIJ@Z 004188e1 f   v5subs:menuctrl.obj
 0001:000179a4       ?sub_menu_control_proc@@YGJPAUHWND__@@IIJ@Z 004189a4 f   v5subs:menuctrl.obj
 0001:000179ed       ??0MENU_ITEM_ENTRY@@QAE@XZ 004189ed f   v5subs:menuctrl.obj
 0001:00017a3f       ??1MENU_ITEM_ENTRY@@QAE@XZ 00418a3f f   v5subs:menuctrl.obj
 0001:00017a6a       ??_EMENU_ITEM_ENTRY@@QAEPAXI@Z 00418a6a f i v5subs:menuctrl.obj
 0001:00017ac5       ?draw_rect@MENU_ITEM_ENTRY@@QAEXPAUHDC__@@@Z 00418ac5 f   v5subs:menuctrl.obj
 0001:00017b1e       ?draw@MENU_ITEM_ENTRY@@QAEXPAUHDC__@@@Z 00418b1e f   v5subs:menuctrl.obj
 0001:00017c09       ?draw_submenu_item@MENU_ITEM_ENTRY@@QAEXPAUHDC__@@I@Z 00418c09 f   v5subs:menuctrl.obj
 0001:00017cd5       ?get@MENU_ITEM_ENTRY@@QAEEPAD@Z 00418cd5 f   v5subs:menuctrl.obj
 0001:00017d8d       ??0MENU_CONTROL_ENTRY@@QAE@XZ 00418d8d f   v5subs:menuctrl.obj
 0001:00017e3f       ??1MENU_CONTROL_ENTRY@@QAE@XZ 00418e3f f   v5subs:menuctrl.obj
 0001:00017eba       ?paint_me@MENU_CONTROL_ENTRY@@QAEXPAUHWND__@@@Z 00418eba f   v5subs:menuctrl.obj
 0001:00017f5a       ?paint_submenu@MENU_CONTROL_ENTRY@@QAEXPAUHWND__@@@Z 00418f5a f   v5subs:menuctrl.obj
 0001:0001801d       ?register_window@MENU_CONTROL_ENTRY@@SAXXZ 0041901d f   v5subs:menuctrl.obj
 0001:000180bd       ?destroy_windows@MENU_CONTROL_ENTRY@@QAEXXZ 004190bd f   v5subs:menuctrl.obj
 0001:000180fd       ?create_windows@MENU_CONTROL_ENTRY@@QAEEPADPAUHWND__@@@Z 004190fd f   v5subs:menuctrl.obj
 0001:000181e7       ?find@MENU_CONTROL_ENTRY@@QAEPAVMENU_ITEM_ENTRY@@I@Z 004191e7 f   v5subs:menuctrl.obj
 0001:00018241       ?set_checkmark@MENU_CONTROL_ENTRY@@QAEEIE@Z 00419241 f   v5subs:menuctrl.obj
 0001:0001826a       ?resize@MENU_CONTROL_ENTRY@@QAEEH@Z 0041926a f   v5subs:menuctrl.obj
 0001:000182e7       ?resize@MENU_CONTROL_ENTRY@@QAEEXZ 004192e7 f   v5subs:menuctrl.obj
 0001:000182ef       ?excel_to_csv@@YAXPAD@Z    004192ef f   v5subs:menuctrl.obj
 0001:00018323       ?read@MENU_CONTROL_ENTRY@@QAEEAAVNAME_CLASS@@H@Z 00419323 f   v5subs:menuctrl.obj
 0001:0001897c       ?cleanup@STRINGTABLE_ENTRY@@QAEXXZ 0041997c f   v5subs:stringtable.obj
 0001:000189a3       ??0SETPOINT_CLASS@@QAE@XZ  004199a3 f   v5subs:stringtable.obj
 0001:000189a3       ??0STRINGTABLE_ENTRY@@QAE@XZ 004199a3 f   v5subs:stringtable.obj
 0001:000189ad       ??1STRINGTABLE_ENTRY@@QAE@XZ 004199ad f   v5subs:stringtable.obj
 0001:000189b2       ?acquire@STRINGTABLE_ENTRY@@QAEXAAV1@@Z 004199b2 f   v5subs:stringtable.obj
 0001:000189d3       ?cleanup@STRINGTABLE_CLASS@@QAEXXZ 004199d3 f   v5subs:stringtable.obj
 0001:000189f2       ??_ESTRINGTABLE_ENTRY@@QAEPAXI@Z 004199f2 f i v5subs:stringtable.obj
 0001:00018a49       ??0STRINGTABLE_CLASS@@QAE@XZ 00419a49 f   v5subs:stringtable.obj
 0001:00018a87       ??1STRINGTABLE_CLASS@@QAE@XZ 00419a87 f   v5subs:stringtable.obj
 0001:00018aa1       ?append@STRINGTABLE_CLASS@@QAE_NAAVSTRING_CLASS@@@Z 00419aa1 f   v5subs:stringtable.obj
 0001:00018d20       ?read@STRINGTABLE_CLASS@@QAE_NAAVSTRING_CLASS@@@Z 00419d20 f   v5subs:stringtable.obj
 0001:00018d37       ?find@STRINGTABLE_CLASS@@QAEPADPAD@Z 00419d37 f   v5subs:stringtable.obj
 0001:00018db9       ??0RECTANGLE_CLASS@@QAE@XZ 00419db9 f   v5subs:rectclas.obj
 0001:00018dc9       ??4RECTANGLE_CLASS@@QAEXABV0@@Z 00419dc9 f   v5subs:rectclas.obj
 0001:00018dc9       ??4RECTANGLE_CLASS@@QAEXABUtagRECT@@@Z 00419dc9 f   v5subs:rectclas.obj
 0001:00018de6       ?contains@RECTANGLE_CLASS@@QAEEABUtagPOINT@@@Z 00419de6 f   v5subs:rectclas.obj
 0001:00018e0b       ?moveto@RECTANGLE_CLASS@@QAEXJJ@Z 00419e0b f   v5subs:rectclas.obj
 0001:00018e2c       ?offset@RECTANGLE_CLASS@@QAEXJJ@Z 00419e2c f   v5subs:rectclas.obj
 0001:00018e42       ?setsize@RECTANGLE_CLASS@@QAEXJJ@Z 00419e42 f   v5subs:rectclas.obj
 0001:00018e42       ?setsize@RECTANGLE_CLASS@@QAEXUtagSIZE@@@Z 00419e42 f   v5subs:rectclas.obj
 0001:00018e58       ?draw@RECTANGLE_CLASS@@QAEXPAUHDC__@@@Z 00419e58 f   v5subs:rectclas.obj
 0001:00018e9d       ?draw@RECTANGLE_CLASS@@QAEXPAUHDC__@@K@Z 00419e9d f   v5subs:rectclas.obj
 0001:00018ee3       ?fill@RECTANGLE_CLASS@@QAEXPAUHDC__@@PAUHBRUSH__@@@Z 00419ee3 f   v5subs:rectclas.obj
 0001:00018ef5       ?fill@RECTANGLE_CLASS@@QAEXPAUHDC__@@K@Z 00419ef5 f   v5subs:rectclas.obj
 0001:00018f38       ??0FONT_CLASS@@QAE@XZ      00419f38 f   v5subs:fontclas.obj
 0001:00018f66       ??4FONT_CLASS@@QAEXABUtagLOGFONTA@@@Z 00419f66 f   v5subs:fontclas.obj
 0001:00018fc9       ??4FONT_CLASS@@QAEXABV0@@Z 00419fc9 f   v5subs:fontclas.obj
 0001:00018fef       ??8FONT_CLASS@@QAE_NABUtagLOGFONTA@@@Z 00419fef f   v5subs:fontclas.obj
 0001:00019074       ??8FONT_CLASS@@QAE_NABV0@@Z 0041a074 f   v5subs:fontclas.obj
 0001:0001909a       ?get@FONT_CLASS@@QAE_NPAD@Z 0041a09a f   v5subs:fontclas.obj
 0001:0001927e       ??0FONT_LIST_ENTRY@@QAE@XZ 0041a27e f   v5subs:fontclas.obj
 0001:00019298       ??1FONT_LIST_ENTRY@@QAE@XZ 0041a298 f   v5subs:fontclas.obj
 0001:000192b8       ??1FONT_LIST_CLASS@@QAE@XZ 0041a2b8 f   v5subs:fontclas.obj
 0001:000192d9       ?get_handle@FONT_LIST_CLASS@@QAEPAUHFONT__@@ABVFONT_CLASS@@@Z 0041a2d9 f   v5subs:fontclas.obj
 0001:00019374       ?free_handle@FONT_LIST_CLASS@@QAEXPAUHFONT__@@@Z 0041a374 f   v5subs:fontclas.obj
 0001:000193b9       ??0AUTO_BACKUP_CLASS@@QAE@XZ 0041a3b9 f   v5subs:autoback.obj
 0001:000193cb       ??1AUTO_BACKUP_CLASS@@QAE@XZ 0041a3cb f   v5subs:autoback.obj
 0001:000193d1       ?get_backup_dir@AUTO_BACKUP_CLASS@@QAEEXZ 0041a3d1 f   v5subs:autoback.obj
 0001:0001946e       ?backup_machine@AUTO_BACKUP_CLASS@@QAEEAAVSTRING_CLASS@@@Z 0041a46e f   v5subs:autoback.obj
 0001:000195a0       ?myfindchar@@YAPBDDPBD@Z   0041a5a0 f   v5subs:ftiiclas.obj
 0001:000195be       ?myfindchar@@YAPADDPAD@Z   0041a5be f   v5subs:ftiiclas.obj
 0001:000195dc       ?get@FTII_VAR@@UAE_NPBD@Z  0041a5dc f   v5subs:ftiiclas.obj
 0001:00019648       ?is_same_variable@FTII_VAR@@QAE_NPBD@Z 0041a648 f   v5subs:ftiiclas.obj
 0001:0001965f       ?append_value@FTII_VAR@@QAE_NAAVSTRING_CLASS@@@Z 0041a65f f   v5subs:ftiiclas.obj
 0001:00019731       ?makeline@FTII_VAR@@QAE_NAAVSTRING_CLASS@@@Z 0041a731 f   v5subs:ftiiclas.obj
 0001:00019776       ?put@FTII_VAR@@UAE_NAAVSTRING_CLASS@@@Z 0041a776 f   v5subs:ftiiclas.obj
 0001:00019803       ?realval@FTII_VAR@@QAENXZ  0041a803 f   v5subs:ftiiclas.obj
 0001:0001985c       ??4FTII_VAR@@UAEXN@Z       0041a85c f   v5subs:ftiiclas.obj
 0001:000198a6       ??4FTII_VAR@@UAEXPBD@Z     0041a8a6 f   v5subs:ftiiclas.obj
 0001:00019919       ?cleanup@FTII_VAR_ARRAY@@QAEXXZ 0041a919 f   v5subs:ftiiclas.obj
 0001:0001993f       ??1FTII_VAR_ARRAY@@UAE@XZ  0041a93f f   v5subs:ftiiclas.obj
 0001:00019955       ?set@FTII_VAR@@UAEXHI@Z    0041a955 f i v5subs:ftiiclas.obj
 0001:00019966       ??4FTII_VAR@@UAEXABV0@@Z   0041a966 f i v5subs:ftiiclas.obj
 0001:00019979       ??4FTII_VAR@@UAEXI@Z       0041a979 f i v5subs:ftiiclas.obj
 0001:00019979       ??4FTII_VAR@@UAEXH@Z       0041a979 f i v5subs:ftiiclas.obj
 0001:00019983       ?get_from@FTII_VAR_ARRAY@@QAE_NAAVSTRING_CLASS@@@Z 0041a983 f   v5subs:ftiiclas.obj
 0001:00019a4f       ?get@FTII_VAR_ARRAY@@QAE_NAAVSTRING_CLASS@@@Z 0041aa4f f   v5subs:ftiiclas.obj
 0001:00019b3a       ?put_into@FTII_VAR_ARRAY@@QAE_NAAVSTRING_CLASS@@@Z 0041ab3a f   v5subs:ftiiclas.obj
 0001:00019cb3       ?put@FTII_VAR_ARRAY@@UAE_NAAVSTRING_CLASS@@@Z 0041acb3 f   v5subs:ftiiclas.obj
 0001:00019d72       ??AFTII_VAR_ARRAY@@QAEAAVFTII_VAR@@H@Z 0041ad72 f   v5subs:ftiiclas.obj
 0001:00019da9       ?find@FTII_VAR_ARRAY@@QAE_NH@Z 0041ada9 f   v5subs:ftiiclas.obj
 0001:00019dec       ?find@FTII_VAR_ARRAY@@QAE_NPAD@Z 0041adec f   v5subs:ftiiclas.obj
 0001:00019e05       ?set@FTII_VAR_ARRAY@@UAEXHI@Z 0041ae05 f   v5subs:ftiiclas.obj
 0001:00019e2e       ??4FTII_VAR_ARRAY@@UAEXABVFTII_VAR@@@Z 0041ae2e f   v5subs:ftiiclas.obj
 0001:00019e40       ??4FTII_VAR_ARRAY@@UAEXI@Z 0041ae40 f   v5subs:ftiiclas.obj
 0001:00019e62       ??4FTII_VAR_ARRAY@@UAEXH@Z 0041ae62 f   v5subs:ftiiclas.obj
 0001:00019e6e       ??4FTII_VAR_ARRAY@@UAEXN@Z 0041ae6e f   v5subs:ftiiclas.obj
 0001:00019e99       ?remove@FTII_VAR_ARRAY@@QAE_NH@Z 0041ae99 f   v5subs:ftiiclas.obj
 0001:00019f1b       ?remove@FTII_VAR_ARRAY@@QAE_NXZ 0041af1b f   v5subs:ftiiclas.obj
 0001:00019f2c       ?upsize@FTII_VAR_ARRAY@@QAE_NH@Z 0041af2c f   v5subs:ftiiclas.obj
 0001:00019fe2       ??_EFTII_VAR@@UAEPAXI@Z    0041afe2 f i v5subs:ftiiclas.obj
 0001:0001a034       ??0FIFO_CLASS@@QAE@XZ      0041b034 f   v5subs:fifo.obj
 0001:0001a04d       ??1FIFO_CLASS@@QAE@XZ      0041b04d f   v5subs:fifo.obj
 0001:0001a055       ?push@FIFO_CLASS@@QAEEPAX@Z 0041b055 f   v5subs:fifo.obj
 0001:0001a0b2       ?pop@FIFO_CLASS@@QAEPAXXZ  0041b0b2 f   v5subs:fifo.obj
 0001:0001a0fa       ?peek@FIFO_CLASS@@QAEPAXXZ 0041b0fa f   v5subs:fifo.obj
 0001:0001a108       ??0TEXT_LIST_CLASS@@QAE@XZ 0041b108 f   v5subs:textlist.obj
 0001:0001a108       ??0MACHINE_NAME_LIST_CLASS@@QAE@XZ 0041b108 f   v5subs:textlist.obj
 0001:0001a118       ?empty@TEXT_LIST_CLASS@@QAEXXZ 0041b118 f   v5subs:textlist.obj
 0001:0001a143       ?next@TEXT_LIST_CLASS@@QAEEXZ 0041b143 f   v5subs:textlist.obj
 0001:0001a143       ?next@MACHINE_NAME_LIST_CLASS@@QAEEXZ 0041b143 f   v5subs:textlist.obj
 0001:0001a157       ?remove@TEXT_LIST_CLASS@@QAEEXZ 0041b157 f   v5subs:textlist.obj
 0001:0001a17a       ?append@TEXT_LIST_CLASS@@QAEEPADJ@Z 0041b17a f   v5subs:textlist.obj
 0001:0001a1e8       ??1TEXT_LIST_CLASS@@QAE@XZ 0041b1e8 f   v5subs:textlist.obj
 0001:0001a1fa       ?get_directory_list@TEXT_LIST_CLASS@@QAEXPBD@Z 0041b1fa f   v5subs:textlist.obj
 0001:0001a297       ?resource_string@@YAPADPAUHINSTANCE__@@I@Z 0041b297 f   v5subs:winsubs.obj
 0001:0001a2c5       ?desktop_client_rect@@YA?AUtagRECT@@XZ 0041b2c5 f   v5subs:winsubs.obj
 0001:0001a350       ?is_previous_instance@@YAEPAD0@Z 0041b350 f   v5subs:winsubs.obj
 0001:0001a37d       ?set_menu_view_state@@YAXAAEPAUHWND__@@I@Z 0041b37d f   v5subs:winsubs.obj
 0001:0001a3a5       ?get_text@@YAEPADPAUHWND__@@H@Z 0041b3a5 f   v5subs:winsubs.obj
 0001:0001a3cc       ?set_text@@YAEPAUHWND__@@PBD@Z 0041b3cc f   v5subs:winsubs.obj
 0001:0001a3f0       ?set_text@@YAEPAUHWND__@@HPBD@Z 0041b3f0 f   v5subs:winsubs.obj
 0001:0001a40b       ?is_checked@@YAEPAUHWND__@@H@Z 0041b40b f   v5subs:winsubs.obj
 0001:0001a421       ?is_checked@@YAEPAUHWND__@@@Z 0041b421 f   v5subs:winsubs.obj
 0001:0001a43c       ?set_checkbox@@YAXPAUHWND__@@E@Z 0041b43c f   v5subs:winsubs.obj
 0001:0001a458       ?resource_message_box@@YAHPAUHWND__@@PAUHINSTANCE__@@III@Z 0041b458 f   v5subs:winsubs.obj
 0001:0001a4b9       ?resource_message_box@@YAHPAUHINSTANCE__@@III@Z 0041b4b9 f   v5subs:winsubs.obj
 0001:0001a4d4       ?is_a_listbox@@YAEPAUHWND__@@@Z 0041b4d4 f   v5subs:winsubs.obj
 0001:0001a51c       ?character_height@@YAJPAUHDC__@@@Z 0041b51c f   v5subs:winsubs.obj
 0001:0001a534       ?average_character_width@@YAJPAUHDC__@@@Z 0041b534 f   v5subs:winsubs.obj
 0001:0001a54c       ?pixel_width@@YAJPAUHDC__@@PAD@Z 0041b54c f   v5subs:winsubs.obj
 0001:0001a570       ?free_kilobytes@@YAJPBD@Z  0041b570 f   v5subs:winsubs.obj
 0001:0001a5e1       ?is_windows_nt@@YAEXZ      0041b5e1 f   v5subs:winsubs.obj
 0001:0001a60d       ?fixed_string@@YAPADNJJ@Z  0041b60d f   v5subs:ftoasc.obj
 0001:0001a7e2       ?ftoasc@@YAXPADN@Z         0041b7e2 f   v5subs:ftoasc.obj
 0001:0001a7fa       ?unknown@@YAEPAD@Z         0041b7fa f   v5subs:misc.obj
 0001:0001a810       ?unknown_string@@YAPADXZ   0041b810 f   v5subs:misc.obj
 0001:0001a816       ?round@@YANNN@Z            0041b816 f   v5subs:misc.obj
 0001:0001a848       ?mask_from_wire@@YAII@Z    0041b848 f   v5subs:misc.obj
 0001:0001a857       ?wire_from_mask@@YAII@Z    0041b857 f   v5subs:misc.obj
 0001:0001a86c       ?ascii_double@@YAPADN@Z    0041b86c f   v5subs:ascfloat.obj
 0001:0001a888       ?ascii_float@@YAPADM@Z     0041b888 f   v5subs:ascfloat.obj
 0001:0001a899       ?cleanup_memory@FILE_CLASS@@QAEXXZ 0041b899 f   v5subs:fileclas.obj
 0001:0001a8c4       ?cleanup@FILE_CLASS@@QAEXXZ 0041b8c4 f   v5subs:fileclas.obj
 0001:0001a8f2       ??0FILE_CLASS@@QAE@XZ      0041b8f2 f   v5subs:fileclas.obj
 0001:0001a916       ?make_path@FILE_CLASS@@QAEEPAD@Z 0041b916 f   v5subs:fileclas.obj
 0001:0001a95f       ?open@FILE_CLASS@@QAEEPADK@Z 0041b95f f   v5subs:fileclas.obj
 0001:0001a9e5       ?open_for_write@FILE_CLASS@@QAEEPAD@Z 0041b9e5 f   v5subs:fileclas.obj
 0001:0001a9fe       ?open_for_write@FILE_CLASS@@QAEEAAVSTRING_CLASS@@@Z 0041b9fe f   v5subs:fileclas.obj
 0001:0001aa17       ?open_for_read@FILE_CLASS@@QAEEPAD@Z 0041ba17 f   v5subs:fileclas.obj
 0001:0001aa31       ?open_for_read@FILE_CLASS@@QAEEAAVSTRING_CLASS@@@Z 0041ba31 f   v5subs:fileclas.obj
 0001:0001aa4a       ?open_for_append@FILE_CLASS@@QAEEPAD@Z 0041ba4a f   v5subs:fileclas.obj
 0001:0001aa80       ??1FILE_CLASS@@QAE@XZ      0041ba80 f   v5subs:fileclas.obj
 0001:0001aa80       ?close@FILE_CLASS@@QAEXXZ  0041ba80 f   v5subs:fileclas.obj
 0001:0001aa85       ?setpos@FILE_CLASS@@QAEEJ@Z 0041ba85 f   v5subs:fileclas.obj
 0001:0001aac8       ?writebinary@FILE_CLASS@@QAEEPAXK@Z 0041bac8 f   v5subs:fileclas.obj
 0001:0001ab2a       ?writeline@FILE_CLASS@@QAEEPAD@Z 0041bb2a f   v5subs:fileclas.obj
 0001:0001abb7       ?writeline@FILE_CLASS@@QAEEAAVSTRING_CLASS@@@Z 0041bbb7 f   v5subs:fileclas.obj
 0001:0001abd0       ?readbinary@FILE_CLASS@@QAEKPAXK@Z 0041bbd0 f   v5subs:fileclas.obj
 0001:0001ac34       ?readline@FILE_CLASS@@QAEPADXZ 0041bc34 f   v5subs:fileclas.obj
 0001:0001ad25       ?nof_lines@FILE_CLASS@@QAEHXZ 0041bd25 f   v5subs:fileclas.obj
 0001:0001adbb       ?get_creation_time@FILE_CLASS@@QAEEPAU_FILETIME@@@Z 0041bdbb f   v5subs:fileclas.obj
 0001:0001ae18       ?convert_to_data_dir@NAME_CLASS@@QAEEXZ 0041be18 f   v5subs:nameclas.obj
 0001:0001ae5d       ?get_exe_dir_file_name@NAME_CLASS@@QAEEAAVSTRING_CLASS@@PBD@Z 0041be5d f   v5subs:nameclas.obj
 0001:0001aea0       ?get_exe_dir_file_name@NAME_CLASS@@QAEEPBD@Z 0041bea0 f   v5subs:nameclas.obj
 0001:0001aed9       ?get_stringtable_name@NAME_CLASS@@QAEEPBD@Z 0041bed9 f   v5subs:nameclas.obj
 0001:0001af2a       ?get_data_dir_file_name@NAME_CLASS@@QAEEAAVSTRING_CLASS@@PBD@Z 0041bf2a f   v5subs:nameclas.obj
 0001:0001af6d       ?get_data_dir_file_name@NAME_CLASS@@QAEEPBD@Z 0041bf6d f   v5subs:nameclas.obj
 0001:0001af8a       ?get_machine_dir_file_name@NAME_CLASS@@QAEEAAVSTRING_CLASS@@0PBD@Z 0041bf8a f   v5subs:nameclas.obj
 0001:0001afd3       ?get_part_dir_file_name@NAME_CLASS@@QAEEAAVSTRING_CLASS@@00PBD@Z 0041bfd3 f   v5subs:nameclas.obj
 0001:0001b01f       ?get_part_results_dir_file_name@NAME_CLASS@@QAEEAAVSTRING_CLASS@@00PBD@Z 0041c01f f   v5subs:nameclas.obj
 0001:0001b060       ?get_machine_results_dir_file_name@NAME_CLASS@@QAEEAAVSTRING_CLASS@@0PBD@Z 0041c060 f   v5subs:nameclas.obj
 0001:0001b09e       ?get_profile_name@NAME_CLASS@@QAEEAAVSTRING_CLASS@@00PBD1@Z 0041c09e f   v5subs:nameclas.obj
 0001:0001b0fd       ?get_profile_name@NAME_CLASS@@QAEEAAVSTRING_CLASS@@00JPBD@Z 0041c0fd f   v5subs:nameclas.obj
 0001:0001b140       ??ZTIME_CLASS@@QAEXK@Z     0041c140 f   v5subs:timeclas.obj
 0001:0001b156       ??GTIME_CLASS@@QAEJABV0@@Z 0041c156 f   v5subs:timeclas.obj
 0001:0001b163       ?get_local_time@TIME_CLASS@@QAEXXZ 0041c163 f   v5subs:timeclas.obj
 0001:0001b184       ?set@TIME_CLASS@@QAEEABU_SYSTEMTIME@@@Z 0041c184 f   v5subs:timeclas.obj
 0001:0001b258       ?set@TIME_CLASS@@QAEEABU_FILETIME@@@Z 0041c258 f   v5subs:timeclas.obj
 0001:0001b280       ?get@TIME_CLASS@@QAEEAAU_SYSTEMTIME@@@Z 0041c280 f   v5subs:timeclas.obj
 0001:0001b3b4       ?system_time@TIME_CLASS@@QAEAAU_SYSTEMTIME@@XZ 0041c3b4 f   v5subs:timeclas.obj
 0001:0001b3c4       ?file_time@TIME_CLASS@@QAEAAU_FILETIME@@XZ 0041c3c4 f   v5subs:timeclas.obj
 0001:0001b3f0       ?text@TIME_CLASS@@QAEPADXZ 0041c3f0 f   v5subs:timeclas.obj
 0001:0001b441       ?mmddyyyy@TIME_CLASS@@QAEPADXZ 0041c441 f   v5subs:timeclas.obj
 0001:0001b474       ?hhmmss@TIME_CLASS@@QAEPADXZ 0041c474 f   v5subs:timeclas.obj
 0001:0001b4a7       ??4TIME_CLASS@@QAEXPBD@Z   0041c4a7 f   v5subs:timeclas.obj
 0001:0001b503       ??0DOWN_DATA_CLASS@@QAE@XZ 0041c503 f   v5subs:evclass.obj
 0001:0001b55f       ?set@DOWN_DATA_CLASS@@QAEEPAUHDDEDATA__@@@Z 0041c55f f   v5subs:evclass.obj
 0001:0001b6fd       ?cleanup@INI_CLASS@@QAEXXZ 0041c6fd f   v5subs:iniclass.obj
 0001:0001b736       ??1INI_CLASS@@QAE@XZ       0041c736 f   v5subs:iniclass.obj
 0001:0001b73b       ?set_file@INI_CLASS@@QAEEPBD@Z 0041c73b f   v5subs:iniclass.obj
 0001:0001b77d       ?set_section@INI_CLASS@@QAEEPBD@Z 0041c77d f   v5subs:iniclass.obj
 0001:0001b7b0       ?find@INI_CLASS@@QAEEPBD0@Z 0041c7b0 f   v5subs:iniclass.obj
 0001:0001b810       ?find@INI_CLASS@@QAEEPBD@Z 0041c810 f   v5subs:iniclass.obj
 0001:0001b828       ?get_string@INI_CLASS@@QAEPADXZ 0041c828 f   v5subs:iniclass.obj
 0001:0001b835       ?get_string@INI_CLASS@@QAEPADPBD@Z 0041c835 f   v5subs:iniclass.obj
 0001:0001b85d       ?get_boolean@INI_CLASS@@QAEEXZ 0041c85d f   v5subs:iniclass.obj
 0001:0001b87c       ?get_boolean@INI_CLASS@@QAEEPBD0@Z 0041c87c f   v5subs:iniclass.obj
 0001:0001b89f       ?get_boolean@INI_CLASS@@QAEEPBD@Z 0041c89f f   v5subs:iniclass.obj
 0001:0001b8b7       ?get_int@INI_CLASS@@QAEHXZ 0041c8b7 f   v5subs:iniclass.obj
 0001:0001b8c8       ?get_int@INI_CLASS@@QAEHPBD0@Z 0041c8c8 f   v5subs:iniclass.obj
 0001:0001b8eb       ?get_int@INI_CLASS@@QAEHPBD@Z 0041c8eb f   v5subs:iniclass.obj
 0001:0001b903       ?get_ul@INI_CLASS@@QAEKXZ  0041c903 f   v5subs:iniclass.obj
 0001:0001b914       ?get_ul@INI_CLASS@@QAEKPBD@Z 0041c914 f   v5subs:iniclass.obj
 0001:0001b92b       ?put_string@INI_CLASS@@QAEEPBD00@Z 0041c92b f   v5subs:iniclass.obj
 0001:0001b96e       ?put_string@INI_CLASS@@QAEEPBD0@Z 0041c96e f   v5subs:iniclass.obj
 0001:0001b98a       ?put_boolean@INI_CLASS@@QAEEPBD0E@Z 0041c98a f   v5subs:iniclass.obj
 0001:0001b9b5       ?put_int@INI_CLASS@@QAEEPBDH@Z 0041c9b5 f   v5subs:iniclass.obj
 0001:0001b9e2       ??1GENERIC_LIST_CLASS@@QAE@XZ 0041c9e2 f   v5subs:genlist.obj
 0001:0001ba04       ?append@GENERIC_LIST_CLASS@@QAEEPAX@Z 0041ca04 f   v5subs:genlist.obj
 0001:0001ba4c       ?insert@GENERIC_LIST_CLASS@@QAEEPAX@Z 0041ca4c f   v5subs:genlist.obj
 0001:0001ba93       ?next@GENERIC_LIST_CLASS@@QAEPAXXZ 0041ca93 f   v5subs:genlist.obj
 0001:0001babd       ?find@GENERIC_LIST_CLASS@@QAEEPAX@Z 0041cabd f   v5subs:genlist.obj
 0001:0001baf2       ?rewind@GENERIC_LIST_CLASS@@QAEXXZ 0041caf2 f   v5subs:genlist.obj
 0001:0001bafb       ?remove@GENERIC_LIST_CLASS@@QAEEXZ 0041cafb f   v5subs:genlist.obj
 0001:0001bb2a       ?remove@GENERIC_LIST_CLASS@@QAEEPAX@Z 0041cb2a f   v5subs:genlist.obj
 0001:0001bb49       ?remove_all@GENERIC_LIST_CLASS@@QAEXXZ 0041cb49 f   v5subs:genlist.obj
 0001:0001bb73       ?count@GENERIC_LIST_CLASS@@QAEFXZ 0041cb73 f   v5subs:genlist.obj
 0001:0001bb81       ?units_shutdown@@YAXXZ     0041cb81 f   v5subs:units.obj
 0001:0001bb99       ?units_startup@@YAEXZ      0041cb99 f   v5subs:units.obj
 0001:0001bcf6       ?units_name@@YAPADF@Z      0041ccf6 f   v5subs:units.obj
 0001:0001bd4b       ?fix_dde_name@@YAXPAD@Z    0041cd4b f   v5subs:fix.obj
 0001:0001bd74       ?temp_message_proc@@YGJPAUHWND__@@IIJ@Z 0041cd74 f   v5subs:temp_message.obj
 0001:0001bfd7       ?register_temp_message@@YAXXZ 0041cfd7 f   v5subs:temp_message.obj
 0001:0001c03a       ?temp_message@@YAXPADH@Z   0041d03a f   v5subs:temp_message.obj
 0001:0001c0f0       ?temp_message@@YAXPAD@Z    0041d0f0 f   v5subs:temp_message.obj
 0001:0001c101       ?kill_temp_message@@YAXXZ  0041d101 f   v5subs:temp_message.obj
 0001:0001c112       ?get_drive_name@@YAEPAD@Z  0041d112 f   v5subs:exists.obj
 0001:0001c141       ?is_removable@@YAEPAD@Z    0041d141 f   v5subs:exists.obj
 0001:0001c16b       ?disk_is_in_drive@@YAEPAD@Z 0041d16b f   v5subs:exists.obj
 0001:0001c1a3       ?file_exists@@YAEPAD@Z     0041d1a3 f   v5subs:exists.obj
 0001:0001c229       ?directory_exists@@YAEPAD@Z 0041d229 f   v5subs:exists.obj
 0001:0001c24c       ?file_size@@YAJPAD@Z       0041d24c f   v5subs:exists.obj
 0001:0001c27f       ?init@PRESSURE_CONTROL_CLASS@@QAEXXZ 0041d27f f   v5subs:stpres.obj
 0001:0001c30a       ??0PRESSURE_CONTROL_CLASS@@QAE@XZ 0041d30a f   v5subs:stpres.obj
 0001:0001c367       ??0PRES_CONTROL_STEP_ENTRY@@QAE@XZ 0041d367 f i v5subs:stpres.obj
 0001:0001c383       ??1PRESSURE_CONTROL_CLASS@@QAE@XZ 0041d383 f   v5subs:stpres.obj
 0001:0001c3da       ??1PRES_CONTROL_STEP_ENTRY@@QAE@XZ 0041d3da f i v5subs:stpres.obj
 0001:0001c3f6       ?find@PRESSURE_CONTROL_CLASS@@QAEEAAVSTRING_CLASS@@00@Z 0041d3f6 f   v5subs:stpres.obj
 0001:0001c6c3       ?cleanup@SETPOINT_CLASS@@QAEXXZ 0041d6c3 f   v5subs:setpoint.obj
 0001:0001c6de       ??_ESETPOINT_ENTRY@@QAEPAXI@Z 0041d6de f i v5subs:setpoint.obj
 0001:0001c750       ??1SETPOINT_CLASS@@QAE@XZ  0041d750 f   v5subs:setpoint.obj
 0001:0001c755       ?setsize@SETPOINT_CLASS@@QAEEH@Z 0041d755 f   v5subs:setpoint.obj
 0001:0001c846       ?getfrom@SETPOINT_CLASS@@QAEHAAVSTRING_CLASS@@@Z 0041d846 f   v5subs:setpoint.obj
 0001:0001c939       ?get@SETPOINT_CLASS@@QAEHAAVSTRING_CLASS@@@Z 0041d939 f   v5subs:setpoint.obj
 0001:0001c950       ?get_one_value@SETPOINT_CLASS@@QAEEAAVSTRING_CLASS@@0H@Z 0041d950 f   v5subs:setpoint.obj
 0001:0001c9d2       ??ASETPOINT_CLASS@@QAEAAUSETPOINT_ENTRY@@H@Z 0041d9d2 f   v5subs:setpoint.obj
 0001:0001c9ee       ?put@SETPOINT_CLASS@@QAEEAAVSTRING_CLASS@@@Z 0041d9ee f   v5subs:setpoint.obj
 0001:0001cac4       ?upper_case@@YAXAAD@Z      0041dac4 f   v5subs:mem.obj
 0001:0001cae3       ?upper_case@@YAXPAD@Z      0041dae3 f   v5subs:mem.obj
 0001:0001cb09       ?ul_to_char@@YADK@Z        0041db09 f   v5subs:mem.obj
 0001:0001cb0e       ?unicode_to_char@@YAXPAD0@Z 0041db0e f   v5subs:mem.obj
 0001:0001cb2c       ?char_to_tchar@@YAXPAD0H@Z 0041db2c f   v5subs:mem.obj
 0001:0001cb55       ?fillchars@@YAXPADDF@Z     0041db55 f   v5subs:mem.obj
 0001:0001cb89       ?countchars@@YAJDPBD@Z     0041db89 f   v5subs:mem.obj
 0001:0001cba0       ?findchar@@YAPADDPADF@Z    0041dba0 f   v5subs:mem.obj
 0001:0001cba0       ?findchar@@YAPBDDPBDF@Z    0041dba0 f   v5subs:mem.obj
 0001:0001cbc7       ?findstring@@YAPADPBDPAD@Z 0041dbc7 f   v5subs:mem.obj
 0001:0001cc2d       ?findchar@@YAPBDDPBD@Z     0041dc2d f   v5subs:mem.obj
 0001:0001cc2d       ?findchar@@YAPADDPAD@Z     0041dc2d f   v5subs:mem.obj
 0001:0001cc49       ?copychars@@YAXPADPBDF@Z   0041dc49 f   v5subs:mem.obj
 0001:0001cc6a       ?charlen@@YAFPBDF@Z        0041dc6a f   v5subs:mem.obj
 0001:0001cc86       ?copyfromstr@@YAXPADPBDF@Z 0041dc86 f   v5subs:mem.obj
 0001:0001ccc7       ?compare@@YAFPBD0F@Z       0041dcc7 f   v5subs:mem.obj
 0001:0001cd28       ?strings_are_equal@@YAEPBD0F@Z 0041dd28 f   v5subs:mem.obj
 0001:0001cd44       ?strings_are_equal@@YAEPBD0@Z 0041dd44 f   v5subs:mem.obj
 0001:0001cd75       ?copystring@@YAPADPADPBD@Z 0041dd75 f   v5subs:mem.obj
 0001:0001cd9f       ?catstring@@YAPADPADPBD@Z  0041dd9f f   v5subs:mem.obj
 0001:0001cdbc       ?copystring@@YAPADPADPBDH@Z 0041ddbc f   v5subs:mem.obj
 0001:0001cdf1       ?nextstring@@YAPADPAD@Z    0041ddf1 f   v5subs:mem.obj
 0001:0001ce03       ?replace_char_with_null@@YAEPADPBD@Z 0041de03 f   v5subs:mem.obj
 0001:0001ce40       ?replace_char_with_null@@YAEPADD@Z 0041de40 f   v5subs:mem.obj
 0001:0001ce6d       ?replace_tab_with_null@@YAEPAD@Z 0041de6d f   v5subs:mem.obj
 0001:0001ce7f       ?copy_w_char@@YAPADPAD0D@Z 0041de7f f   v5subs:mem.obj
 0001:0001ce96       ?killtext@@YAXPAD@Z        0041de96 f   v5subs:mem.obj
 0001:0001cea8       ?maketext@@YAPADJ@Z        0041dea8 f   v5subs:mem.obj
 0001:0001cec1       ?maketext@@YAPADPBDJ@Z     0041dec1 f   v5subs:mem.obj
 0001:0001cef4       ?maketext@@YAPADPBD@Z      0041def4 f   v5subs:mem.obj
 0001:0001cf02       ?maketext_from_char@@YAPADPADH@Z 0041df02 f   v5subs:mem.obj
 0001:0001cf42       ?insert_char@@YAXPADD@Z    0041df42 f   v5subs:mem.obj
 0001:0001cf66       ?move_string_forward@@YAXPADH@Z 0041df66 f   v5subs:mem.obj
 0001:0001cf96       ?remove_char@@YAXPAD@Z     0041df96 f   v5subs:mem.obj
 0001:0001cfb0       ?remove_all_occurances@@YAXPADD@Z 0041dfb0 f   v5subs:mem.obj
 0001:0001cfd3       ?trim@@YAXPAD@Z            0041dfd3 f   v5subs:mem.obj
 0001:0001cffd       ?strip@@YAXPAD@Z           0041dffd f   v5subs:mem.obj
 0001:0001d052       ?add_computer@MACHINE_NAME_LIST_CLASS@@QAEEAAVSTRING_CLASS@@@Z 0041e052 f   v5subs:machname.obj
 0001:0001d1a2       ?empty@MACHINE_NAME_LIST_CLASS@@QAEXXZ 0041e1a2 f   v5subs:machname.obj
 0001:0001d1e0       ?name@MACHINE_NAME_LIST_CLASS@@QAEAAVSTRING_CLASS@@XZ 0041e1e0 f   v5subs:machname.obj
 0001:0001d1f0       ?computer_name@MACHINE_NAME_LIST_CLASS@@QAEAAVSTRING_CLASS@@XZ 0041e1f0 f   v5subs:machname.obj
 0001:0001d1fc       ??1MACHINE_NAME_LIST_CLASS@@QAE@XZ 0041e1fc f   v5subs:machname.obj
 0001:0001d262       ??0COMPUTER_CLASS@@QAE@XZ  0041e262 f   v5subs:computer.obj
 0001:0001d271       ?empty@COMPUTER_CLASS@@QAEXXZ 0041e271 f   v5subs:computer.obj
 0001:0001d2a9       ?load@COMPUTER_CLASS@@QAEEXZ 0041e2a9 f   v5subs:computer.obj
 0001:0001d3d4       ?startup@COMPUTER_CLASS@@QAEEXZ 0041e3d4 f   v5subs:computer.obj
 0001:0001d3ea       ?whoami@COMPUTER_CLASS@@QAEAAVSTRING_CLASS@@XZ 0041e3ea f   v5subs:computer.obj
 0001:0001d3f0       ?is_this_computer@COMPUTER_CLASS@@QAEEXZ 0041e3f0 f   v5subs:computer.obj
 0001:0001d40d       ?find@COMPUTER_CLASS@@QAEEPAD@Z 0041e40d f   v5subs:computer.obj
 0001:0001d43c       ?rewind@COMPUTER_CLASS@@QAEXXZ 0041e43c f   v5subs:computer.obj
 0001:0001d442       ?next@COMPUTER_CLASS@@QAEEXZ 0041e442 f   v5subs:computer.obj
 0001:0001d462       ?name@COMPUTER_CLASS@@QAEAAVSTRING_CLASS@@XZ 0041e462 f   v5subs:computer.obj
 0001:0001d472       ?add@COMPUTER_CLASS@@QAEEPAD@Z 0041e472 f   v5subs:computer.obj
 0001:0001d52a       ?is_present@COMPUTER_CLASS@@QAEEXZ 0041e52a f   v5subs:computer.obj
 0001:0001d556       ?is_hex_char@@YAED@Z       0041e556 f   v5subs:hex.obj
 0001:0001d576       ?ultohex@@YAXPADK@Z        0041e576 f   v5subs:hex.obj
 0001:0001d589       ?hextoul@@YAKPBD@Z         0041e589 f   v5subs:hex.obj
 0001:0001d5e6       ?is_real_char@@YAED@Z      0041e5e6 f   v5subs:extract.obj
 0001:0001d618       ?extdouble@@YANPBDF@Z      0041e618 f   v5subs:extract.obj
 0001:0001d662       ?extfloat@@YAMPBD@Z        0041e662 f   v5subs:extract.obj
 0001:0001d6de       ?extlong@@YAJPBDFH@Z       0041e6de f   v5subs:extract.obj
 0001:0001d72a       ?extul@@YAKPBDFH@Z         0041e72a f   v5subs:extract.obj
 0001:0001d776       ?asctoul@@YAKPBD@Z         0041e776 f   v5subs:extract.obj
 0001:0001d790       ?asctoint32@@YAJPBD@Z      0041e790 f   v5subs:extract.obj
 0001:0001d7aa       ?extlong@@YAJPBDF@Z        0041e7aa f   v5subs:extract.obj
 0001:0001d7aa       ?extshort@@YAFPBDF@Z       0041e7aa f   v5subs:extract.obj
 0001:0001d7bd       ?int32toasc@@YAXPADJJ@Z    0041e7bd f   v5subs:itoasc.obj
 0001:0001d80a       ?int32toasc@@YAPADJ@Z      0041e80a f   v5subs:itoasc.obj
 0001:0001d823       ?ultoascii@@YAXPADKK@Z     0041e823 f   v5subs:itoasc.obj
 0001:0001d860       ?ultoascii@@YAPADKK@Z      0041e860 f   v5subs:itoasc.obj
 0001:0001d87b       ?ultoascii@@YAPADK@Z       0041e87b f   v5subs:itoasc.obj
 0001:0001d889       ??0SURETRAK_PARAM_CLASS@@QAE@XZ 0041e889 f   v5subs:stparam.obj
 0001:0001d8cf       ??1RECTANGLE_CLASS@@QAE@XZ 0041e8cf f   v5subs:stparam.obj
 0001:0001d8cf       ??1SHIFT_CLASS@@QAE@XZ     0041e8cf f   v5subs:stparam.obj
 0001:0001d8cf       ??1ANALOG_SENSOR@@QAE@XZ   0041e8cf f   v5subs:stparam.obj
 0001:0001d8cf       ??1FONT_CLASS@@QAE@XZ      0041e8cf f   v5subs:stparam.obj
 0001:0001d8cf       ??1SURETRAK_PARAM_CLASS@@QAE@XZ 0041e8cf f   v5subs:stparam.obj
 0001:0001d8cf       __fpclear                  0041e8cf f   v5subs:stparam.obj
 0001:0001d8d0       ?find@SURETRAK_PARAM_CLASS@@QAEEAAVSTRING_CLASS@@0@Z 0041e8d0 f   v5subs:stparam.obj
 0001:0001d9c6       ?double_to_tchar@@YA_NPADNH@Z 0041e9c6 f   v5subs:dtotchar.obj
 0001:0001daba       ?rounded_double_to_tchar@@YA_NPADN@Z 0041eaba f   v5subs:dtotchar.obj
 0001:0001db19       ?is_numeric@@YAED@Z        0041eb19 f   v5subs:time.obj
 0001:0001db3a       ?init_systemtime_struct@@YAXAAU_SYSTEMTIME@@@Z 0041eb3a f   v5subs:time.obj
 0001:0001db4d       ?exthms@@YAEAAU_SYSTEMTIME@@PBD@Z 0041eb4d f   v5subs:time.obj
 0001:0001dbb5       ?extmdy@@YAEAAU_SYSTEMTIME@@PBD@Z 0041ebb5 f   v5subs:time.obj
 0001:0001dc23       ?alphadate@@YAEPADABU_SYSTEMTIME@@@Z 0041ec23 f   v5subs:time.obj
 0001:0001dc7a       ?alphadate@@YAPADABU_SYSTEMTIME@@@Z 0041ec7a f   v5subs:time.obj
 0001:0001dc90       ?alphatime@@YAEPADABU_SYSTEMTIME@@@Z 0041ec90 f   v5subs:time.obj
 0001:0001dce8       ?alphatime@@YAPADABU_SYSTEMTIME@@@Z 0041ece8 f   v5subs:time.obj
 0001:0001dcfe       ?is_leap_year@@YAEG@Z      0041ecfe f   v5subs:time.obj
 0001:0001dd34       ?dofyr@@YAGGGG@Z           0041ed34 f   v5subs:time.obj
 0001:0001dd7f       ?sec_since1990@@YAJAAU_SYSTEMTIME@@@Z 0041ed7f f   v5subs:time.obj
 0001:0001ddec       ?seconds_difference@@YAJAAU_SYSTEMTIME@@0@Z 0041edec f   v5subs:time.obj
 0001:0001de09       ?seconds_difference@@YAJAAU_FILETIME@@0@Z 0041ee09 f   v5subs:time.obj
 0001:0001de46       ?insalph@@YAXPADJJDJ@Z     0041ee46 f   v5subs:insalph.obj
 0001:0001de7e       ?insalph@@YAXPADNJD@Z      0041ee7e f   v5subs:insalph.obj
 0001:0001deb8       ?execute_and_wait@@YAEPAD0K@Z 0041eeb8 f   v5subs:execwait.obj
 0001:0001df38       ?execute_and_wait@@YAEPAD0@Z 0041ef38 f   v5subs:execwait.obj
 0001:0001df78       ?exe_directory@@YAPBDXZ    0041ef78 f   v5subs:gexedir.obj
 0001:0001e021       ?get_exe_directory@@YAEPAD@Z 0041f021 f   v5subs:gexedir.obj
 0001:0001e03b       ??0LIMIT_SWITCH_WIRE_CLASS@@QAE@XZ 0041f03b f   v5subs:limit_switch_class.obj
 0001:0001e058       ??1LIMIT_SWITCH_WIRE_CLASS@@QAE@XZ 0041f058 f   v5subs:limit_switch_class.obj
 0001:0001e070       ?wire_number@LIMIT_SWITCH_WIRE_CLASS@@QAEHH@Z 0041f070 f   v5subs:limit_switch_class.obj
 0001:0001e08c       ?get@LIMIT_SWITCH_WIRE_CLASS@@QAEEAAVSTRING_CLASS@@00@Z 0041f08c f   v5subs:limit_switch_class.obj
 0001:0001e1de       ?has_warning_limits@PARAMETER_ENTRY@@QAEEXZ 0041f1de f   v5subs:param.obj
 0001:0001e1ef       ?has_alarm_limits@PARAMETER_ENTRY@@QAEEXZ 0041f1ef f   v5subs:param.obj
 0001:0001e200       ?count@PARAMETER_CLASS@@QAEFXZ 0041f200 f   v5subs:param.obj
 0001:0001e21d       ?init@PARAMETER_CLASS@@QAEXF@Z 0041f21d f   v5subs:param.obj
 0001:0001e27f       ??0PARAMETER_CLASS@@QAE@XZ 0041f27f f   v5subs:param.obj
 0001:0001e2ae       ?read_param_db@PARAMETER_CLASS@@QAEEAAVSTRING_CLASS@@@Z 0041f2ae f   v5subs:param.obj
 0001:0001e413       ?find@PARAMETER_CLASS@@QAEEAAVSTRING_CLASS@@00@Z 0041f413 f   v5subs:param.obj
 0001:0001e477       ?maxint@@YAXAAHH@Z         0041f477 f   v5subs:maximize.obj
 0001:0001e486       ?minint@@YAXAAHH@Z         0041f486 f   v5subs:maximize.obj
 0001:0001e4c7       ?find_conversation@@YAPAUEVENT_ENTRY@@PAUHCONV__@@@Z 0041f4c7 f   v5subs:client.obj
 0001:0001e4f6       ?poke_data@@YAXPAD00@Z     0041f4f6 f   v5subs:client.obj
 0001:0001e5ec       ?connect_to_server@@YAPAUHCONV__@@PAD@Z 0041f5ec f   v5subs:client.obj
 0001:0001e648       ?one_hot_link@@YAXPAUHCONV__@@FI@Z 0041f648 f   v5subs:client.obj
 0001:0001e815       ?hot_links@@YAXPAUEVENT_ENTRY@@I@Z 0041f815 f   v5subs:client.obj
 0001:0001e84e       ?connect_to_server@@YAXXZ  0041f84e f   v5subs:client.obj
 0001:0001e8b5       ?dde_callback@@YGPAUHDDEDATA__@@IIPAUHCONV__@@PAUHSZ__@@1PAU1@KK@Z 0041f8b5 f   v5subs:client.obj
 0001:0001e9ba       ?register_for_event@@YAXPADFP6AX0FPAUHDDEDATA__@@@Z@Z 0041f9ba f   v5subs:client.obj
 0001:0001ea94       ??0EVENT_ENTRY@@QAE@XZ     0041fa94 f i v5subs:client.obj
 0001:0001eb2b       ?unregister_for_event@@YAXPADF@Z 0041fb2b f   v5subs:client.obj
 0001:0001ebbc       ?client_dde_startup@@YAXXZ 0041fbbc f   v5subs:client.obj
 0001:0001ec51       ?client_dde_startup@@YAXPAUHWND__@@@Z 0041fc51 f   v5subs:client.obj
 0001:0001ec5f       ?client_dde_shutdown@@YAXXZ 0041fc5f f   v5subs:client.obj
 0001:0001ed21       ?get_current_password_level@@YAXXZ 0041fd21 f   v5subs:client.obj
 0001:0001ed66       ?hourglass_cursor@@YAXXZ   0041fd66 f   v5subs:hourglas.obj
 0001:0001ed8f       ?restore_cursor@@YAXXZ     0041fd8f f   v5subs:hourglas.obj
 0001:0001edb1       ?rjust@@YAXPADFD@Z         0041fdb1 f   v5subs:rjust.obj
 0001:0001eded       ?post_error@@YAXPAD@Z      0041fded f   v5subs:dbsubs.obj
 0001:0001ee01       ?post_error@@YAXPAD0@Z     0041fe01 f   v5subs:dbsubs.obj
 0001:0001ee14       ??0DB_TABLE@@QAE@XZ        0041fe14 f   v5subs:dbsubs.obj
 0001:0001ee31       ??1DB_TABLE@@QAE@XZ        0041fe31 f   v5subs:dbsubs.obj
 0001:0001ee73       ?close@DB_TABLE@@QAEXXZ    0041fe73 f   v5subs:dbsubs.obj
 0001:0001ee90       ?initbuf@DB_TABLE@@AAEEPAPADPAFF@Z 0041fe90 f   v5subs:dbsubs.obj
 0001:0001ef19       ?open@DB_TABLE@@QAEEPADFFF@Z 0041ff19 f   v5subs:dbsubs.obj
 0001:0001f08d       ?open@DB_TABLE@@QAEEPADFF@Z 0042008d f   v5subs:dbsubs.obj
 0001:0001f0a3       ?create@DB_TABLE@@QAEEPAD@Z 004200a3 f   v5subs:dbsubs.obj
 0001:0001f102       ?ensure_existance@DB_TABLE@@QAEEAAVSTRING_CLASS@@@Z 00420102 f   v5subs:dbsubs.obj
 0001:0001f142       ?open_status@DB_TABLE@@QAEEXZ 00420142 f   v5subs:dbsubs.obj
 0001:0001f14a       ?lock_record@DB_TABLE@@QAEEXZ 0042014a f   v5subs:dbsubs.obj
 0001:0001f1a5       ?unlock_record@DB_TABLE@@QAEEXZ 004201a5 f   v5subs:dbsubs.obj
 0001:0001f1e3       ?goto_record_number@DB_TABLE@@QAEEJ@Z 004201e3 f   v5subs:dbsubs.obj
 0001:0001f25e       ?get_rec@DB_TABLE@@QAEEXZ  0042025e f   v5subs:dbsubs.obj
 0001:0001f2a6       ?nof_recs@DB_TABLE@@QAEKXZ 004202a6 f   v5subs:dbsubs.obj
 0001:0001f2cd       ?get_next_record@DB_TABLE@@QAEEE@Z 004202cd f   v5subs:dbsubs.obj
 0001:0001f31b       ?get_current_record@DB_TABLE@@QAEEE@Z 0042031b f   v5subs:dbsubs.obj
 0001:0001f360       ?compare_date@@YAFPAD0@Z   00420360 f   v5subs:dbsubs.obj
 0001:0001f390       ?compare_int32@@YAFPAD0J@Z 00420390 f   v5subs:dbsubs.obj
 0001:0001f3c6       ?compare_one_record@DB_TABLE@@AAEEPAFJJ@Z 004203c6 f   v5subs:dbsubs.obj
 0001:0001f486       ?restore_from_searchbuf@DB_TABLE@@AAEXXZ 00420486 f   v5subs:dbsubs.obj
 0001:0001f4a5       ?fill_searchbuf@DB_TABLE@@AAEEF@Z 004204a5 f   v5subs:dbsubs.obj
 0001:0001f4f4       ?goto_key_record@DB_TABLE@@AAEEFJJ@Z 004204f4 f   v5subs:dbsubs.obj
 0001:0001f60e       ?goto_first_key_record@DB_TABLE@@AAEEF@Z 0042060e f   v5subs:dbsubs.obj
 0001:0001f629       ?goto_first_equal_or_greater_record@DB_TABLE@@QAEEF@Z 00420629 f   v5subs:dbsubs.obj
 0001:0001f708       ?get_next_key_match@DB_TABLE@@QAEEFE@Z 00420708 f   v5subs:dbsubs.obj
 0001:0001f776       ?get_alpha@DB_TABLE@@QAEEPADGFG@Z 00420776 f   v5subs:dbsubs.obj
 0001:0001f7f2       ?get_alpha@DB_TABLE@@QAEEPADGF@Z 004207f2 f   v5subs:dbsubs.obj
 0001:0001f808       ?get_char@DB_TABLE@@QAEDG@Z 00420808 f   v5subs:dbsubs.obj
 0001:0001f822       ?get_date@DB_TABLE@@QAEEAAU_SYSTEMTIME@@G@Z 00420822 f   v5subs:dbsubs.obj
 0001:0001f83b       ?get_long@DB_TABLE@@QAEJG@Z 0042083b f   v5subs:dbsubs.obj
 0001:0001f878       ?get_double@DB_TABLE@@QAENG@Z 00420878 f   v5subs:dbsubs.obj
 0001:0001f8a1       ?get_time@DB_TABLE@@QAEEAAU_SYSTEMTIME@@G@Z 004208a1 f   v5subs:dbsubs.obj
 0001:0001f8ba       ?point_to_start_of_field@DB_TABLE@@AAEPADG@Z 004208ba f   v5subs:dbsubs.obj
 0001:0001f8d4       ?put_alpha@DB_TABLE@@QAEEGPBDF@Z 004208d4 f   v5subs:dbsubs.obj
 0001:0001f923       ?put_date@DB_TABLE@@QAEEGABU_SYSTEMTIME@@@Z 00420923 f   v5subs:dbsubs.obj
 0001:0001f953       ?put_double@DB_TABLE@@QAEEGNF@Z 00420953 f   v5subs:dbsubs.obj
 0001:0001f993       ?put_long@DB_TABLE@@QAEEGJF@Z 00420993 f   v5subs:dbsubs.obj
 0001:0001f9d0       ?put_time@DB_TABLE@@QAEEGAAU_SYSTEMTIME@@@Z 004209d0 f   v5subs:dbsubs.obj
 0001:0001fa00       ?write_record@DB_TABLE@@AAEEXZ 00420a00 f   v5subs:dbsubs.obj
 0001:0001fa54       ?rec_update@DB_TABLE@@QAEEXZ 00420a54 f   v5subs:dbsubs.obj
 0001:0001fa76       ?rec_append@DB_TABLE@@QAEEXZ 00420a76 f   v5subs:dbsubs.obj
 0001:0001fa9d       ?rec_insert@DB_TABLE@@QAEEXZ 00420a9d f   v5subs:dbsubs.obj
 0001:0001fb45       ?rec_delete@DB_TABLE@@QAEEJ@Z 00420b45 f   v5subs:dbsubs.obj
 0001:0001fc9d       ?shutdown_vtww_opto_control@@YAXXZ 00420c9d f   v5subs:optocontrol.obj
 0001:0001fce8       ?register_vtww_opto_control@@YAXXZ 00420ce8 f   v5subs:optocontrol.obj
 0001:0001fdd4       ?vtww_opto_proc@@YGJPAUHWND__@@IIJ@Z 00420dd4 f   v5subs:optocontrol.obj
 0001:00020221       ?get_long_ini_string@@YAPADPBD00@Z 00421221 f   v5subs:get_ini.obj
 0001:00020278       ?get_ini_string@@YAPADPBD00@Z 00421278 f   v5subs:get_ini.obj
 0001:0002029c       ?boolean_from_ini@@YAEPBD00@Z 0042129c f   v5subs:get_ini.obj
 0001:000202bc       ?int32_from_ini@@YAJPBD00@Z 004212bc f   v5subs:get_ini.obj
 0001:000202d7       ?dcurve_startup@@YAEXZ     004212d7 f   v5subs:dcurve.obj
 0001:00020412       ?dcurve_shutdown@@YAXXZ    00421412 f   v5subs:dcurve.obj
 0001:00020417       ?get_dcurve_coefficients@@YAEAAN0H@Z 00421417 f   v5subs:dcurve.obj
 0001:00020475       ?minutes_past_sunday@@YAFABU_SYSTEMTIME@@@Z 00421475 f   v5subs:shift.obj
 0001:00020491       ?dow_from_string@@YAFPAD@Z 00421491 f   v5subs:shift.obj
 0001:000204e1       ?shift_number@@YAFPAFABU_SYSTEMTIME@@@Z 004214e1 f   v5subs:shift.obj
 0001:000205ee       ?get_shift_number_and_date@@YAXPAFPAU_SYSTEMTIME@@ABU1@@Z 004215ee f   v5subs:shift.obj
 0001:0002066b       ?shifts_startup@@YAEXZ     0042166b f   v5subs:shift.obj
 0001:0002089c       ?shifts_shutdown@@YAXXZ    0042189c f   v5subs:shift.obj
 0001:000208ad       ??0SHIFT_CLASS@@QAE@XZ     004218ad f   v5subs:shift.obj
 0001:000208ad       ??0FONT_LIST_CLASS@@QAE@XZ 004218ad f   v5subs:shift.obj
 0001:000208b3       ?set_start_of_shift@SHIFT_CLASS@@QAEEABU_SYSTEMTIME@@F@Z 004218b3 f   v5subs:shift.obj
 0001:0002097d       ?read@SHIFT_CLASS@@QAEEAAVDB_TABLE@@GG@Z 0042197d f   v5subs:shift.obj
 0001:00020a08       ?cleanup@RUNLIST_CLASS@@AAEXXZ 00421a08 f   v5subs:runlist.obj
 0001:00020a25       ??_ERUNLIST_ENTRY@@QAEPAXI@Z 00421a25 f i v5subs:runlist.obj
 0001:00020a83       ??1RUNLIST_CLASS@@QAE@XZ   00421a83 f   v5subs:runlist.obj
 0001:00020a88       ??ARUNLIST_CLASS@@QAEAAURUNLIST_ENTRY@@H@Z 00421a88 f   v5subs:runlist.obj
 0001:00020aa7       ?find_part@RUNLIST_CLASS@@QAEAAVSTRING_CLASS@@I@Z 00421aa7 f   v5subs:runlist.obj
 0001:00020aea       ?get@RUNLIST_CLASS@@QAEEAAVNAME_CLASS@@@Z 00421aea f   v5subs:runlist.obj
 0001:00020c60       ?get@RUNLIST_CLASS@@QAEEAAVSTRING_CLASS@@0@Z 00421c60 f   v5subs:runlist.obj
 0001:00020ca1       ?set_current_part_name@@YAEAAVSTRING_CLASS@@00@Z 00421ca1 f   v5subs:current.obj
 0001:00020d2b       ?part_exists@@YAEAAVSTRING_CLASS@@00@Z 00421d2b f   v5subs:pexists.obj
 0001:00020d71       ?is_float_zero@@YAEM@Z     00421d71 f   v5subs:zero.obj
 0001:00020d95       ?not_float_zero@@YAEM@Z    00421d95 f   v5subs:zero.obj
 0001:00020db9       ?is_zero@@YA_NN@Z          00421db9 f   v5subs:zero.obj
 0001:00020ddd       ?not_zero@@YA_NN@Z         00421ddd f   v5subs:zero.obj
 0001:00020e01       ?make_downtime_record@@YAEAAVDB_TABLE@@AAU_SYSTEMTIME@@PAD22AAVSTRING_CLASS@@@Z 00421e01 f   v5subs:downsubs.obj
 0001:00020e90       ?make_downtime_event_string@@YAPADAAVSTRING_CLASS@@0AAU_SYSTEMTIME@@PAD22@Z 00421e90 f   v5subs:downsubs.obj
 0001:00020f92       ?category_name@@YAPADPAD@Z 00421f92 f   v5subs:downsubs.obj
 0001:00021053       ?subcategory_name@@YAPADPAD0@Z 00422053 f   v5subs:downsubs.obj
 0001:0002116d       ?cleanup@DOUBLE_ARRAY_CLASS@@QAEXXZ 0042216d f   v5subs:array.obj
 0001:00021188       ?init@DOUBLE_ARRAY_CLASS@@UAEEJ@Z 00422188 f   v5subs:array.obj
 0001:000211ce       ?init@DOUBLE_ARRAY_CLASS@@UAEEJPAN@Z 004221ce f   v5subs:array.obj
 0001:000211f2       ?move@DOUBLE_ARRAY_CLASS@@QAEXAAV1@@Z 004221f2 f   v5subs:array.obj
 0001:00021216       ??1DOUBLE_ARRAY_CLASS@@QAE@XZ 00422216 f   v5subs:array.obj
 0001:00021221       ??ADOUBLE_ARRAY_CLASS@@QAEAANJ@Z 00422221 f   v5subs:array.obj
 0001:00021240       ?down_state@DSTAT_CLASS@@QAEHXZ 00422240 f   v5subs:dstat.obj
 0001:0002130b       ?same_code@DSTAT_CLASS@@QAEEPAD0@Z 0042230b f   v5subs:dstat.obj
 0001:00021343       ?is_down@DSTAT_CLASS@@QAEEXZ 00422343 f   v5subs:dstat.obj
 0001:00021363       ?get@DSTAT_CLASS@@QAEEAAVSTRING_CLASS@@0@Z 00422363 f   v5subs:dstat.obj
 0001:00021448       ?put@DSTAT_CLASS@@QAEEAAVSTRING_CLASS@@0@Z 00422448 f   v5subs:dstat.obj
 0001:000215c6       ?calculate_ftii_parameters@@YAPANAAVFTII_PROFILE@@AAVMACHINE_CLASS@@AAVPART_CLASS@@AAVPARAMETER_CLASS@@AAVANALOG_SENSOR@@AAVFTANALOG_CLASS@@@Z 004225c6 f   v5subs:ftii_parameters.obj
 0001:0002261e       ??0PART_NAME_ENTRY@@QAE@XZ 0042361e f   v5subs:structs.obj
 0001:0002263a       ?set@PROFILE_NAME_ENTRY@@QAEXABVSTRING_CLASS@@00PBD@Z 0042363a f   v5subs:structs.obj
 0001:0002266e       ??4PROFILE_NAME_ENTRY@@QAEXABUPART_NAME_ENTRY@@@Z 0042366e f   v5subs:structs.obj
 0001:00022685       ?add@ALARM_SUMMARY_CLASS@@QAEPAUALARM_COUNTS_ENTRY@@J@Z 00423685 f   v5subs:alarmsum.obj
 0001:000226de       ?find@ALARM_SUMMARY_CLASS@@QAEPAUALARM_COUNTS_ENTRY@@J@Z 004236de f   v5subs:alarmsum.obj
 0001:00022700       ?empty@ALARM_SUMMARY_CLASS@@QAEXXZ 00423700 f   v5subs:alarmsum.obj
 0001:00022738       ??0ALARM_SUMMARY_CLASS@@QAE@XZ 00423738 f   v5subs:alarmsum.obj
 0001:00022767       ??1ALARM_SUMMARY_CLASS@@QAE@XZ 00423767 f   v5subs:alarmsum.obj
 0001:00022780       ?set_part@ALARM_SUMMARY_CLASS@@QAEXAAVSTRING_CLASS@@00@Z 00423780 f   v5subs:alarmsum.obj
 0001:000227a8       ?set_counts@ALARM_SUMMARY_CLASS@@QAEXPAMPAVPARAMETER_CLASS@@@Z 004237a8 f   v5subs:alarmsum.obj
 0001:000228b4       ?save@ALARM_SUMMARY_CLASS@@QAEXABU_SYSTEMTIME@@JEAAVSTRING_CLASS@@@Z 004238b4 f   v5subs:alarmsum.obj
 0001:00022bf2       ?save@ALARM_SUMMARY_CLASS@@QAEXABU_SYSTEMTIME@@J@Z 00423bf2 f   v5subs:alarmsum.obj
 0001:00022c38       ?load@FTANALOG_CLASS@@QAEEAAVSTRING_CLASS@@00@Z 00423c38 f   v5subs:ftanalog.obj
 0001:00022ecf       ?startup@STDDOWN_CLASS@@QAEXXZ 00423ecf f   v5subs:stddown.obj
 0001:00022feb       ?find@STDDOWN_CLASS@@QAE_NJ@Z 00423feb f   v5subs:stddown.obj
 0001:00023066       ?cat@STDDOWN_CLASS@@QAEPADXZ 00424066 f   v5subs:stddown.obj
 0001:0002307c       ?subcat@STDDOWN_CLASS@@QAEPADXZ 0042407c f   v5subs:stddown.obj
 0001:00023093       ??0PLOOKUP_CLASS@@QAE@XZ   00424093 f   v5subs:plookup.obj
 0001:000230a7       ??1PLOOKUP_CLASS@@QAE@XZ   004240a7 f   v5subs:plookup.obj
 0001:000230bb       ?init@PLOOKUP_CLASS@@QAEEAAVSTRING_CLASS@@00@Z 004240bb f   v5subs:plookup.obj
 0001:000230d7       ?get@PLOOKUP_CLASS@@QAEHXZ 004240d7 f   v5subs:plookup.obj
 0001:000230e1       ?put@PLOOKUP_CLASS@@QAEEXZ 004240e1 f   v5subs:plookup.obj
 0001:000231c8       ?set_last_shot_number@PLOOKUP_CLASS@@QAEEH@Z 004241c8 f   v5subs:plookup.obj
 0001:000231e9       ?get_last_shot_number@PLOOKUP_CLASS@@QAEHAAVSTRING_CLASS@@00@Z 004241e9 f   v5subs:plookup.obj
 0001:00023227       ?set_time@PLOOKUP_CLASS@@QAEEAAVTIME_CLASS@@@Z 00424227 f   v5subs:plookup.obj
 0001:00023298       ?get_shotsave_semaphore@@YAEAAVSTRING_CLASS@@0@Z 00424298 f   v5subs:semaphor.obj
 0001:00023321       ?free_shotsave_semaphore@@YAXXZ 00424321 f   v5subs:semaphor.obj
 0001:000233f0       ?error_message@@YAXFF@Z    004243f0 f   v5subs:error_ms.obj
 0001:0002341b       ?append_backslash_to_path@@YAXPAD@Z 0042441b f   v5subs:path.obj
 0001:00023444       ?append_filename_to_path@@YAXPADPBD@Z 00424444 f   v5subs:path.obj
 0001:0002345d       ?catpath@@YAPADPADPBD@Z    0042445d f   v5subs:path.obj
 0001:000234a3       ?remove_backslash_from_path@@YAXPAD@Z 004244a3 f   v5subs:path.obj
 0001:000234cd       ?dir_from_filename@@YAEPAD@Z 004244cd f   v5subs:path.obj
 0001:00023514       ?create_directory@@YAEPAD@Z 00424514 f   v5subs:path.obj
 0001:0002362a       ?is_empty@@YAEPBD@Z        0042462a f   v5subs:is_empty.obj
 0001:00023645       ?dups_to_vu@@YANFF@Z       00424645 f   v5subs:unitadj.obj
 0001:000236a4       ?copy_all_files@@YAEPAD00EPAUHWND__@@H@Z 004246a4 f   v5subs:callfile.obj
 0001:00023814       ?day_of_the_week@@YAHHHH@Z 00424814 f   v5subs:dow.obj
 0001:00023873       ?reverse@@YAXPAD@Z         00424873 f   v5subs:reverse.obj
 0001:00023895       ??3@YAXPAX@Z               00424895 f   LIBCMT:delete.obj
 0001:000238a0       __onexit                   004248a0 f   LIBCMT:onexit.obj
 0001:0002391e       _atexit                    0042491e f   LIBCMT:onexit.obj
 0001:00023930       ___onexitinit              00424930 f   LIBCMT:onexit.obj
 0001:0002395f       __fpmath                   0042495f f   LIBCMT:fpinit.obj
 0001:00023976       __cfltcvt_init             00424976 f   LIBCMT:fpinit.obj
 0001:000239b0       __ftol                     004249b0 f   LIBCMT:ftol.obj
 0001:000239d7       ??2@YAPAXI@Z               004249d7 f   LIBCMT:new.obj
 0001:000239f0       __alloca_probe             004249f0 f   LIBCMT:chkstk.obj
 0001:000239f0       __chkstk                   004249f0 f   LIBCMT:chkstk.obj
 0001:00023a20       _memcpy                    00424a20 f   LIBCMT:memcpy.obj
 0001:00023d55       __beginthread              00424d55 f   LIBCMT:thread.obj
 0001:00023e5f       __endthread                00424e5f f   LIBCMT:thread.obj
 0001:00023e9e       _WinMainCRTStartup         00424e9e f   LIBCMT:wincrt0.obj
 0001:00023fa6       __amsg_exit                00424fa6 f   LIBCMT:wincrt0.obj
 0001:00023ff0       _memset                    00424ff0 f   LIBCMT:memset.obj
 0001:00024050       __alldiv                   00425050 f   LIBCMT:lldiv.obj
 0001:00024100       __allmul                   00425100 f   LIBCMT:llmul.obj
 0001:00024134       _ceil                      00425134 f   LIBCMT:ceil.obj
 0001:00024203       _floor                     00425203 f   LIBCMT:floor.obj
 0001:000242d2       _strtol                    004252d2 f   LIBCMT:strtol.obj
 0001:000244ee       _strtoul                   004254ee f   LIBCMT:strtol.obj
 0001:00024505       _strtod                    00425505 f   LIBCMT:strtod.obj
 0001:000245b0       _memmove                   004255b0 f   LIBCMT:memmove.obj
 0001:000248e5       _free                      004258e5 f   LIBCMT:free.obj
 0001:000249ce       __cinit                    004259ce f   LIBCMT:crt0dat.obj
 0001:000249fb       _exit                      004259fb f   LIBCMT:crt0dat.obj
 0001:00024a0c       __exit                     00425a0c f   LIBCMT:crt0dat.obj
 0001:00024ac2       __lockexit                 00425ac2 f   LIBCMT:crt0dat.obj
 0001:00024acb       __unlockexit               00425acb f   LIBCMT:crt0dat.obj
 0001:00024aee       _realloc                   00425aee f   LIBCMT:realloc.obj
 0001:00024e1d       __msize                    00425e1d f   LIBCMT:msize.obj
 0001:00024f0b       _malloc                    00425f0b f   LIBCMT:malloc.obj
 0001:00024f1d       __nh_malloc                00425f1d f   LIBCMT:malloc.obj
 0001:00024f49       __heap_alloc               00425f49 f   LIBCMT:malloc.obj
 0001:00025045       __setdefaultprecision      00426045 f   LIBCMT:fp8.obj
 0001:00025057       __ms_p5_test_fdiv          00426057 f   LIBCMT:testfdiv.obj
 0001:00025095       __ms_p5_mp_test_fdiv       00426095 f   LIBCMT:testfdiv.obj
 0001:000250be       __forcdecpt                004260be f   LIBCMT:cvt.obj
 0001:00025118       __cropzeros                00426118 f   LIBCMT:cvt.obj
 0001:00025166       __positive                 00426166 f   LIBCMT:cvt.obj
 0001:0002517e       __fassign                  0042617e f   LIBCMT:cvt.obj
 0001:000251bc       __cftoe                    004261bc f   LIBCMT:cvt.obj
 0001:000252df       __cftof                    004262df f   LIBCMT:cvt.obj
 0001:000253db       __cftog                    004263db f   LIBCMT:cvt.obj
 0001:0002546e       __cfltcvt                  0042646e f   LIBCMT:cvt.obj
 0001:000254e4       __dosmaperr                004264e4 f   LIBCMT:dosmap.obj
 0001:00025557       __errno                    00426557 f   LIBCMT:dosmap.obj
 0001:00025560       ___doserrno                00426560 f   LIBCMT:dosmap.obj
 0001:00025569       __mtinit                   00426569 f   LIBCMT:tidtable.obj
 0001:000255bd       __initptd                  004265bd f   LIBCMT:tidtable.obj
 0001:000255d0       __getptd                   004265d0 f   LIBCMT:tidtable.obj
 0001:00025637       __freeptd                  00426637 f   LIBCMT:tidtable.obj
 0001:000256d7       _calloc                    004266d7 f   LIBCMT:calloc.obj
 0001:00025814       __XcptFilter               00426814 f   LIBCMT:winxfltr.obj
 0001:0002598c       __global_unwind2           0042698c f   LIBCMT:exsup.obj
 0001:000259ce       __local_unwind2            004269ce f   LIBCMT:exsup.obj
 0001:00025a26       __NLG_Return2              00426a26 f   LIBCMT:exsup.obj
 0001:00025a36       __abnormal_termination     00426a36 f   LIBCMT:exsup.obj
 0001:00025a59       __NLG_Notify1              00426a59 f   LIBCMT:exsup.obj
 0001:00025a62       __NLG_Notify               00426a62 f   LIBCMT:exsup.obj
 0001:00025a75       __NLG_Dispatch             00426a75 f   LIBCMT:exsup.obj
 0001:00025a84       __except_handler3          00426a84 f   LIBCMT:exsup3.obj
 0001:00025b41       __seh_longjmp_unwind@4     00426b41 f   LIBCMT:exsup3.obj
 0001:00025b5c       __wincmdln                 00426b5c f   LIBCMT:wincmdln.obj
 0001:00025bb4       __setenvp                  00426bb4 f   LIBCMT:stdenvp.obj
 0001:00025c6d       __setargv                  00426c6d f   LIBCMT:stdargv.obj
 0001:00025eba       ___crtGetEnvironmentStringsA 00426eba f   LIBCMT:a_env.obj
 0001:00025fec       __ioinit                   00426fec f   LIBCMT:ioinit.obj
 0001:000261a8       __GetLinkerVersion         004271a8 f   LIBCMT:heapinit.obj
 0001:000261d5       ___heap_select             004271d5 f   LIBCMT:heapinit.obj
 0001:0002631d       __heap_init                0042731d f   LIBCMT:heapinit.obj
 0001:0002637a       __FF_MSGBANNER             0042737a f   LIBCMT:crt0msg.obj
 0001:000263b3       __NMSG_WRITE               004273b3 f   LIBCMT:crt0msg.obj
 0001:00026506       __handle_qnan1             00427506 f   LIBCMT:fpexcept.obj
 0001:0002655a       __except1                  0042755a f   LIBCMT:fpexcept.obj
 0001:000265f2       __raise_exc                004275f2 f   LIBCMT:fpexcept.obj
 0001:000268a5       __handle_exc               004278a5 f   LIBCMT:fpexcept.obj
 0001:00026abc       __umatherr                 00427abc f   LIBCMT:fpexcept.obj
 0001:00026b44       __set_errno                00427b44 f   LIBCMT:fpexcept.obj
 0001:00026b91       __errcode                  00427b91 f   LIBCMT:fpexcept.obj
 0001:00026bbe       __frnd                     00427bbe f   LIBCMT:frnd.obj
[...]
 0001:000068b5       ?plot_oscilloscope_data@@YAXPAH@Z 004078b5 f   ft2.obj
 0001:00006ad6       ?do_new_oscilloscope_data@@YAXJ@Z 00407ad6 f   ft2.obj
 0001:00006b4b       ?refresh_valve_test_screen@@YAXXZ 00407b4b f   ft2.obj
 0001:00006ba3       ?show_valve_test_revision_d_controls@@YAXXZ 00407ba3 f   ft2.obj
 0001:00006c01       ?init_valve_test_data@@YAXXZ 00407c01 f   ft2.obj
 0001:00006f7a       ?do_opto_click@@YAXIJ@Z    00407f7a f   ft2.obj
 0001:00006fc3       ?do_new_alarm_output_values@@YAXXZ 00407fc3 f   ft2.obj
 0001:0000700c       ?init_test_alarm_optos@@YAXXZ 0040800c f   ft2.obj
 0001:000073c1       ?set_channel_5_8_labels@@YAXH@Z 004083c1 f   ft2.obj
 0001:0000780b       ?set_channel_5_8_labels@@YAXXZ 0040880b f   ft2.obj
 0001:00007818       ?refresh_current_values@@YAXXZ 00408818 f   ft2.obj
 0001:000079db       ?create_tooltips@@YAXXZ    004089db f   ft2.obj
 0001:00007e3e       ?init_current_values_dialog@@YAXXZ 00408e3e f   ft2.obj
 0001:00008284       ?do_new_current_values@@YAXXZ 00409284 f   ft2.obj
 0001:00008f01       ?write_log@@YAXPAD@Z       00409f01 f   ft2.obj
 0001:00009001       _$E363                     0040a001 f   ft2.obj
 0001:0000900b       _$E362                     0040a00b f   ft2.obj
 0001:0000900c       _$E361                     0040a00c f   ft2.obj
 0001:00009016       ?log_input_bits@@YAXXZ     0040a016 f   ft2.obj
 0001:000090af       _$E383                     0040a0af f   ft2.obj
 0001:000090b9       ?log_output_bits@@YAXXZ    0040a0b9 f   ft2.obj
 0001:0000916d       _$E385                     0040a16d f   ft2.obj
 0001:00009177       _$E391                     0040a177 f   ft2.obj
 0001:00009181       _$E390                     0040a181 f   ft2.obj
 0001:0000918b       _$E389                     0040a18b f   ft2.obj
 0001:00009196       _$E388                     0040a196 f   ft2.obj
 0001:000091a0       _$E387                     0040a1a0 f   ft2.obj
 0001:000091aa       ?send_channel_mode_command@@YAHXZ 0040a1aa f   ft2.obj
 0001:00009227       ?save_channel_mode@@YAXH@Z 0040a227 f   ft2.obj
 0001:000092a0       ?toggle_io_display@@YAXXZ  0040a2a0 f   ft2.obj
 0001:000093fe       ?send_zero_message_to_board@@YAXXZ 0040a3fe f   ft2.obj
 0001:00009423       ?do_updown@@YAXH@Z         0040a423 f   ft2.obj
 0001:000094cb       ?send_channel_mode_command@@YAXH@Z 0040a4cb f   ft2.obj
 0001:00009575       ?size_output_list_dialog@@YAXXZ 0040a575 f   ft2.obj
 0001:00009666       ?send_data_server_shot_notification@@YAXPAD0@Z 0040a666 f   ft2.obj
 0001:000096d3       _$E393                     0040a6d3 f   ft2.obj
 0001:000097a1       ?set_gray_menu_items@@YAXXZ 0040a7a1 f   ft2.obj
 0001:0000987b       ?show_buttons@@YAXXZ       0040a87b f   ft2.obj
 0001:000098da       ?load_main_menu@@YAXXZ     0040a8da f   ft2.obj
 0001:00009cdd       ?clear_current_value_copies@@YAXXZ 0040acdd f   ft2.obj
 0001:00009d0a       ?toggle_logging_sent_commands@@YAXXZ 0040ad0a f   ft2.obj
 0001:00009d8f       ?output_list_update@@YAXXZ 0040ad8f f   ft2.obj
 0001:00009fee       ?need_connected_brush@@YAPAUHBRUSH__@@PAUHWND__@@@Z 0040afee f   ft2.obj
 0001:0000a02f       ?need_monitor_brush@@YAPAUHBRUSH__@@PAUHWND__@@@Z 0040b02f f   ft2.obj
 0001:0000a0ff       ?exit_main_proc@@YAXXZ     0040b0ff f   ft2.obj
 0001:0000a6eb       ?do_new_rt_data@@YAXIJ@Z   0040b6eb f   ft2.obj
 0001:0000a7cd       ?get_ascii_rt_data@@YAXJ@Z 0040b7cd f   ft2.obj
 0001:0000aa8a       ?showbits@@YAPADPADI@Z     0040ba8a f   ft2.obj
 0001:0000ab22       ?do_config_word@@YAXPAD@Z  0040bb22 f   ft2.obj
 0001:0000ab7c       ?ultohexstring@@YAPADPADI@Z 0040bb7c f   ft2.obj
 0001:0000abd0       ?should_be_hex@@YAEPAD0@Z  0040bbd0 f   ft2.obj
 0001:0000ac79       _$E371                     0040bc79 f   ft2.obj
 0001:0000ac83       ?copy_analog@@YAXHG@Z      0040bc83 f   ft2.obj
 0001:0000ac98       ?create_controls@@YAXH@Z   0040bc98 f   ft2.obj
 0001:0000b535       ?do_new_ft2_connect_state@@YAXIJ@Z 0040c535 f   ft2.obj
 0001:0000b61b       ?show_upload_aborted_dialog@@YAXH@Z 0040c61b f   ft2.obj
 0001:0000b6da       ?remote_shutdown@@YAXXZ    0040c6da f   ft2.obj
 0001:0000b7ab       ?create_diagnostic_dialogs@@YAXXZ 0040c7ab f   ft2.obj
 0001:0000b875       ?start_null_dialog@@YAXXZ  0040c875 f   ft2.obj
 0001:0000b8aa       ?start_set_dac_dialog@@YAXXZ 0040c8aa f   ft2.obj
 0001:0000b8df       ?start_valve_test_dialog@@YAXXZ 0040c8df f   ft2.obj
 0001:0000b914       ?start_alarm_test_dialog@@YAXXZ 0040c914 f   ft2.obj
 0001:0000b949       ?send_data_server_down_notification@@YAXPAD@Z 0040c949 f   ft2.obj
 0001:0000b99c       ?position_main_window@@YAXXZ 0040c99c f   ft2.obj
 0001:0000bab1       ?nof_ft2_boards@@YAHXZ     0040cab1 f   ft2.obj
 0001:0000c0ec       ?get_history_length@@YAXXZ 0040d0ec f   ft2.obj
 0001:0000c16f       ?check_disk_free_space@@YAXXZ 0040d16f f   ft2.obj
 0001:0000c197       ?check_for_workstation@@YAXXZ 0040d197 f   ft2.obj
 0001:0000c1e8       ?load_resources@@YAXXZ     0040d1e8 f   ft2.obj
 0001:0000c4c3       ?shutdown@@YAXXZ           0040d4c3 f   ft2.obj
 0001:0002332b       ?wait_for_key@@YAXXZ       0042432b f   v5subs:error_ms.obj
 0001:00023343       ?add_string@@YAXPAD@Z      00424343 f   v5subs:error_ms.obj
 0001:00023385       ?add_err_number@@YAXPADF@Z 00424385 f   v5subs:error_ms.obj
 0001:0002326e       _$E5                       0042426e f   v5subs:semaphor.obj
 0001:00023278       _$E2                       00424278 f   v5subs:semaphor.obj
 0001:00023282       _$E4                       00424282 f   v5subs:semaphor.obj
 0001:0002328e       _$E3                       0042428e f   v5subs:semaphor.obj
 0001:00022eb6       ?comma_count@@YAHPAD@Z     00423eb6 f   v5subs:ftanalog.obj
 0001:0002124d       ?downstate@@YAHPAD0@Z      0042224d f   v5subs:dstat.obj
 0001:000209d6       _$E5                       004219d6 f   v5subs:runlist.obj
 0001:000209e0       _$E2                       004219e0 f   v5subs:runlist.obj
 0001:000209f2       _$E4                       004219f2 f   v5subs:runlist.obj
 0001:000209fe       _$E3                       004219fe f   v5subs:runlist.obj
 0001:00020536       ?shift_index@@YAFABU_SYSTEMTIME@@@Z 00421536 f   v5subs:shift.obj
 0001:000205a3       ?add_seconds_to_systemtime@@YAEAAU_SYSTEMTIME@@J@Z 004215a3 f   v5subs:shift.obj
 0001:0002064f       ?tomorrow@@YAFF@Z          0042164f f   v5subs:shift.obj
 0001:0002065d       ?yeasterday@@YAFF@Z        0042165d f   v5subs:shift.obj
 0001:000207f2       ?shift_from_rec@@YAXPAFFAAVDB_TABLE@@@Z 004217f2 f   v5subs:shift.obj
 0001:000202dc       ?reload_dcurves@@YAEXZ     004212dc f   v5subs:dcurve.obj
 0001:000203f3       ?cleanup_dcurves@@YAXXZ    004213f3 f   v5subs:dcurve.obj
 0001:0001fc73       _$E4                       00420c73 f   v5subs:optocontrol.obj
 0001:0001fc7d       _$E1                       00420c7d f   v5subs:optocontrol.obj
 0001:0001fc87       _$E3                       00420c87 f   v5subs:optocontrol.obj
 0001:0001fc93       _$E2                       00420c93 f   v5subs:optocontrol.obj
 0001:0001fd74       ?create_my_font@@YAXXZ     00420d74 f   v5subs:optocontrol.obj
 0001:0001feaf       ?paint_me@@YAXPAUHWND__@@J@Z 00420eaf f   v5subs:optocontrol.obj
 0001:0002010f       ?paint_background@@YAXPAUHWND__@@PAUHDC__@@@Z 0042110f f   v5subs:optocontrol.obj
 0001:00020145       ?send_click_message_to_parent@@YAXPAUHWND__@@J@Z 00421145 f   v5subs:optocontrol.obj
 0001:0001f7ca       ?trim_text@@YAFPADF@Z      004207ca f   v5subs:dbsubs.obj
 0001:0001f861       ?fieldlength@@YAFPBD@Z     00420861 f   v5subs:dbsubs.obj
 0001:0001f916       ?add_field_delimiter@@YAXPAD@Z 00420916 f   v5subs:dbsubs.obj
 0001:0001e495       _$E5                       0041f495 f   v5subs:client.obj
 0001:0001e49f       _$E2                       0041f49f f   v5subs:client.obj
 0001:0001e4b1       _$E4                       0041f4b1 f   v5subs:client.obj
 0001:0001e4bd       _$E3                       0041f4bd f   v5subs:client.obj
 0001:0001e5b3       ?item_index@@YAFPAD@Z      0041f5b3 f   v5subs:client.obj
 0001:0001e801       _$E9                       0041f801 f   v5subs:client.obj
 0001:0001e80b       _$E8                       0041f80b f   v5subs:client.obj
 0001:0001e984       ?item_index@@YAHPAUHSZ__@@@Z 0041f984 f   v5subs:client.obj
 0001:0001e9fd       ?find_event_topic@@YAPAUEVENT_ENTRY@@PAD@Z 0041f9fd f   v5subs:client.obj
 0001:0001ea65       ?find_existing_event_topic@@YAPAUEVENT_ENTRY@@PAD@Z 0041fa65 f   v5subs:client.obj
 0001:0001eaab       ?find_event_item@@YAPAUEVENT_ITEM_ENTRY@@PAUEVENT_ENTRY@@FP6AXPADFPAUHDDEDATA__@@@Z@Z 0041faab f   v5subs:client.obj
 0001:0001eaff       ?find_existing_event_item@@YAPAUEVENT_ITEM_ENTRY@@PAUEVENT_ENTRY@@F@Z 0041faff f   v5subs:client.obj
 0001:0001df4e       _$E5                       0041ef4e f   v5subs:gexedir.obj
 0001:0001df58       _$E2                       0041ef58 f   v5subs:gexedir.obj
 0001:0001df62       _$E4                       0041ef62 f   v5subs:gexedir.obj
 0001:0001df6e       _$E3                       0041ef6e f   v5subs:gexedir.obj
 0001:0001df9c       ?get_static_exe_directory@@YAXXZ 0041ef9c f   v5subs:gexedir.obj
 0001:0001d679       ?numberlen@@YAFPBD@Z       0041e679 f   v5subs:extract.obj
 0001:0001d20e       _$E5                       0041e20e f   v5subs:computer.obj
 0001:0001d218       _$E2                       0041e218 f   v5subs:computer.obj
 0001:0001d222       _$E4                       0041e222 f   v5subs:computer.obj
 0001:0001d22e       _$E3                       0041e22e f   v5subs:computer.obj
 0001:0001d238       _$E10                      0041e238 f   v5subs:computer.obj
 0001:0001d242       _$E7                       0041e242 f   v5subs:computer.obj
 0001:0001d24c       _$E9                       0041e24c f   v5subs:computer.obj
 0001:0001d258       _$E8                       0041e258 f   v5subs:computer.obj
 0001:0001d028       _$E5                       0041e028 f   v5subs:machname.obj
 0001:0001d032       _$E2                       0041e032 f   v5subs:machname.obj
 0001:0001d03c       _$E4                       0041e03c f   v5subs:machname.obj
 0001:0001d048       _$E3                       0041e048 f   v5subs:machname.obj
 0001:0001c685       _$E5                       0041d685 f   v5subs:setpoint.obj
 0001:0001c68f       _$E2                       0041d68f f   v5subs:setpoint.obj
 0001:0001c6a3       _$E4                       0041d6a3 f   v5subs:setpoint.obj
 0001:0001c6af       _$E3                       0041d6af f   v5subs:setpoint.obj
 0001:0001c1b5       ?file_type@@YAHPAD@Z       0041d1b5 f   v5subs:exists.obj
 0001:0001be44       ?paint_temp_message@@YAXXZ 0041ce44 f   v5subs:temp_message.obj
 0001:0001becb       ?position_temp_message@@YAXPAUHWND__@@@Z 0041cecb f   v5subs:temp_message.obj
 0001:0001bd1b       ?units_index@@YAFF@Z       0041cd1b f   v5subs:units.obj
 0001:0001ba35       ?create_entry@@YAPAUGENERIC_LIST_ENTRY@@PAX@Z 0041ca35 f   v5subs:genlist.obj
 0001:0001b223       ?leap_index@@YAHH@Z        0041c223 f   v5subs:timeclas.obj
 0001:0001b386       ?init_systemtime@@YAXAAU_SYSTEMTIME@@@Z 0041c386 f   v5subs:timeclas.obj
 0001:0001addf       _$E5                       0041bddf f   v5subs:nameclas.obj
 0001:0001ade9       _$E2                       0041bde9 f   v5subs:nameclas.obj
 0001:0001adf3       _$E4                       0041bdf3 f   v5subs:nameclas.obj
 0001:0001adff       _$E3                       0041bdff f   v5subs:nameclas.obj
 0001:0001ae09       _$E8                       0041be09 f   v5subs:nameclas.obj
 0001:0001ae0e       _$E7                       0041be0e f   v5subs:nameclas.obj
 0001:0001a6fa       ?ftoasc@@YAXPADNH@Z        0041b6fa f   v5subs:ftoasc.obj
 0001:00019615       ?variable_number@@YAHPBD@Z 0041a615 f   v5subs:ftiiclas.obj
 0001:0001921f       ?long_from_text@@YAJPBD@Z  0041a21f f   v5subs:fontclas.obj
 0001:00019270       ?goto_next_string@@YAPADPAD@Z 0041a270 f   v5subs:fontclas.obj
 0001:00018952       _$E5                       00419952 f   v5subs:stringtable.obj
 0001:0001895c       _$E2                       0041995c f   v5subs:stringtable.obj
 0001:00018966       _$E4                       00419966 f   v5subs:stringtable.obj
 0001:00018972       _$E3                       00419972 f   v5subs:stringtable.obj
 0001:00018ce6       ?strip_whitespace_from_eol@@YAXPAD@Z 00419ce6 f   v5subs:stringtable.obj
 0001:00017353       _$E5                       00418353 f   v5subs:menuctrl.obj
 0001:0001735d       _$E2                       0041835d f   v5subs:menuctrl.obj
 0001:00017367       _$E4                       00418367 f   v5subs:menuctrl.obj
 0001:00017373       _$E3                       00418373 f   v5subs:menuctrl.obj
 0001:00017982       ?do_nothing_paint_me@@YAXPAUHWND__@@@Z 00418982 f   v5subs:menuctrl.obj
 0001:00018870       ?get_current_colors@@YAXPAD@Z 00419870 f   v5subs:menuctrl.obj
 0001:00018917       ?passwordlevel@@YAHPAD@Z   00419917 f   v5subs:menuctrl.obj
 0001:0001638f       ?extract_channel_from_analog@@YAHG@Z 0041738f f   v5subs:ftii_shot_data.obj
 0001:0001539a       _$E5                       0041639a f   v5subs:asensor.obj
 0001:000153a4       _$E2                       004163a4 f   v5subs:asensor.obj
 0001:000153ae       _$E4                       004163ae f   v5subs:asensor.obj
 0001:000153ba       _$E3                       004163ba f   v5subs:asensor.obj
 0001:000156fa       ?kill_sensor_array@@YAXXZ  004166fa f   v5subs:asensor.obj
 0001:000295b5       _strncnt                   0042a5b5 f   LIBCMT:a_map.obj
 0001:00028e28       _getSystemCP               00429e28 f   LIBCMT:mbctype.obj
 0001:00028e72       _CPtoLCID                  00429e72 f   LIBCMT:mbctype.obj
 0001:00028ea5       _setSBCS                   00429ea5 f   LIBCMT:mbctype.obj
 0001:00028ece       _setSBUpLow                00429ece f   LIBCMT:mbctype.obj
 0001:00028c4a       _x_ismbbtype               00429c4a f   LIBCMT:ismbbyte.obj
 0001:00028374       __abstract_cw              00429374 f   LIBCMT:ieee87.obj
 0001:00028406       __hw_cw                    00429406 f   LIBCMT:ieee87.obj
 0001:00026b6c       __get_fname                00427b6c f   LIBCMT:fpexcept.obj
 0001:00025d06       _parse_cmdline             00426d06 f   LIBCMT:stdargv.obj
 0001:000259a4       _gu_return                 004269a4 f   LIBCMT:exsup.obj
 0001:000259ac       __unwind_handler           004269ac f   LIBCMT:exsup.obj
 0001:00025952       _xcptlookup                00426952 f   LIBCMT:winxfltr.obj
 0001:0002521d       __cftoe2                   0042621d f   LIBCMT:cvt.obj
 0001:00025334       __cftof2                   00426334 f   LIBCMT:cvt.obj
 0001:000254bf       __shift                    004264bf f   LIBCMT:cvt.obj
 0001:00024a1d       _doexit                    00425a1d f   LIBCMT:crt0dat.obj
 0001:00024ad4       __initterm                 00425ad4 f   LIBCMT:crt0dat.obj
 0001:00024620       LeadUp1                    00425620 f   LIBCMT:memmove.obj
 0001:0002464c       LeadUp2                    0042564c f   LIBCMT:memmove.obj
 0001:00024670       LeadUp3                    00425670 f   LIBCMT:memmove.obj
 0001:000246ef       UnwindUp0                  004256ef f   LIBCMT:memmove.obj
 0001:000246dc       UnwindUp1                  004256dc f   LIBCMT:memmove.obj
 0001:000246d4       UnwindUp2                  004256d4 f   LIBCMT:memmove.obj
 0001:000246cc       UnwindUp3                  004256cc f   LIBCMT:memmove.obj
 0001:000246c4       UnwindUp4                  004256c4 f   LIBCMT:memmove.obj
 0001:000246bc       UnwindUp5                  004256bc f   LIBCMT:memmove.obj
 0001:000246b4       UnwindUp6                  004256b4 f   LIBCMT:memmove.obj
 0001:000246ac       UnwindUp7                  004256ac f   LIBCMT:memmove.obj
 0001:00024708       TrailUp0                   00425708 f   LIBCMT:memmove.obj
 0001:00024710       TrailUp1                   00425710 f   LIBCMT:memmove.obj
 0001:0002471c       TrailUp2                   0042571c f   LIBCMT:memmove.obj
 0001:00024730       TrailUp3                   00425730 f   LIBCMT:memmove.obj
 0001:000247a8       LeadDown1                  004257a8 f   LIBCMT:memmove.obj
 0001:000247c8       LeadDown2                  004257c8 f   LIBCMT:memmove.obj
 0001:000247f0       LeadDown3                  004257f0 f   LIBCMT:memmove.obj
 0001:00024844       UnwindDown7                00425844 f   LIBCMT:memmove.obj
 0001:0002484c       UnwindDown6                0042584c f   LIBCMT:memmove.obj
 0001:00024854       UnwindDown5                00425854 f   LIBCMT:memmove.obj
 0001:0002485c       UnwindDown4                0042585c f   LIBCMT:memmove.obj
 0001:00024864       UnwindDown3                00425864 f   LIBCMT:memmove.obj
 0001:0002486c       UnwindDown2                0042586c f   LIBCMT:memmove.obj
 0001:00024874       UnwindDown1                00425874 f   LIBCMT:memmove.obj
 0001:00024887       UnwindDown0                00425887 f   LIBCMT:memmove.obj
 0001:000248a0       TrailDown0                 004258a0 f   LIBCMT:memmove.obj
 0001:000248a8       TrailDown1                 004258a8 f   LIBCMT:memmove.obj
 0001:000248b8       TrailDown2                 004258b8 f   LIBCMT:memmove.obj
 0001:000248cc       TrailDown3                 004258cc f   LIBCMT:memmove.obj
 0001:000242e9       _strtoxl                   004252e9 f   LIBCMT:strtol.obj
 0001:00023fcb       _fast_error_exit           00424fcb f   LIBCMT:wincrt0.obj
 0001:00023dcc       __threadstart@4            00424dcc f   LIBCMT:thread.obj
 0001:00023a90       LeadUp1                    00424a90 f   LIBCMT:memcpy.obj
 0001:00023abc       LeadUp2                    00424abc f   LIBCMT:memcpy.obj
 0001:00023ae0       LeadUp3                    00424ae0 f   LIBCMT:memcpy.obj
 0001:00023b5f       UnwindUp0                  00424b5f f   LIBCMT:memcpy.obj
 0001:00023b4c       UnwindUp1                  00424b4c f   LIBCMT:memcpy.obj
 0001:00023b44       UnwindUp2                  00424b44 f   LIBCMT:memcpy.obj
 0001:00023b3c       UnwindUp3                  00424b3c f   LIBCMT:memcpy.obj
 0001:00023b34       UnwindUp4                  00424b34 f   LIBCMT:memcpy.obj
 0001:00023b2c       UnwindUp5                  00424b2c f   LIBCMT:memcpy.obj
 0001:00023b24       UnwindUp6                  00424b24 f   LIBCMT:memcpy.obj
 0001:00023b1c       UnwindUp7                  00424b1c f   LIBCMT:memcpy.obj
 0001:00023b78       TrailUp0                   00424b78 f   LIBCMT:memcpy.obj
 0001:00023b80       TrailUp1                   00424b80 f   LIBCMT:memcpy.obj
 0001:00023b8c       TrailUp2                   00424b8c f   LIBCMT:memcpy.obj
 0001:00023ba0       TrailUp3                   00424ba0 f   LIBCMT:memcpy.obj
 0001:00023c18       LeadDown1                  00424c18 f   LIBCMT:memcpy.obj
 0001:00023c38       LeadDown2                  00424c38 f   LIBCMT:memcpy.obj
 0001:00023c60       LeadDown3                  00424c60 f   LIBCMT:memcpy.obj
 0001:00023cb4       UnwindDown7                00424cb4 f   LIBCMT:memcpy.obj
 0001:00023cbc       UnwindDown6                00424cbc f   LIBCMT:memcpy.obj
 0001:00023cc4       UnwindDown5                00424cc4 f   LIBCMT:memcpy.obj
 0001:00023ccc       UnwindDown4                00424ccc f   LIBCMT:memcpy.obj
 0001:00023cd4       UnwindDown3                00424cd4 f   LIBCMT:memcpy.obj
 0001:00023cdc       UnwindDown2                00424cdc f   LIBCMT:memcpy.obj
 0001:00023ce4       UnwindDown1                00424ce4 f   LIBCMT:memcpy.obj
 0001:00023cf7       UnwindDown0                00424cf7 f   LIBCMT:memcpy.obj
 0001:00023d10       TrailDown0                 00424d10 f   LIBCMT:memcpy.obj
 0001:00023d18       TrailDown1                 00424d18 f   LIBCMT:memcpy.obj
 0001:00023d28       TrailDown2                 00424d28 f   LIBCMT:memcpy.obj
 0001:00023d3c       TrailDown3                 00424d3c f   LIBCMT:memcpy.obj

 300 bytes saved through ICF

