 ft2

 Timestamp is 68232f47 (Tue May 13 07:38:47 2025)

 Preferred load address is 00400000

 Start         Length     Name                   Class
 0001:00000000 00000913H .text$di                CODE
 0001:00000920 0003c618H .text$mn                CODE
 0001:0003cf38 0000061cH .text$yd                CODE
 0002:00000000 00000390H .idata$5                DATA
 0002:00000390 00000004H .CRT$XCA                DATA
 0002:00000394 000001d4H .CRT$XCU                DATA
 0002:00000568 00000004H .CRT$XCZ                DATA
 0002:0000056c 00000004H .CRT$XIA                DATA
 0002:00000570 00000014H .CRT$XIC                DATA
 0002:00000584 00000004H .CRT$XIY                DATA
 0002:00000588 00000004H .CRT$XIZ                DATA
 0002:0000058c 00000004H .CRT$XPA                DATA
 0002:00000590 00000008H .CRT$XPX                DATA
 0002:00000598 00000004H .CRT$XPXA               DATA
 0002:0000059c 00000004H .CRT$XPZ                DATA
 0002:000005a0 00000004H .CRT$XTA                DATA
 0002:000005a4 00000004H .CRT$XTZ                DATA
 0002:000005b0 00007588H .rdata                  DATA
 0002:00007b38 00000294H .rdata$r                DATA
 0002:00007dd0 0000000cH .rdata$sxdata           DATA
 0002:00007ddc 00000004H .rtc$IAA                DATA
 0002:00007de0 00000004H .rtc$IZZ                DATA
 0002:00007de4 00000004H .rtc$TAA                DATA
 0002:00007de8 00000004H .rtc$TZZ                DATA
 0002:00007df0 0000036cH .xdata$x                DATA
 0002:0000815c 00000000H .edata                  DATA
 0002:0000815c 00000078H .idata$2                DATA
 0002:000081d4 00000014H .idata$3                DATA
 0002:000081e8 00000390H .idata$4                DATA
 0002:00008578 00000e24H .idata$6                DATA
 0003:00000000 00003504H .data                   DATA
 0003:00003504 00000104H .data$r                 DATA
 0003:00003620 0000a600H .bss                    DATA
 0004:00000000 00000a94H .rsrc$01                DATA
 0004:00000aa0 000062c0H .rsrc$02                DATA

  Address         Publics by Value              Rva+Base       Lib:Object

 0000:00000000       __except_list              00000000     <absolute>
 0000:00000000       ___guard_flags             00000000     <absolute>
 0000:00000000       ___guard_fids_table        00000000     <absolute>
 0000:00000000       ___guard_fids_count        00000000     <absolute>
 0000:00000003       ___safe_se_handler_count   00000003     <absolute>
 0000:00000000       ___ImageBase               00400000     <linker-defined>
 0001:00000920       ??0BIT_CONTROL@@QAE@XZ     00401920 f i ft2.obj
 0001:00000941       ??0DOWN_DATA_CLASS@@QAE@ABV0@@Z 00401941 f i ft2.obj
 0001:000009a9       ??0EXTERNAL_PARAMETER_FILE_CLASS@@QAE@XZ 004019a9 f   ft2.obj
 0001:000009c3       ??1EXTERNAL_PARAMETER_FILE_CLASS@@QAE@XZ 004019c3 f   ft2.obj
 0001:000009d7       ??1MACHINE_CLASS@@QAE@XZ   004019d7 f i ft2.obj
 0001:00000a36       ??1PARAMETER_CLASS@@QAE@XZ 00401a36 f i ft2.obj
 0001:00000a6b       ??1PARAMETER_ENTRY@@QAE@XZ 00401a6b f i ft2.obj
 0001:00000a95       ??4EXTERNAL_PARAMETER_FILE_CLASS@@QAEXABV0@@Z 00401a95 f   ft2.obj
 0001:00000abe       ??4FTII_VAR@@UAEXABV0@@Z   00401abe f i ft2.obj
 0001:00000ad1       ??4FTII_VAR@@UAEXH@Z       00401ad1 f i ft2.obj
 0001:00000ad1       ??4FTII_VAR@@UAEXI@Z       00401ad1 f i ft2.obj
 0001:00000adb       ??_EEXTERNAL_PARAMETER_FILE_CLASS@@QAEPAXI@Z 00401adb f i ft2.obj
 0001:00000b30       ??_GFTII_VAR_ARRAY@@UAEPAXI@Z 00401b30 f i ft2.obj
 0001:00000b30       ??_EFTII_VAR_ARRAY@@UAEPAXI@Z 00401b30 f i ft2.obj
 0001:00000cc7       ?alt_step_text@@YAPADXZ    00401cc7 f   ft2.obj
 0001:00000e68       ?ascii_volts_to_ft2_volts@@YAPADPAD@Z 00401e68 f   ft2.obj
 0001:00000f0c       ?begin_checking_for_external_parameter_file@@YAXPAD@Z 00401f0c f   ft2.obj
 0001:00001015       ?canexit@@YA_NXZ           00402015 f   ft2.obj
 0001:00001395       ?choose_monitor_machine_dialog_proc@@YGHPAUHWND__@@IIJ@Z 00402395 f   ft2.obj
 0001:000013ff       ?compare_variables_dialog_proc@@YGHPAUHWND__@@IIJ@Z 004023ff f   ft2.obj
 0001:000015a5       ?control_mods_dialog_proc@@YGHPAUHWND__@@IIJ@Z 004025a5 f   ft2.obj
 0001:00002870       ?current_lvdt_feedback_index@@YAHH@Z 00403870 f   ft2.obj
 0001:0000288f       ?current_measured_command_index@@YAIH@Z 0040388f f   ft2.obj
 0001:000028ae       ?current_values_dialog_proc@@YGHPAUHWND__@@IIJ@Z 004038ae f   ft2.obj
 0001:00002cc8       ?deactivate_control_dialog_proc@@YGHPAUHWND__@@IIJ@Z 00403cc8 f   ft2.obj
 0001:00002d20       ?delete_file@NAME_CLASS@@QAEEXZ 00403d20 f i ft2.obj
 0001:0000488e       ?do_new_set_null_ascii_data@@YAXJ@Z 0040588e f   ft2.obj
 0001:00004bc2       ?edit_control_proc@@YGJPAUHWND__@@IIJ@Z 00405bc2 f   ft2.obj
 0001:00004d39       ?end_upload_flash_dialog@@YAXXZ 00405d39 f   ft2.obj
 0001:00004e0d       ?fatal_error_string@@YAPADH@Z 00405e0d f   ft2.obj
 0001:00004e42       ?file_exists@NAME_CLASS@@QAEEXZ 00405e42 f i ft2.obj
 0001:0000540d       ?ft2_control_program_name@@YAPADHAAVMACHINE_CLASS@@@Z 0040640d f   ft2.obj
 0001:0000546c       ?ft2_test_dialog_proc@@YGHPAUHWND__@@IIJ@Z 0040646c f   ft2.obj
 0001:000054c4       ?ft2_volts_toascii@@YAPADPAD@Z 004064c4 f   ft2.obj
 0001:00005b1a       ?get_help@@YAXXZ           00406b1a f   ft2.obj
 0001:00005bb5       ?get_hires_sensor_test_config@@YAXPAUHWND__@@@Z 00406bb5 f   ft2.obj
 0001:00005d45       ?get_profile_ii_name@NAME_CLASS@@QAEEAAVSTRING_CLASS@@000@Z 00406d45 f i ft2.obj
 0001:00005d8f       ?global_parameter_dialog_proc@@YGHPAUHWND__@@IIJ@Z 00406d8f f   ft2.obj
 0001:00005e95       ?hires_sensor_test_dialog_proc@@YGHPAUHWND__@@IIJ@Z 00406e95 f   ft2.obj
 0001:00006089       ?init@@YAEH@Z              00407089 f   ft2.obj
 0001:00006e38       ?kill_log_file@@YAXXZ      00407e38 f   ft2.obj
 0001:00007589       ?load_one_machine_only@@YAXPAUHWND__@@@Z 00408589 f   ft2.obj
 0001:000077f4       ?log_als_file@@YAXAAVSTRING_CLASS@@@Z 004087f4 f   ft2.obj
 0001:000079b8       ?main_proc@@YGJPAUHWND__@@IIJ@Z 004089b8 f   ft2.obj
 0001:0000821c       ?need_brush@@YA_NPAUHWND__@@@Z 0040921c f   ft2.obj
 0001:00008341       ?new_downtime_callback@@YAXPADFPAUHDDEDATA__@@@Z 00409341 f   ft2.obj
 0001:0000839f       ?new_monitor_setup_callback@@YAXPADFPAUHDDEDATA__@@@Z 0040939f f   ft2.obj
 0001:0000862b       ?output_list_dialog_proc@@YGHPAUHWND__@@IIJ@Z 0040962b f   ft2.obj
 0001:00008ae8       ?password_level_callback@@YAXPADFPAUHDDEDATA__@@@Z 00409ae8 f   ft2.obj
 0001:00008c34       ?plot_min_callback@@YAXPADFPAUHDDEDATA__@@@Z 00409c34 f   ft2.obj
 0001:00008eac       ?poke_newshot_message@@YAXIJ@Z 00409eac f   ft2.obj
 0001:000092c2       ?push_log_message@@YAXPAD@Z 0040a2c2 f   ft2.obj
 0001:00009376       ?put_hires_sensor_test_config@@YAXPAUHWND__@@@Z 0040a376 f   ft2.obj
 0001:00009747       ?release_dc@WINDOW_CLASS@@QAEHPAUHDC__@@@Z 0040a747 f i ft2.obj
 0001:00009837       ?resource_message_box@@YAXII@Z 0040a837 f   ft2.obj
 0001:000098a2       ?resource_string@@YA_NAAVSTRING_CLASS@@I@Z 0040a8a2 f   ft2.obj
 0001:0000afd3       ?send_lvdt_offset_to_board@@YA_NXZ 0040bfd3 f   ft2.obj
 0001:0000b134       ?send_null_offset_to_board@@YA_NXZ 0040c134 f   ft2.obj
 0001:0000b1f5       ?send_output_bits_to_current_machine@@YAXIE@Z 0040c1f5 f   ft2.obj
 0001:0000b247       ?send_set_dac_command@@YAXH@Z 0040c247 f   ft2.obj
 0001:0000bb07       ?set_control_y@@YAXHI@Z    0040cb07 f   ft2.obj
 0001:0000c228       ?set_dac_dialog_proc@@YGHPAUHWND__@@IIJ@Z 0040d228 f   ft2.obj
 0001:0000c657       ?set_null_dialog_proc@@YGHPAUHWND__@@IIJ@Z 0040d657 f   ft2.obj
 0001:0000ce24       ?shutdown_status_dialog_proc@@YGHPAUHWND__@@IIJ@Z 0040de24 f   ft2.obj
 0001:0000d170       ?start_if_ok_to_deactivate@@YAXAAVWINDOW_CLASS@@@Z 0040e170 f   ft2.obj
 0001:0000d197       ?status_proc@@YGJPAUHWND__@@IIJ@Z 0040e197 f   ft2.obj
 0001:0000d525       ?stop_checking_for_external_parameter_file@@YAXPAD@Z 0040e525 f   ft2.obj
 0001:0000d696       ?terminal_proc@@YGJPAUHWND__@@IIJ@Z 0040e696 f   ft2.obj
 0001:0000d796       ?test_alarm_outputs_dialog_proc@@YGHPAUHWND__@@IIJ@Z 0040e796 f   ft2.obj
 0001:0000dac1       ?toggle_save_shot_name_files@@YAXXZ 0040eac1 f   ft2.obj
 0001:0000dd2e       ?update_optos@@YAXII@Z     0040ed2e f   ft2.obj
 0001:0000de40       ?upload_aborted_dialog_proc@@YGHPAUHWND__@@IIJ@Z 0040ee40 f   ft2.obj
 0001:0000df1f       ?upload_flash_dialog_proc@@YGHPAUHWND__@@IIJ@Z 0040ef1f f   ft2.obj
 0001:0000df5a       ?valve_test_dialog_proc@@YGHPAUHWND__@@IIJ@Z 0040ef5a f   ft2.obj
 0001:0000e18b       ?warning_error_string@@YAPADH@Z 0040f18b f   ft2.obj
 0001:0000e2b3       _WinMain@16                0040f2b3 f   ft2.obj
 0001:0000e4a3       ??0DSTAT_CLASS@@QAE@XZ     0040f4a3 f i board_monitor.obj
 0001:0000e4c4       ??0FTANALOG_CLASS@@QAE@XZ  0040f4c4 f i board_monitor.obj
 0001:0000e4e1       ??0FTII_BOARD_ENTRY@@QAE@XZ 0040f4e1 f   board_monitor.obj
 0001:0000e652       ??1BOARD_EXTENDED_ANALOG_ARRAY@@QAE@XZ 0040f652 f   board_monitor.obj
 0001:0000e652       ?clear@BOARD_EXTENDED_ANALOG_ARRAY@@QAEXXZ 0040f652 f   board_monitor.obj
 0001:0000e66d       ??1FTANALOG_CLASS@@QAE@XZ  0040f66d f i board_monitor.obj
 0001:0000e688       ??1FTCALC_CLASS@@QAE@XZ    0040f688 f i board_monitor.obj
 0001:0000e6c9       ??1FTII_BOARD_ENTRY@@QAE@XZ 0040f6c9 f   board_monitor.obj
 0001:0000e77e       ??ABOARD_EXTENDED_ANALOG_ARRAY@@QAEAAUBOARD_EXTENDED_ANALOG_ENTRY@@H@Z 0040f77e f   board_monitor.obj
 0001:0000e7d1       ??_EFTII_BOARD_ENTRY@@QAEPAXI@Z 0040f7d1 f i board_monitor.obj
 0001:0000e82c       ?AutoShotDisplayProc@@YGHPAUHWND__@@IIJ@Z 0040f82c f   board_monitor.obj
 0001:0000e8f1       ?add_binary_to_shotdata@FTII_BOARD_ENTRY@@QAEXXZ 0040f8f1 f   board_monitor.obj
 0001:0000e9ad       ?append_downtime_record@@YAEAAVSTRING_CLASS@@00AAU_SYSTEMTIME@@PAD2@Z 0040f9ad f   board_monitor.obj
 0001:0000ea89       ?begin_monitoring@@YA_NXZ  0040fa89 f   board_monitor.obj
 0001:0000edda       ?check_external_alarms@@YAXAAVSTRING_CLASS@@PAN@Z 0040fdda f   board_monitor.obj
 0001:0000f266       ?check_for_down@@YAXXZ     00410266 f   board_monitor.obj
 0001:0000f540       ?check_for_extended_channel_value@FTII_BOARD_ENTRY@@QAEXPAD@Z 00410540 f   board_monitor.obj
 0001:0000f815       ?check_inputs@FTII_BOARD_ENTRY@@QAEXPAD@Z 00410815 f   board_monitor.obj
 0001:0000fb68       ?cleanup@STDDOWN_CLASS@@QAEXXZ 00410b68 f i board_monitor.obj
 0001:0000fb84       ?clear_all_alarm_bits@FTII_BOARD_ENTRY@@QAEXXZ 00410b84 f   board_monitor.obj
 0001:0000fb9b       ?clearwire@FTII_BOARD_ENTRY@@QAEXH@Z 00410b9b f   board_monitor.obj
 0001:0000ff6a       ?convert_io_change_to_ascii@@YAXHPAUSOCKET_MESSAGE@@@Z 00410f6a f   board_monitor.obj
 0001:0000ffc8       ?current_board_index@@YAHXZ 00410fc8 f   board_monitor.obj
 0001:0000ffd4       ?current_board_number@@YAHXZ 00410fd4 f   board_monitor.obj
 0001:0000fff0       ?current_channel_mode@@YAHXZ 00410ff0 f   board_monitor.obj
 0001:00010019       ?current_operator@@YAPADAAVSTRING_CLASS@@0@Z 00411019 f   board_monitor.obj
 0001:000100a5       ?current_upload_file_name@@YAPADXZ 004110a5 f   board_monitor.obj
 0001:000100cf       ?current_version@@YAHXZ    004110cf f   board_monitor.obj
 0001:000100ec       ?current_version_string@@YAPADXZ 004110ec f   board_monitor.obj
 0001:000103ae       ?display_board_info@@YAXXZ 004113ae f   board_monitor.obj
 0001:00010bbd       ?get_alarm_bits@FTII_BOARD_ENTRY@@QAEXXZ 00411bbd f   board_monitor.obj
 0001:00010c65       ?get_channel_mode@@YAXHPAD@Z 00411c65 f   board_monitor.obj
 0001:00010d01       ?get_config_word@FTII_BOARD_ENTRY@@QAEXPAD@Z 00411d01 f   board_monitor.obj
 0001:00010d2a       ?get_parameter_alarm_bits@FTII_BOARD_ENTRY@@QAEIXZ 00411d2a f   board_monitor.obj
 0001:00010dd8       ?init@BOARD_EXTENDED_ANALOG_ARRAY@@QAEEH@Z 00411dd8 f   board_monitor.obj
 0001:00010e6d       ?is_suretrak_controlled@@YAEH@Z 00411e6d f   board_monitor.obj
 0001:00010e93       ?issue_downtime_event@@YAXAAVSTRING_CLASS@@00AAU_SYSTEMTIME@@PAD2@Z 00411e93 f   board_monitor.obj
 0001:00010ed1       ?load_ftii_boards@@YAHXZ   00411ed1 f   board_monitor.obj
 0001:000111c9       ?load_the_current_machine_at_this_board@@YAXAAVFTII_BOARD_ENTRY@@@Z 004121c9 f   board_monitor.obj
 0001:00011ad2       ?log_network_error@@YAXH@Z 00412ad2 f   board_monitor.obj
 0001:00011ced       ?new_data_thread@@YAXPAX@Z 00412ced f   board_monitor.obj
 0001:0001219a       ?position_auto_shot_display@@YAXXZ 0041319a f   board_monitor.obj
 0001:0001222d       ?post_new_data_message@@YAXAAVSTRING_CLASS@@@Z 0041322d f   board_monitor.obj
 0001:00012289       ?put_version_string@FTII_BOARD_ENTRY@@QAEXXZ 00413289 f   board_monitor.obj
 0001:00012315       ?read_thread@@YAXPAX@Z     00413315 f   board_monitor.obj
 0001:00012558       ?save_shot@FTII_BOARD_ENTRY@@QAEXXZ 00413558 f   board_monitor.obj
 0001:00012969       ?send_bits@FTII_BOARD_ENTRY@@QAEXI_N@Z 00413969 f   board_monitor.obj
 0001:000129e6       ?send_command@@YAXAAVSTRING_CLASS@@PAD_N@Z 004139e6 f   board_monitor.obj
 0001:00012be7       ?send_socket_message@FTII_BOARD_ENTRY@@QAE_NPAD_N@Z 00413be7 f   board_monitor.obj
 0001:00012cbe       ?send_thread@@YAXPAX@Z     00413cbe f   board_monitor.obj
 0001:00013340       ?set_connect_state@FTII_BOARD_ENTRY@@QAEXI@Z 00414340 f   board_monitor.obj
 0001:000133ca       ?set_extended_analog_bits@FTII_BOARD_ENTRY@@QAEXXZ 004143ca f   board_monitor.obj
 0001:00013514       ?setwire@FTII_BOARD_ENTRY@@QAEXH@Z 00414514 f   board_monitor.obj
 0001:00013536       ?start_of_binary_data@@YAXHPAUBINARY_HEADER@@@Z 00414536 f   board_monitor.obj
 0001:0001380e       ?stop_monitoring@@YAXXZ    0041480e f   board_monitor.obj
 0001:0001397d       ?update_downtime@@YAXVDOWN_DATA_CLASS@@@Z 0041497d f   board_monitor.obj
 0001:00013d3e       ?upload_control_file@FTII_BOARD_ENTRY@@QAE_NXZ 00414d3e f   board_monitor.obj
 0001:000146f6       ?wirebit@@YAIH@Z           004156f6 f   board_monitor.obj
 0001:000149b8       ??0PROFILE_NAME_ENTRY@@QAE@XZ 004159b8 f i shotsave.obj
 0001:000149dc       ??0SHOT_BUFFER_ENTRY@@QAE@XZ 004159dc f i shotsave.obj
 0001:00014a0b       ??1PROFILE_NAME_ENTRY@@QAE@XZ 00415a0b f i shotsave.obj
 0001:00014a2e       ??1SHOT_BUFFER_ENTRY@@QAE@XZ 00415a2e f i shotsave.obj
 0001:00014a4d       ?add_to_shotsave@@YA_N_N0AAUPART_NAME_ENTRY@@AAVFTII_FILE_DATA@@AAVDOUBLE_ARRAY_CLASS@@@Z 00415a4d f   shotsave.obj
 0001:00014b50       ?create@VDB_CLASS@@QAE_NAAVSTRING_CLASS@@@Z 00415b50 f i shotsave.obj
 0001:00014cc8       ?directory_exists@NAME_CLASS@@QAEEXZ 00415cc8 f i shotsave.obj
 0001:00014d05       ?get@WRITE_CSV_SHOT_FILE@@QAEEAAUPROFILE_NAME_ENTRY@@@Z 00415d05 f   shotsave.obj
 0001:00014f12       ?get_ini_char@@YAPADPAD0@Z 00415f12 f   shotsave.obj
 0001:00014f5b       ?has_any_limits@PARAMETER_ENTRY@@QAEEXZ 00415f5b f i shotsave.obj
 0001:00014f78       ?init_serial_port@@YAXXZ   00415f78 f   shotsave.obj
 0001:00015c60       ?nextshot@@YAEPAUSHOT_BUFFER_ENTRY@@@Z 00416c60 f   shotsave.obj
 0001:0001605d       ?put_alpha@DB_TABLE@@QAEEGAAVSTRING_CLASS@@F@Z 0041705d f i shotsave.obj
 0001:0001607f       ?save_all_shots@@YAXXZ     0041707f f   shotsave.obj
 0001:000160ba       ?save_shot@@YAXPAUSHOT_BUFFER_ENTRY@@@Z 004170ba f   shotsave.obj
 0001:00016776       ?shotsave_thread@@YAXPAX@Z 00417776 f   shotsave.obj
 0001:00016862       ?start_shotsave_thread@@YAXXZ 00417862 f   shotsave.obj
 0001:00017982       ?write_ftii_parameters@@YAEPAUSHOT_BUFFER_ENTRY@@AAU_SYSTEMTIME@@G@Z 00418982 f   shotsave.obj
 0001:000180dc       ?write_std_units_csv_file@@YAEAAVSTRING_CLASS@@PAUSHOT_BUFFER_ENTRY@@@Z 004190dc f   shotsave.obj
 0001:00018710       ?max_parameters_saved@@YAJAAVSTRING_CLASS@@@Z 00419710 f   skip.obj
 0001:00018725       ?max_profiles_saved@@YAJAAVSTRING_CLASS@@@Z 00419725 f   skip.obj
 0001:000187b7       ?skip_new_shot_notify@@YAGAAVSTRING_CLASS@@U_FILETIME@@@Z 004197b7 f   skip.obj
 0001:00018804       ?skip_reset_machine@@YAEAAVSTRING_CLASS@@@Z 00419804 f   skip.obj
 0001:0001881d       ?skip_shutdown@@YAXXZ      0041981d f   skip.obj
 0001:00018851       ?skip_startup@@YAEXZ       00419851 f   skip.obj
 0001:00018854       ??0UPLOAD_COPY_CLASS@@QAE@XZ 00419854 f   upload_copy_class.obj
 0001:0001887a       ??1UPLOAD_COPY_CLASS@@QAE@XZ 0041987a f   upload_copy_class.obj
 0001:00018897       ?init@UPLOAD_COPY_CLASS@@QAEXXZ 00419897 f   upload_copy_class.obj
 0001:000188ba       ?isnew@UPLOAD_COPY_CLASS@@QAE_NAAVSTRING_CLASS@@@Z 004198ba f   upload_copy_class.obj
 0001:00018984       ?load@UPLOAD_COPY_CLASS@@QAEIVSTRING_CLASS@@00@Z 00419984 f   upload_copy_class.obj
 0001:00018aa7       ?save@UPLOAD_COPY_CLASS@@QAEIVSTRING_CLASS@@00@Z 00419aa7 f   upload_copy_class.obj
 0001:00018be2       _DdeGetData@16             00419be2 f   user32:USER32.dll
 0001:00018be8       _bind@12                   00419be8 f   wsock32:WSOCK32.dll
 0001:00018bee       _closesocket@4             00419bee f   wsock32:WSOCK32.dll
 0001:00018bf4       _htonl@4                   00419bf4 f   wsock32:WSOCK32.dll
 0001:00018bfa       _htons@4                   00419bfa f   wsock32:WSOCK32.dll
 0001:00018c00       _inet_addr@4               00419c00 f   wsock32:WSOCK32.dll
 0001:00018c06       _recvfrom@24               00419c06 f   wsock32:WSOCK32.dll
 0001:00018c0c       _sendto@24                 00419c0c f   wsock32:WSOCK32.dll
 0001:00018c12       _socket@12                 00419c12 f   wsock32:WSOCK32.dll
 0001:00018c18       _gethostbyname@4           00419c18 f   wsock32:WSOCK32.dll
 0001:00018c1e       _gethostname@8             00419c1e f   wsock32:WSOCK32.dll
 0001:00018c24       _WSAStartup@8              00419c24 f   wsock32:WSOCK32.dll
 0001:00018c2a       _WSACleanup@0              00419c2a f   wsock32:WSOCK32.dll
 0001:00018c30       _WSAGetLastError@0         00419c30 f   wsock32:WSOCK32.dll
 0001:00018c36       ?directory_exists@@YAEPAD@Z 00419c36 f   v5subs:exists.obj
 0001:00018c59       ?disk_is_in_drive@@YAEPAD@Z 00419c59 f   v5subs:exists.obj
 0001:00018c91       ?file_exists@@YAEPAD@Z     00419c91 f   v5subs:exists.obj
 0001:00018ca3       ?file_size@@YAJPAD@Z       00419ca3 f   v5subs:exists.obj
 0001:00018d6b       ?get_drive_name@@YAEPAD@Z  00419d6b f   v5subs:exists.obj
 0001:00018d9b       ?is_removable@@YAEPAD@Z    00419d9b f   v5subs:exists.obj
 0001:00018dc5       ?ascii_double@@YAPADN@Z    00419dc5 f   v5subs:ascfloat.obj
 0001:00018de5       ?ascii_float@@YAPADM@Z     00419de5 f   v5subs:ascfloat.obj
 0001:00018dfd       ?asctoint@@YAHPBD@Z        00419dfd f   v5subs:extract.obj
 0001:00018dfd       ?asctoint32@@YAJPBD@Z      00419dfd f   v5subs:extract.obj
 0001:00018e1a       ?asctoul@@YAKPBD@Z         00419e1a f   v5subs:extract.obj
 0001:00018e37       ?extdouble@@YANPBD@Z       00419e37 f   v5subs:extract.obj
 0001:00018e4e       ?extdouble@@YANPBDF@Z      00419e4e f   v5subs:extract.obj
 0001:00018eb6       ?extfloat@@YAMPBD@Z        00419eb6 f   v5subs:extract.obj
 0001:00018edb       ?extlong@@YAJPBDFH@Z       00419edb f   v5subs:extract.obj
 0001:00018f41       ?extshort@@YAFPBDF@Z       00419f41 f   v5subs:extract.obj
 0001:00018f41       ?extlong@@YAJPBDF@Z        00419f41 f   v5subs:extract.obj
 0001:00018f54       ?extul@@YAKPBDFH@Z         00419f54 f   v5subs:extract.obj
 0001:00018fba       ?is_real_char@@YAED@Z      00419fba f   v5subs:extract.obj
 0001:0001905d       ?int32toasc@@YAPADJ@Z      0041a05d f   v5subs:itoasc.obj
 0001:00019076       ?int32toasc@@YAXPADJJ@Z    0041a076 f   v5subs:itoasc.obj
 0001:000190b7       ?int_to_ascii@@YAXPADH@Z   0041a0b7 f   v5subs:itoasc.obj
 0001:000190f1       ?ultoascii@@YAPADKK@Z      0041a0f1 f   v5subs:itoasc.obj
 0001:0001910c       ?ultoascii@@YAXPADKK@Z     0041a10c f   v5subs:itoasc.obj
 0001:0001913b       ??0STRING_CLASS@@QAE@ABV0@@Z 0041a13b f   v5subs:stringcl.obj
 0001:00019157       ??0STRING_CLASS@@QAE@PBD@Z 0041a157 f   v5subs:stringcl.obj
 0001:00019170       ??0STRING_CLASS@@QAE@XZ    0041a170 f   v5subs:stringcl.obj
 0001:0001917a       ??1STRING_CLASS@@QAE@XZ    0041a17a f   v5subs:stringcl.obj
 0001:0001917f       ??4STRING_CLASS@@QAEXABV0@@Z 0041a17f f   v5subs:stringcl.obj
 0001:0001918e       ??4STRING_CLASS@@QAEXD@Z   0041a18e f   v5subs:stringcl.obj
 0001:000191a5       ??4STRING_CLASS@@QAEXE@Z   0041a1a5 f   v5subs:stringcl.obj
 0001:000191c0       ??4STRING_CLASS@@QAEXH@Z   0041a1c0 f   v5subs:stringcl.obj
 0001:000191e8       ??4STRING_CLASS@@QAEXI@Z   0041a1e8 f   v5subs:stringcl.obj
 0001:00019210       ??4STRING_CLASS@@QAEXN@Z   0041a210 f   v5subs:stringcl.obj
 0001:0001923f       ??4STRING_CLASS@@QAEXPBD@Z 0041a23f f   v5subs:stringcl.obj
 0001:0001928a       ??8STRING_CLASS@@QAEEABV0@@Z 0041a28a f   v5subs:stringcl.obj
 0001:000192b2       ??8STRING_CLASS@@QAEEPBD@Z 0041a2b2 f   v5subs:stringcl.obj
 0001:000192d9       ??MSTRING_CLASS@@QAEEABV0@@Z 0041a2d9 f   v5subs:stringcl.obj
 0001:00019300       ??YSTRING_CLASS@@QAEXABV0@@Z 0041a300 f   v5subs:stringcl.obj
 0001:0001930f       ??YSTRING_CLASS@@QAEXD@Z   0041a30f f   v5subs:stringcl.obj
 0001:00019342       ??YSTRING_CLASS@@QAEXE@Z   0041a342 f   v5subs:stringcl.obj
 0001:0001935d       ??YSTRING_CLASS@@QAEXH@Z   0041a35d f   v5subs:stringcl.obj
 0001:00019394       ??YSTRING_CLASS@@QAEXI@Z   0041a394 f   v5subs:stringcl.obj
 0001:000193cb       ??YSTRING_CLASS@@QAEXN@Z   0041a3cb f   v5subs:stringcl.obj
 0001:00019409       ??YSTRING_CLASS@@QAEXPBD@Z 0041a409 f   v5subs:stringcl.obj
 0001:0001944a       ?acquire@STRING_CLASS@@QAEEAAV1@@Z 0041a44a f   v5subs:stringcl.obj
 0001:00019478       ?acquire@STRING_CLASS@@QAEEPAD@Z 0041a478 f   v5subs:stringcl.obj
 0001:000194a7       ?boolean_value@STRING_CLASS@@QAEEXZ 0041a4a7 f   v5subs:stringcl.obj
 0001:000194c6       ?cat_path@STRING_CLASS@@QAEXPBD@Z 0041a4c6 f   v5subs:stringcl.obj
 0001:00019532       ?cat_w_char@STRING_CLASS@@QAEXPBDD@Z 0041a532 f   v5subs:stringcl.obj
 0001:00019587       ?contains@STRING_CLASS@@QAE_ND@Z 0041a587 f   v5subs:stringcl.obj
 0001:00019598       ?contains@STRING_CLASS@@QAE_NPBD@Z 0041a598 f   v5subs:stringcl.obj
 0001:000195a9       ?empty@STRING_CLASS@@QAEXXZ 0041a5a9 f   v5subs:stringcl.obj
 0001:000195c4       ?find@STRING_CLASS@@QAEPADD@Z 0041a5c4 f   v5subs:stringcl.obj
 0001:000195ed       ?find@STRING_CLASS@@QAEPADPBD@Z 0041a5ed f   v5subs:stringcl.obj
 0001:0001960b       ?findlast@STRING_CLASS@@QAEPADPBD@Z 0041a60b f   v5subs:stringcl.obj
 0001:00019629       ?get_ascii@STRING_CLASS@@QAEEPAD@Z 0041a629 f   v5subs:stringcl.obj
 0001:00019672       ?get_substring@STRING_CLASS@@QAEEABV1@DD@Z 0041a672 f   v5subs:stringcl.obj
 0001:000196ea       ?get_text@STRING_CLASS@@QAE_NPAUHWND__@@@Z 0041a6ea f   v5subs:stringcl.obj
 0001:0001973e       ?init@STRING_CLASS@@QAEEJ@Z 0041a73e f   v5subs:stringcl.obj
 0001:00019782       ?isempty@STRING_CLASS@@QAEEXZ 0041a782 f   v5subs:stringcl.obj
 0001:0001979e       ?isnumeric@STRING_CLASS@@QAEEXZ 0041a79e f   v5subs:stringcl.obj
 0001:00019827       ?last_char@STRING_CLASS@@QAEPADXZ 0041a827 f   v5subs:stringcl.obj
 0001:0001983f       ?len@STRING_CLASS@@QAEJXZ  0041a83f f   v5subs:stringcl.obj
 0001:00019852       ?next_field@STRING_CLASS@@QAE_ND@Z 0041a852 f   v5subs:stringcl.obj
 0001:00019943       ?next_field@STRING_CLASS@@QAE_NXZ 0041a943 f   v5subs:stringcl.obj
 0001:00019951       ?null@STRING_CLASS@@QAEXXZ 0041a951 f   v5subs:stringcl.obj
 0001:00019971       ?real_value@STRING_CLASS@@QAENXZ 0041a971 f   v5subs:stringcl.obj
 0001:000199c8       ?release@STRING_CLASS@@QAEPADXZ 0041a9c8 f   v5subs:stringcl.obj
 0001:000199d3       ?remove_all_occurances@STRING_CLASS@@QAEHD@Z 0041a9d3 f   v5subs:stringcl.obj
 0001:00019a12       ?remove_leading_chars@STRING_CLASS@@QAE_NH@Z 0041aa12 f   v5subs:stringcl.obj
 0001:00019a4b       ?replace@STRING_CLASS@@QAEEDD@Z 0041aa4b f   v5subs:stringcl.obj
 0001:00019a77       ?replace@STRING_CLASS@@QAEEPBD0@Z 0041aa77 f   v5subs:stringcl.obj
 0001:00019b2c       ?replace_all@STRING_CLASS@@QAEHDD@Z 0041ab2c f   v5subs:stringcl.obj
 0001:00019b5a       ?rjust@STRING_CLASS@@QAEEJ@Z 0041ab5a f   v5subs:stringcl.obj
 0001:00019b6e       ?rjust@STRING_CLASS@@QAEEJD@Z 0041ab6e f   v5subs:stringcl.obj
 0001:00019bbd       ?set_text@STRING_CLASS@@QAE_NPAUHWND__@@@Z 0041abbd f   v5subs:stringcl.obj
 0001:00019be2       ?strip_crlf@STRING_CLASS@@QAEXXZ 0041abe2 f   v5subs:stringcl.obj
 0001:00019c25       ?uppercase@STRING_CLASS@@QAEXXZ 0041ac25 f   v5subs:stringcl.obj
 0001:00019c35       ?upsize@STRING_CLASS@@QAEEJ@Z 0041ac35 f   v5subs:stringcl.obj
 0001:00019c89       ?convert_to_data_dir@NAME_CLASS@@QAEEXZ 0041ac89 f   v5subs:nameclas.obj
 0001:00019cce       ?ensure_file_directory_existance@NAME_CLASS@@QAEEXZ 0041acce f   v5subs:nameclas.obj
 0001:00019d37       ?find_extension@NAME_CLASS@@QAEPADXZ 0041ad37 f   v5subs:nameclas.obj
 0001:00019d7d       ?get_data_dir_file_name@NAME_CLASS@@QAEEAAVSTRING_CLASS@@PBD@Z 0041ad7d f   v5subs:nameclas.obj
 0001:00019dc0       ?get_data_dir_file_name@NAME_CLASS@@QAEEPBD@Z 0041adc0 f   v5subs:nameclas.obj
 0001:00019ddd       ?get_exe_dir_file_name@NAME_CLASS@@QAEEAAVSTRING_CLASS@@PBD@Z 0041addd f   v5subs:nameclas.obj
 0001:00019e20       ?get_exe_dir_file_name@NAME_CLASS@@QAEEPBD@Z 0041ae20 f   v5subs:nameclas.obj
 0001:00019e59       ?get_machine_dir_file_name@NAME_CLASS@@QAEEAAVSTRING_CLASS@@0PBD@Z 0041ae59 f   v5subs:nameclas.obj
 0001:00019ea2       ?get_machine_results_dir_file_name@NAME_CLASS@@QAEEAAVSTRING_CLASS@@0PBD@Z 0041aea2 f   v5subs:nameclas.obj
 0001:00019ee0       ?get_part_dir_file_name@NAME_CLASS@@QAEEAAVSTRING_CLASS@@00PBD@Z 0041aee0 f   v5subs:nameclas.obj
 0001:00019f2c       ?get_part_results_dir_file_name@NAME_CLASS@@QAEEAAVSTRING_CLASS@@00PBD@Z 0041af2c f   v5subs:nameclas.obj
 0001:00019f6d       ?get_profile_name@NAME_CLASS@@QAEEAAVSTRING_CLASS@@00PBD1@Z 0041af6d f   v5subs:nameclas.obj
 0001:0001a018       ?get_static_text_parameters_csvname@NAME_CLASS@@QAEEAAVSTRING_CLASS@@00@Z 0041b018 f   v5subs:nameclas.obj
 0001:0001a031       ?moveto@NAME_CLASS@@QAEEAAVSTRING_CLASS@@@Z 0041b031 f   v5subs:nameclas.obj
 0001:0001a05e       ?remove_ending_filename@NAME_CLASS@@QAEEXZ 0041b05e f   v5subs:nameclas.obj
 0001:0001a084       ?remove_extension@NAME_CLASS@@QAEEXZ 0041b084 f   v5subs:nameclas.obj
 0001:0001a09b       ?replace_extension@NAME_CLASS@@QAEXPAD@Z 0041b09b f   v5subs:nameclas.obj
 0001:0001a0c9       ??0ANALOG_SENSOR@@QAE@XZ   0041b0c9 f   v5subs:asensor.obj
 0001:0001a0cf       ??0ANALOG_SENSOR_ENTRY@@QAE@XZ 0041b0cf f   v5subs:asensor.obj
 0001:0001a11f       ??1ANALOG_SENSOR_ENTRY@@QAE@XZ 0041b11f f   v5subs:asensor.obj
 0001:0001a14b       ??AANALOG_SENSOR@@QAEAAUANALOG_SENSOR_ENTRY@@H@Z 0041b14b f   v5subs:asensor.obj
 0001:0001a16e       ??_EANALOG_SENSOR_ENTRY@@QAEPAXI@Z 0041b16e f i v5subs:asensor.obj
 0001:0001a1c3       ?converted_value@ANALOG_SENSOR_ENTRY@@QAENI@Z 0041b1c3 f   v5subs:asensor.obj
 0001:0001a1f7       ?get@ANALOG_SENSOR@@SAEXZ  0041b1f7 f   v5subs:asensor.obj
 0001:0001a3f5       ?get@ANALOG_SENSOR_ENTRY@@QAEEPAD@Z 0041b3f5 f   v5subs:asensor.obj
 0001:0001a552       ?raw_count@ANALOG_SENSOR_ENTRY@@QAENN@Z 0041b552 f   v5subs:asensor.obj
 0001:0001a595       ?shutdown@ANALOG_SENSOR@@SAXXZ 0041b595 f   v5subs:asensor.obj
 0001:0001a59a       ?update@ANALOG_SENSOR_ENTRY@@QAEEXZ 0041b59a f   v5subs:asensor.obj
 0001:0001a688       ??0AUTO_BACKUP_CLASS@@QAE@XZ 0041b688 f   v5subs:autoback.obj
 0001:0001a69a       ??1AUTO_BACKUP_CLASS@@QAE@XZ 0041b69a f   v5subs:autoback.obj
 0001:0001a6a0       ?backup_machine@AUTO_BACKUP_CLASS@@QAEEAAVSTRING_CLASS@@@Z 0041b6a0 f   v5subs:autoback.obj
 0001:0001a7f1       ?get_backup_dir@AUTO_BACKUP_CLASS@@QAEEXZ 0041b7f1 f   v5subs:autoback.obj
 0001:0001a88f       ??0DB_TABLE@@QAE@XZ        0041b88f f   v5subs:dbsubs.obj
 0001:0001a8b6       ??1DB_TABLE@@QAE@XZ        0041b8b6 f   v5subs:dbsubs.obj
 0001:0001a922       ?close@DB_TABLE@@QAEXXZ    0041b922 f   v5subs:dbsubs.obj
 0001:0001a943       ?compare_date@@YAFPAD0@Z   0041b943 f   v5subs:dbsubs.obj
 0001:0001a979       ?compare_int32@@YAFPAD0J@Z 0041b979 f   v5subs:dbsubs.obj
 0001:0001a9ad       ?compare_one_record@DB_TABLE@@AAEEPAFJJ@Z 0041b9ad f   v5subs:dbsubs.obj
 0001:0001aa7a       ?create@DB_TABLE@@QAEEAAVSTRING_CLASS@@@Z 0041ba7a f i v5subs:dbsubs.obj
 0001:0001aa94       ?create@DB_TABLE@@QAEEPAD@Z 0041ba94 f   v5subs:dbsubs.obj
 0001:0001aaf4       ?determine_column_info@DB_TABLE@@QAEHXZ 0041baf4 f   v5subs:dbsubs.obj
 0001:0001accd       ?ensure_existance@DB_TABLE@@QAEEAAVSTRING_CLASS@@@Z 0041bccd f   v5subs:dbsubs.obj
 0001:0001ad01       ?field_length@DB_TABLE@@QAEFH@Z 0041bd01 f   v5subs:dbsubs.obj
 0001:0001ad6d       ?fill_searchbuf@DB_TABLE@@AAEEF@Z 0041bd6d f   v5subs:dbsubs.obj
 0001:0001adbb       ?get_alpha@DB_TABLE@@QAEEAAVSTRING_CLASS@@GF@Z 0041bdbb f   v5subs:dbsubs.obj
 0001:0001ae1b       ?get_alpha@DB_TABLE@@QAEEPADGF@Z 0041be1b f   v5subs:dbsubs.obj
 0001:0001ae31       ?get_alpha@DB_TABLE@@QAEEPADGFG@Z 0041be31 f   v5subs:dbsubs.obj
 0001:0001ae8a       ?get_char@DB_TABLE@@QAEDG@Z 0041be8a f   v5subs:dbsubs.obj
 0001:0001aea4       ?get_current_record@DB_TABLE@@QAEEE@Z 0041bea4 f   v5subs:dbsubs.obj
 0001:0001aeea       ?get_date@DB_TABLE@@QAEEAAU_SYSTEMTIME@@G@Z 0041beea f   v5subs:dbsubs.obj
 0001:0001af03       ?get_double@DB_TABLE@@QAENG@Z 0041bf03 f   v5subs:dbsubs.obj
 0001:0001af3f       ?get_long@DB_TABLE@@QAEJG@Z 0041bf3f f   v5subs:dbsubs.obj
 0001:0001af68       ?get_next_key_match@DB_TABLE@@QAEEFE@Z 0041bf68 f   v5subs:dbsubs.obj
 0001:0001afd5       ?get_next_record@DB_TABLE@@QAEEE@Z 0041bfd5 f   v5subs:dbsubs.obj
 0001:0001b023       ?get_rec@DB_TABLE@@QAEEXZ  0041c023 f   v5subs:dbsubs.obj
 0001:0001b06d       ?get_time@DB_TABLE@@QAEEAAU_SYSTEMTIME@@G@Z 0041c06d f   v5subs:dbsubs.obj
 0001:0001b086       ?goto_first_equal_or_greater_record@DB_TABLE@@QAEEF@Z 0041c086 f   v5subs:dbsubs.obj
 0001:0001b15f       ?goto_first_key_record@DB_TABLE@@AAEEF@Z 0041c15f f   v5subs:dbsubs.obj
 0001:0001b17a       ?goto_key_record@DB_TABLE@@AAEEFJJ@Z 0041c17a f   v5subs:dbsubs.obj
 0001:0001b2a6       ?goto_record_number@DB_TABLE@@QAEEJ@Z 0041c2a6 f   v5subs:dbsubs.obj
 0001:0001b339       ?initbuf@DB_TABLE@@AAEEPAPADPAFF@Z 0041c339 f   v5subs:dbsubs.obj
 0001:0001b3c1       ?is_alpha@DB_TABLE@@QAEEH@Z 0041c3c1 f   v5subs:dbsubs.obj
 0001:0001b3e3       ?lock_record@DB_TABLE@@QAEEXZ 0041c3e3 f   v5subs:dbsubs.obj
 0001:0001b45d       ?nof_recs@DB_TABLE@@QAEKXZ 0041c45d f   v5subs:dbsubs.obj
 0001:0001b485       ?open@DB_TABLE@@QAEEPADFF@Z 0041c485 f   v5subs:dbsubs.obj
 0001:0001b49b       ?open@DB_TABLE@@QAEEPADFFF@Z 0041c49b f   v5subs:dbsubs.obj
 0001:0001b67a       ?open_status@DB_TABLE@@QAEEXZ 0041c67a f   v5subs:dbsubs.obj
 0001:0001b682       ?point_to_start_of_field@DB_TABLE@@AAEPADG@Z 0041c682 f   v5subs:dbsubs.obj
 0001:0001b699       ?post_error@@YAXPAD0@Z     0041c699 f   v5subs:dbsubs.obj
 0001:0001b6ac       ?post_error@@YAXPAD@Z      0041c6ac f   v5subs:dbsubs.obj
 0001:0001b6c0       ?put_alpha@DB_TABLE@@QAEEGPBDF@Z 0041c6c0 f   v5subs:dbsubs.obj
 0001:0001b707       ?put_date@DB_TABLE@@QAEEGABU_SYSTEMTIME@@@Z 0041c707 f   v5subs:dbsubs.obj
 0001:0001b738       ?put_long@DB_TABLE@@QAEEGJF@Z 0041c738 f   v5subs:dbsubs.obj
 0001:0001b779       ?put_time@DB_TABLE@@QAEEGAAU_SYSTEMTIME@@@Z 0041c779 f   v5subs:dbsubs.obj
 0001:0001b7aa       ?rec_append@DB_TABLE@@QAEEXZ 0041c7aa f   v5subs:dbsubs.obj
 0001:0001b7d0       ?rec_delete@DB_TABLE@@QAEEJ@Z 0041c7d0 f   v5subs:dbsubs.obj
 0001:0001b917       ?rec_insert@DB_TABLE@@QAEEXZ 0041c917 f   v5subs:dbsubs.obj
 0001:0001b9cd       ?rec_update@DB_TABLE@@QAEEXZ 0041c9cd f   v5subs:dbsubs.obj
 0001:0001b9ee       ?restore_from_searchbuf@DB_TABLE@@AAEXXZ 0041c9ee f   v5subs:dbsubs.obj
 0001:0001ba35       ?unlock_record@DB_TABLE@@QAEEXZ 0041ca35 f   v5subs:dbsubs.obj
 0001:0001ba75       ?write_record@DB_TABLE@@AAEEXZ 0041ca75 f   v5subs:dbsubs.obj
 0001:0001bacb       ??0DOWN_DATA_CLASS@@QAE@XZ 0041cacb f   v5subs:evclass.obj
 0001:0001bb27       ?set@DOWN_DATA_CLASS@@QAEEPAUHDDEDATA__@@@Z 0041cb27 f   v5subs:evclass.obj
 0001:0001bcdf       ??0EXTERNAL_PARAMETER_SETTINGS_CLASS@@QAE@XZ 0041ccdf f   v5subs:external_parameter.obj
 0001:0001bcf1       ??1EXTERNAL_PARAMETER_SETTINGS_CLASS@@QAE@XZ 0041ccf1 f   v5subs:external_parameter.obj
 0001:0001bcf6       ?clear@EXTERNAL_PARAMETER_SETTINGS_CLASS@@QAEXXZ 0041ccf6 f   v5subs:external_parameter.obj
 0001:0001bd06       ?get@EXTERNAL_PARAMETER_SETTINGS_CLASS@@QAEEAAVSTRING_CLASS@@00@Z 0041cd06 f   v5subs:external_parameter.obj
 0001:0001be46       ??0FILE_CLASS@@QAE@XZ      0041ce46 f   v5subs:fileclas.obj
 0001:0001be6a       ?cleanup@FILE_CLASS@@QAEXXZ 0041ce6a f   v5subs:fileclas.obj
 0001:0001be98       ?cleanup_memory@FILE_CLASS@@QAEXXZ 0041ce98 f   v5subs:fileclas.obj
 0001:0001bec4       ??1FILE_CLASS@@QAE@XZ      0041cec4 f   v5subs:fileclas.obj
 0001:0001bec4       ?close@FILE_CLASS@@QAEXXZ  0041cec4 f   v5subs:fileclas.obj
 0001:0001bec9       ?get_creation_time@FILE_CLASS@@QAEEPAU_FILETIME@@@Z 0041cec9 f   v5subs:fileclas.obj
 0001:0001beed       ?get_file_size@FILE_CLASS@@QAEEAAK@Z 0041ceed f   v5subs:fileclas.obj
 0001:0001bf1a       ?make_path@FILE_CLASS@@QAEEPAD@Z 0041cf1a f   v5subs:fileclas.obj
 0001:0001bf67       ?nof_lines@FILE_CLASS@@QAEHXZ 0041cf67 f   v5subs:fileclas.obj
 0001:0001c031       ?open@FILE_CLASS@@QAEEPADK@Z 0041d031 f   v5subs:fileclas.obj
 0001:0001c0b4       ?open_for_append@FILE_CLASS@@QAEEAAVSTRING_CLASS@@@Z 0041d0b4 f   v5subs:fileclas.obj
 0001:0001c0ce       ?open_for_append@FILE_CLASS@@QAEEPAD@Z 0041d0ce f   v5subs:fileclas.obj
 0001:0001c104       ?open_for_read@FILE_CLASS@@QAEEAAVSTRING_CLASS@@@Z 0041d104 f   v5subs:fileclas.obj
 0001:0001c11e       ?open_for_read@FILE_CLASS@@QAEEPAD@Z 0041d11e f   v5subs:fileclas.obj
 0001:0001c13a       ?open_for_write@FILE_CLASS@@QAEEAAVSTRING_CLASS@@@Z 0041d13a f   v5subs:fileclas.obj
 0001:0001c154       ?open_for_write@FILE_CLASS@@QAEEPAD@Z 0041d154 f   v5subs:fileclas.obj
 0001:0001c16d       ?read_unicode_file@FILE_CLASS@@QAEEAAVSTRING_CLASS@@@Z 0041d16d f   v5subs:fileclas.obj
 0001:0001c207       ?readbinary@FILE_CLASS@@QAEKPAXK@Z 0041d207 f   v5subs:fileclas.obj
 0001:0001c26d       ?readline@FILE_CLASS@@QAEPADXZ 0041d26d f   v5subs:fileclas.obj
 0001:0001c348       ?setpos@FILE_CLASS@@QAEEJ@Z 0041d348 f   v5subs:fileclas.obj
 0001:0001c38b       ?writebinary@FILE_CLASS@@QAEEPAXK@Z 0041d38b f   v5subs:fileclas.obj
 0001:0001c3f3       ?writeline@FILE_CLASS@@QAEEAAVSTRING_CLASS@@@Z 0041d3f3 f   v5subs:fileclas.obj
 0001:0001c40d       ?writeline@FILE_CLASS@@QAEEPAD@Z 0041d40d f   v5subs:fileclas.obj
 0001:0001c4a0       ??0FIFO_CLASS@@QAE@XZ      0041d4a0 f   v5subs:fifo.obj
 0001:0001c4b9       ??1FIFO_CLASS@@QAE@XZ      0041d4b9 f   v5subs:fifo.obj
 0001:0001c4c1       ?peek@FIFO_CLASS@@QAEPAXXZ 0041d4c1 f   v5subs:fifo.obj
 0001:0001c4cf       ?pop@FIFO_CLASS@@QAEPAXXZ  0041d4cf f   v5subs:fifo.obj
 0001:0001c517       ?push@FIFO_CLASS@@QAEEPAX@Z 0041d517 f   v5subs:fifo.obj
 0001:0001c577       ??0FONT_CLASS@@QAE@XZ      0041d577 f   v5subs:fontclas.obj
 0001:0001c593       ??0SHIFT_CLASS@@QAE@XZ     0041d593 f   v5subs:shift.obj
 0001:0001c593       ??0FONT_LIST_CLASS@@QAE@XZ 0041d593 f   v5subs:fontclas.obj
 0001:0001c599       ??0FONT_LIST_ENTRY@@QAE@XZ 0041d599 f   v5subs:fontclas.obj
 0001:0001c5b3       ??1FONT_LIST_CLASS@@QAE@XZ 0041d5b3 f   v5subs:fontclas.obj
 0001:0001c5dc       ??1FONT_LIST_ENTRY@@QAE@XZ 0041d5dc f   v5subs:fontclas.obj
 0001:0001c5f4       ??4FONT_CLASS@@QAEXABUtagLOGFONTA@@@Z 0041d5f4 f   v5subs:fontclas.obj
 0001:0001c657       ??4FONT_CLASS@@QAEXABV0@@Z 0041d657 f   v5subs:fontclas.obj
 0001:0001c693       ??8FONT_CLASS@@QAE_NABUtagLOGFONTA@@@Z 0041d693 f   v5subs:fontclas.obj
 0001:0001c718       ??8FONT_CLASS@@QAE_NABV0@@Z 0041d718 f   v5subs:fontclas.obj
 0001:0001c754       ?free_handle@FONT_LIST_CLASS@@QAEXPAUHFONT__@@@Z 0041d754 f   v5subs:fontclas.obj
 0001:0001c797       ?get@FONT_CLASS@@QAE_NPAD@Z 0041d797 f   v5subs:fontclas.obj
 0001:0001c92f       ?get_handle@FONT_LIST_CLASS@@QAEPAUHFONT__@@ABVFONT_CLASS@@@Z 0041d92f f   v5subs:fontclas.obj
 0001:0001ca40       ??0COMPUTER_CLASS@@QAE@XZ  0041da40 f   v5subs:computer.obj
 0001:0001ca4b       ?add@COMPUTER_CLASS@@QAEEPAD@Z 0041da4b f   v5subs:computer.obj
 0001:0001cb02       ?empty@COMPUTER_CLASS@@QAEXXZ 0041db02 f   v5subs:computer.obj
 0001:0001cb36       ?find@COMPUTER_CLASS@@QAEEPAD@Z 0041db36 f   v5subs:computer.obj
 0001:0001cb66       ?is_present@COMPUTER_CLASS@@QAEEXZ 0041db66 f   v5subs:computer.obj
 0001:0001cb87       ?is_this_computer@COMPUTER_CLASS@@QAEEXZ 0041db87 f   v5subs:computer.obj
 0001:0001cba4       ?load@COMPUTER_CLASS@@QAEEXZ 0041dba4 f   v5subs:computer.obj
 0001:0001ccd2       ?name@COMPUTER_CLASS@@QAEAAVSTRING_CLASS@@XZ 0041dcd2 f   v5subs:computer.obj
 0001:0001cce2       ?next@COMPUTER_CLASS@@QAEEXZ 0041dce2 f   v5subs:computer.obj
 0001:0001cd04       ?rewind@COMPUTER_CLASS@@QAEXXZ 0041dd04 f   v5subs:computer.obj
 0001:0001cd0b       ?startup@COMPUTER_CLASS@@QAEEXZ 0041dd0b f   v5subs:computer.obj
 0001:0001cd20       ?whoami@COMPUTER_CLASS@@QAEAAVSTRING_CLASS@@XZ 0041dd20 f   v5subs:computer.obj
 0001:0001cd26       ??1INI_CLASS@@QAE@XZ       0041dd26 f   v5subs:iniclass.obj
 0001:0001cd2b       ?cleanup@INI_CLASS@@QAEXXZ 0041dd2b f   v5subs:iniclass.obj
 0001:0001cd66       ?find@INI_CLASS@@QAEEPBD0@Z 0041dd66 f   v5subs:iniclass.obj
 0001:0001cdc9       ?find@INI_CLASS@@QAEEPBD@Z 0041ddc9 f   v5subs:iniclass.obj
 0001:0001cde2       ?get_bool@INI_CLASS@@QAE_NPBD0@Z 0041dde2 f   v5subs:iniclass.obj
 0001:0001cde2       ?get_boolean@INI_CLASS@@QAEEPBD0@Z 0041dde2 f   v5subs:iniclass.obj
 0001:0001ce05       ?get_boolean@INI_CLASS@@QAEEPBD@Z 0041de05 f   v5subs:iniclass.obj
 0001:0001ce05       ?get_bool@INI_CLASS@@QAE_NPBD@Z 0041de05 f   v5subs:iniclass.obj
 0001:0001ce1e       ?get_boolean@INI_CLASS@@QAEEXZ 0041de1e f   v5subs:iniclass.obj
 0001:0001ce1e       ?get_bool@INI_CLASS@@QAE_NXZ 0041de1e f   v5subs:iniclass.obj
 0001:0001ce3d       ?get_int@INI_CLASS@@QAEHPBD0@Z 0041de3d f   v5subs:iniclass.obj
 0001:0001ce60       ?get_int@INI_CLASS@@QAEHPBD@Z 0041de60 f   v5subs:iniclass.obj
 0001:0001ce79       ?get_int@INI_CLASS@@QAEHXZ 0041de79 f   v5subs:iniclass.obj
 0001:0001ce8a       ?get_string@INI_CLASS@@QAEPADPBD@Z 0041de8a f   v5subs:iniclass.obj
 0001:0001ceb7       ?get_string@INI_CLASS@@QAEPADXZ 0041deb7 f   v5subs:iniclass.obj
 0001:0001cec5       ?get_ul@INI_CLASS@@QAEKPBD@Z 0041dec5 f   v5subs:iniclass.obj
 0001:0001cedc       ?get_ul@INI_CLASS@@QAEKXZ  0041dedc f   v5subs:iniclass.obj
 0001:0001ceed       ?put_boolean@INI_CLASS@@QAEEPBD0E@Z 0041deed f   v5subs:iniclass.obj
 0001:0001cf1e       ?put_int@INI_CLASS@@QAEEPBDH@Z 0041df1e f   v5subs:iniclass.obj
 0001:0001cf64       ?put_string@INI_CLASS@@QAEEPBD00@Z 0041df64 f   v5subs:iniclass.obj
 0001:0001cfa5       ?put_string@INI_CLASS@@QAEEPBD0@Z 0041dfa5 f   v5subs:iniclass.obj
 0001:0001cfc2       ?set_file@INI_CLASS@@QAEEPBD@Z 0041dfc2 f   v5subs:iniclass.obj
 0001:0001d004       ?set_section@INI_CLASS@@QAEEPBD@Z 0041e004 f   v5subs:iniclass.obj
 0001:0001d038       ??0LIMIT_SWITCH_WIRE_CLASS@@QAE@XZ 0041e038 f   v5subs:limit_switch_class.obj
 0001:0001d055       ??1LIMIT_SWITCH_WIRE_CLASS@@QAE@XZ 0041e055 f   v5subs:limit_switch_class.obj
 0001:0001d06d       ?get@LIMIT_SWITCH_WIRE_CLASS@@QAEEAAVSTRING_CLASS@@00@Z 0041e06d f   v5subs:limit_switch_class.obj
 0001:0001d1c0       ?mask@LIMIT_SWITCH_WIRE_CLASS@@QAEIH@Z 0041e1c0 f   v5subs:limit_switch_class.obj
 0001:0001d1f5       ?wire_number@LIMIT_SWITCH_WIRE_CLASS@@QAEHH@Z 0041e1f5 f   v5subs:limit_switch_class.obj
 0001:0001d20f       ??1LISTBOX_CLASS@@QAE@XZ   0041e20f f   v5subs:listbox.obj
 0001:0001d21f       ?add@LISTBOX_CLASS@@QAEHPAD@Z 0041e21f f   v5subs:listbox.obj
 0001:0001d260       ?check_buf_size@LISTBOX_CLASS@@AAEEH@Z 0041e260 f   v5subs:listbox.obj
 0001:0001d29f       ?check_buf_size@LISTBOX_CLASS@@AAEEPAD@Z 0041e29f f   v5subs:listbox.obj
 0001:0001d2b8       ?check_item_size@LISTBOX_CLASS@@AAEEH@Z 0041e2b8 f   v5subs:listbox.obj
 0001:0001d2ef       ?count@LISTBOX_CLASS@@QAEHXZ 0041e2ef f   v5subs:listbox.obj
 0001:0001d319       ?empty@LISTBOX_CLASS@@QAEXXZ 0041e319 f   v5subs:listbox.obj
 0001:0001d330       ?init@LISTBOX_CLASS@@QAEEPAUHWND__@@@Z 0041e330 f   v5subs:listbox.obj
 0001:0001d391       ?init@LISTBOX_CLASS@@QAEEPAUHWND__@@H@Z 0041e391 f   v5subs:listbox.obj
 0001:0001d3ae       ?item_text@LISTBOX_CLASS@@QAEPADH@Z 0041e3ae f   v5subs:listbox.obj
 0001:0001d3f6       ?redraw_off@LISTBOX_CLASS@@QAEXXZ 0041e3f6 f   v5subs:listbox.obj
 0001:0001d405       ?redraw_on@LISTBOX_CLASS@@QAEXXZ 0041e405 f   v5subs:listbox.obj
 0001:0001d424       ?selected_index@LISTBOX_CLASS@@QAEHXZ 0041e424 f   v5subs:listbox.obj
 0001:0001d44f       ?selected_text@LISTBOX_CLASS@@QAEPADXZ 0041e44f f   v5subs:listbox.obj
 0001:0001d46d       ?set_current_index@LISTBOX_CLASS@@QAEEH@Z 0041e46d f   v5subs:listbox.obj
 0001:0001d494       ?set_top_index@LISTBOX_CLASS@@QAEEH@Z 0041e494 f   v5subs:listbox.obj
 0001:0001d4bb       ?top_index@LISTBOX_CLASS@@QAEHXZ 0041e4bb f   v5subs:listbox.obj
 0001:0001d4da       ?visible_row_count@LISTBOX_CLASS@@QAEHXZ 0041e4da f   v5subs:listbox.obj
 0001:0001d541       ??0MULTIPART_RUNLIST_SETTINGS_CLASS@@QAE@XZ 0041e541 f   v5subs:multipart_runlist.obj
 0001:0001d557       ??0MULTIPART_RUNLIST_WIRES_CLASS@@QAE@XZ 0041e557 f   v5subs:multipart_runlist.obj
 0001:0001d56d       ??1MULTIPART_RUNLIST_SETTINGS_CLASS@@QAE@XZ 0041e56d f   v5subs:multipart_runlist.obj
 0001:0001d575       ??1MULTIPART_RUNLIST_WIRES_CLASS@@QAE@XZ 0041e575 f   v5subs:multipart_runlist.obj
 0001:0001d57d       ?bits_from_wirelist@@YAIAAVSTRING_CLASS@@@Z 0041e57d f   v5subs:multipart_runlist.obj
 0001:0001d634       ?countchars@STRING_CLASS@@QAEJD@Z 0041e634 f i v5subs:multipart_runlist.obj
 0001:0001d64f       ?get@MULTIPART_RUNLIST_SETTINGS_CLASS@@QAE_NAAVSTRING_CLASS@@0@Z 0041e64f f   v5subs:multipart_runlist.obj
 0001:0001d92d       ?get@MULTIPART_RUNLIST_WIRES_CLASS@@QAE_NAAVSTRING_CLASS@@00@Z 0041e92d f   v5subs:multipart_runlist.obj
 0001:0001dac8       ?get_multipart_runlist_wires_csvname@NAME_CLASS@@QAEEAAVSTRING_CLASS@@0V2@@Z 0041eac8 f i v5subs:multipart_runlist.obj
 0001:0001daf1       ?get_wirelist@MULTIPART_RUNLIST_SETTINGS_CLASS@@QAE_NAAVSTRING_CLASS@@H@Z 0041eaf1 f   v5subs:multipart_runlist.obj
 0001:0001dbcc       ?init@MULTIPART_RUNLIST_SETTINGS_CLASS@@QAEXXZ 0041ebcc f   v5subs:multipart_runlist.obj
 0001:0001dbd4       ?part_selection_number@MULTIPART_RUNLIST_SETTINGS_CLASS@@QAEHAAVSTRING_CLASS@@@Z 0041ebd4 f   v5subs:multipart_runlist.obj
 0001:0001dc98       ?part_to_run@MULTIPART_RUNLIST_SETTINGS_CLASS@@QAE_NAAVSTRING_CLASS@@00I@Z 0041ec98 f   v5subs:multipart_runlist.obj
 0001:0001dd62       ??0MACHINE_CLASS@@QAE@XZ   0041ed62 f   v5subs:machine.obj
 0001:0001ddc9       ?find@MACHINE_CLASS@@QAEEAAVSTRING_CLASS@@0@Z 0041edc9 f   v5subs:machine.obj
 0001:0001e01f       ?has_binary_valve@MACHINE_CLASS@@QAEEXZ 0041f01f f   v5subs:machine.obj
 0001:0001e028       ?init@MACHINE_CLASS@@QAEXXZ 0041f028 f   v5subs:machine.obj
 0001:0001e0b1       ?init_save_counts@@YAXPAUSAVE_COUNTS@@@Z 0041f0b1 f   v5subs:machine.obj
 0001:0001e0ca       ?ls_off_at_eos@MACHINE_CLASS@@QAEEXZ 0041f0ca f   v5subs:machine.obj
 0001:0001e0d1       ?read_machset_db@MACHINE_CLASS@@QAEEAAVSTRING_CLASS@@@Z 0041f0d1 f   v5subs:machine.obj
 0001:0001e669       ??1GENERIC_LIST_CLASS@@QAE@XZ 0041f669 f   v5subs:genlist.obj
 0001:0001e68b       ?append@GENERIC_LIST_CLASS@@QAEEPAX@Z 0041f68b f   v5subs:genlist.obj
 0001:0001e6c1       ?count@GENERIC_LIST_CLASS@@QAEFXZ 0041f6c1 f   v5subs:genlist.obj
 0001:0001e6cd       ?find@GENERIC_LIST_CLASS@@QAEEPAX@Z 0041f6cd f   v5subs:genlist.obj
 0001:0001e705       ?insert@GENERIC_LIST_CLASS@@QAEEPAX@Z 0041f705 f   v5subs:genlist.obj
 0001:0001e755       ?next@GENERIC_LIST_CLASS@@QAEPAXXZ 0041f755 f   v5subs:genlist.obj
 0001:0001e77f       ?remove@GENERIC_LIST_CLASS@@QAEEPAX@Z 0041f77f f   v5subs:genlist.obj
 0001:0001e79e       ?remove@GENERIC_LIST_CLASS@@QAEEXZ 0041f79e f   v5subs:genlist.obj
 0001:0001e7cd       ?remove_all@GENERIC_LIST_CLASS@@QAEXXZ 0041f7cd f   v5subs:genlist.obj
 0001:0001e7f6       ?rewind@GENERIC_LIST_CLASS@@QAEXXZ 0041f7f6 f   v5subs:genlist.obj
 0001:0001e7ff       ??1MACHINE_NAME_LIST_CLASS@@QAE@XZ 0041f7ff f   v5subs:machname.obj
 0001:0001e810       ??_GMACHINE_NAME_LIST_ENTRY@@QAEPAXI@Z 0041f810 f i v5subs:machname.obj
 0001:0001e836       ?add_computer@MACHINE_NAME_LIST_CLASS@@QAEEAAVSTRING_CLASS@@@Z 0041f836 f   v5subs:machname.obj
 0001:0001e998       ?computer_name@MACHINE_NAME_LIST_CLASS@@QAEAAVSTRING_CLASS@@XZ 0041f998 f   v5subs:machname.obj
 0001:0001e9a4       ?empty@MACHINE_NAME_LIST_CLASS@@QAEXXZ 0041f9a4 f   v5subs:machname.obj
 0001:0001e9d0       ?name@MACHINE_NAME_LIST_CLASS@@QAEAAVSTRING_CLASS@@XZ 0041f9d0 f   v5subs:machname.obj
 0001:0001e9e0       ?next@TEXT_LIST_CLASS@@QAEEXZ 0041f9e0 f   v5subs:textlist.obj
 0001:0001e9e0       ?next@MACHINE_NAME_LIST_CLASS@@QAEEXZ 0041f9e0 f   v5subs:machname.obj
 0001:0001e9f4       ??0BLOCK_MESSAGE_CLASS@@QAE@XZ 0041f9f4 f   v5subs:msgclas.obj
 0001:0001ea01       ??1BLOCK_MESSAGE_CLASS@@QAE@XZ 0041fa01 f   v5subs:msgclas.obj
 0001:0001ea11       ?cleanup@BLOCK_MESSAGE_CLASS@@QAEXXZ 0041fa11 f   v5subs:msgclas.obj
 0001:0001ea48       ?load@BLOCK_MESSAGE_CLASS@@QAEEPAD@Z 0041fa48 f   v5subs:msgclas.obj
 0001:0001eb46       ?message@BLOCK_MESSAGE_CLASS@@QAEPADJ@Z 0041fb46 f   v5subs:msgclas.obj
 0001:0001ef25       ?register_vtww_opto_control@@YAXXZ 0041ff25 f   v5subs:optocontrol.obj
 0001:0001f0a3       ?shutdown_vtww_opto_control@@YAXXZ 004200a3 f   v5subs:optocontrol.obj
 0001:0001f0ee       ?vtww_opto_proc@@YGJPAUHWND__@@IIJ@Z 004200ee f   v5subs:optocontrol.obj
 0001:0001f202       ??0MULTISTRING_CLASS@@QAE@XZ 00420202 f   v5subs:multistring.obj
 0001:0001f21a       ??1MULTISTRING_CLASS@@QAE@XZ 0042021a f   v5subs:multistring.obj
 0001:0001f22a       ??AMULTISTRING_CLASS@@QAEAAV0@H@Z 0042022a f   v5subs:multistring.obj
 0001:0001f23c       ??_ESTRING_CLASS@@QAEPAXI@Z 0042023c f i v5subs:multistring.obj
 0001:0001f28c       ?empty_array@MULTISTRING_CLASS@@QAE_NXZ 0042028c f   v5subs:multistring.obj
 0001:0001f2ae       ?find@MULTISTRING_CLASS@@QAEHAAVSTRING_CLASS@@@Z 004202ae f   v5subs:multistring.obj
 0001:0001f2de       ?goto_index@MULTISTRING_CLASS@@QAE_NH@Z 004202de f   v5subs:multistring.obj
 0001:0001f31e       ?next@MULTISTRING_CLASS@@QAE_NXZ 0042031e f   v5subs:multistring.obj
 0001:0001f35c       ?remove@MULTISTRING_CLASS@@QAE_NH@Z 0042035c f   v5subs:multistring.obj
 0001:0001f44f       ?rewind@MULTISTRING_CLASS@@QAE_NXZ 0042044f f   v5subs:multistring.obj
 0001:0001f46d       ?set_array_size@MULTISTRING_CLASS@@QAE_NH@Z 0042046d f   v5subs:multistring.obj
 0001:0001f567       ?split@MULTISTRING_CLASS@@QAE_ND@Z 00420567 f   v5subs:multistring.obj
 0001:0001f621       ??0VDB_CLASS@@QAE@XZ       00420621 f   v5subs:vdbclass.obj
 0001:0001f6b5       ??1VDB_CLASS@@QAE@XZ       004206b5 f   v5subs:vdbclass.obj
 0001:0001f6ee       ?close@VDB_CLASS@@QAEXXZ   004206ee f   v5subs:vdbclass.obj
 0001:0001f712       ?create@VDB_CLASS@@QAE_NPAD@Z 00420712 f   v5subs:vdbclass.obj
 0001:0001f771       ?ensure_existance@VDB_CLASS@@QAE_NAAVSTRING_CLASS@@@Z 00420771 f   v5subs:vdbclass.obj
 0001:0001f7a5       ?get_rec@VDB_CLASS@@QAE_NXZ 004207a5 f   v5subs:vdbclass.obj
 0001:0001f89e       ?goto_last_record@VDB_CLASS@@QAE_NXZ 0042089e f   v5subs:vdbclass.obj
 0001:0001f8ec       ?goto_next_record@VDB_CLASS@@QAEHXZ 004208ec f   v5subs:vdbclass.obj
 0001:0001f988       ?goto_prev_record@VDB_CLASS@@QAEHXZ 00420988 f   v5subs:vdbclass.obj
 0001:0001f9b6       ?goto_record_number@VDB_CLASS@@QAE_NH@Z 004209b6 f   v5subs:vdbclass.obj
 0001:0001faa3       ?goto_start_of_record@VDB_CLASS@@QAEHXZ 00420aa3 f   v5subs:vdbclass.obj
 0001:0001fbdc       ?nof_recs@VDB_CLASS@@QAEHXZ 00420bdc f   v5subs:vdbclass.obj
 0001:0001fbe3       ?open@VDB_CLASS@@QAE_NPADH@Z 00420be3 f   v5subs:vdbclass.obj
 0001:0001fd98       ?open_for_read@VDB_CLASS@@QAE_NVSTRING_CLASS@@@Z 00420d98 f   v5subs:vdbclass.obj
 0001:0001fdc1       ?open_for_rw@VDB_CLASS@@QAE_NAAVSTRING_CLASS@@@Z 00420dc1 f   v5subs:vdbclass.obj
 0001:0001fddd       ?open_for_shared_rw@VDB_CLASS@@QAE_NAAVSTRING_CLASS@@@Z 00420ddd f   v5subs:vdbclass.obj
 0001:0001fdf9       ?put_bitsetype@VDB_CLASS@@QAE_NHG@Z 00420df9 f   v5subs:vdbclass.obj
 0001:0001fe34       ?put_date@VDB_CLASS@@QAE_NHABU_SYSTEMTIME@@@Z 00420e34 f   v5subs:vdbclass.obj
 0001:0001fe66       ?put_time@VDB_CLASS@@QAE_NHAAU_SYSTEMTIME@@@Z 00420e66 f   v5subs:vdbclass.obj
 0001:0001fe98       ?rec_append@VDB_CLASS@@QAE_NXZ 00420e98 f   v5subs:vdbclass.obj
 0001:0001ff0f       ?rec_delete@VDB_CLASS@@QAE_NH@Z 00420f0f f   v5subs:vdbclass.obj
 0001:000201dd       ?set_nof_cols@VDB_CLASS@@QAE_NH@Z 004211dd f   v5subs:vdbclass.obj
 0001:00020223       ?write_record@VDB_CLASS@@QAE_NXZ 00421223 f   v5subs:vdbclass.obj
 0001:00020339       ??0STATIC_TEXT_PARAMETER_CLASS@@QAE@XZ 00421339 f   v5subs:static_text_parameter.obj
 0001:00020356       ??1STATIC_TEXT_PARAMETER_CLASS@@QAE@XZ 00421356 f   v5subs:static_text_parameter.obj
 0001:00020369       ?clear@STATIC_TEXT_PARAMETER_CLASS@@QAEXXZ 00421369 f   v5subs:static_text_parameter.obj
 0001:00020384       ?get@STATIC_TEXT_PARAMETER_CLASS@@QAEEH@Z 00421384 f   v5subs:static_text_parameter.obj
 0001:00020466       ?init@STATIC_TEXT_PARAMETER_CLASS@@QAEEAAVSTRING_CLASS@@00@Z 00421466 f   v5subs:static_text_parameter.obj
 0001:0002046b       ?put@STATIC_TEXT_PARAMETER_CLASS@@QAEEH@Z 0042146b f   v5subs:static_text_parameter.obj
 0001:0002065d       ??0PARAMETER_CLASS@@QAE@XZ 0042165d f   v5subs:param.obj
 0001:000206a4       ??0PARAMETER_ENTRY@@QAE@XZ 004216a4 f i v5subs:param.obj
 0001:000206d2       ?count@PARAMETER_CLASS@@QAEFXZ 004216d2 f   v5subs:param.obj
 0001:000206f0       ?find@PARAMETER_CLASS@@QAEEAAVSTRING_CLASS@@00@Z 004216f0 f   v5subs:param.obj
 0001:000207ae       ?has_alarm_limits@PARAMETER_ENTRY@@QAEEXZ 004217ae f   v5subs:param.obj
 0001:000207c5       ?has_warning_limits@PARAMETER_ENTRY@@QAEEXZ 004217c5 f   v5subs:param.obj
 0001:000207dc       ?init@PARAMETER_CLASS@@QAEXF@Z 004217dc f   v5subs:param.obj
 0001:0002084e       ?is_alarm@PARAMETER_ENTRY@@QAEEM@Z 0042184e f   v5subs:param.obj
 0001:000208eb       ?is_warning@PARAMETER_ENTRY@@QAEEM@Z 004218eb f   v5subs:param.obj
 0001:0002091a       ?read_param_csv@PARAMETER_CLASS@@QAEEAAVSTRING_CLASS@@@Z 0042191a f   v5subs:param.obj
 0001:00020ba4       ?read_param_db@PARAMETER_CLASS@@QAEEAAVSTRING_CLASS@@@Z 00421ba4 f   v5subs:param.obj
 0001:00020d53       ?save@PARAMETER_CLASS@@QAEEXZ 00421d53 f   v5subs:param.obj
 0001:00020f5b       ??0SETPOINT_CLASS@@QAE@XZ  00421f5b f   v5subs:setpoint.obj
 0001:00020f65       ??1SETPOINT_CLASS@@QAE@XZ  00421f65 f   v5subs:setpoint.obj
 0001:00020f6a       ??4SETPOINT_CLASS@@QAEXABV0@@Z 00421f6a f   v5subs:setpoint.obj
 0001:00020fbd       ??4SETPOINT_ENTRY@@QAEXABU0@@Z 00421fbd f   v5subs:setpoint.obj
 0001:00020fdc       ??ASETPOINT_CLASS@@QAEAAUSETPOINT_ENTRY@@H@Z 00421fdc f   v5subs:setpoint.obj
 0001:00020ff8       ??_ESETPOINT_ENTRY@@QAEPAXI@Z 00421ff8 f i v5subs:setpoint.obj
 0001:00021061       ?cleanup@SETPOINT_CLASS@@QAEXXZ 00422061 f   v5subs:setpoint.obj
 0001:0002107c       ?get@SETPOINT_CLASS@@QAEHAAVSTRING_CLASS@@@Z 0042207c f   v5subs:setpoint.obj
 0001:00021093       ?get_one_value@SETPOINT_CLASS@@QAEEAAVSTRING_CLASS@@0H@Z 00422093 f   v5subs:setpoint.obj
 0001:0002111b       ?getfrom@SETPOINT_CLASS@@QAEHAAVSTRING_CLASS@@@Z 0042211b f   v5subs:setpoint.obj
 0001:00021206       ?put@SETPOINT_CLASS@@QAEEAAVSTRING_CLASS@@@Z 00422206 f   v5subs:setpoint.obj
 0001:000212ed       ?setsize@SETPOINT_CLASS@@QAEEH@Z 004222ed f   v5subs:setpoint.obj
 0001:000213ea       ??0PART_CLASS@@QAE@XZ      004223ea f   v5subs:part.obj
 0001:00021420       ??1PART_CLASS@@QAE@XZ      00422420 f   v5subs:part.obj
 0001:0002144e       ?find@PART_CLASS@@QAEEAAVSTRING_CLASS@@00@Z 0042244e f   v5subs:part.obj
 0001:00021787       ?init@PART_CLASS@@QAEXXZ   00422787 f   v5subs:part.obj
 0001:000218ad       ?plunger_area@PART_CLASS@@QAENXZ 004228ad f   v5subs:part.obj
 0001:000218f8       ?read_ftchan_db@PART_CLASS@@QAEEAAVSTRING_CLASS@@@Z 004228f8 f   v5subs:part.obj
 0001:0002199e       ?read_part_setup@PART_CLASS@@QAEEAAVSTRING_CLASS@@@Z 0042299e f   v5subs:part.obj
 0001:000219ff       ?read_x4_divisor@PART_CLASS@@QAEEXZ 004229ff f   v5subs:part.obj
 0001:00021b40       ?update@PART_CLASS@@QAEEXZ 00422b40 f   v5subs:part.obj
 0001:00021f39       ?velocity_from_x4@PART_CLASS@@QAENN@Z 00422f39 f   v5subs:part.obj
 0001:00021f4c       ??4TIME_CLASS@@QAEXPBD@Z   00422f4c f   v5subs:timeclas.obj
 0001:00021fd6       ??GTIME_CLASS@@QAEJABV0@@Z 00422fd6 f   v5subs:timeclas.obj
 0001:00021fe3       ??ZTIME_CLASS@@QAEXK@Z     00422fe3 f   v5subs:timeclas.obj
 0001:00021ff9       ?dd@TIME_CLASS@@QAEPADXZ   00422ff9 f   v5subs:timeclas.obj
 0001:00022006       ?file_time@TIME_CLASS@@QAEAAU_FILETIME@@XZ 00423006 f   v5subs:timeclas.obj
 0001:00022048       ?get@TIME_CLASS@@QAEEAAU_SYSTEMTIME@@@Z 00423048 f   v5subs:timeclas.obj
 0001:00022143       ?get_local_time@TIME_CLASS@@QAEXXZ 00423143 f   v5subs:timeclas.obj
 0001:0002217a       ?hh@TIME_CLASS@@QAEPADXZ   0042317a f   v5subs:timeclas.obj
 0001:00022184       ?hhmmss@TIME_CLASS@@QAEPADXZ 00423184 f   v5subs:timeclas.obj
 0001:000221f1       ?jjj@TIME_CLASS@@QAEPADXZ  004231f1 f   v5subs:timeclas.obj
 0001:0002228a       ?mi@TIME_CLASS@@QAEPADXZ   0042328a f   v5subs:timeclas.obj
 0001:00022297       ?mm@TIME_CLASS@@QAEPADXZ   00423297 f   v5subs:timeclas.obj
 0001:000222a1       ?mmddyyyy@TIME_CLASS@@QAEPADXZ 004232a1 f   v5subs:timeclas.obj
 0001:000222ea       ?mmm@TIME_CLASS@@QAEPADXZ  004232ea f   v5subs:timeclas.obj
 0001:0002231f       ?set@TIME_CLASS@@QAEEABU_FILETIME@@@Z 0042331f f   v5subs:timeclas.obj
 0001:0002235e       ?set@TIME_CLASS@@QAEEABU_SYSTEMTIME@@@Z 0042335e f   v5subs:timeclas.obj
 0001:000223ff       ?set_time@TIME_CLASS@@QAEXPBD@Z 004233ff f   v5subs:timeclas.obj
 0001:00022454       ?system_time@TIME_CLASS@@QAEAAU_SYSTEMTIME@@XZ 00423454 f   v5subs:timeclas.obj
 0001:00022464       ?text@TIME_CLASS@@QAEPADXZ 00423464 f   v5subs:timeclas.obj
 0001:000224cb       ?yy@TIME_CLASS@@QAEPADXZ   004234cb f   v5subs:timeclas.obj
 0001:000224d8       ?yyyy@TIME_CLASS@@QAEPADXZ 004234d8 f   v5subs:timeclas.obj
 0001:000224e1       ??0PLOOKUP_CLASS@@QAE@XZ   004234e1 f   v5subs:plookup.obj
 0001:000224e1       ??0SHOT_NAME_RESET_CLASS@@QAE@XZ 004234e1 f   v5subs:shot_name_reset.obj
 0001:000224e1       ??0EXTERNAL_SHOT_NAME_CLASS@@QAE@XZ 004234e1 f   v5subs:shot_name.obj
 0001:000224e1       ??0SHOT_NAME_CLASS@@QAE@XZ 004234e1 f   v5subs:shot_name.obj
 0001:000224f5       ??1SHOT_NAME_RESET_CLASS@@QAE@XZ 004234f5 f   v5subs:shot_name_reset.obj
 0001:000224f5       ??1SHOT_NAME_CLASS@@QAE@XZ 004234f5 f   v5subs:shot_name.obj
 0001:000224f5       ??1PLOOKUP_CLASS@@QAE@XZ   004234f5 f   v5subs:plookup.obj
 0001:000224f5       ??1EXTERNAL_SHOT_NAME_CLASS@@QAE@XZ 004234f5 f   v5subs:shot_name.obj
 0001:00022508       ?get@PLOOKUP_CLASS@@QAEHXZ 00423508 f   v5subs:plookup.obj
 0001:0002263f       ?get_last_shot_name@PLOOKUP_CLASS@@QAEEAAVSTRING_CLASS@@000@Z 0042363f f   v5subs:plookup.obj
 0001:0002267b       ?get_last_shot_number@PLOOKUP_CLASS@@QAEHXZ 0042367b f   v5subs:plookup.obj
 0001:0002269b       ?get_time@PLOOKUP_CLASS@@QAEEAAVTIME_CLASS@@@Z 0042369b f   v5subs:plookup.obj
 0001:00022728       ?init@PLOOKUP_CLASS@@QAEEAAVSTRING_CLASS@@00@Z 00423728 f   v5subs:plookup.obj
 0001:00022744       ?put@PLOOKUP_CLASS@@QAEEXZ 00423744 f   v5subs:plookup.obj
 0001:00022862       ?set_last_shot_name@PLOOKUP_CLASS@@QAEEAAVSTRING_CLASS@@@Z 00423862 f   v5subs:plookup.obj
 0001:00022883       ?set_last_shot_number@PLOOKUP_CLASS@@QAEEH@Z 00423883 f   v5subs:plookup.obj
 0001:000228a4       ?set_time@PLOOKUP_CLASS@@QAEEAAVTIME_CLASS@@@Z 004238a4 f   v5subs:plookup.obj
 0001:000228eb       ??0RECTANGLE_CLASS@@QAE@XZ 004238eb f   v5subs:rectclas.obj
 0001:000228fb       ??4RECTANGLE_CLASS@@QAEXABV0@@Z 004238fb f   v5subs:rectclas.obj
 0001:00022918       ?contains@RECTANGLE_CLASS@@QAEEABUtagPOINT@@@Z 00423918 f   v5subs:rectclas.obj
 0001:0002293d       ?draw@RECTANGLE_CLASS@@QAEXPAUHDC__@@@Z 0042393d f   v5subs:rectclas.obj
 0001:00022982       ?draw@RECTANGLE_CLASS@@QAEXPAUHDC__@@K@Z 00423982 f   v5subs:rectclas.obj
 0001:000229c7       ?fill@RECTANGLE_CLASS@@QAEXPAUHDC__@@K@Z 004239c7 f   v5subs:rectclas.obj
 0001:00022a09       ?fill@RECTANGLE_CLASS@@QAEXPAUHDC__@@PAUHBRUSH__@@@Z 00423a09 f   v5subs:rectclas.obj
 0001:00022a1b       ?moveto@RECTANGLE_CLASS@@QAEXJJ@Z 00423a1b f   v5subs:rectclas.obj
 0001:00022a3c       ?offset@RECTANGLE_CLASS@@QAEXJJ@Z 00423a3c f   v5subs:rectclas.obj
 0001:00022a52       ?setsize@RECTANGLE_CLASS@@QAEXJJ@Z 00423a52 f   v5subs:rectclas.obj
 0001:00022a52       ?setsize@RECTANGLE_CLASS@@QAEXUtagSIZE@@@Z 00423a52 f   v5subs:rectclas.obj
 0001:00022a68       ??0SURETRAK_PARAM_CLASS@@QAE@XZ 00423a68 f   v5subs:stparam.obj
 0001:00022aae       ??1SOURCE_DATA@@QAE@XZ     00423aae f   v5subs:ftcalc.obj
 0001:00022aae       ??1ANALOG_SENSOR@@QAE@XZ   00423aae f   v5subs:asensor.obj
 0001:00022aae       ??1SURETRAK_PARAM_CLASS@@QAE@XZ 00423aae f   v5subs:stparam.obj
 0001:00022aae       ??1SHIFT_CLASS@@QAE@XZ     00423aae f   v5subs:shift.obj
 0001:00022aae       ??1FONT_CLASS@@QAE@XZ      00423aae f   v5subs:fontclas.obj
 0001:00022aae       ??1RECTANGLE_CLASS@@QAE@XZ 00423aae f   v5subs:rectclas.obj
 0001:00022aaf       ?find@SURETRAK_PARAM_CLASS@@QAEEAAVSTRING_CLASS@@0@Z 00423aaf f   v5subs:stparam.obj
 0001:00022ba5       ??0STRINGTABLE_CLASS@@QAE@XZ 00423ba5 f   v5subs:stringtable.obj
 0001:00022bbd       ??1STRINGTABLE_CLASS@@QAE@XZ 00423bbd f   v5subs:stringtable.obj
 0001:00022be7       ?append@STRINGTABLE_CLASS@@QAE_NAAVSTRING_CLASS@@PAD@Z 00423be7 f   v5subs:stringtable.obj
 0001:00022bf9       ?find@STRINGTABLE_CLASS@@QAE_NAAVSTRING_CLASS@@PAD@Z 00423bf9 f   v5subs:stringtable.obj
 0001:00022c0b       ?find@STRINGTABLE_CLASS@@QAE_NAAVSTRING_CLASS@@PAD_N@Z 00423c0b f   v5subs:stringtable.obj
 0001:00022cb9       ?set_language@STRINGTABLE_CLASS@@QAEXAAVSTRING_CLASS@@@Z 00423cb9 f   v5subs:stringtable.obj
 0001:00022da0       ??0PART_NAME_ENTRY@@QAE@XZ 00423da0 f   v5subs:structs.obj
 0001:00022dbc       ??4PART_NAME_ENTRY@@QAEXABU0@@Z 00423dbc f   v5subs:structs.obj
 0001:00022de7       ??4PROFILE_NAME_ENTRY@@QAEXABUPART_NAME_ENTRY@@@Z 00423de7 f   v5subs:structs.obj
 0001:00022dfe       ?set@PROFILE_NAME_ENTRY@@QAEXABVSTRING_CLASS@@00PBD@Z 00423dfe f   v5subs:structs.obj
 0001:00022e32       ??0PRESSURE_CONTROL_CLASS@@QAE@XZ 00423e32 f   v5subs:stpres.obj
 0001:00022e97       ??0PRES_CONTROL_STEP_ENTRY@@QAE@XZ 00423e97 f i v5subs:stpres.obj
 0001:00022eb3       ??1PRESSURE_CONTROL_CLASS@@QAE@XZ 00423eb3 f   v5subs:stpres.obj
 0001:00022f11       ??1PRES_CONTROL_STEP_ENTRY@@QAE@XZ 00423f11 f i v5subs:stpres.obj
 0001:00022f2c       ?find@PRESSURE_CONTROL_CLASS@@QAEEAAVSTRING_CLASS@@00@Z 00423f2c f   v5subs:stpres.obj
 0001:000231cc       ?init@PRESSURE_CONTROL_CLASS@@QAEXXZ 004241cc f   v5subs:stpres.obj
 0001:00023257       ?boolean_from_ini@@YAEPBD00@Z 00424257 f   v5subs:get_ini.obj
 0001:00023277       ?get_ini_string@@YAPADPBD00@Z 00424277 f   v5subs:get_ini.obj
 0001:0002329b       ?get_long_ini_string@@YAPADPBD00@Z 0042429b f   v5subs:get_ini.obj
 0001:0002330f       ?int32_from_ini@@YAJPBD00@Z 0042430f f   v5subs:get_ini.obj
 0001:0002332a       ?catstring@@YAPADPADPBD@Z  0042432a f   v5subs:mem.obj
 0001:00023347       ?char_to_tchar@@YAXPAD0H@Z 00424347 f   v5subs:mem.obj
 0001:00023381       ?charlen@@YAFPBDF@Z        00424381 f   v5subs:mem.obj
 0001:000233a4       ?compare@@YAFPBD0F@Z       004243a4 f   v5subs:mem.obj
 0001:00023408       ?copy_w_char@@YAPADPAD0D@Z 00424408 f   v5subs:mem.obj
 0001:0002341f       ?copychars@@YAXPADPBDF@Z   0042441f f   v5subs:mem.obj
 0001:00023441       ?copyfromstr@@YAXPADPBDF@Z 00424441 f   v5subs:mem.obj
 0001:00023481       ?copystring@@YAPADPADPBD@Z 00424481 f   v5subs:mem.obj
 0001:000234ba       ?copystring@@YAPADPADPBDH@Z 004244ba f   v5subs:mem.obj
 0001:000234ff       ?countchars@@YAJDPBD@Z     004244ff f   v5subs:mem.obj
 0001:00023520       ?fillchars@@YAXPADDF@Z     00424520 f   v5subs:mem.obj
 0001:0002353f       ?find_last_string@@YAPADPBDPAD@Z 0042453f f   v5subs:mem.obj
 0001:000235d9       ?findchar@@YAPADDPADF@Z    004245d9 f   v5subs:mem.obj
 0001:00023604       ?findchar@@YAPADDPAD@Z     00424604 f   v5subs:mem.obj
 0001:00023604       ?findchar@@YAPBDDPBD@Z     00424604 f   v5subs:mem.obj
 0001:00023620       ?findstring@@YAPADPBDPAD@Z 00424620 f   v5subs:mem.obj
 0001:0002368f       ?insert_char@@YAXPADD@Z    0042468f f   v5subs:mem.obj
 0001:000236b3       ?killtext@@YAXPAD@Z        004246b3 f   v5subs:mem.obj
 0001:000236bf       ?maketext@@YAPADJ@Z        004246bf f   v5subs:mem.obj
 0001:000236d8       ?maketext@@YAPADPBD@Z      004246d8 f   v5subs:mem.obj
 0001:000236e6       ?maketext@@YAPADPBDJ@Z     004246e6 f   v5subs:mem.obj
 0001:00023719       ?maketext_from_char@@YAPADPADH@Z 00424719 f   v5subs:mem.obj
 0001:00023759       ?move_string_forward@@YAXPADH@Z 00424759 f   v5subs:mem.obj
 0001:00023789       ?nextstring@@YAPADPAD@Z    00424789 f   v5subs:mem.obj
 0001:0002379a       ?remove_char@@YAXPAD@Z     0042479a f   v5subs:mem.obj
 0001:000237b5       ?replace_char_with_null@@YAEPADD@Z 004247b5 f   v5subs:mem.obj
 0001:000237e2       ?replace_char_with_null@@YAEPADPBD@Z 004247e2 f   v5subs:mem.obj
 0001:00023820       ?replace_tab_with_null@@YAEPAD@Z 00424820 f   v5subs:mem.obj
 0001:00023834       ?start_chars_are_equal@@YA_NPBD0@Z 00424834 f   v5subs:mem.obj
 0001:0002385f       ?strings_are_equal@@YAEPBD0@Z 0042485f f   v5subs:mem.obj
 0001:00023894       ?strings_are_equal@@YAEPBD0F@Z 00424894 f   v5subs:mem.obj
 0001:000238b0       ?strip@@YAXPAD@Z           004248b0 f   v5subs:mem.obj
 0001:000238dd       ?tchar_to_int@@YAHD@Z      004248dd f   v5subs:mem.obj
 0001:000238f2       ?trim@@YAXPAD@Z            004248f2 f   v5subs:mem.obj
 0001:00023920       ?ul_to_char@@YADK@Z        00424920 f   v5subs:mem.obj
 0001:00023925       ?unicode_to_char@@YAXPAD0@Z 00424925 f   v5subs:mem.obj
 0001:0002394e       ?upper_case@@YAXAAD@Z      0042494e f   v5subs:mem.obj
 0001:0002396f       ?upper_case@@YAXPAD@Z      0042496f f   v5subs:mem.obj
 0001:00023998       ?utoi@@YAHI@Z              00424998 f   v5subs:mem.obj
 0001:0002399d       ?wchar_to_char@@YAXPADPA_WH@Z 0042499d f   v5subs:mem.obj
 0001:000239c7       ??0EVENT_ENTRY@@QAE@XZ     004249c7 f i v5subs:client.obj
 0001:000239de       ??_GEVENT_ENTRY@@QAEPAXI@Z 004249de f i v5subs:client.obj
 0001:00023a04       ?client_dde_shutdown@@YAXXZ 00424a04 f   v5subs:client.obj
 0001:00023ac0       ?client_dde_startup@@YAXPAUHWND__@@@Z 00424ac0 f   v5subs:client.obj
 0001:00023ace       ?client_dde_startup@@YAXXZ 00424ace f   v5subs:client.obj
 0001:00023b62       ?connect_to_server@@YAPAUHCONV__@@PAD@Z 00424b62 f   v5subs:client.obj
 0001:00023bc5       ?connect_to_server@@YAXXZ  00424bc5 f   v5subs:client.obj
 0001:00023c2d       ?dde_callback@@YGPAUHDDEDATA__@@IIPAUHCONV__@@PAUHSZ__@@1PAU1@KK@Z 00424c2d f   v5subs:client.obj
 0001:00023d2b       ?find_conversation@@YAPAUEVENT_ENTRY@@PAUHCONV__@@@Z 00424d2b f   v5subs:client.obj
 0001:00023dc6       ?get_current_password_level@@YAXXZ 00424dc6 f   v5subs:client.obj
 0001:00023e0b       ?hot_links@@YAXPAUEVENT_ENTRY@@I@Z 00424e0b f   v5subs:client.obj
 0001:00023e44       ?one_hot_link@@YAXPAUHCONV__@@FI@Z 00424e44 f   v5subs:client.obj
 0001:00023eab       ?poke_data@@YAXPAD00@Z     00424eab f   v5subs:client.obj
 0001:00023f9f       ?register_for_event@@YAXPADFP6AX0FPAUHDDEDATA__@@@Z@Z 00424f9f f   v5subs:client.obj
 0001:00024072       ?unregister_for_event@@YAXPADF@Z 00425072 f   v5subs:client.obj
 0001:00024116       ?dcurve_shutdown@@YAXXZ    00425116 f   v5subs:dcurve.obj
 0001:0002411b       ?dcurve_startup@@YAEXZ     0042511b f   v5subs:dcurve.obj
 0001:00024120       ?get_dcurve_coefficients@@YAEAAN0H@Z 00425120 f   v5subs:dcurve.obj
 0001:000242ba       ?execute_and_wait@@YAEPAD0@Z 004252ba f   v5subs:execwait.obj
 0001:000242d0       ?execute_and_wait@@YAEPAD0K@Z 004252d0 f   v5subs:execwait.obj
 0001:0002434b       ?copy_unicode_to_char@@YAXPADPA_W@Z 0042534b f   v5subs:gexedir.obj
 0001:00024369       ?exe_directory@@YAPBDXZ    00425369 f   v5subs:gexedir.obj
 0001:0002438f       ?get_exe_directory@@YAEPAD@Z 0042538f f   v5subs:gexedir.obj
 0001:0002445f       ?free_shotsave_semaphore@@YAXXZ 0042545f f   v5subs:semaphor.obj
 0001:00024469       ?get_shotsave_semaphore@@YAEAAVSTRING_CLASS@@0@Z 00425469 f   v5subs:semaphor.obj
 0001:000244f5       ?fix_dde_name@@YAXPAD@Z    004254f5 f   v5subs:fix.obj
 0001:00024525       ?fixed_string@@YAPADNJJ@Z  00425525 f   v5subs:ftoasc.obj
 0001:00024648       ?position_string@@YAPADN@Z 00425648 f   v5subs:ftoasc.obj
 0001:00024773       ?average_character_width@@YAJPAUHDC__@@@Z 00425773 f   v5subs:winsubs.obj
 0001:000247a2       ?character_height@@YAJPAUHDC__@@@Z 004257a2 f   v5subs:winsubs.obj
 0001:000247d1       ?free_megabytes@@YAJPBD@Z  004257d1 f   v5subs:winsubs.obj
 0001:00024819       ?get_text@@YAEPADPAUHWND__@@H@Z 00425819 f   v5subs:winsubs.obj
 0001:00024840       ?is_a_listbox@@YAEPAUHWND__@@@Z 00425840 f   v5subs:winsubs.obj
 0001:000248aa       ?is_checked@@YAEPAUHWND__@@@Z 004258aa f   v5subs:winsubs.obj
 0001:000248c5       ?is_checked@@YAEPAUHWND__@@H@Z 004258c5 f   v5subs:winsubs.obj
 0001:000248db       ?is_previous_instance@@YAEPAD0@Z 004258db f   v5subs:winsubs.obj
 0001:00024908       ?pixel_width@@YAJPAUHDC__@@PAD@Z 00425908 f   v5subs:winsubs.obj
 0001:0002492e       ?resource_message_box@@YAHPAUHINSTANCE__@@III@Z 0042592e f   v5subs:winsubs.obj
 0001:00024949       ?resource_message_box@@YAHPAUHWND__@@PAUHINSTANCE__@@III@Z 00425949 f   v5subs:winsubs.obj
 0001:000249e2       ?resource_string@@YAPADPAUHINSTANCE__@@I@Z 004259e2 f   v5subs:winsubs.obj
 0001:00024a10       ?set_checkbox@@YAXPAUHWND__@@E@Z 00425a10 f   v5subs:winsubs.obj
 0001:00024a2c       ?set_listbox_tabs_from_title_positions@@YAXPAUHWND__@@IPAHH@Z 00425a2c f   v5subs:winsubs.obj
 0001:00024b44       ?set_menu_view_state@@YAXAAEPAUHWND__@@I@Z 00425b44 f   v5subs:winsubs.obj
 0001:00024b6c       ?set_text@@YAEPAUHWND__@@HPBD@Z 00425b6c f   v5subs:winsubs.obj
 0001:00024b87       ?set_text@@YAEPAUHWND__@@PBD@Z 00425b87 f   v5subs:winsubs.obj
 0001:00024bb0       ?hextoul@@YAKPBD@Z         00425bb0 f   v5subs:hex.obj
 0001:00024c22       ?is_hex_char@@YAED@Z       00425c22 f   v5subs:hex.obj
 0001:00024c3c       ?ultohex@@YAPADK@Z         00425c3c f   v5subs:hex.obj
 0001:00024c4e       ?ultohex@@YAXPADK@Z        00425c4e f   v5subs:hex.obj
 0001:00024c61       ?insalph@@YAXPADJJDJ@Z     00425c61 f   v5subs:insalph.obj
 0001:00024cb2       ?alphadate@@YAEPADABU_SYSTEMTIME@@@Z 00425cb2 f   v5subs:time.obj
 0001:00024d0a       ?alphadate@@YAPADABU_SYSTEMTIME@@@Z 00425d0a f   v5subs:time.obj
 0001:00024d20       ?alphatime@@YAEPADABU_SYSTEMTIME@@@Z 00425d20 f   v5subs:time.obj
 0001:00024d79       ?alphatime@@YAPADABU_SYSTEMTIME@@@Z 00425d79 f   v5subs:time.obj
 0001:00024d8f       ?compare_file_times@@YAHAAU_FILETIME@@0@Z 00425d8f f   v5subs:time.obj
 0001:00024dd0       ?dofyr@@YAGABU_SYSTEMTIME@@@Z 00425dd0 f   v5subs:time.obj
 0001:00024deb       ?dofyr@@YAGGGG@Z           00425deb f   v5subs:time.obj
 0001:00024e3b       ?exthms@@YAEAAU_SYSTEMTIME@@PBD@Z 00425e3b f   v5subs:time.obj
 0001:00024e9d       ?extmdy@@YAEAAU_SYSTEMTIME@@PBD@Z 00425e9d f   v5subs:time.obj
 0001:00024f0d       ?init_systemtime_struct@@YAXAAU_SYSTEMTIME@@@Z 00425f0d f   v5subs:time.obj
 0001:00024f21       ?is_leap_year@@YAEG@Z      00425f21 f   v5subs:time.obj
 0001:00024f5b       ?is_numeric@@YAED@Z        00425f5b f   v5subs:time.obj
 0001:00024f7c       ?sec_since1990@@YAJAAU_SYSTEMTIME@@@Z 00425f7c f   v5subs:time.obj
 0001:00024fed       ?seconds_difference@@YAJAAU_FILETIME@@0@Z 00425fed f   v5subs:time.obj
 0001:0002504d       ?maxint@@YAXAAHH@Z         0042604d f   v5subs:maximize.obj
 0001:0002505c       ?minint@@YAXAAHH@Z         0042605c f   v5subs:maximize.obj
 0001:0002506b       ?rjust@@YAXPADFD@Z         0042606b f   v5subs:rjust.obj
 0001:000250ae       ?ascii_to_bool@@YA_NPAD@Z  004260ae f   v5subs:misc.obj
 0001:000250ca       ?mask_from_wire@@YAII@Z    004260ca f   v5subs:misc.obj
 0001:000250d9       ?round@@YANNN@Z            004260d9 f   v5subs:misc.obj
 0001:0002511d       ?unknown@@YAEPAD@Z         0042611d f   v5subs:misc.obj
 0001:00025133       ?unknown_string@@YAPADXZ   00426133 f   v5subs:misc.obj
 0001:00025139       ?wire_from_mask@@YAII@Z    00426139 f   v5subs:misc.obj
 0001:0002514e       ?double_to_tchar@@YA_NPADNH@Z 0042614e f   v5subs:dtotchar.obj
 0001:00025255       ?rounded_double_to_tchar@@YA_NPADN@Z 00426255 f   v5subs:dtotchar.obj
 0001:00025303       ?dow_from_string@@YAFPAD@Z 00426303 f   v5subs:shift.obj
 0001:00025352       ?get_shift_number_and_date@@YAXPAFPAU_SYSTEMTIME@@ABU1@@Z 00426352 f   v5subs:shift.obj
 0001:000253c2       ?minutes_past_sunday@@YAFABU_SYSTEMTIME@@@Z 004263c2 f   v5subs:shift.obj
 0001:000253dd       ?read@SHIFT_CLASS@@QAEEAAVDB_TABLE@@GG@Z 004263dd f   v5subs:shift.obj
 0001:0002544a       ?set_start_of_shift@SHIFT_CLASS@@QAEEABU_SYSTEMTIME@@F@Z 0042644a f   v5subs:shift.obj
 0001:0002566c       ?shift_number@@YAFPAFABU_SYSTEMTIME@@@Z 0042666c f   v5subs:shift.obj
 0001:000256c1       ?shifts_shutdown@@YAXXZ    004266c1 f   v5subs:shift.obj
 0001:000256d2       ?shifts_startup@@YAEXZ     004266d2 f   v5subs:shift.obj
 0001:000258b7       ?units_name@@YAPADF@Z      004268b7 f   v5subs:units.obj
 0001:000258de       ?units_shutdown@@YAXXZ     004268de f   v5subs:units.obj
 0001:000258f6       ?units_startup@@YAEXZ      004268f6 f   v5subs:units.obj
 0001:00025a47       ?hourglass_cursor@@YAXXZ   00426a47 f   v5subs:hourglas.obj
 0001:00025a74       ?restore_cursor@@YAXXZ     00426a74 f   v5subs:hourglas.obj
 0001:00025a97       ?center_temp_message@@YAXXZ 00426a97 f   v5subs:temp_message.obj
 0001:00025a9f       ?kill_temp_message@@YAXXZ  00426a9f f   v5subs:temp_message.obj
 0001:00025c71       ?register_temp_message@@YAXXZ 00426c71 f   v5subs:temp_message.obj
 0001:00025cd7       ?temp_message@@YAXPAD@Z    00426cd7 f   v5subs:temp_message.obj
 0001:00025ce8       ?temp_message@@YAXPADH@Z   00426ce8 f   v5subs:temp_message.obj
 0001:00025d9e       ?temp_message_proc@@YGJPAUHWND__@@IIJ@Z 00426d9e f   v5subs:temp_message.obj
 0001:00025e65       ??0TEXT_LIST_CLASS@@QAE@XZ 00426e65 f   v5subs:textlist.obj
 0001:00025e65       ??0MACHINE_NAME_LIST_CLASS@@QAE@XZ 00426e65 f   v5subs:machname.obj
 0001:00025e75       ??1TEXT_LIST_CLASS@@QAE@XZ 00426e75 f   v5subs:textlist.obj
 0001:00025e86       ?append@TEXT_LIST_CLASS@@QAEEPADJ@Z 00426e86 f   v5subs:textlist.obj
 0001:00025ef4       ?empty@TEXT_LIST_CLASS@@QAEXXZ 00426ef4 f   v5subs:textlist.obj
 0001:00025f1e       ?get_directory_list@TEXT_LIST_CLASS@@QAEXPBD@Z 00426f1e f   v5subs:textlist.obj
 0001:00025fd2       ?remove@TEXT_LIST_CLASS@@QAEEXZ 00426fd2 f   v5subs:textlist.obj
 0001:00025ff5       ??_EWINDOW_CLASS@@UAEPAXI@Z 00426ff5 f i v5subs:wclass.obj
 0001:00026043       ?destroy@WINDOW_CLASS@@QAEXXZ 00427043 f   v5subs:wclass.obj
 0001:0002605b       ?enable@WINDOW_CLASS@@QAEXE@Z 0042705b f   v5subs:wclass.obj
 0001:0002605b       ?enable@WINDOW_CLASS@@QAEX_N@Z 0042705b f   v5subs:wclass.obj
 0001:00026077       ?get_move_rect@WINDOW_CLASS@@QAEHAAUtagRECT@@@Z 00427077 f   v5subs:wclass.obj
 0001:0002610b       ?getrect@WINDOW_CLASS@@QAEHAAUtagRECT@@@Z 0042710b f   v5subs:wclass.obj
 0001:0002612c       ?is_minimized@WINDOW_CLASS@@QAEHXZ 0042712c f   v5subs:wclass.obj
 0001:0002613f       ?is_visible@WINDOW_CLASS@@QAEHXZ 0042713f f   v5subs:wclass.obj
 0001:00026152       ?move@WINDOW_CLASS@@QAEXAAUtagRECT@@@Z 00427152 f   v5subs:wclass.obj
 0001:0002617b       ?post@WINDOW_CLASS@@QAEXI@Z 0042717b f   v5subs:wclass.obj
 0001:00026195       ?post@WINDOW_CLASS@@QAEXIIJ@Z 00427195 f   v5subs:wclass.obj
 0001:000261b3       ?refresh@WINDOW_CLASS@@QAEXXZ 004271b3 f   v5subs:wclass.obj
 0001:000261d2       ?send@WINDOW_CLASS@@QAEXI@Z 004271d2 f   v5subs:wclass.obj
 0001:000261ec       ?send@WINDOW_CLASS@@QAEXIIJ@Z 004271ec f   v5subs:wclass.obj
 0001:0002620a       ?set_title@WINDOW_CLASS@@QAEXPAD@Z 0042720a f   v5subs:wclass.obj
 0001:0002622b       ?show@WINDOW_CLASS@@QAEXH@Z 0042722b f   v5subs:wclass.obj
 0001:00026241       ?style@WINDOW_CLASS@@QAEJXZ 00427241 f   v5subs:wclass.obj
 0001:00026254       ??0MENU_CONTROL_ENTRY@@QAE@XZ 00427254 f   v5subs:menuctrl.obj
 0001:00026305       ??0MENU_ITEM_ENTRY@@QAE@XZ 00427305 f   v5subs:menuctrl.obj
 0001:00026355       ??1MENU_CONTROL_ENTRY@@QAE@XZ 00427355 f   v5subs:menuctrl.obj
 0001:000263cf       ??1MENU_ITEM_ENTRY@@QAE@XZ 004273cf f   v5subs:menuctrl.obj
 0001:000263f9       ??_EMENU_ITEM_ENTRY@@QAEPAXI@Z 004273f9 f i v5subs:menuctrl.obj
 0001:0002644e       ?create_windows@MENU_CONTROL_ENTRY@@QAEEPADPAUHWND__@@@Z 0042744e f   v5subs:menuctrl.obj
 0001:0002655f       ?destroy_windows@MENU_CONTROL_ENTRY@@QAEXXZ 0042755f f   v5subs:menuctrl.obj
 0001:0002659f       ?do_left_button_down@MENU_CONTROL_ENTRY@@QAEXIJ@Z 0042759f f   v5subs:menuctrl.obj
 0001:000266c0       ?do_left_button_up@MENU_CONTROL_ENTRY@@QAEXIJ@Z 004276c0 f   v5subs:menuctrl.obj
 0001:00026770       ?do_mousemove@MENU_CONTROL_ENTRY@@QAEXPAUHWND__@@IJ@Z 00427770 f   v5subs:menuctrl.obj
 0001:00026a8e       ?draw@MENU_ITEM_ENTRY@@QAEXPAUHDC__@@@Z 00427a8e f   v5subs:menuctrl.obj
 0001:00026b78       ?draw_rect@MENU_ITEM_ENTRY@@QAEXPAUHDC__@@@Z 00427b78 f   v5subs:menuctrl.obj
 0001:00026be9       ?draw_submenu_item@MENU_ITEM_ENTRY@@QAEXPAUHDC__@@I@Z 00427be9 f   v5subs:menuctrl.obj
 0001:00026caa       ?excel_to_csv@@YAXPAD@Z    00427caa f   v5subs:menuctrl.obj
 0001:00026cde       ?find@MENU_CONTROL_ENTRY@@QAEPAVMENU_ITEM_ENTRY@@I@Z 00427cde f   v5subs:menuctrl.obj
 0001:00026d37       ?get@MENU_ITEM_ENTRY@@QAEEPAD@Z 00427d37 f   v5subs:menuctrl.obj
 0001:00026e95       ?menu_control_proc@@YGJPAUHWND__@@IIJ@Z 00427e95 f   v5subs:menuctrl.obj
 0001:00026f43       ?paint_me@MENU_CONTROL_ENTRY@@QAEXPAUHWND__@@@Z 00427f43 f   v5subs:menuctrl.obj
 0001:00026ffe       ?paint_submenu@MENU_CONTROL_ENTRY@@QAEXPAUHWND__@@@Z 00427ffe f   v5subs:menuctrl.obj
 0001:000270df       ?read@MENU_CONTROL_ENTRY@@QAEEAAVNAME_CLASS@@H@Z 004280df f   v5subs:menuctrl.obj
 0001:0002771e       ?register_window@MENU_CONTROL_ENTRY@@SAXXZ 0042871e f   v5subs:menuctrl.obj
 0001:000277d1       ?resize@MENU_CONTROL_ENTRY@@QAEEH@Z 004287d1 f   v5subs:menuctrl.obj
 0001:00027865       ?resize@MENU_CONTROL_ENTRY@@QAEEXZ 00428865 f   v5subs:menuctrl.obj
 0001:0002786d       ?set_checkmark@MENU_CONTROL_ENTRY@@QAEEIE@Z 0042886d f   v5subs:menuctrl.obj
 0001:00027896       ?show_submenu@MENU_CONTROL_ENTRY@@QAEXXZ 00428896 f   v5subs:menuctrl.obj
 0001:00027954       ?sub_menu_control_proc@@YGJPAUHWND__@@IIJ@Z 00428954 f   v5subs:menuctrl.obj
 0001:00027991       ?set_setup_strings@@YAXPAUHWND__@@PAURESOURCE_TEXT_ENTRY@@HPAIHPAD@Z 00428991 f   v5subs:statics.obj
 0001:00027a96       ?set_statics_font@@YAXAAVWINDOW_CLASS@@@Z 00428a96 f   v5subs:statics.obj
 0001:00027ab3       ?statics_shutdown@@YAXXZ   00428ab3 f   v5subs:statics.obj
 0001:00027ad0       ?statics_startup@@YAXXZ    00428ad0 f   v5subs:statics.obj
 0001:00027ae5       ??1FTII_VAR_ARRAY@@UAE@XZ  00428ae5 f   v5subs:ftiiclas.obj
 0001:00027afb       ??4FTII_VAR@@UAEXN@Z       00428afb f   v5subs:ftiiclas.obj
 0001:00027b51       ??4FTII_VAR@@UAEXPBD@Z     00428b51 f   v5subs:ftiiclas.obj
 0001:00027bc5       ??4FTII_VAR_ARRAY@@UAEXABVFTII_VAR@@@Z 00428bc5 f   v5subs:ftiiclas.obj
 0001:00027bd7       ??4FTII_VAR_ARRAY@@UAEXH@Z 00428bd7 f   v5subs:ftiiclas.obj
 0001:00027bdc       ??4FTII_VAR_ARRAY@@UAEXI@Z 00428bdc f   v5subs:ftiiclas.obj
 0001:00027bfd       ??4FTII_VAR_ARRAY@@UAEXN@Z 00428bfd f   v5subs:ftiiclas.obj
 0001:00027c29       ??AFTII_VAR_ARRAY@@QAEAAVFTII_VAR@@H@Z 00428c29 f   v5subs:ftiiclas.obj
 0001:00027c5d       ??_EFTII_VAR@@UAEPAXI@Z    00428c5d f i v5subs:ftiiclas.obj
 0001:00027cad       ?append_value@FTII_VAR@@QAE_NAAVSTRING_CLASS@@@Z 00428cad f   v5subs:ftiiclas.obj
 0001:00027d80       ?cleanup@FTII_VAR_ARRAY@@QAEXXZ 00428d80 f   v5subs:ftiiclas.obj
 0001:00027db3       ?find@FTII_VAR_ARRAY@@QAE_NH@Z 00428db3 f   v5subs:ftiiclas.obj
 0001:00027df4       ?find@FTII_VAR_ARRAY@@QAE_NPAD@Z 00428df4 f   v5subs:ftiiclas.obj
 0001:00027e0d       ?get@FTII_VAR@@UAE_NPBD@Z  00428e0d f   v5subs:ftiiclas.obj
 0001:00027e48       ?get@FTII_VAR_ARRAY@@QAE_NAAVSTRING_CLASS@@@Z 00428e48 f   v5subs:ftiiclas.obj
 0001:00027f39       ?get_from@FTII_VAR_ARRAY@@QAE_NAAVSTRING_CLASS@@@Z 00428f39 f   v5subs:ftiiclas.obj
 0001:00028020       ?makeline@FTII_VAR@@QAE_NAAVSTRING_CLASS@@@Z 00429020 f   v5subs:ftiiclas.obj
 0001:0002806c       ?myfindchar@@YAPADDPAD@Z   0042906c f   v5subs:ftiiclas.obj
 0001:0002806c       ?myfindchar@@YAPBDDPBD@Z   0042906c f   v5subs:ftiiclas.obj
 0001:00028094       ?put@FTII_VAR@@UAE_NAAVSTRING_CLASS@@@Z 00429094 f   v5subs:ftiiclas.obj
 0001:00028132       ?put@FTII_VAR_ARRAY@@UAE_NAAVSTRING_CLASS@@@Z 00429132 f   v5subs:ftiiclas.obj
 0001:00028213       ?put_into@FTII_VAR_ARRAY@@QAE_NAAVSTRING_CLASS@@@Z 00429213 f   v5subs:ftiiclas.obj
 0001:000283c1       ?realval@FTII_VAR@@QAENXZ  004293c1 f   v5subs:ftiiclas.obj
 0001:00028436       ?remove@FTII_VAR_ARRAY@@QAE_NH@Z 00429436 f   v5subs:ftiiclas.obj
 0001:000284a6       ?remove@FTII_VAR_ARRAY@@QAE_NXZ 004294a6 f   v5subs:ftiiclas.obj
 0001:000284b8       ?set@FTII_VAR@@UAE_NHI@Z   004294b8 f   v5subs:ftiiclas.obj
 0001:000284d6       ?set@FTII_VAR@@UAE_NHN@Z   004294d6 f   v5subs:ftiiclas.obj
 0001:0002853d       ?set@FTII_VAR_ARRAY@@UAE_NHI@Z 0042953d f   v5subs:ftiiclas.obj
 0001:00028570       ?update@FTII_VAR_ARRAY@@QAE_NAAVFTII_VAR@@@Z 00429570 f   v5subs:ftiiclas.obj
 0001:00028582       ?update@FTII_VAR_ARRAY@@QAE_NHI@Z 00429582 f   v5subs:ftiiclas.obj
 0001:000285e6       ?upsize@FTII_VAR_ARRAY@@QAE_NH@Z 004295e6 f   v5subs:ftiiclas.obj
 0001:000286f0       ??0FTII_ARRAY_DATA@@QAE@XZ 004296f0 f   v5subs:ftii_shot_data.obj
 0001:00028733       ??0FTII_FILE_DATA@@QAE@XZ  00429733 f   v5subs:ftii_shot_data.obj
 0001:000287d4       ??0FTII_NET_DATA@@QAE@XZ   004297d4 f   v5subs:ftii_shot_data.obj
 0001:000287f5       ??0FTII_OP_STATUS_DATA@@QAE@XZ 004297f5 f   v5subs:ftii_shot_data.obj
 0001:00028846       ??0FTII_PROFILE@@QAE@XZ    00429846 f   v5subs:ftii_shot_data.obj
 0001:00028892       ??1FTII_FILE_DATA@@QAE@XZ  00429892 f   v5subs:ftii_shot_data.obj
 0001:00028897       ??1FTII_NET_DATA@@QAE@XZ   00429897 f   v5subs:ftii_shot_data.obj
 0001:0002889c       ??1FTII_PROFILE@@UAE@XZ    0042989c f   v5subs:ftii_shot_data.obj
 0001:000288b8       ??4FTII_ARRAY_DATA@@QAEXABVFTII_FILE_DATA@@@Z 004298b8 f   v5subs:ftii_shot_data.obj
 0001:0002904e       ??4FTII_FILE_DATA@@QAEXABVFTII_NET_DATA@@@Z 0042a04e f   v5subs:ftii_shot_data.obj
 0001:000291e3       ??4FTII_OP_STATUS_DATA@@QAEXABU0@@Z 0042a1e3 f   v5subs:ftii_shot_data.obj
 0001:000292e2       ??4FTII_PARAMETERS@@QAEXABU0@@Z 0042a2e2 f   v5subs:ftii_shot_data.obj
 0001:00029314       ??4FTII_POSITION_DATA@@QAEXABUFTII_SAMPLE@@@Z 0042a314 f   v5subs:ftii_shot_data.obj
[...]
 0003:0000b138       ?wc@?1??do_new_current_values@@YAXXZ@4VWINDOW_CLASS@@A 00454138     ft2.obj
 0003:0000b140       ?w@?1??do_new_current_values@@YAXXZ@4PAUHWND__@@A 00454140     ft2.obj
 0003:0000b144       ?i@?1??do_new_current_values@@YAXXZ@4HA 00454144     ft2.obj
 0003:0000b148       ?chan@?1??do_new_current_values@@YAXXZ@4HA 00454148     ft2.obj
 0003:0000b14c       ?x@?1??do_new_current_values@@YAXXZ@4IA 0045414c     ft2.obj
 0003:0000b150       ?d@?1??do_new_current_values@@YAXXZ@4NA 00454150     ft2.obj
 0003:0000b158       ?should_be_visible@?1??do_new_current_values@@YAXXZ@4_NA 00454158     ft2.obj
 0003:0000b159       ?show_channels_17_20@?1??do_new_current_values@@YAXXZ@4EA 00454159     ft2.obj
 0003:0000b15c       ?channel_mode@?1??do_new_current_values@@YAXXZ@4HA 0045415c     ft2.obj
 0003:0000b160       ?cmdchan@?1??do_new_current_values@@YAXXZ@4HA 00454160     ft2.obj
 0003:0000b164       ?lvdtchan@?1??do_new_current_values@@YAXXZ@4HA 00454164     ft2.obj
 0003:0000b168       ?s@?1??do_new_current_values@@YAXXZ@4VSTRING_CLASS@@A 00454168     ft2.obj
 0003:0000b170       ?logs@?1??do_new_current_values@@YAXXZ@4VSTRING_CLASS@@A 00454170     ft2.obj
 0003:0000b178       ?Last_Osw1@?1??do_new_alarm_output_values@@YAXXZ@4IA 00454178     ft2.obj
 0003:0000b17c       ?s@?1??test_alarm_outputs_dialog_proc@@YGHPAUHWND__@@IIJ@Z@4VSTRING_CLASS@@A 0045417c     ft2.obj
 0003:0000b184       ?$S12@?1??test_alarm_outputs_dialog_proc@@YGHPAUHWND__@@IIJ@Z@4IA 00454184     ft2.obj
 0003:0000b188       ?error_log_tbox_handle@?1??current_values_dialog_proc@@YGHPAUHWND__@@IIJ@Z@4PAU2@A 00454188     ft2.obj
 0003:0000b18c       ?id@?1??current_values_dialog_proc@@YGHPAUHWND__@@IIJ@Z@4HA 0045418c     ft2.obj
 0003:0000b190       ?s@?1??current_values_dialog_proc@@YGHPAUHWND__@@IIJ@Z@4VSTRING_CLASS@@A 00454190     ft2.obj
 0003:0000b198       ?$S13@?1??current_values_dialog_proc@@YGHPAUHWND__@@IIJ@Z@4IA 00454198     ft2.obj
 0003:0000b19c       ?w@?1??current_values_dialog_proc@@YGHPAUHWND__@@IIJ@Z@4PAU2@A 0045419c     ft2.obj
 0003:0000b1a0       ?s@?1??send_data_server_shot_notification@@YAXPAD0@Z@4VSTRING_CLASS@@A 004541a0     ft2.obj
 0003:0000b1a8       ?$S14@?1??send_data_server_shot_notification@@YAXPAD0@Z@4IA 004541a8     ft2.obj
 0003:0000b1ac       ?cmd@?1??main_proc@@YGJPAUHWND__@@IIJ@Z@4HA 004541ac     ft2.obj
 0003:0000b1b0       ?id@?1??main_proc@@YGJPAUHWND__@@IIJ@Z@4HA 004541b0     ft2.obj
 0003:0000b1b4       ?s1@?1??main_proc@@YGJPAUHWND__@@IIJ@Z@4VSTRING_CLASS@@A 004541b4     ft2.obj
 0003:0000b1bc       ?$S15@?1??main_proc@@YGJPAUHWND__@@IIJ@Z@4IA 004541bc     ft2.obj
 0003:0000b1c0       _SendEvent                 004541c0     board_monitor.obj
 0003:0000b1c4       _NewDataEvent              004541c4     board_monitor.obj
 0003:0000b1c8       _Wsa_Is_Started            004541c8     board_monitor.obj
 0003:0000b1c9       _Read_Thread_Is_Running    004541c9     board_monitor.obj
 0003:0000b1ca       _ShuttingDown              004541ca     board_monitor.obj
 0003:0000b1d4       _ReceivedAcks              004541d4     board_monitor.obj
 0003:0000b1f8       _AckList                   004541f8     board_monitor.obj
 0003:0000b21c       _NewData                   0045421c     board_monitor.obj
 0003:0000b240       _SocketMessageStore        00454240     board_monitor.obj
 0003:0000b264       _AckMessageStore           00454264     board_monitor.obj
 0003:0000b288       _StdDown                   00454288     board_monitor.obj
 0003:0000b294       _MyAddress                 00454294     board_monitor.obj
 0003:0000b2a4       ?CycleStartIsVisible@?1??update_monitor_status@@YAXPAVFTII_BOARD_ENTRY@@PAD@Z@4EA 004542a4     board_monitor.obj
 0003:0000b2a8       ?empty@?1???ABOARD_EXTENDED_ANALOG_ARRAY@@QAEAAUBOARD_EXTENDED_ANALOG_ENTRY@@H@Z@4U2@A 004542a8     board_monitor.obj
 0003:0000b2bc       ?$S1@?1???ABOARD_EXTENDED_ANALOG_ARRAY@@QAEAAUBOARD_EXTENDED_ANALOG_ENTRY@@H@Z@4IA 004542bc     board_monitor.obj
 0003:0000b2c0       ?opnumber@?1??current_operator@@YAPADAAVSTRING_CLASS@@0@Z@4PADA 004542c0     board_monitor.obj
 0003:0000b2cc       ?InputOnBackgroundBrush@?1??AutoShotDisplayProc@@YGHPAUHWND__@@IIJ@Z@4PAUHBRUSH__@@A 004542cc     board_monitor.obj
 0003:0000b2d0       ?s@?1??continue_connecting_one_board@@YAXH@Z@4VSTRING_CLASS@@A 004542d0     board_monitor.obj
 0003:0000b2d8       ?$S3@?1??continue_connecting_one_board@@YAXH@Z@4IA 004542d8     board_monitor.obj
 0003:0000b2dc       ?finished@?1??new_data_thread@@YAXPAX@Z@4_NA 004542dc     board_monitor.obj
 0003:0000b2e0       ?last_check_time@?1??send_thread@@YAXPAX@Z@4IA 004542e0     board_monitor.obj
 0003:0000b2e8       _EosOnlyIfNoAlarms         004542e8     shotsave.obj
 0003:0000b2e9       _SaveAllAlarmShots         004542e9     shotsave.obj
 0003:0000b2ea       _EosAsciiToSerial          004542ea     shotsave.obj
 0003:0000b2eb       _EosNeedsStxEtx            004542eb     shotsave.obj
 0003:0000b2ec       _SerialFile                004542ec     shotsave.obj
 0003:0000b2f0       _EosComPort                004542f0     shotsave.obj
 0003:0000b2f4       _EosComSetup               004542f4     shotsave.obj
 0003:0000b2f8       _EosHaveAlarmShot          004542f8     shotsave.obj
 0003:0000b2fc       _EosHaveWarningShot        004542fc     shotsave.obj
 0003:0000b300       _EosHaveGoodShot           00454300     shotsave.obj
 0003:0000b304       _EosHaveAlarmParameter     00454304     shotsave.obj
 0003:0000b308       _EosHaveWarningParameter   00454308     shotsave.obj
 0003:0000b30c       _EosHaveGoodParameter      0045430c     shotsave.obj
 0003:0000b310       _EosMachineName            00454310     shotsave.obj
 0003:0000b314       _EosOutputFile             00454314     shotsave.obj
 0003:0000b318       _EosOutputFileSetup        00454318     shotsave.obj
 0003:0000b31c       _EosFixedWidth             0045431c     shotsave.obj
 0003:0000b320       _EosPyramidLines           00454320     shotsave.obj
 0003:0000b324       _EosEndFile                00454324     shotsave.obj
 0003:0000b32c       _EosStartFile              0045432c     shotsave.obj
 0003:0000b340       _ShowParam                 00454340     shotsave.obj
 0003:0000b3b8       ?AnalogSensor@?1??write_std_units_csv_file@@YAEAAVSTRING_CLASS@@PAUSHOT_BUFFER_ENTRY@@@Z@4VANALOG_SENSOR@@A 004543b8     shotsave.obj
 0003:0000b3bc       ?$S2@?1??write_std_units_csv_file@@YAEAAVSTRING_CLASS@@PAUSHOT_BUFFER_ENTRY@@@Z@4IA 004543bc     shotsave.obj
 0003:0000b3c0       ?current_index@?1??save_all_shots@@YAXXZ@4HA 004543c0     shotsave.obj
 0003:0000b3d0       ?mse@?1??find@@YAPAUMACH_SKIP_ENTRY@@AAVSTRING_CLASS@@@Z@4PAU2@A 004543d0     skip.obj
 0003:0000b3d8       _DriveName                 004543d8     v5subs:exists.obj
 0003:0000b3dc       ?s@?1??ascii_double@@YAPADN@Z@4PADA 004543dc     v5subs:ascfloat.obj
 0003:0000b405       _NullChar                  00454405     v5subs:extract.obj
 0003:0000b408       ?s@?1??int32toasc@@YAPADJ@Z@4PADA 00454408     v5subs:itoasc.obj
 0003:0000b41c       ?s@?1??ultoascii@@YAPADKK@Z@4PADA 0045441c     v5subs:itoasc.obj
 0003:0000b430       _NullChar                  00454430     v5subs:stringcl.obj
 0003:0000b434       _NullChar                  00454434     v5subs:nameclas.obj
 0003:0000b438       _EmptyString               00454438     v5subs:nameclas.obj
 0003:0000b440       _MyComputer                00454440     v5subs:nameclas.obj
 0003:0000b448       _SensorArray               00454448     v5subs:asensor.obj
 0003:0000b44c       _NofSensors                0045444c     v5subs:asensor.obj
 0003:0000b450       _EmptySensor               00454450     v5subs:asensor.obj
 0003:0000b49c       _CNullChar                 0045449c     v5subs:fileclas.obj
 0003:0000b49d       _NullChar                  0045449d     v5subs:fileclas.obj
 0003:0000b4a0       _NullString                004544a0     v5subs:fileclas.obj
 0003:0000b4a4       _NullChar                  004544a4     v5subs:computer.obj
 0003:0000b4a8       _First                     004544a8     v5subs:computer.obj
 0003:0000b4ac       _MyComputer                004544ac     v5subs:computer.obj
 0003:0000b4b4       _NoComputer                004544b4     v5subs:computer.obj
 0003:0000b4bc       _NofComputers              004544bc     v5subs:computer.obj
 0003:0000b4c0       _NullChar                  004544c0     v5subs:iniclass.obj
 0003:0000b4c1       ?empty_string@?1??get_string@INI_CLASS@@QAEPADXZ@4PADA 004544c1     v5subs:iniclass.obj
 0003:0000b4c2       _EmptyString               004544c2     v5subs:listbox.obj
 0003:0000b4c4       _NullChar                  004544c4     v5subs:machname.obj
 0003:0000b4c8       _EmptyString               004544c8     v5subs:machname.obj
 0003:0000b4d0       _EmptyString               004544d0     v5subs:msgclas.obj
 0003:0000b4d4       _RedBrush                  004544d4     v5subs:optocontrol.obj
 0003:0000b4d8       _YellowBrush               004544d8     v5subs:optocontrol.obj
 0003:0000b4dc       _FontList                  004544dc     v5subs:optocontrol.obj
 0003:0000b4e0       _NullChar                  004544e0     v5subs:param.obj
 0003:0000b4e4       _NullChar                  004544e4     v5subs:setpoint.obj
 0003:0000b4e8       _empty_entry               004544e8     v5subs:setpoint.obj
 0003:0000b4f8       ?st@?1??system_time@TIME_CLASS@@QAEAAU_SYSTEMTIME@@XZ@4U3@A 004544f8     v5subs:timeclas.obj
 0003:0000b508       ?ft@?1??file_time@TIME_CLASS@@QAEAAU_FILETIME@@XZ@4U3@A 00454508     v5subs:timeclas.obj
 0003:0000b510       ?s@?1??text@TIME_CLASS@@QAEPADXZ@4PADA 00454510     v5subs:timeclas.obj
 0003:0000b524       ?s@?1??jjj@TIME_CLASS@@QAEPADXZ@4PADA 00454524     v5subs:timeclas.obj
 0003:0000b528       ?s@?1??mmddyyyy@TIME_CLASS@@QAEPADXZ@4PADA 00454528     v5subs:timeclas.obj
 0003:0000b534       ?s@?1??hhmmss@TIME_CLASS@@QAEPADXZ@4PADA 00454534     v5subs:timeclas.obj
 0003:0000b53d       _NullChar                  0045453d     v5subs:plookup.obj
 0003:0000b540       _BaseDir                   00454540     v5subs:stringtable.obj
 0003:0000b548       _DefaultLanguage           00454548     v5subs:stringtable.obj
 0003:0000b550       _FontList                  00454550     v5subs:stringtable.obj
 0003:0000b554       _Resources                 00454554     v5subs:stringtable.obj
 0003:0000b55c       _NullChar                  0045455c     v5subs:stpres.obj
 0003:0000b560       _NullChar                  00454560     v5subs:get_ini.obj
 0003:0000b568       _Buf                       00454568     v5subs:get_ini.obj
 0003:0000b969       _NullChar                  00454969     v5subs:mem.obj
 0003:0000b96c       _MyMainWindow              0045496c     v5subs:client.obj
 0003:0000b970       _EventList                 00454970     v5subs:client.obj
 0003:0000b97c       _ServerNameHandle          0045497c     v5subs:client.obj
 0003:0000b980       _DdeId                     00454980     v5subs:client.obj
 0003:0000b984       _ServerHandle              00454984     v5subs:client.obj
 0003:0000b988       ?s@?1??one_hot_link@@YAXPAUHCONV__@@FI@Z@4VSTRING_CLASS@@A 00454988     v5subs:client.obj
 0003:0000b990       ?$S1@?1??one_hot_link@@YAXPAUHCONV__@@FI@Z@4IA 00454990     v5subs:client.obj
 0003:0000b994       _NofDCurves                00454994     v5subs:dcurve.obj
 0003:0000b998       _DCurve                    00454998     v5subs:dcurve.obj
 0003:0000b99c       _EmptyString               0045499c     v5subs:execwait.obj
 0003:0000b9a0       _ExeDirectory              004549a0     v5subs:gexedir.obj
 0003:0000b9a8       _T                         004549a8     v5subs:semaphor.obj
 0003:0000b9df       _NullChar                  004549df     v5subs:fix.obj
 0003:0000b9e0       ?s@?1??fixed_string@@YAPADNJJ@Z@4PADA 004549e0     v5subs:ftoasc.obj
 0003:0000ba0c       ?s@?1??position_string@@YAPADN@Z@4PADA 00454a0c     v5subs:ftoasc.obj
 0003:0000ba38       ?s@?1??resource_string@@YAPADPAUHINSTANCE__@@I@Z@4PADA 00454a38     v5subs:winsubs.obj
 0003:0000bb38       _NullChar                  00454b38     v5subs:hex.obj
 0003:0000bb39       _NullChar                  00454b39     v5subs:insalph.obj
 0003:0000bb3c       ?s@?1??alphadate@@YAPADABU_SYSTEMTIME@@@Z@4PADA 00454b3c     v5subs:time.obj
 0003:0000bb48       ?s@?1??alphatime@@YAPADABU_SYSTEMTIME@@@Z@4PADA 00454b48     v5subs:time.obj
 0003:0000bb5a       _NullChar                  00454b5a     v5subs:shift.obj
 0003:0000bb5c       _EmptyString               00454b5c     v5subs:units.obj
 0003:0000bb60       _UnitsArray                00454b60     v5subs:units.obj
 0003:0000bb64       _NofUnits                  00454b64     v5subs:units.obj
 0003:0000bb68       _OldCursor                 00454b68     v5subs:hourglas.obj
 0003:0000bb6c       _RefCount                  00454b6c     v5subs:hourglas.obj
 0003:0000bb70       _TempMessageWindow         00454b70     v5subs:temp_message.obj
 0003:0000bb74       _TempMessage               00454b74     v5subs:temp_message.obj
 0003:0000bb78       _TempMessageLen            00454b78     v5subs:temp_message.obj
 0003:0000bb7c       _TempMessageTimeoutMs      00454b7c     v5subs:temp_message.obj
 0003:0000bb80       _CenterTempMessage         00454b80     v5subs:temp_message.obj
 0003:0000bb84       ?timer_id@?1??temp_message_proc@@YGJPAUHWND__@@IIJ@Z@4IA 00454b84     v5subs:temp_message.obj
 0003:0000bb88       _NullChar                  00454b88     v5subs:textlist.obj
 0003:0000bb8c       _BorderHeight              00454b8c     v5subs:menuctrl.obj
 0003:0000bb90       _BorderWidth               00454b90     v5subs:menuctrl.obj
 0003:0000bb94       _FontList                  00454b94     v5subs:menuctrl.obj
 0003:0000bb98       ?hex@?1??append_value@FTII_VAR@@QAE_NAAVSTRING_CLASS@@@Z@4PADA 00454b98     v5subs:ftiiclas.obj
 0003:0000bbab       _NullChar                  00454bab     v5subs:ftii_shot_data.obj
 0003:0000bbac       _EmptyString               00454bac     v5subs:ftii_shot_data.obj
 0003:0000bbb0       ?empty_double@?1???ADOUBLE_ARRAY_CLASS@@QAEAANJ@Z@4NA 00454bb0     v5subs:array.obj
 0003:0000bbb8       ?empty_int@?1???AINT_ARRAY_CLASS@@QAEAAHH@Z@4HA 00454bb8     v5subs:array.obj
 0003:0000bbbc       _EmptyString               00454bbc     v5subs:ftanalog.obj
 0003:0000bbc0       _Empty                     00454bc0     v5subs:runlist.obj
 0003:0000bbcc       _NullChar                  00454bcc     v5subs:shot_name.obj
 0003:0000bbcd       ?es@?1??cat@STDDOWN_CLASS@@QAEPADXZ@4PADA 00454bcd     v5subs:stddown.obj
 0003:0000bbce       ?es@?1??subcat@STDDOWN_CLASS@@QAEPADXZ@4PADA 00454bce     v5subs:stddown.obj
 0003:0000bbd0       ?name@?1??category_name@@YAPADPAD@Z@4PADA 00454bd0     v5subs:downsubs.obj
 0003:0000bbe0       ?number@?1??category_name@@YAPADPAD@Z@4PADA 00454be0     v5subs:downsubs.obj
 0003:0000bbe4       ?cat@?1??subcategory_name@@YAPADPAD0@Z@4PADA 00454be4     v5subs:downsubs.obj
 0003:0000bbe8       ?subcat@?1??subcategory_name@@YAPADPAD0@Z@4PADA 00454be8     v5subs:downsubs.obj
 0003:0000bbec       ?name@?1??subcategory_name@@YAPADPAD0@Z@4PADA 00454bec     v5subs:downsubs.obj
 0003:0000bbfc       _NullChar                  00454bfc     v5subs:path.obj
 0003:0000bc00       _NullChar                  00454c00     v5subs:shot_name_reset.obj
 0003:0000bc04       _MyEmptyString             00454c04     v5subs:shot_name_reset.obj
 0003:0000bc10       ?name@?1??dynamic_file_name@@YAPADAAVTIME_CLASS@@AAUPART_NAME_ENTRY@@PBD@Z@4PADA 00454c10     v5subs:dynamic_file_name.obj
 0003:0000bd18       ?s@?1??full_name@WORKER_LIST_CLASS@@QAEPADXZ@4PADA 00454d18     v5subs:workclas.obj
 0003:0000bd38       _Msg                       00454d38     v5subs:error_ms.obj
 0003:0000bd78       _OVERWRITE_EXISTING        00454d78     v5subs:callfile.obj
 0003:0000bd80       _GS_ExceptionRecord        00454d80     LIBCMT:gs_report.obj
 0003:0000bdd0       _GS_ContextRecord          00454dd0     LIBCMT:gs_report.obj
 0003:0000c09c       _DebuggerWasPresent        0045509c     LIBCMT:gs_report.obj
 0003:0000c0ec       ___type_info_root_node     004550ec     LIBCMT:typname.obj
 0003:0000c200       ?_pgmname@?1??_setargv@@9@9 00455200     LIBCMT:stdargv.obj
 0003:0000c310       ?outmsg@?9??_NMSG_WRITE@@9@9 00455310     LIBCMT:crt0msg.obj
 0003:0000c954       _fSystemSet                00455954     LIBCMT:mbctype.obj
 0003:0000c95c       __pmatherr_set             0045595c     LIBCMT:libm_error.obj
 0003:0000c968       _lclcritsects              00455968     LIBCMT:mlock.obj
 0003:0000cac0       _ctrlc_action              00455ac0     LIBCMT:winsig.obj
 0003:0000cac4       _ctrlbreak_action          00455ac4     LIBCMT:winsig.obj
 0003:0000cac8       _abort_action              00455ac8     LIBCMT:winsig.obj
 0003:0000cacc       _term_action               00455acc     LIBCMT:winsig.obj
 0003:0000cad0       _ConsoleCtrlHandler_Installed 00455ad0     LIBCMT:winsig.obj
 0003:0000cad4       _g_pfnRtlGenRandom         00455ad4     LIBCMT:rand_s.obj
 0003:0000cb08       _heap                      00455b08     LIBCMT:undname.obj
 0003:0000cb24       ?pfnMessageBox@?1??__crtMessageBoxW@@9@9 00455b24     LIBCMT:crtmboxw.obj
 0003:0000cb28       ?pfnGetActiveWindow@?1??__crtMessageBoxW@@9@9 00455b28     LIBCMT:crtmboxw.obj
 0003:0000cb2c       ?pfnGetLastActivePopup@?1??__crtMessageBoxW@@9@9 00455b2c     LIBCMT:crtmboxw.obj
 0003:0000cb30       ?pfnGetProcessWindowStation@?1??__crtMessageBoxW@@9@9 00455b30     LIBCMT:crtmboxw.obj
 0003:0000cb34       ?pfnGetUserObjectInformation@?1??__crtMessageBoxW@@9@9 00455b34     LIBCMT:crtmboxw.obj
 0003:0000cb40       ___crtCallProc             00455b40     LIBCMT:winapinls.obj
 0004:00000aa0       $R000000                   00457aa0     ft2.res
 0004:00000b48       $R0000A8                   00457b48     ft2.res
 0004:00000e70       $R0003D0                   00457e70     ft2.res
 0004:00002280       $R0017E0                   00459280     ft2.res
 0004:00002738       $R001C98                   00459738     ft2.res
 0004:00002998       $R001EF8                   00459998     ft2.res
 0004:000030c8       $R002628                   0045a0c8     ft2.res
 0004:000031f0       $R002750                   0045a1f0     ft2.res
 0004:000034d8       $R002A38                   0045a4d8     ft2.res
 0004:00003ad8       $R003038                   0045aad8     ft2.res
 0004:00003bd0       $R003130                   0045abd0     ft2.res
 0004:000041f0       $R003750                   0045b1f0     ft2.res
 0004:00004418       $R003978                   0045b418     ft2.res
 0004:000048f0       $R003E50                   0045b8f0     ft2.res
 0004:00004a30       $R003F90                   0045ba30     ft2.res
 0004:00004d48       $R0042A8                   0045bd48     ft2.res
 0004:00004ec0       $R004420                   0045bec0     ft2.res
 0004:00004f58       $R0044B8                   0045bf58     ft2.res
 0004:00004fb0       $R004510                   0045bfb0     ft2.res
 0004:00005170       $R0046D0                   0045c170     ft2.res
 0004:00005590       $R004AF0                   0045c590     ft2.res
 0004:00005758       $R004CB8                   0045c758     ft2.res
 0004:00005a40       $R004FA0                   0045ca40     ft2.res
 0004:00005b68       $R0050C8                   0045cb68     ft2.res
 0004:00005b90       $R0050F0                   0045cb90     ft2.res
 0004:00005bf0       $R005150                   0045cbf0     ft2.res
 0004:00005f78       $R0054D8                   0045cf78     ft2.res
 0004:000061a0       $R005700                   0045d1a0     ft2.res
 0004:00006470       $R0059D0                   0045d470     ft2.res
 0004:000066f8       $R005C58                   0045d6f8     ft2.res
 0004:000068b8       $R005E18                   0045d8b8     ft2.res
 0004:00006a80       $R005FE0                   0045da80     ft2.res
 0004:00006be0       $R006140                   0045dbe0     ft2.res
